03-25 00:36:03.912  4964  4964 E SyncSimAccountsReceiver: sync_sim_fake_boot_completed: profileOwner is null
03-25 00:36:03.912  3267  3703 D BroadcastQueue: Finished with ordered broadcast BroadcastRecord{e1022a3 u0 sync_sim_fake_boot_completed} receivers:(1) take 5ms in [background], remains 10
03-25 00:36:03.914  3267  3767 D PowerController.AppState: - reportAppProcStateInfo() E -
03-25 00:36:03.914  3267  3770 D PowerController.RecogA: handleMessage(MSG_REPORT_EVENT)
03-25 00:36:03.916  3267  3767 D PowerController.AppState: - reportAppProcStateInfo() E -
03-25 00:36:03.916  3267  3770 D PowerController.RecogA: handleMessage(MSG_REPORT_EVENT)
03-25 00:36:03.918  3267  5761 D BroadcastQueue: Finished with ordered broadcast BroadcastRecord{8aa3215 u0 com.google.android.intent.action.GCM_RECONNECT} receivers:(1) take 6ms in [background], remains 9
03-25 00:36:03.919  3267  5761 I am_uid_running: 10027
03-25 00:36:03.926  7490  7490 W CheckTime: App running slow: Executing handleBindApplication : callApplicationOnCreate took 325ms
03-25 00:36:03.928  7490  7490 I Finsky:background: [2] rea.onCreate(2): IPC-SERVER: Starting gRPC host service...
03-25 00:36:03.944  3267  5761 I am_proc_start: [0,7537,10027,com.android.providers.calendar,broadcast,com.android.providers.calendar/.CalendarProviderBroadcastReceiver]
03-25 00:36:03.944  3267  5761 I ActivityManager: Start proc 7537:com.android.providers.calendar/u0a27 for broadcast com.android.providers.calendar/.CalendarProviderBroadcastReceiver
03-25 00:36:03.948  7537  7537 E zygote64: setrlimit(RLIMIT_CORE) failed for pid 7537: Operation not permitted
03-25 00:36:03.950  3979  7229 I qtaguid : Tagging socket -1 with tag 40700000000(1031) for uid -1 failed errno=-9
03-25 00:36:03.950  3979  7229 I NetworkManagementSocketTagger: tagSocketFd(-1, 1031, -1) failed with errno-9
03-25 00:36:03.955  7490  7501 I zygote64: Background concurrent copying GC freed 8380(965KB) AllocSpace objects, 4(80KB) LOS objects, 50% free, 1623KB/3MB, paused 349us total 166.743ms
03-25 00:36:03.961  3267  5761 I am_proc_bound: [0,7537,com.android.providers.calendar]
03-25 00:36:03.969  3267  3767 D PowerController.AppState: - reportAppProcStateInfo() E -
03-25 00:36:03.969  3267  3770 D PowerController.RecogA: handleMessage(MSG_REPORT_EVENT)
03-25 00:36:03.986  3267  5761 D BroadcastQueue: Add broadcast <BroadcastRecord{bca496a u-1 android.net.wifi.WIFI_STATE_CHANGED}> into [parallel | background], pending size 0
03-25 00:36:03.986  3267  3320 D BroadcastQueue: Done with parallel broadcast [background] [BroadcastRecord{bca496a u-1 android.net.wifi.WIFI_STATE_CHANGED}]
03-25 00:36:03.987  7537  7537 I zygote64: The ClassLoaderContext is a special shared library.
03-25 00:36:03.988  3267  3267 I notification_cancel_all: [1000,3267,com.android.vending,0,0,0,17,NULL]
03-25 00:36:03.995  3267  3267 I chatty  : uid=1000 system_server identical 3 lines
03-25 00:36:03.995  3267  3267 I notification_cancel_all: [1000,3267,com.android.vending,0,0,0,17,NULL]
03-25 00:36:04.002  3531  3750 I sysui_multi_action: [757,1093,758,4,793,2963,1094,604504577,1095,5]
03-25 00:36:04.009  3267  5761 I am_destroy_service: [0,188481177,3979]
03-25 00:36:04.010  3267  3703 D ConnectivityService: requestNetwork for uid/pid:10032/7490 NetworkRequest [ TRACK_DEFAULT id=35, [ Capabilities: INTERNET&NOT_RESTRICTED&TRUSTED&NOT_VPN] ]
03-25 00:36:04.011  3267  3465 D ConnectivityService: rematchNetworkAndRequests: reap = DONT_REAP
03-25 00:36:04.011  3267  3465 D ConnectivityService: rematching NetworkAgentInfo [WIFI () - 101], score is 60
03-25 00:36:04.011  3267  3465 D ConnectivityService:  network has: [ Transports: WIFI Capabilities: NOT_METERED&INTERNET&NOT_RESTRICTED&TRUSTED&NOT_VPN&VALIDATED&FOREGROUND LinkUpBandwidth>=1048576Kbps LinkDnBandwidth>=1048576Kbps SignalStrength: -67]
03-25 00:36:04.012  3267  3465 D ConnectivityService:   checking if request is satisfied: NetworkRequest [ BACKGROUND_REQUEST id=2, [ Transports: CELLULAR Capabilities: INTERNET&NOT_RESTRICTED&TRUSTED&NOT_VPN] ], satisfies = false
03-25 00:36:04.012  3267  3465 D ConnectivityService: Network NetworkAgentInfo [WIFI () - 101] was already satisfying request 28. No change.
03-25 00:36:04.012  3267  3465 D ConnectivityService: Network NetworkAgentInfo [WIFI () - 101] was already satisfying request 24. No change.
03-25 00:36:04.012  3267  3465 D ConnectivityService: Network NetworkAgentInfo [WIFI () - 101] was already satisfying request 19. No change.
03-25 00:36:04.012  3267  3465 D ConnectivityService: Network NetworkAgentInfo [WIFI () - 101] was already satisfying request 20. No change.
03-25 00:36:04.012  3267  3465 D ConnectivityService: Network NetworkAgentInfo [WIFI () - 101] was already satisfying request 25. No change.
03-25 00:36:04.012  3267  3465 D ConnectivityService: Network NetworkAgentInfo [WIFI () - 101] was already satisfying request 22. No change.
03-25 00:36:04.012  3267  3465 D ConnectivityService: Network NetworkAgentInfo [WIFI () - 101] was already satisfying request 10. No change.
03-25 00:36:04.012  3267  3465 D ConnectivityService: Network NetworkAgentInfo [WIFI () - 101] was already satisfying request 32. No change.
03-25 00:36:04.012  3267  3465 D ConnectivityService:   checking if request is satisfied: NetworkRequest [ TRACK_DEFAULT id=35, [ Capabilities: INTERNET&NOT_RESTRICTED&TRUSTED&NOT_VPN] ], satisfies = true
03-25 00:36:04.012  3267  3465 D ConnectivityService: currentScore = 0, newScore = 60
03-25 00:36:04.012  3267  3465 D ConnectivityService: rematch for NetworkAgentInfo [WIFI () - 101]
03-25 00:36:04.012  3267  3465 D ConnectivityService:    accepting network in place of null
03-25 00:36:04.012  3267  3465 D ConnectivityService: sending new Min Network Score(60): NetworkRequest [ TRACK_DEFAULT id=35, [ Capabilities: INTERNET&NOT_RESTRICTED&TRUSTED&NOT_VPN] ]
03-25 00:36:04.012  3267  3465 D ConnectivityService: Network NetworkAgentInfo [WIFI () - 101] was already satisfying request 6. No change.
03-25 00:36:04.013  3267  3465 D ConnectivityService: Network NetworkAgentInfo [WIFI () - 101] was already satisfying request 3. No change.
03-25 00:36:04.013  3267  3465 D ConnectivityService: Network NetworkAgentInfo [WIFI () - 101] was already satisfying request 1. No change.
03-25 00:36:04.013  3267  3465 D ConnectivityService: isNewDefault = false
03-25 00:36:03.991  7537  7537 I zygote64: The ClassLoaderContext is a special shared library.
03-25 00:36:04.013  3267  3483 D Ethernet: got request NetworkRequest [ TRACK_DEFAULT id=35, [ Capabilities: INTERNET&NOT_RESTRICTED&TRUSTED&NOT_VPN] ] with score 60
03-25 00:36:04.013  3267  3465 D ConnectivityService: keep = true
03-25 00:36:04.013  3267  3465 D ConnectivityService: rematchNetworkAndRequests: reap = REAP
03-25 00:36:04.013  3267  3465 D ConnectivityService: rematching NetworkAgentInfo [MOBILE (LTE) - 100], score is 50
03-25 00:36:04.014  3267  3465 D ConnectivityService:  network has: [ Transports: CELLULAR Capabilities: SUPL&XCAP&INTERNET&NOT_RESTRICTED&TRUSTED&NOT_VPN&VALIDATED&FOREGROUND LinkUpBandwidth>=51200Kbps LinkDnBandwidth>=102400Kbps Specifier: <2>]
03-25 00:36:03.871  3491  5205 D SubscriptionController: [getDefaultDataSubId] subId= 2
03-25 00:36:04.014  3491  3491 D TelephonyNetworkFactory[0]: got request NetworkRequest [ TRACK_DEFAULT id=35, [ Capabilities: INTERNET&NOT_RESTRICTED&TRUSTED&NOT_VPN] ] with score 60
03-25 00:36:04.014  3267  3465 D ConnectivityService: Network NetworkAgentInfo [MOBILE (LTE) - 100] was already satisfying request 2. No change.
03-25 00:36:04.014  3267  3465 D ConnectivityService:   checking if request is satisfied: NetworkRequest [ TRACK_DEFAULT id=28, [ Capabilities: INTERNET&NOT_RESTRICTED&TRUSTED&NOT_VPN] ], satisfies = true
03-25 00:36:04.014  3267  3465 D ConnectivityService: currentScore = 60, newScore = 50
03-25 00:36:04.014  3267  3465 D ConnectivityService:   checking if request is satisfied: NetworkRequest [ TRACK_DEFAULT id=24, [ Capabilities: INTERNET&NOT_RESTRICTED&TRUSTED&NOT_VPN] ], satisfies = true
03-25 00:36:04.014  3267  3465 D ConnectivityService: currentScore = 60, newScore = 50
03-25 00:36:04.014  3267  3465 D ConnectivityService:   checking if request is satisfied: NetworkRequest [ TRACK_DEFAULT id=19, [ Capabilities: INTERNET&NOT_RESTRICTED&TRUSTED&NOT_VPN] ], satisfies = true
03-25 00:36:04.014  3267  3465 D ConnectivityService: currentScore = 60, newScore = 50
03-25 00:36:04.014  3267  3465 D ConnectivityService:   checking if request is satisfied: NetworkRequest [ TRACK_DEFAULT id=20, [ Capabilities: INTERNET&NOT_RESTRICTED&TRUSTED&NOT_VPN] ], satisfies = true
03-25 00:36:04.014  3267  3465 D ConnectivityService: currentScore = 60, newScore = 50
03-25 00:36:04.014  3267  3465 D ConnectivityService:   checking if request is satisfied: NetworkRequest [ TRACK_DEFAULT id=25, [ Capabilities: INTERNET&NOT_RESTRICTED&TRUSTED&NOT_VPN] ], satisfies = true
03-25 00:36:04.014  3267  3465 D ConnectivityService: currentScore = 60, newScore = 50
03-25 00:36:04.014  3267  3465 D ConnectivityService:   checking if request is satisfied: NetworkRequest [ TRACK_DEFAULT id=22, [ Capabilities: INTERNET&NOT_RESTRICTED&TRUSTED&NOT_VPN] ], satisfies = true
03-25 00:36:04.014  3267  3465 D ConnectivityService: currentScore = 60, newScore = 50
03-25 00:36:04.014  3267  3465 D ConnectivityService:   checking if request is satisfied: NetworkRequest [ TRACK_DEFAULT id=10, [ Capabilities: INTERNET&NOT_RESTRICTED&TRUSTED&NOT_VPN] ], satisfies = true
03-25 00:36:04.014  3267  3465 D ConnectivityService: currentScore = 60, newScore = 50
03-25 00:36:04.014  3267  3465 D ConnectivityService:   checking if request is satisfied: NetworkRequest [ TRACK_DEFAULT id=32, [ Capabilities: INTERNET&NOT_RESTRICTED&TRUSTED&NOT_VPN] ], satisfies = true
03-25 00:36:04.014  3267  3465 D ConnectivityService: currentScore = 60, newScore = 50
03-25 00:36:04.014  3267  3465 D ConnectivityService:   checking if request is satisfied: NetworkRequest [ TRACK_DEFAULT id=35, [ Capabilities: INTERNET&NOT_RESTRICTED&TRUSTED&NOT_VPN] ], satisfies = true
03-25 00:36:04.014  3267  3465 D ConnectivityService: currentScore = 60, newScore = 50
03-25 00:36:04.014  3267  3465 D ConnectivityService:   checking if request is satisfied: NetworkRequest [ TRACK_DEFAULT id=6, [ Capabilities: INTERNET&NOT_RESTRICTED&TRUSTED&NOT_VPN] ], satisfies = true
03-25 00:36:04.014  3267  3465 D ConnectivityService: currentScore = 60, newScore = 50
03-25 00:36:04.014  3267  3465 D ConnectivityService:   checking if request is satisfied: NetworkRequest [ TRACK_DEFAULT id=3, [ Capabilities: INTERNET&NOT_RESTRICTED&TRUSTED&NOT_VPN] ], satisfies = true
03-25 00:36:04.014  3267  3465 D ConnectivityService: currentScore = 60, newScore = 50
03-25 00:36:04.014  3267  3465 D ConnectivityService:   checking if request is satisfied: NetworkRequest [ REQUEST id=1, [ Capabilities: INTERNET&NOT_RESTRICTED&TRUSTED&NOT_VPN] ], satisfies = true
03-25 00:36:04.014  3267  3465 D ConnectivityService: currentScore = 60, newScore = 50
03-25 00:36:04.015  3267  3465 D ConnectivityService: isNewDefault = false
03-25 00:36:04.015  3267  3465 D ConnectivityService: keep = true
03-25 00:36:04.015  3491  3491 D PhoneSwitcherNetworkRequstListener: got request NetworkRequest [ TRACK_DEFAULT id=35, [ Capabilities: INTERNET&NOT_RESTRICTED&TRUSTED&NOT_VPN] ] with score 60
03-25 00:36:04.015  3267  3456 D WIFI_UT : got request NetworkRequest [ TRACK_DEFAULT id=35, [ Capabilities: INTERNET&NOT_RESTRICTED&TRUSTED&NOT_VPN] ] with score 60
03-25 00:36:04.015  3267  3456 D WIFI    : got request NetworkRequest [ TRACK_DEFAULT id=35, [ Capabilities: INTERNET&NOT_RESTRICTED&TRUSTED&NOT_VPN] ] with score 60
03-25 00:36:04.015  3491  3491 D SubscriptionController: [getDefaultDataSubId] subId= 2
03-25 00:36:04.015  3491  3491 D SubscriptionController: [getDefaultDataSubId] subId= 2
03-25 00:36:04.015  3491  3491 D PhoneSwitcher: evaluating due to netRequest
03-25 00:36:04.032  7490  7490 I Finsky:background: [2] ixs.h(32): This process start was not selected for Play memory metrics collection.
03-25 00:36:04.037  3011  3735 E LIBGPS  : begin save flash data,subtype is 31,lenth is 88
03-25 00:36:04.043  7537  7537 I CalendarProvider2: Created com.android.providers.calendar.CalendarAlarmManager@195462a(com.android.providers.calendar.CalendarProvider2@66bdc1b)
03-25 00:36:04.048  2951  3054 D PowerHAL: ##Timing deboost
03-25 00:36:04.048  2951  3054 D PowerHAL: Enter common_subsys_set: enable:0, duration: 0, subsys:cpufreq: 
03-25 00:36:04.048  2951  3054 D PowerHAL: Enter common_subsys_clear: cpufreq
03-25 00:36:04.049  7490  7559 I Finsky:background: [432] muf.h(1): getDownloads()
03-25 00:36:04.058  3979  7223 I GCoreUlr: Unbound from all signal providers.
03-25 00:36:04.062  7347  7400 I Finsky  : [426] soe.s(1): getDownloads()
03-25 00:36:04.063  3267  5761 I am_destroy_service: [0,57947486,3979]
03-25 00:36:04.064  7490  7559 I Finsky:background: [432] muf.h(1): getDownloads()
03-25 00:36:04.068  7347  7457 I Finsky  : [457] pvs.run(27): Installer: Installer starting
03-25 00:36:04.070  3979  3979 I GCoreUlr: Unbound from all signal providers.
03-25 00:36:04.070  3979  3979 I GCoreUlr: Stopping handler for UlrDispSvcFast
03-25 00:36:04.073  7347  7457 I Finsky  : [457] pvs.run(30): Installer: Installer started
03-25 00:36:04.080  7347  7355 I zygote64: Do partial code cache collection, code=0B, data=28KB
03-25 00:36:04.080  3979  7223 I GCoreUlr: DispatchingService ignoring Intent { act=android.net.wifi.WIFI_STATE_CHANGED flg=0x4000010 (has extras) } because ULR inactive
03-25 00:36:04.088  7347  7347 I Finsky  : [2] pyd.S(5): Installer: found apps to install. apps=[]
03-25 00:36:04.088  7347  7355 I zygote64: After code cache collection, code=0B, data=28KB
03-25 00:36:04.088  7347  7355 I zygote64: Increasing code cache capacity to 128KB
03-25 00:36:04.098  7347  7561 I Finsky  : [465] qbr.a(54): IV2: found recoverable installs: []
03-25 00:36:04.102  3267  5761 I am_create_service: [0,175218131,.MainGrpcServerAndroidService,10032,7347]
03-25 00:36:04.104  7347  7347 I Finsky  : [2] rea.onCreate(2): IPC-SERVER: Starting gRPC host service...
03-25 00:36:04.112  7537  7558 W ContentResolver: Failed to get type for: content://com.android.calendar (Unknown URL content://com.android.calendar)
03-25 00:36:04.113  3267  5761 V AlarmManager: set(PendingIntent{4a8ad10: PendingIntentRecord{82b8c7c com.android.providers.calendar broadcastIntent}}) : type=3 triggerAtTime=58920 win=0 tElapsed=62921 maxElapsed=62921 interval=0 flags=0x0
03-25 00:36:04.113  3267  5761 D AlarmManagerService: set alarm to kernel: 62.921000000, type=3 
03-25 00:36:04.130  3267  3703 D BroadcastQueue: Finished with ordered broadcast BroadcastRecord{79efa93 u0 com.android.providers.calendar.intent.CalendarProvider2} receivers:(1) take 211ms in [background], remains 8
03-25 00:36:04.135  3267  3703 D BroadcastQueue: Finished with ordered broadcast BroadcastRecord{2f1aaf8 u0 com.google.android.finsky.action.UPDATE_SETTINGS_ACTION} receivers:(1) take 5ms in [background], remains 7
03-25 00:36:04.139  3267  3703 D BroadcastQueue: Finished with ordered broadcast BroadcastRecord{2a99858 u0 com.google.android.intent.action.GCM_RECONNECT} receivers:(1) take 4ms in [background], remains 6
03-25 00:36:04.144  3267  3703 D BroadcastQueue: Finished with ordered broadcast BroadcastRecord{c5068fb u0 com.google.android.finsky.action.UPDATE_SETTINGS_ACTION} receivers:(1) take 6ms in [background], remains 5
03-25 00:36:04.152  3267  3703 D BroadcastQueue: Finished with ordered broadcast BroadcastRecord{7207232 u0 com.google.android.gms.location.persistent.REGISTER} receivers:(1) take 7ms in [background], remains 4
03-25 00:36:04.162  6068  6068 D BluetoothDiscoveryEnablerReceiver: Received: android.bluetooth.adapter.action.SCAN_MODE_CHANGED
03-25 00:36:04.166  7347  7564 I Finsky  : [468] qht.B(1): IQ: Pruning inactive install requests
03-25 00:36:04.182  7347  7355 I zygote64: Do partial code cache collection, code=0B, data=60KB
03-25 00:36:04.184  7347  7355 I zygote64: After code cache collection, code=0B, data=60KB
03-25 00:36:04.184  7347  7355 I zygote64: Increasing code cache capacity to 256KB
03-25 00:36:04.185  7347  7347 I Finsky  : [2] zrd.a(1): Connecting InstallListener to SplitInstallService broadcaster...
03-25 00:36:04.186  3267  3703 D BroadcastQueue: Finished with ordered broadcast BroadcastRecord{8afc16f u0 android.bluetooth.adapter.action.SCAN_MODE_CHANGED} receivers:(1) take 35ms in [background], remains 3
03-25 00:36:04.189  6631  6631 I FloatMultiTaskReceiver: onReceive(),action:com.hsc.floatmultitask.update
03-25 00:36:04.190  3267  3703 V AlarmManager: remove(operation) changed bounds; rebatching
03-25 00:36:04.191  3267  3703 D AlarmManagerService: set alarm to kernel: 58.920000000, type=3 
03-25 00:36:04.192  3267  3703 W AlarmManager: Suspiciously short interval 10000 millis; expanding to 60 seconds
03-25 00:36:04.192  3267  3703 V AlarmManager: set(PendingIntent{946b20e: PendingIntentRecord{5503f6 com.hsc.floatmultitask startService}}) : type=3 triggerAtTime=58000 win=45000 tElapsed=63000 maxElapsed=108000 interval=60000 flags=0x0
03-25 00:36:04.192  6631  6631 I FloatMultiTaskActivity: updateFloat
03-25 00:36:04.194  3267  3703 D BroadcastQueue: Finished with ordered broadcast BroadcastRecord{a1347a4 u0 com.hsc.floatmultitask.update} receivers:(1) take 7ms in [background], remains 2
03-25 00:36:04.194  6631  6631 I FloatMultiTaskService:  PowerSaveMode  1 isPowerSaveMode false
03-25 00:36:04.194  6631  6631 I FloatMultiTaskService: onStartCommand(),action=com.hsc.floatmultitask.update
03-25 00:36:04.196  6631  6631 I FloatMultiTaskReceiver: onReceive(),action:com.hsc.floatmultitask.update
03-25 00:36:04.196  3267  5761 V AlarmManager: remove(operation) changed bounds; rebatching
03-25 00:36:04.198  3267  3561 W AlarmManager: Suspiciously short interval 10000 millis; expanding to 60 seconds
03-25 00:36:04.198  3267  3561 V AlarmManager: set(PendingIntent{22e442f: PendingIntentRecord{5503f6 com.hsc.floatmultitask startService}}) : type=3 triggerAtTime=58006 win=45000 tElapsed=63006 maxElapsed=108006 interval=60000 flags=0x0
03-25 00:36:04.198  7347  7564 I Finsky  : [468] yig.<init>(3): Resetting scheduler db
03-25 00:36:04.199  6631  6631 I FloatMultiTaskActivity: updateFloat
03-25 00:36:04.200  3267  3703 D BroadcastQueue: Finished with ordered broadcast BroadcastRecord{a563ed3 u0 com.hsc.floatmultitask.update} receivers:(1) take 6ms in [background], remains 1
03-25 00:36:04.202  6631  6631 I FloatMultiTaskService:  PowerSaveMode  1 isPowerSaveMode false
03-25 00:36:04.202  6631  6631 I FloatMultiTaskService: onStartCommand(),action=com.hsc.floatmultitask.update
03-25 00:36:04.204  3267  3561 D BroadcastQueue: Finished with ordered broadcast BroadcastRecord{5a23050 u0 com.google.android.finsky.action.UPDATE_SETTINGS_ACTION} receivers:(1) take 4ms in [background], remains 0
03-25 00:36:04.209  3383  3393 D RIL     : rxlev[0]=99, rscp[0]=255, rsrp[0]=90
03-25 00:36:04.209  3383  3393 D RILC    : currentSignalStrengthInd
03-25 00:36:04.209  3383  3393 I RILC    : RIL_SOCKET_1 UNSOLICITED: UNSOL_SIGNAL_STRENGTH length:56
03-25 00:36:04.211  3491  4010 D SubscriptionController: [getDefaultDataSubId] subId= 2
03-25 00:36:04.212  3267  3703 I WifiService: getConnectionInfo uid=10082
03-25 00:36:04.217  7347  7415 I Finsky  : [436] xtu.accept(57): SCH: Scheduling phonesky job Id: 1-1337, CT: 1774401257844, Constraints: [{ L: 16200000, D: 35207162, C: 1, I: 1, N: 1 }]
03-25 00:36:04.218  7347  7415 I Finsky  : [436] xtu.accept(57): SCH: Scheduling phonesky job Id: 26-1414141414, CT: 1774401823382, Constraints: [{ L: 43200000, D: 44100000, C: 1, I: 1, N: 0 }]
03-25 00:36:04.219  3491  4010 D SubscriptionController: [getDefaultDataSubId] subId= 2
03-25 00:36:04.220  3491  5205 D SubscriptionController: [getDefaultDataSubId] subId= 2
03-25 00:36:04.231  7347  7398 I Finsky  : [425] xtt.apply(46): SCH: Scheduling 0 system job(s)
03-25 00:36:04.243  4265  4265 D BoundBrokerSvc: onBind: Intent { act=com.google.android.mobstore.service.START dat=chimera-action: cmp=com.google.android.gms/.chimera.GmsBoundBrokerService }
03-25 00:36:04.243  4265  4265 D BoundBrokerSvc: Loading bound service for intent: Intent { act=com.google.android.mobstore.service.START dat=chimera-action: cmp=com.google.android.gms/.chimera.GmsBoundBrokerService }
03-25 00:36:04.258  4265  5210 W ConsentManagerApiServic: Consent Manager API is not enabled. [CONTEXT service_id=460 ]
03-25 00:36:04.265  3979  4052 W WearableService: onGetService: Wear is not available on this device.
03-25 00:36:04.268  4265  5210 W ConsentManagerApiServic: Consent Manager API is not enabled. [CONTEXT service_id=460 ]
03-25 00:36:04.268  3979  4052 W GoogleApiManager: Not showing notification since connectionResult is not user-facing: ConnectionResult{statusCode=API_UNAVAILABLE, resolution=null, message=null, clientMethodKey=null}
03-25 00:36:04.270  3979  4052 W GoogleApiManager: Not showing notification since connectionResult is not user-facing: ConnectionResult{statusCode=API_DISABLED, resolution=null, message=null, clientMethodKey=null}
03-25 00:36:04.271  3979  3979 W LocationConsentTransfer: Failed to submit consent location_mode=true to ConsentManager [CONTEXT service_id=6 ]
03-25 00:36:04.271  3979  3979 W LocationConsentTransfer: bchk: 17: API: ConsentManager.API is not available on this device. Connection failed with: ConnectionResult{statusCode=API_DISABLED, resolution=null, message=null, clientMethodKey=null}
03-25 00:36:04.271  3979  3979 W LocationConsentTransfer: 	at bdeu.a(:com.google.android.gms@261133004@26.11.33 (040400-887465546):15)
03-25 00:36:04.271  3979  3979 W LocationConsentTransfer: 	at bcjg.a(:com.google.android.gms@261133004@26.11.33 (040400-887465546):1)
03-25 00:36:04.271  3979  3979 W LocationConsentTransfer: 	at bcjd.c(:com.google.android.gms@261133004@26.11.33 (040400-887465546):5)
03-25 00:36:04.271  3979  3979 W LocationConsentTransfer: 	at bcls.q(:com.google.android.gms@261133004@26.11.33 (040400-887465546):48)
03-25 00:36:04.271  3979  3979 W LocationConsentTransfer: 	at bcls.d(:com.google.android.gms@261133004@26.11.33 (040400-887465546):10)
03-25 00:36:04.271  3979  3979 W LocationConsentTransfer: 	at bcls.g(:com.google.android.gms@261133004@26.11.33 (040400-887465546):191)
03-25 00:36:04.271  3979  3979 W LocationConsentTransfer: 	at bcls.onConnectionFailed(:com.google.android.gms@261133004@26.11.33 (040400-887465546):2)
03-25 00:36:04.271  3979  3979 W LocationConsentTransfer: 	at bdge.ia(:com.google.android.gms@261133004@26.11.33 (040400-887465546):3)
03-25 00:36:04.271  3979  3979 W LocationConsentTransfer: 	at bdfg.a(:com.google.android.gms@261133004@26.11.33 (040400-887465546):7)
03-25 00:36:04.271  3979  3979 W LocationConsentTransfer: 	at bdex.c(:com.google.android.gms@261133004@26.11.33 (040400-887465546):77)
03-25 00:36:04.271  3979  3979 W LocationConsentTransfer: 	at bdfa.handleMessage(:com.google.android.gms@261133004@26.11.33 (040400-887465546):264)
03-25 00:36:04.271  3979  3979 W LocationConsentTransfer: 	at android.os.Handler.dispatchMessage(Handler.java:106)
03-25 00:36:04.271  3979  3979 W LocationConsentTransfer: 	at cpis.lY(:com.google.android.gms@261133004@26.11.33 (040400-887465546):1)
03-25 00:36:04.271  3979  3979 W LocationConsentTransfer: 	at cpis.dispatchMessage(:com.google.android.gms@261133004@26.11.33 (040400-887465546):140)
03-25 00:36:04.271  3979  3979 W LocationConsentTransfer: 	at android.os.Looper.loop(Looper.java:164)
03-25 00:36:04.271  3979  3979 W LocationConsentTransfer: 	at android.os.HandlerThread.run(HandlerThread.java:65)
03-25 00:36:04.271  3979  3979 W LocationConsentTransfer: Failed to submit consent network_location_opt_in=true to ConsentManager [CONTEXT service_id=6 ]
03-25 00:36:04.271  3979  3979 W LocationConsentTransfer: bchk: 17: API: ConsentManager.API is not available on this device. Connection failed with: ConnectionResult{statusCode=API_DISABLED, resolution=null, message=null, clientMethodKey=null}
03-25 00:36:04.271  3979  3979 W LocationConsentTransfer: 	at bdeu.a(:com.google.android.gms@261133004@26.11.33 (040400-887465546):15)
03-25 00:36:04.271  3979  3979 W LocationConsentTransfer: 	at bcjg.a(:com.google.android.gms@261133004@26.11.33 (040400-887465546):1)
03-25 00:36:04.271  3979  3979 W LocationConsentTransfer: 	at bcjd.c(:com.google.android.gms@261133004@26.11.33 (040400-887465546):5)
03-25 00:36:04.271  3979  3979 W LocationConsentTransfer: 	at bcls.q(:com.google.android.gms@261133004@26.11.33 (040400-887465546):48)
03-25 00:36:04.271  3979  3979 W LocationConsentTransfer: 	at bcls.d(:com.google.android.gms@261133004@26.11.33 (040400-887465546):10)
03-25 00:36:04.271  3979  3979 W LocationConsentTransfer: 	at bcls.g(:com.google.android.gms@261133004@26.11.33 (040400-887465546):191)
03-25 00:36:04.271  3979  3979 W LocationConsentTransfer: 	at bcls.onConnectionFailed(:com.google.android.gms@261133004@26.11.33 (040400-887465546):2)
03-25 00:36:04.271  3979  3979 W LocationConsentTransfer: 	at bdge.ia(:com.google.android.gms@261133004@26.11.33 (040400-887465546):3)
03-25 00:36:04.271  3979  3979 W LocationConsentTransfer: 	at bdfg.a(:com.google.android.gms@261133004@26.11.33 (040400-887465546):7)
03-25 00:36:04.271  3979  3979 W LocationConsentTransfer: 	at bdex.c(:com.google.android.gms@261133004@26.11.33 (040400-887465546):77)
03-25 00:36:04.271  3979  3979 W LocationConsentTransfer: 	at bdfa.handleMessage(:com.google.android.gms@261133004@26.11.33 (040400-887465546):264)
03-25 00:36:04.271  3979  3979 W LocationConsentTransfer: 	at android.os.Handler.dispatchMessage(Handler.java:106)
03-25 00:36:04.271  3979  3979 W LocationConsentTransfer: 	at cpis.lY(:com.google.android.gms@261133004@26.11.33 (040400-887465546):1)
03-25 00:36:04.271  3979  3979 W LocationConsentTransfer: 	at cpis.dispatchMessage(:com.google.android.gms@261133004@26.11.33 (040400-887465546):140)
03-25 00:36:04.271  3979  3979 W LocationConsentTransfer: 	at android.os.Looper.loop(Looper.java:164)
03-25 00:36:04.271  3979  3979 W LocationConsentTransfer: 	at android.os.HandlerThread.run(HandlerThread.java:65)
03-25 00:36:04.272  3979  3979 W LocationConsentTransfer: Failed to submit consent wifi_scan_always_enabled=true to ConsentManager [CONTEXT service_id=6 ]
03-25 00:36:04.272  3979  3979 W LocationConsentTransfer: bchk: 17: API: ConsentManager.API is not available on this device. Connection failed with: ConnectionResult{statusCode=API_DISABLED, resolution=null, message=null, clientMethodKey=null}
03-25 00:36:04.272  3979  3979 W LocationConsentTransfer: 	at bdeu.a(:com.google.android.gms@261133004@26.11.33 (040400-887465546):15)
03-25 00:36:04.272  3979  3979 W LocationConsentTransfer: 	at bcjg.a(:com.google.android.gms@261133004@26.11.33 (040400-887465546):1)
03-25 00:36:04.272  3979  3979 W LocationConsentTransfer: 	at bcjd.c(:com.google.android.gms@261133004@26.11.33 (040400-887465546):5)
03-25 00:36:04.272  3979  3979 W LocationConsentTransfer: 	at bcls.q(:com.google.android.gms@261133004@26.11.33 (040400-887465546):48)
03-25 00:36:04.272  3979  3979 W LocationConsentTransfer: 	at bcls.d(:com.google.android.gms@261133004@26.11.33 (040400-887465546):10)
03-25 00:36:04.272  3979  3979 W LocationConsentTransfer: 	at bcls.g(:com.google.android.gms@261133004@26.11.33 (040400-887465546):191)
03-25 00:36:04.272  3979  3979 W LocationConsentTransfer: 	at bcls.onConnectionFailed(:com.google.android.gms@261133004@26.11.33 (040400-887465546):2)
03-25 00:36:04.272  3979  3979 W LocationConsentTransfer: 	at bdge.ia(:com.google.android.gms@261133004@26.11.33 (040400-887465546):3)
03-25 00:36:04.272  3979  3979 W LocationConsentTransfer: 	at bdfg.a(:com.google.android.gms@261133004@26.11.33 (040400-887465546):7)
03-25 00:36:04.272  3979  3979 W LocationConsentTransfer: 	at bdex.c(:com.google.android.gms@261133004@26.11.33 (040400-887465546):77)
03-25 00:36:04.272  3979  3979 W LocationConsentTransfer: 	at bdfa.handleMessage(:com.google.android.gms@261133004@26.11.33 (040400-887465546):264)
03-25 00:36:04.272  3979  3979 W LocationConsentTransfer: 	at android.os.Handler.dispatchMessage(Handler.java:106)
03-25 00:36:04.272  3979  3979 W LocationConsentTransfer: 	at cpis.lY(:com.google.android.gms@261133004@26.11.33 (040400-887465546):1)
03-25 00:36:04.272  3979  3979 W LocationConsentTransfer: 	at cpis.dispatchMessage(:com.google.android.gms@261133004@26.11.33 (040400-887465546):140)
03-25 00:36:04.272  3979  3979 W LocationConsentTransfer: 	at android.os.Looper.loop(Looper.java:164)
03-25 00:36:04.272  3979  3979 W LocationConsentTransfer: 	at android.os.HandlerThread.run(HandlerThread.java:65)
03-25 00:36:04.272  3979  3979 W LocationConsentTransfer: Failed to submit consent ble_scan_always_enabled=true to ConsentManager [CONTEXT service_id=6 ]
03-25 00:36:04.272  3979  3979 W LocationConsentTransfer: bchk: 17: API: ConsentManager.API is not available on this device. Connection failed with: ConnectionResult{statusCode=API_DISABLED, resolution=null, message=null, clientMethodKey=null}
03-25 00:36:04.272  3979  3979 W LocationConsentTransfer: 	at bdeu.a(:com.google.android.gms@261133004@26.11.33 (040400-887465546):15)
03-25 00:36:04.272  3979  3979 W LocationConsentTransfer: 	at bcjg.a(:com.google.android.gms@261133004@26.11.33 (040400-887465546):1)
03-25 00:36:04.272  3979  3979 W LocationConsentTransfer: 	at bcjd.c(:com.google.android.gms@261133004@26.11.33 (040400-887465546):5)
03-25 00:36:04.272  3979  3979 W LocationConsentTransfer: 	at bcls.q(:com.google.android.gms@261133004@26.11.33 (040400-887465546):48)
03-25 00:36:04.272  3979  3979 W LocationConsentTransfer: 	at bcls.d(:com.google.android.gms@261133004@26.11.33 (040400-887465546):10)
03-25 00:36:04.272  3979  3979 W LocationConsentTransfer: 	at bcls.g(:com.google.android.gms@261133004@26.11.33 (040400-887465546):191)
03-25 00:36:04.272  3979  3979 W LocationConsentTransfer: 	at bcls.onConnectionFailed(:com.google.android.gms@261133004@26.11.33 (040400-887465546):2)
03-25 00:36:04.272  3979  3979 W LocationConsentTransfer: 	at bdge.ia(:com.google.android.gms@261133004@26.11.33 (040400-887465546):3)
03-25 00:36:04.272  3979  3979 W LocationConsentTransfer: 	at bdfg.a(:com.google.android.gms@261133004@26.11.33 (040400-887465546):7)
03-25 00:36:04.272  3979  3979 W LocationConsentTransfer: 	at bdex.c(:com.google.android.gms@261133004@26.11.33 (040400-887465546):77)
03-25 00:36:04.272  3979  3979 W LocationConsentTransfer: 	at bdfa.handleMessage(:com.google.android.gms@261133004@26.11.33 (040400-887465546):264)
03-25 00:36:04.272  3979  3979 W LocationConsentTransfer: 	at android.os.Handler.dispatchMessage(Handler.java:106)
03-25 00:36:04.272  3979  3979 W LocationConsentTransfer: 	at cpis.lY(:com.google.android.gms@261133004@26.11.33 (040400-887465546):1)
03-25 00:36:04.272  3979  3979 W LocationConsentTransfer: 	at cpis.dispatchMessage(:com.google.android.gms@261133004@26.11.33 (040400-887465546):140)
03-25 00:36:04.272  3979  3979 W LocationConsentTransfer: 	at android.os.Looper.loop(Looper.java:164)
03-25 00:36:04.272  3979  3979 W LocationConsentTransfer: 	at android.os.HandlerThread.run(HandlerThread.java:65)
03-25 00:36:04.579  3979  3979 D BoundBrokerSvc: onUnbind: Intent { act=com.google.android.gms.findmydevice.spot.service.locationreport.START dat=chimera-action: cmp=com.google.android.gms/.chimera.PersistentApiService }
03-25 00:36:04.615  3979  7223 I AlarmManager: setExactAndAllowWhileIdle [name: GCM_HB_ALARM type: 2 triggerAtMillis: 658423]
03-25 00:36:04.616  3267  3703 V AlarmManager: set(PendingIntent{c6d0e28: PendingIntentRecord{39ca746 com.google.android.gms broadcastIntent}}) : type=2 triggerAtTime=658423 win=0 tElapsed=658423 maxElapsed=658423 interval=0 flags=0x5
03-25 00:36:04.617  3979  7223 I c2dm    : [-2,,1,1]
03-25 00:36:04.758  3923  3967 I CPVoiceAgent: select: retrun 0
03-25 00:36:04.897  3979  3979 D BoundBrokerSvc: onUnbind: Intent { act=com.google.android.gms.auth.account.workaccount.START dat=chimera-action: cmp=com.google.android.gms/.chimera.PersistentApiService }
03-25 00:36:04.908  3267  3461 D WifiNetworkMonitor: EVENT_WIFI_RSSI_CHANGED
03-25 00:36:04.908  3267  3461 E WifiNetworkMonitor: Not any Obervers!!!
03-25 00:36:04.966  3267  3440 D InputReader: processEventsLocked: type=3 Count=8 code=57 value=0 deviceId=9
03-25 00:36:04.967  2951  2951 D PowerHAL: POWER_HINT_INTERACTION: data=0x00, subtype=0, duration=500
03-25 00:36:04.968  2951  2951 D PowerHAL: ###Enter interaction_other scene bgn###
03-25 00:36:04.968  2951  2951 D PowerHAL: Enter common_set: enable:1, duration: 500, /sys/devices/system/cpu/cpuhotplug/cluster0_core_min_limit: 4
03-25 00:36:04.968  2951  2951 D PowerHAL: Enter common_set: enable:1, duration: 500, /sys/devices/system/cpu/cpuhotplug/cluster0_core_max_limit: 4
03-25 00:36:04.968  2951  2951 D PowerHAL: Enter common_subsys_set: enable:1, duration: 500, subsys:cpufreq: conf_2:5
03-25 00:36:04.968  2951  2951 D PowerHAL: Enter common_subsys_set_current_config: 
03-25 00:36:04.969  2951  2951 D PowerHAL: ###Enter interaction_other scene end###
03-25 00:36:04.969  2951  2951 D PowerHAL: POWER_HINT_INTERACTION: data=0x10000, subtype=1, duration=500
03-25 00:36:04.969  2951  2951 D PowerHAL: ###Enter interaction_touch scene bgn###
03-25 00:36:04.969  2951  2951 D PowerHAL: Enter common_subsys_set: enable:1, duration: 500, subsys:cpufreq: conf_2:5
03-25 00:36:04.969  2951  2951 D PowerHAL: ###Enter interaction_touch scene end###
03-25 00:36:04.983  7280  7366 I zygote64: The ClassLoaderContext is a special shared library.
03-25 00:36:04.987  3267  3440 D InputReader: processEventsLocked: type=3 Count=7 code=57 value=0 deviceId=9
03-25 00:36:05.008  3267  3440 I chatty  : uid=1000(system) InputReader identical 1 line
03-25 00:36:05.029  3267  3440 D InputReader: processEventsLocked: type=3 Count=7 code=57 value=0 deviceId=9
03-25 00:36:05.036  3011  3735 E LIBGPS  : begin save flash data,subtype is 31,lenth is 88
03-25 00:36:05.050  3267  3440 D InputReader: processEventsLocked: type=3 Count=7 code=57 value=0 deviceId=9
03-25 00:36:05.051  3021  3210 D WCND    : is_cp2_alive_ok: open polling interface: /proc/mdbg/loopcheck, fd = 13
03-25 00:36:05.069  3267  3440 D InputReader: processEventsLocked: type=1 Count=3 code=330 value=0 deviceId=9
03-25 00:36:05.070  2951  2951 D PowerHAL: POWER_HINT_INTERACTION: data=0x00, subtype=0, duration=500
03-25 00:36:05.072  3531  3531 D PanelView: onTouchEvent:ACTION_UP
03-25 00:36:05.073  2951  2951 D PowerHAL: ###Enter interaction_other scene bgn###
03-25 00:36:05.073  2951  2951 D PowerHAL: Enter common_set: enable:1, duration: 500, /sys/devices/system/cpu/cpuhotplug/cluster0_core_min_limit: 4
03-25 00:36:05.073  2951  2951 D PowerHAL: Enter common_set: enable:1, duration: 500, /sys/devices/system/cpu/cpuhotplug/cluster0_core_max_limit: 4
03-25 00:36:05.073  2951  2951 D PowerHAL: Enter common_subsys_set: enable:1, duration: 500, subsys:cpufreq: conf_2:5
03-25 00:36:05.073  2951  2951 D PowerHAL: ###Enter interaction_other scene end###
03-25 00:36:05.073  2951  2951 D PowerHAL: POWER_HINT_INTERACTION: data=0x10000, subtype=1, duration=500
03-25 00:36:05.073  2951  2951 D PowerHAL: ###Enter interaction_touch scene bgn###
03-25 00:36:05.073  2951  2951 D PowerHAL: Enter common_subsys_set: enable:1, duration: 500, subsys:cpufreq: conf_2:5
03-25 00:36:05.073  2951  2951 D PowerHAL: ###Enter interaction_touch scene end###
03-25 00:36:05.073  2951  2951 D PowerHAL: POWER_HINT_INTERACTION: data=0x303a7, subtype=3, duration=935
03-25 00:36:05.073  2951  2951 D PowerHAL: ###Enter interaction_fling scene bgn###
03-25 00:36:05.073  2951  2951 D PowerHAL: Enter common_subsys_set: enable:1, duration: 935, subsys:cpufreq: conf_2:5
03-25 00:36:05.073  2951  2951 D PowerHAL: ###Enter interaction_fling scene end###
03-25 00:36:05.087  2958  3292 I gralloc : gralloc_unregister_buffer hnd=0x6fc8a9c740, share_fd=90, share_attr_fd=92, magic=51647890, format=1, internal_format=1, byte_stride=1664, flags=4, usage=0x900, size=835328, width=410, height=502, internalWidth=410, internalHeight=502, stride=416, base=0x6fc400a000, writeOwner=0, attr_base=0xffffffffffffffff, yuv_info=1, fd=-1, buf_idx=0, offset=0, min_pgsz=4096, phyaddr=0
03-25 00:36:05.088  2925  6493 I gralloc : mali_gralloc_select_format, AFBC is disabled now
03-25 00:36:05.088  2925  6493 I gralloc : mali_gralloc_select_format: req_format=0x00000001 req_fmt_mapped=0x0 internal_format=0x1 usage=0xb00
03-25 00:36:05.088  2925  6493 I gralloc : gralloc=>alloc, share_fd=12, share_attr_fd=13, magic=51647890, format=1, internal_format=1, byte_stride=1664, flags=4, usage=0x2816, size=835328, width=410, height=502, internalWidth=410, internalHeight=502, stride=416, ADP_VSTRIDE=0,base=0x7b804ce000, writeOwner=0, attr_base=0xffffffffffffffff, yuv_info=1, fd=-1, buf_idx=0, offset=0, min_pgsz=4096, phyaddr=0
03-25 00:36:05.088  2925  6493 I gralloc : gralloc=>free hnd=0x7b7e420300, share_fd=12, share_attr_fd=13, magic=51647890, format=1, internal_format=1, byte_stride=1664, flags=4, usage=2816, size=835328, width=410, height=502, internalWidth=410, internalHeight=502, stride=416, base=0x7b804ce000, writeOwner=0, attr_base=0xffffffffffffffff, yuv_info=1, fd=-1, buf_idx=0, offset=0, min_pgsz=4096, phyaddr=0
03-25 00:36:05.093  2958  3292 I gralloc : gralloc_register_buffer hnd=0x6fc8a9c740, share_fd=72, share_attr_fd=90, magic=51647890, format=1, internal_format=1, byte_stride=1664, flags=4, usage=0xb00, size=835328, width=410, height=502, internalWidth=410, internalHeight=502, stride=416, base=0x6fc400a000, writeOwner=0, attr_base=0xffffffffffffffff, yuv_info=1, fd=-1, buf_idx=0, offset=0, min_pgsz=4096, phyaddr=0
03-25 00:36:05.095  3267  3486 I gralloc : gralloc_register_buffer hnd=0x71661e8040, share_fd=277, share_attr_fd=278, magic=51647890, format=1, internal_format=1, byte_stride=1664, flags=4, usage=0xb00, size=835328, width=410, height=502, internalWidth=410, internalHeight=502, stride=416, base=0x7164207000, writeOwner=0, attr_base=0xffffffffffffffff, yuv_info=1, fd=-1, buf_idx=0, offset=0, min_pgsz=4096, phyaddr=0
03-25 00:36:05.103  2958  2958 I gralloc : gralloc_unregister_buffer hnd=0x6fc4f83dc0, share_fd=73, share_attr_fd=74, magic=51647890, format=1, internal_format=1, byte_stride=1664, flags=4, usage=0xb00, size=835328, width=410, height=502, internalWidth=410, internalHeight=502, stride=416, base=0x6fc4468000, writeOwner=0, attr_base=0xffffffffffffffff, yuv_info=1, fd=-1, buf_idx=0, offset=0, min_pgsz=4096, phyaddr=0
03-25 00:36:05.104  2934  3137 D vndksupport: Loading /vendor/lib64/hw/gralloc.sp9832e.so from current namespace instead of sphal namespace.
03-25 00:36:05.104  2934  3137 I gralloc : gralloc_register_buffer hnd=0x7ab400f880, share_fd=62, share_attr_fd=63, magic=51647890, format=1, internal_format=1, byte_stride=1664, flags=4, usage=0xb00, size=835328, width=410, height=502, internalWidth=410, internalHeight=502, stride=416, base=0x7ab326c000, writeOwner=0, attr_base=0xffffffffffffffff, yuv_info=1, fd=-1, buf_idx=0, offset=0, min_pgsz=4096, phyaddr=0
03-25 00:36:05.105  2934  3137 I gralloc : gralloc_unregister_buffer hnd=0x7ab400f400, share_fd=56, share_attr_fd=57, magic=51647890, format=1, internal_format=1, byte_stride=1664, flags=4, usage=0xb00, size=835328, width=410, height=502, internalWidth=410, internalHeight=502, stride=416, base=0x7ab3668000, writeOwner=0, attr_base=0xffffffffffffffff, yuv_info=1, fd=-1, buf_idx=0, offset=0, min_pgsz=4096, phyaddr=0
03-25 00:36:05.111  3267  3436 D AlarmManager: waitForAlarm result:8currentTime=1774409765111, elapsedRealtime=58920
03-25 00:36:05.112  3267  3436 D AlarmManager: triggerList.size = 1, hasWakeup = false
03-25 00:36:05.112  3267  3436 V AlarmManager: sending alarm Alarm{c6af4e6 type 3 when 58920 com.android.providers.calendar}
03-25 00:36:05.112  3267  3436 D BroadcastQueue: Add broadcast <BroadcastRecord{c8a27 u0 android.intent.action.PROVIDER_CHANGED}> into [ordered | background], pending size 0
03-25 00:36:05.112  3267  3436 D BroadcastQueue: Header is BroadcastRecord{c8a27 u0 android.intent.action.PROVIDER_CHANGED} now
03-25 00:36:05.120  3267  3703 W BroadcastQueue: Background execution not allowed: receiving Intent { act=android.intent.action.PROVIDER_CHANGED dat=content://com.android.calendar flg=0x20000014 (has extras) } to com.google.android.gms/.chimera.GmsIntentOperationService$GmsExternalReceiver
03-25 00:36:05.120  3267  3703 D BroadcastQueue: Skipping delivery of ordered [background] BroadcastRecord{c8a27 u0 android.intent.action.PROVIDER_CHANGED} for whatever reason
03-25 00:36:05.124  3267  3320 D BroadcastQueue: Finished with ordered broadcast BroadcastRecord{c8a27 u0 android.intent.action.PROVIDER_CHANGED} receivers:(2) take 11ms in [background], remains 0
03-25 00:36:05.152  3021  3210 D WCND    : is_cp2_alive_ok: loop: /proc/mdbg/loopcheck is OK
03-25 00:36:05.153  3531  3531 D StatusBar: disable<e i a s b h r c s q >
03-25 00:36:05.162  3267  5761 V AlarmManager: remove(operation) changed bounds; rebatching
03-25 00:36:05.163  3979  4909 I AlarmManager: setExactAndAllowWhileIdle [name: GCM_HB_ALARM type: 2 triggerAtMillis: 658971]
03-25 00:36:05.163  3267  3561 V AlarmManager: set(PendingIntent{898e4d4: PendingIntentRecord{39ca746 com.google.android.gms broadcastIntent}}) : type=2 triggerAtTime=658971 win=0 tElapsed=658971 maxElapsed=658971 interval=0 flags=0x5
03-25 00:36:05.164  3979  4909 I gtalk_heartbeat_reset: [66136,142.250.0.188:5228]
03-25 00:36:05.165  3979  4909 W WakeLock: GCM_CONN_ALARM release without a matched acquire! [CONTEXT service_id=259 ]
03-25 00:36:05.166  3979  4909 I gtalk_connection: 0
03-25 00:36:05.169  3267  3561 V AlarmManager: remove(operation) changed bounds; rebatching
03-25 00:36:05.170  3979  4909 I AlarmManager: setExactAndAllowWhileIdle [name: GCM_HB_ALARM type: 2 triggerAtMillis: 658978]
03-25 00:36:05.170  3267  3561 V AlarmManager: set(PendingIntent{eca367d: PendingIntentRecord{39ca746 com.google.android.gms broadcastIntent}}) : type=2 triggerAtTime=658978 win=0 tElapsed=658978 maxElapsed=658978 interval=0 flags=0x5
03-25 00:36:05.192  3267  3561 D WindowManager: Input focus has changed to Window{41037c6 u0 com.chartcross.gpstest/com.chartcross.gpstest.GPSTest}
03-25 00:36:05.200  3531  3531 D KeyguardAffordanceView: updateIconColor:color=0
03-25 00:36:05.200  3531  3531 D KeyguardAffordanceView: updateIconColor:color=0
03-25 00:36:05.200  3531  3531 D LockIcon: updateIconColor:color=0
03-25 00:36:05.202  3267  3561 I sysui_multi_action: [757,128,758,2,793,22092,794,1801,795,22092,796,951340667,798,0,806,com.android.vending,857,account,858,2,947,0]
03-25 00:36:05.202  3267  3561 I notification_visibility: [0|com.android.vending|951340667|null|10032,0,22092,22092,0,0]
03-25 00:36:05.202  3267  3703 I sysui_view_visibility: [127,0]
03-25 00:36:05.203  3267  3703 I sysui_multi_action: [757,127,758,2]
03-25 00:36:05.203  3267  3703 I notification_panel_hidden: 
03-25 00:36:05.207  3531  3531 D StatusBar: disable<e i a s b h r c s q >
03-25 00:36:05.209  3383  3393 D RIL     : rxlev[0]=99, rscp[0]=255, rsrp[0]=91
03-25 00:36:05.209  3383  3393 D RILC    : currentSignalStrengthInd
03-25 00:36:05.209  3383  3393 I RILC    : RIL_SOCKET_1 UNSOLICITED: UNSOL_SIGNAL_STRENGTH length:56
03-25 00:36:05.213  3267  5761 I WifiService: getConnectionInfo uid=10082
03-25 00:36:05.216  3491  4010 D SubscriptionController: [getDefaultDataSubId] subId= 2
03-25 00:36:05.217  3491  4370 D SubscriptionController: [getDefaultDataSubId] subId= 2
03-25 00:36:05.220  3491  5205 D SubscriptionController: [getDefaultDataSubId] subId= 2
03-25 00:36:05.223  2991  2991 I keystore: del USRPKEY_unstable.c7202ece89390c490b1b94d5b71225e1.A1461703161617237816 10014
03-25 00:36:05.224  2991  2991 I keystore: del USRSKEY_unstable.c7202ece89390c490b1b94d5b71225e1.A1461703161617237816 10014
03-25 00:36:05.224  2991  2991 I keystore: del USRCERT_unstable.c7202ece89390c490b1b94d5b71225e1.A1461703161617237816 10014
03-25 00:36:05.225  2991  2991 I keystore: del CACERT_unstable.c7202ece89390c490b1b94d5b71225e1.A1461703161617237816 10014
03-25 00:36:05.226  2991  2991 D keystore: start addRngEntropy!
03-25 00:36:05.226  2991  2991 D keystore: finish addRngEntropy, rc = 1 
03-25 00:36:05.226  2991  2991 D keystore: start generate key!
03-25 00:36:05.239  2991  2991 D keystore: fsync ret 0
03-25 00:36:05.239  2991  2991 D keystore: finish generate key, rc = 1 
03-25 00:36:05.244  2991  2991 D keystore: fsync ret 0
03-25 00:36:05.244  3531  3831 I gralloc : gralloc_unregister_buffer hnd=0x716907ca40, share_fd=97, share_attr_fd=98, magic=51647890, format=1, internal_format=1, byte_stride=1664, flags=4, usage=0xb00, size=835328, width=410, height=502, internalWidth=410, internalHeight=502, stride=416, base=0x716709d000, writeOwner=0, attr_base=0xffffffffffffffff, yuv_info=1, fd=-1, buf_idx=0, offset=0, min_pgsz=4096, phyaddr=0
03-25 00:36:05.244  3531  3831 I gralloc : gralloc_unregister_buffer hnd=0x716919ee80, share_fd=95, share_attr_fd=96, magic=51647890, format=1, internal_format=1, byte_stride=1664, flags=4, usage=0xb00, size=835328, width=410, height=502, internalWidth=410, internalHeight=502, stride=416, base=0x7167169000, writeOwner=0, attr_base=0xffffffffffffffff, yuv_info=1, fd=-1, buf_idx=0, offset=0, min_pgsz=4096, phyaddr=0
03-25 00:36:05.245  3531  3831 I gralloc : gralloc_unregister_buffer hnd=0x716919ed00, share_fd=103, share_attr_fd=104, magic=51647890, format=1, internal_format=1, byte_stride=1664, flags=4, usage=0xb00, size=835328, width=410, height=502, internalWidth=410, internalHeight=502, stride=416, base=0x7166fd1000, writeOwner=0, attr_base=0xffffffffffffffff, yuv_info=1, fd=-1, buf_idx=0, offset=0, min_pgsz=4096, phyaddr=0
03-25 00:36:05.246  2958  3099 E BufferQueueProducer: [StatusBar#0] disconnect: not connected (req=1)
03-25 00:36:05.246  3531  3531 W StaticLayout: maxLineHeight should not be -1.  maxLines:1 lineCount:1
03-25 00:36:05.246  3531  3831 W libEGL  : EGLNativeWindowType 0x716ab60010 disconnect failed
03-25 00:36:05.246  2991  2991 D keystore: start get key characteristics!
03-25 00:36:05.247  2991  2991 D keystore: finish get key characteristics, rc = 1 
03-25 00:36:05.247  3531  3531 W StaticLayout: maxLineHeight should not be -1.  maxLines:1 lineCount:1
03-25 00:36:05.247  2991  2991 D keystore: start export key!
03-25 00:36:05.248  3531  3831 D mali_winsys: EGLint new_window_surface(egl_winsys_display *, void *, EGLSurface, EGLConfig, egl_winsys_surface **, egl_color_buffer_format *, EGLBoolean) returns 0x3000, win:0x716ab60010
03-25 00:36:05.249  3531  3831 I OpenGLRenderer: queryNativeWindowStatus 0x716ab60010 query=0 dataspace=0
03-25 00:36:05.251  2991  2991 D keystore: finish export key, rc = 1 
03-25 00:36:05.253  2934  3137 I gralloc : gralloc_unregister_buffer hnd=0x7ab400f7c0, share_fd=53, share_attr_fd=55, magic=51647890, format=1, internal_format=1, byte_stride=1664, flags=4, usage=0xb00, size=835328, width=410, height=502, internalWidth=410, internalHeight=502, stride=416, base=0x7ab3338000, writeOwner=0, attr_base=0xffffffffffffffff, yuv_info=1, fd=-1, buf_idx=0, offset=0, min_pgsz=4096, phyaddr=0
03-25 00:36:05.253  2934  3137 I gralloc : gralloc_unregister_buffer hnd=0x7ab400f700, share_fd=59, share_attr_fd=60, magic=51647890, format=1, internal_format=1, byte_stride=1664, flags=4, usage=0xb00, size=835328, width=410, height=502, internalWidth=410, internalHeight=502, stride=416, base=0x7ab34d0000, writeOwner=0, attr_base=0xffffffffffffffff, yuv_info=1, fd=-1, buf_idx=0, offset=0, min_pgsz=4096, phyaddr=0
03-25 00:36:05.254  2934  3137 I gralloc : gralloc_unregister_buffer hnd=0x7ab400ef80, share_fd=51, share_attr_fd=52, magic=51647890, format=1, internal_format=1, byte_stride=1664, flags=4, usage=0xb00, size=835328, width=410, height=502, internalWidth=410, internalHeight=502, stride=416, base=0x7ab359c000, writeOwner=0, attr_base=0xffffffffffffffff, yuv_info=1, fd=-1, buf_idx=0, offset=0, min_pgsz=4096, phyaddr=0
03-25 00:36:05.254  2958  2958 I gralloc : gralloc_unregister_buffer hnd=0x6fc802d6c0, share_fd=62, share_attr_fd=98, magic=51647890, format=1, internal_format=1, byte_stride=1664, flags=4, usage=0xb00, size=835328, width=410, height=502, internalWidth=410, internalHeight=502, stride=416, base=0x6fc3cda000, writeOwner=0, attr_base=0xffffffffffffffff, yuv_info=1, fd=-1, buf_idx=0, offset=0, min_pgsz=4096, phyaddr=0
03-25 00:36:05.254  2958  2958 I gralloc : gralloc_unregister_buffer hnd=0x6fc8a9cbc0, share_fd=94, share_attr_fd=95, magic=51647890, format=1, internal_format=1, byte_stride=1664, flags=4, usage=0xb00, size=835328, width=410, height=502, internalWidth=410, internalHeight=502, stride=416, base=0x6fc3da6000, writeOwner=0, attr_base=0xffffffffffffffff, yuv_info=1, fd=-1, buf_idx=0, offset=0, min_pgsz=4096, phyaddr=0
03-25 00:36:05.259  2925  6493 I gralloc : mali_gralloc_select_format, AFBC is disabled now
03-25 00:36:05.260  2925  6493 I gralloc : mali_gralloc_select_format: req_format=0x00000001 req_fmt_mapped=0x0 internal_format=0x1 usage=0xb00
03-25 00:36:05.260  2925  6493 I gralloc : gralloc=>alloc, share_fd=12, share_attr_fd=13, magic=51647890, format=1, internal_format=1, byte_stride=1664, flags=4, usage=0x2816, size=83200, width=410, height=50, internalWidth=410, internalHeight=50, stride=416, ADP_VSTRIDE=0,base=0x7b817da000, writeOwner=0, attr_base=0xffffffffffffffff, yuv_info=1, fd=-1, buf_idx=0, offset=0, min_pgsz=4096, phyaddr=0
