03-25 00:04:12.873  2995  8030 I gralloc : gralloc_register_buffer hnd=0xf058ca80, share_fd=22, share_attr_fd=23, magic=51647890, format=21, internal_format=15, byte_stride=240, flags=4, usage=0x2903, size=88320, width=240, height=240, internalWidth=240, internalHeight=240, stride=240, base=0xf410f000, writeOwner=0, attr_base=0xffffffff, yuv_info=1, fd=-1, buf_idx=0, offset=0, min_pgsz=4096, phyaddr=0
03-25 00:04:12.878  3000  3086 D vndksupport: Loading /vendor/lib/hw/android.hardware.graphics.mapper@2.0-impl.so from current namespace instead of sphal namespace.
03-25 00:04:12.878  2916  3157 W StreamHAL: Error from HAL stream in function get_presentation_position: Operation not permitted
03-25 00:04:12.880  3000  3086 D vndksupport: Loading /vendor/lib/hw/gralloc.sp9832e.so from current namespace instead of sphal namespace.
03-25 00:04:12.882  3000  3086 D vndksupport: Loading /vendor/lib/hw/gralloc.sp9832e.so from current namespace instead of sphal namespace.
03-25 00:04:12.883  3000  3086 I gralloc : gralloc_register_buffer hnd=0xeedde540, share_fd=25, share_attr_fd=26, magic=51647890, format=21, internal_format=15, byte_stride=240, flags=4, usage=0x2903, size=88320, width=240, height=240, internalWidth=240, internalHeight=240, stride=240, base=0xf030c000, writeOwner=0, attr_base=0xffffffff, yuv_info=1, fd=-1, buf_idx=0, offset=0, min_pgsz=4096, phyaddr=0
03-25 00:04:12.883  3000  3086 I SPRDAVCDecoder: getExtensionIndex, name: OMX.google.android.index.useAndroidNativeBuffer2
03-25 00:04:12.883  3000  3086 I SPRDAVCDecoder: getExtensionIndex:OMX.google.android.index.useAndroidNativeBuffer2
03-25 00:04:12.883  3000  3086 I SPRDAVCDecoder: internalUseBuffer, portIndex= 1, header=0xeedacdc0, pBuffer=0xeedde540, size=86400
03-25 00:04:12.884  2957  3110 W GrallocMapperPassthrough: buffer descriptor with invalid usage bits 0x2000
03-25 00:04:12.884  2925  2925 I gralloc : mali_gralloc_select_format, AFBC is disabled now
03-25 00:04:12.884  2925  2925 I gralloc : mali_gralloc_select_format: req_format=0x00000015 req_fmt_mapped=0x0 internal_format=0x15 usage=0x2903
03-25 00:04:12.884  2925  2925 I gralloc : gralloc=>alloc, share_fd=8, share_attr_fd=13, magic=51647890, format=21, internal_format=15, byte_stride=240, flags=4, usage=0x10499, size=88320, width=240, height=240, internalWidth=240, internalHeight=240, stride=240, ADP_VSTRIDE=0,base=0x7f408f8000, writeOwner=0, attr_base=0xffffffffffffffff, yuv_info=1, fd=-1, buf_idx=0, offset=0, min_pgsz=4096, phyaddr=0
03-25 00:04:12.885  2925  2925 I gralloc : gralloc=>free hnd=0x7f3fc33900, share_fd=8, share_attr_fd=13, magic=51647890, format=21, internal_format=15, byte_stride=240, flags=4, usage=10499, size=88320, width=240, height=240, internalWidth=240, internalHeight=240, stride=240, base=0x7f408f8000, writeOwner=0, attr_base=0xffffffffffffffff, yuv_info=1, fd=-1, buf_idx=0, offset=0, min_pgsz=4096, phyaddr=0
03-25 00:04:12.885  2957  3110 I gralloc : gralloc_register_buffer hnd=0x71d7a233c0, share_fd=96, share_attr_fd=97, magic=51647890, format=21, internal_format=15, byte_stride=240, flags=4, usage=0x2903, size=88320, width=240, height=240, internalWidth=240, internalHeight=240, stride=240, base=0x71d9f62000, writeOwner=0, attr_base=0xffffffffffffffff, yuv_info=1, fd=-1, buf_idx=0, offset=0, min_pgsz=4096, phyaddr=0
03-25 00:04:12.886  2995  8030 I gralloc : gralloc_register_buffer hnd=0xf058cb40, share_fd=25, share_attr_fd=26, magic=51647890, format=21, internal_format=15, byte_stride=240, flags=4, usage=0x2903, size=88320, width=240, height=240, internalWidth=240, internalHeight=240, stride=240, base=0xf40f0000, writeOwner=0, attr_base=0xffffffff, yuv_info=1, fd=-1, buf_idx=0, offset=0, min_pgsz=4096, phyaddr=0
03-25 00:04:12.887  3000  3086 D vndksupport: Loading /vendor/lib/hw/gralloc.sp9832e.so from current namespace instead of sphal namespace.
03-25 00:04:12.887  3000  3086 I gralloc : gralloc_register_buffer hnd=0xeedde900, share_fd=28, share_attr_fd=29, magic=51647890, format=21, internal_format=15, byte_stride=240, flags=4, usage=0x2903, size=88320, width=240, height=240, internalWidth=240, internalHeight=240, stride=240, base=0xf02f6000, writeOwner=0, attr_base=0xffffffff, yuv_info=1, fd=-1, buf_idx=0, offset=0, min_pgsz=4096, phyaddr=0
03-25 00:04:12.888  3000  3086 I SPRDAVCDecoder: getExtensionIndex, name: OMX.google.android.index.useAndroidNativeBuffer2
03-25 00:04:12.888  3000  3086 I SPRDAVCDecoder: getExtensionIndex:OMX.google.android.index.useAndroidNativeBuffer2
03-25 00:04:12.888  3000  3086 I SPRDAVCDecoder: internalUseBuffer, portIndex= 1, header=0xeedac7d0, pBuffer=0xeedde900, size=86400
03-25 00:04:12.888  2957  3110 W GrallocMapperPassthrough: buffer descriptor with invalid usage bits 0x2000
03-25 00:04:12.888  2925  2925 I gralloc : mali_gralloc_select_format, AFBC is disabled now
03-25 00:04:12.888  2925  2925 I gralloc : mali_gralloc_select_format: req_format=0x00000015 req_fmt_mapped=0x0 internal_format=0x15 usage=0x2903
03-25 00:04:12.889  2925  2925 I gralloc : gralloc=>alloc, share_fd=8, share_attr_fd=13, magic=51647890, format=21, internal_format=15, byte_stride=240, flags=4, usage=0x10499, size=88320, width=240, height=240, internalWidth=240, internalHeight=240, stride=240, ADP_VSTRIDE=0,base=0x7f408f8000, writeOwner=0, attr_base=0xffffffffffffffff, yuv_info=1, fd=-1, buf_idx=0, offset=0, min_pgsz=4096, phyaddr=0
03-25 00:04:12.889  2925  2925 I gralloc : gralloc=>free hnd=0x7f3fc33900, share_fd=8, share_attr_fd=13, magic=51647890, format=21, internal_format=15, byte_stride=240, flags=4, usage=10499, size=88320, width=240, height=240, internalWidth=240, internalHeight=240, stride=240, base=0x7f408f8000, writeOwner=0, attr_base=0xffffffffffffffff, yuv_info=1, fd=-1, buf_idx=0, offset=0, min_pgsz=4096, phyaddr=0
03-25 00:04:12.889  2916  3157 W StreamHAL: Error from HAL stream in function get_presentation_position: Operation not permitted
03-25 00:04:12.889  2957  3110 I gralloc : gralloc_register_buffer hnd=0x71d7a23c00, share_fd=100, share_attr_fd=101, magic=51647890, format=21, internal_format=15, byte_stride=240, flags=4, usage=0x2903, size=88320, width=240, height=240, internalWidth=240, internalHeight=240, stride=240, base=0x71d9f3e000, writeOwner=0, attr_base=0xffffffffffffffff, yuv_info=1, fd=-1, buf_idx=0, offset=0, min_pgsz=4096, phyaddr=0
03-25 00:04:12.890  2995  8030 I gralloc : gralloc_register_buffer hnd=0xf058cc00, share_fd=27, share_attr_fd=28, magic=51647890, format=21, internal_format=15, byte_stride=240, flags=4, usage=0x2903, size=88320, width=240, height=240, internalWidth=240, internalHeight=240, stride=240, base=0xf40da000, writeOwner=0, attr_base=0xffffffff, yuv_info=1, fd=-1, buf_idx=0, offset=0, min_pgsz=4096, phyaddr=0
03-25 00:04:12.891  3000  3086 D vndksupport: Loading /vendor/lib/hw/gralloc.sp9832e.so from current namespace instead of sphal namespace.
03-25 00:04:12.891  3000  3086 I gralloc : gralloc_register_buffer hnd=0xeedde9c0, share_fd=30, share_attr_fd=31, magic=51647890, format=21, internal_format=15, byte_stride=240, flags=4, usage=0x2903, size=88320, width=240, height=240, internalWidth=240, internalHeight=240, stride=240, base=0xf02e0000, writeOwner=0, attr_base=0xffffffff, yuv_info=1, fd=-1, buf_idx=0, offset=0, min_pgsz=4096, phyaddr=0
03-25 00:04:12.892  3000  3086 I SPRDAVCDecoder: getExtensionIndex, name: OMX.google.android.index.useAndroidNativeBuffer2
03-25 00:04:12.892  3000  3086 I SPRDAVCDecoder: getExtensionIndex:OMX.google.android.index.useAndroidNativeBuffer2
03-25 00:04:12.892  3000  3086 I SPRDAVCDecoder: internalUseBuffer, portIndex= 1, header=0xeedac780, pBuffer=0xeedde9c0, size=86400
03-25 00:04:12.892  2957  3110 W GrallocMapperPassthrough: buffer descriptor with invalid usage bits 0x2000
03-25 00:04:12.892  2925  2925 I gralloc : mali_gralloc_select_format, AFBC is disabled now
03-25 00:04:12.892  2925  2925 I gralloc : mali_gralloc_select_format: req_format=0x00000015 req_fmt_mapped=0x0 internal_format=0x15 usage=0x2903
03-25 00:04:12.893  2925  2925 I gralloc : gralloc=>alloc, share_fd=8, share_attr_fd=13, magic=51647890, format=21, internal_format=15, byte_stride=240, flags=4, usage=0x10499, size=88320, width=240, height=240, internalWidth=240, internalHeight=240, stride=240, ADP_VSTRIDE=0,base=0x7f408f8000, writeOwner=0, attr_base=0xffffffffffffffff, yuv_info=1, fd=-1, buf_idx=0, offset=0, min_pgsz=4096, phyaddr=0
03-25 00:04:12.893  2925  2925 I gralloc : gralloc=>free hnd=0x7f3fc33900, share_fd=8, share_attr_fd=13, magic=51647890, format=21, internal_format=15, byte_stride=240, flags=4, usage=10499, size=88320, width=240, height=240, internalWidth=240, internalHeight=240, stride=240, base=0x7f408f8000, writeOwner=0, attr_base=0xffffffffffffffff, yuv_info=1, fd=-1, buf_idx=0, offset=0, min_pgsz=4096, phyaddr=0
03-25 00:04:12.893  2957  3110 I gralloc : gralloc_register_buffer hnd=0x71d83cbd80, share_fd=102, share_attr_fd=103, magic=51647890, format=21, internal_format=15, byte_stride=240, flags=4, usage=0x2903, size=88320, width=240, height=240, internalWidth=240, internalHeight=240, stride=240, base=0x71d9f23000, writeOwner=0, attr_base=0xffffffffffffffff, yuv_info=1, fd=-1, buf_idx=0, offset=0, min_pgsz=4096, phyaddr=0
03-25 00:04:12.894  2995  8030 I gralloc : gralloc_register_buffer hnd=0xf058ccc0, share_fd=29, share_attr_fd=30, magic=51647890, format=21, internal_format=15, byte_stride=240, flags=4, usage=0x2903, size=88320, width=240, height=240, internalWidth=240, internalHeight=240, stride=240, base=0xf40c4000, writeOwner=0, attr_base=0xffffffff, yuv_info=1, fd=-1, buf_idx=0, offset=0, min_pgsz=4096, phyaddr=0
03-25 00:04:12.895  3000  3086 D vndksupport: Loading /vendor/lib/hw/gralloc.sp9832e.so from current namespace instead of sphal namespace.
03-25 00:04:12.895  3000  3086 I gralloc : gralloc_register_buffer hnd=0xeeddea80, share_fd=32, share_attr_fd=33, magic=51647890, format=21, internal_format=15, byte_stride=240, flags=4, usage=0x2903, size=88320, width=240, height=240, internalWidth=240, internalHeight=240, stride=240, base=0xf02aa000, writeOwner=0, attr_base=0xffffffff, yuv_info=1, fd=-1, buf_idx=0, offset=0, min_pgsz=4096, phyaddr=0
03-25 00:04:12.896  3000  3086 I SPRDAVCDecoder: getExtensionIndex, name: OMX.google.android.index.useAndroidNativeBuffer2
03-25 00:04:12.896  3000  3086 I SPRDAVCDecoder: getExtensionIndex:OMX.google.android.index.useAndroidNativeBuffer2
03-25 00:04:12.896  3000  3086 I SPRDAVCDecoder: internalUseBuffer, portIndex= 1, header=0xeedac690, pBuffer=0xeeddea80, size=86400
03-25 00:04:12.896  2957  3110 W GrallocMapperPassthrough: buffer descriptor with invalid usage bits 0x2000
03-25 00:04:12.896  2925  2925 I gralloc : mali_gralloc_select_format, AFBC is disabled now
03-25 00:04:12.896  2925  2925 I gralloc : mali_gralloc_select_format: req_format=0x00000015 req_fmt_mapped=0x0 internal_format=0x15 usage=0x2903
03-25 00:04:12.896  2925  2925 I gralloc : gralloc=>alloc, share_fd=8, share_attr_fd=13, magic=51647890, format=21, internal_format=15, byte_stride=240, flags=4, usage=0x10499, size=88320, width=240, height=240, internalWidth=240, internalHeight=240, stride=240, ADP_VSTRIDE=0,base=0x7f408f8000, writeOwner=0, attr_base=0xffffffffffffffff, yuv_info=1, fd=-1, buf_idx=0, offset=0, min_pgsz=4096, phyaddr=0
03-25 00:04:12.897  2925  2925 I gralloc : gralloc=>free hnd=0x7f3fc33900, share_fd=8, share_attr_fd=13, magic=51647890, format=21, internal_format=15, byte_stride=240, flags=4, usage=10499, size=88320, width=240, height=240, internalWidth=240, internalHeight=240, stride=240, base=0x7f408f8000, writeOwner=0, attr_base=0xffffffffffffffff, yuv_info=1, fd=-1, buf_idx=0, offset=0, min_pgsz=4096, phyaddr=0
03-25 00:04:12.897  2957  3110 I gralloc : gralloc_register_buffer hnd=0x71d7a23000, share_fd=104, share_attr_fd=105, magic=51647890, format=21, internal_format=15, byte_stride=240, flags=4, usage=0x2903, size=88320, width=240, height=240, internalWidth=240, internalHeight=240, stride=240, base=0x71d9f0d000, writeOwner=0, attr_base=0xffffffffffffffff, yuv_info=1, fd=-1, buf_idx=0, offset=0, min_pgsz=4096, phyaddr=0
03-25 00:04:12.898  2995  8030 I gralloc : gralloc_register_buffer hnd=0xf058cd80, share_fd=31, share_attr_fd=32, magic=51647890, format=21, internal_format=15, byte_stride=240, flags=4, usage=0x2903, size=88320, width=240, height=240, internalWidth=240, internalHeight=240, stride=240, base=0xf4096000, writeOwner=0, attr_base=0xffffffff, yuv_info=1, fd=-1, buf_idx=0, offset=0, min_pgsz=4096, phyaddr=0
03-25 00:04:12.899  3000  3086 D vndksupport: Loading /vendor/lib/hw/gralloc.sp9832e.so from current namespace instead of sphal namespace.
03-25 00:04:12.899  3000  3086 I gralloc : gralloc_register_buffer hnd=0xeeddeb40, share_fd=34, share_attr_fd=35, magic=51647890, format=21, internal_format=15, byte_stride=240, flags=4, usage=0x2903, size=88320, width=240, height=240, internalWidth=240, internalHeight=240, stride=240, base=0xf0294000, writeOwner=0, attr_base=0xffffffff, yuv_info=1, fd=-1, buf_idx=0, offset=0, min_pgsz=4096, phyaddr=0
03-25 00:04:12.899  3000  3086 I SPRDAVCDecoder: getExtensionIndex, name: OMX.google.android.index.useAndroidNativeBuffer2
03-25 00:04:12.899  3000  3086 I SPRDAVCDecoder: getExtensionIndex:OMX.google.android.index.useAndroidNativeBuffer2
03-25 00:04:12.900  3000  3086 I SPRDAVCDecoder: internalUseBuffer, portIndex= 1, header=0xeedace60, pBuffer=0xeeddeb40, size=86400
03-25 00:04:12.900  2916  3157 W StreamHAL: Error from HAL stream in function get_presentation_position: Operation not permitted
03-25 00:04:12.900  2957  3110 W GrallocMapperPassthrough: buffer descriptor with invalid usage bits 0x2000
03-25 00:04:12.900  2925  2925 I gralloc : mali_gralloc_select_format, AFBC is disabled now
03-25 00:04:12.900  2925  2925 I gralloc : mali_gralloc_select_format: req_format=0x00000015 req_fmt_mapped=0x0 internal_format=0x15 usage=0x2903
03-25 00:04:12.900  2925  2925 I gralloc : gralloc=>alloc, share_fd=8, share_attr_fd=13, magic=51647890, format=21, internal_format=15, byte_stride=240, flags=4, usage=0x10499, size=88320, width=240, height=240, internalWidth=240, internalHeight=240, stride=240, ADP_VSTRIDE=0,base=0x7f408f8000, writeOwner=0, attr_base=0xffffffffffffffff, yuv_info=1, fd=-1, buf_idx=0, offset=0, min_pgsz=4096, phyaddr=0
03-25 00:04:12.901  2925  2925 I gralloc : gralloc=>free hnd=0x7f3fc33900, share_fd=8, share_attr_fd=13, magic=51647890, format=21, internal_format=15, byte_stride=240, flags=4, usage=10499, size=88320, width=240, height=240, internalWidth=240, internalHeight=240, stride=240, base=0x7f408f8000, writeOwner=0, attr_base=0xffffffffffffffff, yuv_info=1, fd=-1, buf_idx=0, offset=0, min_pgsz=4096, phyaddr=0
03-25 00:04:12.901  2957  3110 I gralloc : gralloc_register_buffer hnd=0x71d7a23780, share_fd=106, share_attr_fd=107, magic=51647890, format=21, internal_format=15, byte_stride=240, flags=4, usage=0x2903, size=88320, width=240, height=240, internalWidth=240, internalHeight=240, stride=240, base=0x71d9ef0000, writeOwner=0, attr_base=0xffffffffffffffff, yuv_info=1, fd=-1, buf_idx=0, offset=0, min_pgsz=4096, phyaddr=0
03-25 00:04:12.902  2995  8030 I gralloc : gralloc_register_buffer hnd=0xf058ce40, share_fd=33, share_attr_fd=34, magic=51647890, format=21, internal_format=15, byte_stride=240, flags=4, usage=0x2903, size=88320, width=240, height=240, internalWidth=240, internalHeight=240, stride=240, base=0xf4080000, writeOwner=0, attr_base=0xffffffff, yuv_info=1, fd=-1, buf_idx=0, offset=0, min_pgsz=4096, phyaddr=0
03-25 00:04:12.903  3000  3086 D vndksupport: Loading /vendor/lib/hw/gralloc.sp9832e.so from current namespace instead of sphal namespace.
03-25 00:04:12.903  3000  3086 I gralloc : gralloc_register_buffer hnd=0xeeddf200, share_fd=36, share_attr_fd=37, magic=51647890, format=21, internal_format=15, byte_stride=240, flags=4, usage=0x2903, size=88320, width=240, height=240, internalWidth=240, internalHeight=240, stride=240, base=0xf027e000, writeOwner=0, attr_base=0xffffffff, yuv_info=1, fd=-1, buf_idx=0, offset=0, min_pgsz=4096, phyaddr=0
03-25 00:04:12.903  3000  3086 I SPRDAVCDecoder: getExtensionIndex, name: OMX.google.android.index.useAndroidNativeBuffer2
03-25 00:04:12.903  3000  3086 I SPRDAVCDecoder: getExtensionIndex:OMX.google.android.index.useAndroidNativeBuffer2
03-25 00:04:12.904  3000  3086 I SPRDAVCDecoder: internalUseBuffer, portIndex= 1, header=0xeedacfa0, pBuffer=0xeeddf200, size=86400
03-25 00:04:12.904  2957  3110 W GrallocMapperPassthrough: buffer descriptor with invalid usage bits 0x2000
03-25 00:04:12.904  2925  2925 I gralloc : mali_gralloc_select_format, AFBC is disabled now
03-25 00:04:12.904  2925  2925 I gralloc : mali_gralloc_select_format: req_format=0x00000015 req_fmt_mapped=0x0 internal_format=0x15 usage=0x2903
03-25 00:04:12.905  2925  2925 I gralloc : gralloc=>alloc, share_fd=8, share_attr_fd=13, magic=51647890, format=21, internal_format=15, byte_stride=240, flags=4, usage=0x10499, size=88320, width=240, height=240, internalWidth=240, internalHeight=240, stride=240, ADP_VSTRIDE=0,base=0x7f408f8000, writeOwner=0, attr_base=0xffffffffffffffff, yuv_info=1, fd=-1, buf_idx=0, offset=0, min_pgsz=4096, phyaddr=0
03-25 00:04:12.905  2925  2925 I gralloc : gralloc=>free hnd=0x7f3fc33900, share_fd=8, share_attr_fd=13, magic=51647890, format=21, internal_format=15, byte_stride=240, flags=4, usage=10499, size=88320, width=240, height=240, internalWidth=240, internalHeight=240, stride=240, base=0x7f408f8000, writeOwner=0, attr_base=0xffffffffffffffff, yuv_info=1, fd=-1, buf_idx=0, offset=0, min_pgsz=4096, phyaddr=0
03-25 00:04:12.905  2957  3110 I gralloc : gralloc_register_buffer hnd=0x71d7a23fc0, share_fd=108, share_attr_fd=109, magic=51647890, format=21, internal_format=15, byte_stride=240, flags=4, usage=0x2903, size=88320, width=240, height=240, internalWidth=240, internalHeight=240, stride=240, base=0x71d9eda000, writeOwner=0, attr_base=0xffffffffffffffff, yuv_info=1, fd=-1, buf_idx=0, offset=0, min_pgsz=4096, phyaddr=0
03-25 00:04:12.907  2995  8030 I gralloc : gralloc_register_buffer hnd=0xf058cf00, share_fd=35, share_attr_fd=36, magic=51647890, format=21, internal_format=15, byte_stride=240, flags=4, usage=0x2903, size=88320, width=240, height=240, internalWidth=240, internalHeight=240, stride=240, base=0xf405b000, writeOwner=0, attr_base=0xffffffff, yuv_info=1, fd=-1, buf_idx=0, offset=0, min_pgsz=4096, phyaddr=0
03-25 00:04:12.907  3000  3086 D vndksupport: Loading /vendor/lib/hw/gralloc.sp9832e.so from current namespace instead of sphal namespace.
03-25 00:04:12.908  3000  3086 I gralloc : gralloc_register_buffer hnd=0xeeddf2c0, share_fd=38, share_attr_fd=39, magic=51647890, format=21, internal_format=15, byte_stride=240, flags=4, usage=0x2903, size=88320, width=240, height=240, internalWidth=240, internalHeight=240, stride=240, base=0xf0253000, writeOwner=0, attr_base=0xffffffff, yuv_info=1, fd=-1, buf_idx=0, offset=0, min_pgsz=4096, phyaddr=0
03-25 00:04:12.908  3000  3086 I SPRDAVCDecoder: getExtensionIndex, name: OMX.google.android.index.useAndroidNativeBuffer2
03-25 00:04:12.908  3000  3086 I SPRDAVCDecoder: getExtensionIndex:OMX.google.android.index.useAndroidNativeBuffer2
03-25 00:04:12.908  3000  3086 I SPRDAVCDecoder: internalUseBuffer, portIndex= 1, header=0xeedacff0, pBuffer=0xeeddf2c0, size=86400
03-25 00:04:12.908  2957  3110 W GrallocMapperPassthrough: buffer descriptor with invalid usage bits 0x2000
03-25 00:04:12.909  2925  2925 I gralloc : mali_gralloc_select_format, AFBC is disabled now
03-25 00:04:12.909  2925  2925 I gralloc : mali_gralloc_select_format: req_format=0x00000015 req_fmt_mapped=0x0 internal_format=0x15 usage=0x2903
03-25 00:04:12.909  2930  3432 D sensor  : activate handle=0; drv=0
03-25 00:04:12.909  2930  3432 D sensor  : AccSensor::mEnabled=0x0,err=0x0
03-25 00:04:12.909  2925  2925 I gralloc : gralloc=>alloc, share_fd=8, share_attr_fd=13, magic=51647890, format=21, internal_format=15, byte_stride=240, flags=4, usage=0x10499, size=88320, width=240, height=240, internalWidth=240, internalHeight=240, stride=240, ADP_VSTRIDE=0,base=0x7f408f8000, writeOwner=0, attr_base=0xffffffffffffffff, yuv_info=1, fd=-1, buf_idx=0, offset=0, min_pgsz=4096, phyaddr=0
03-25 00:04:12.909  2930  3432 D sensor  : AccSensor: set EVIOCSCLOCKID = 7
03-25 00:04:12.909  2930  3432 D sensor  : AccSensor: mEnabled = 0
03-25 00:04:12.909  2925  2925 I gralloc : gralloc=>free hnd=0x7f3fc33900, share_fd=8, share_attr_fd=13, magic=51647890, format=21, internal_format=15, byte_stride=240, flags=4, usage=10499, size=88320, width=240, height=240, internalWidth=240, internalHeight=240, stride=240, base=0x7f408f8000, writeOwner=0, attr_base=0xffffffffffffffff, yuv_info=1, fd=-1, buf_idx=0, offset=0, min_pgsz=4096, phyaddr=0
03-25 00:04:12.910  2957  3110 I gralloc : gralloc_register_buffer hnd=0x71d7a23540, share_fd=110, share_attr_fd=111, magic=51647890, format=21, internal_format=15, byte_stride=240, flags=4, usage=0x2903, size=88320, width=240, height=240, internalWidth=240, internalHeight=240, stride=240, base=0x71d9ec4000, writeOwner=0, attr_base=0xffffffffffffffff, yuv_info=1, fd=-1, buf_idx=0, offset=0, min_pgsz=4096, phyaddr=0
03-25 00:04:12.910  2916  3157 W StreamHAL: Error from HAL stream in function get_presentation_position: Operation not permitted
03-25 00:04:12.911  2995  8030 I gralloc : gralloc_register_buffer hnd=0xf058cfc0, share_fd=37, share_attr_fd=38, magic=51647890, format=21, internal_format=15, byte_stride=240, flags=4, usage=0x2903, size=88320, width=240, height=240, internalWidth=240, internalHeight=240, stride=240, base=0xf4032000, writeOwner=0, attr_base=0xffffffff, yuv_info=1, fd=-1, buf_idx=0, offset=0, min_pgsz=4096, phyaddr=0
03-25 00:04:12.911  3000  3086 D vndksupport: Loading /vendor/lib/hw/gralloc.sp9832e.so from current namespace instead of sphal namespace.
03-25 00:04:12.912  3000  3086 I gralloc : gralloc_register_buffer hnd=0xeeddf380, share_fd=40, share_attr_fd=41, magic=51647890, format=21, internal_format=15, byte_stride=240, flags=4, usage=0x2903, size=88320, width=240, height=240, internalWidth=240, internalHeight=240, stride=240, base=0xf0230000, writeOwner=0, attr_base=0xffffffff, yuv_info=1, fd=-1, buf_idx=0, offset=0, min_pgsz=4096, phyaddr=0
03-25 00:04:12.912  3000  3086 I SPRDAVCDecoder: getExtensionIndex, name: OMX.google.android.index.useAndroidNativeBuffer2
03-25 00:04:12.912  3000  3086 I SPRDAVCDecoder: getExtensionIndex:OMX.google.android.index.useAndroidNativeBuffer2
03-25 00:04:12.912  3000  3086 I SPRDAVCDecoder: internalUseBuffer, portIndex= 1, header=0xeedad040, pBuffer=0xeeddf380, size=86400
03-25 00:04:12.913  2957  3812 W GrallocMapperPassthrough: buffer descriptor with invalid usage bits 0x2000
03-25 00:04:12.913  2925  2925 I gralloc : mali_gralloc_select_format, AFBC is disabled now
03-25 00:04:12.913  2925  2925 I gralloc : mali_gralloc_select_format: req_format=0x00000015 req_fmt_mapped=0x0 internal_format=0x15 usage=0x2903
03-25 00:04:12.913  2925  2925 I gralloc : gralloc=>alloc, share_fd=8, share_attr_fd=13, magic=51647890, format=21, internal_format=15, byte_stride=240, flags=4, usage=0x10499, size=88320, width=240, height=240, internalWidth=240, internalHeight=240, stride=240, ADP_VSTRIDE=0,base=0x7f408f8000, writeOwner=0, attr_base=0xffffffffffffffff, yuv_info=1, fd=-1, buf_idx=0, offset=0, min_pgsz=4096, phyaddr=0
03-25 00:04:12.913  2925  2925 I gralloc : gralloc=>free hnd=0x7f3fc33900, share_fd=8, share_attr_fd=13, magic=51647890, format=21, internal_format=15, byte_stride=240, flags=4, usage=10499, size=88320, width=240, height=240, internalWidth=240, internalHeight=240, stride=240, base=0x7f408f8000, writeOwner=0, attr_base=0xffffffffffffffff, yuv_info=1, fd=-1, buf_idx=0, offset=0, min_pgsz=4096, phyaddr=0
03-25 00:04:12.914  2957  3812 I gralloc : gralloc_register_buffer hnd=0x71d412f840, share_fd=112, share_attr_fd=113, magic=51647890, format=21, internal_format=15, byte_stride=240, flags=4, usage=0x2903, size=88320, width=240, height=240, internalWidth=240, internalHeight=240, stride=240, base=0x71d9e8c000, writeOwner=0, attr_base=0xffffffffffffffff, yuv_info=1, fd=-1, buf_idx=0, offset=0, min_pgsz=4096, phyaddr=0
03-25 00:04:12.915  2995  8030 I gralloc : gralloc_register_buffer hnd=0xf058d080, share_fd=39, share_attr_fd=40, magic=51647890, format=21, internal_format=15, byte_stride=240, flags=4, usage=0x2903, size=88320, width=240, height=240, internalWidth=240, internalHeight=240, stride=240, base=0xf401c000, writeOwner=0, attr_base=0xffffffff, yuv_info=1, fd=-1, buf_idx=0, offset=0, min_pgsz=4096, phyaddr=0
03-25 00:04:12.916  3000  3086 D vndksupport: Loading /vendor/lib/hw/gralloc.sp9832e.so from current namespace instead of sphal namespace.
03-25 00:04:12.916  3000  3086 I gralloc : gralloc_register_buffer hnd=0xeeddf440, share_fd=42, share_attr_fd=43, magic=51647890, format=21, internal_format=15, byte_stride=240, flags=4, usage=0x2903, size=88320, width=240, height=240, internalWidth=240, internalHeight=240, stride=240, base=0xf0206000, writeOwner=0, attr_base=0xffffffff, yuv_info=1, fd=-1, buf_idx=0, offset=0, min_pgsz=4096, phyaddr=0
03-25 00:04:12.916  3000  3086 I SPRDAVCDecoder: getExtensionIndex, name: OMX.google.android.index.useAndroidNativeBuffer2
03-25 00:04:12.916  3000  3086 I SPRDAVCDecoder: getExtensionIndex:OMX.google.android.index.useAndroidNativeBuffer2
03-25 00:04:12.917  3000  3086 I SPRDAVCDecoder: internalUseBuffer, portIndex= 1, header=0xeedad090, pBuffer=0xeeddf440, size=86400
03-25 00:04:12.917  2957  3812 W GrallocMapperPassthrough: buffer descriptor with invalid usage bits 0x2000
03-25 00:04:12.917  2925  2925 I gralloc : mali_gralloc_select_format, AFBC is disabled now
03-25 00:04:12.917  2925  2925 I gralloc : mali_gralloc_select_format: req_format=0x00000015 req_fmt_mapped=0x0 internal_format=0x15 usage=0x2903
03-25 00:04:12.917  2925  2925 I gralloc : gralloc=>alloc, share_fd=8, share_attr_fd=13, magic=51647890, format=21, internal_format=15, byte_stride=240, flags=4, usage=0x10499, size=88320, width=240, height=240, internalWidth=240, internalHeight=240, stride=240, ADP_VSTRIDE=0,base=0x7f408f8000, writeOwner=0, attr_base=0xffffffffffffffff, yuv_info=1, fd=-1, buf_idx=0, offset=0, min_pgsz=4096, phyaddr=0
03-25 00:04:12.917  2925  2925 I gralloc : gralloc=>free hnd=0x7f3fc33900, share_fd=8, share_attr_fd=13, magic=51647890, format=21, internal_format=15, byte_stride=240, flags=4, usage=10499, size=88320, width=240, height=240, internalWidth=240, internalHeight=240, stride=240, base=0x7f408f8000, writeOwner=0, attr_base=0xffffffffffffffff, yuv_info=1, fd=-1, buf_idx=0, offset=0, min_pgsz=4096, phyaddr=0
03-25 00:04:12.918  2957  3812 I gralloc : gralloc_register_buffer hnd=0x71d412f900, share_fd=114, share_attr_fd=115, magic=51647890, format=21, internal_format=15, byte_stride=240, flags=4, usage=0x2903, size=88320, width=240, height=240, internalWidth=240, internalHeight=240, stride=240, base=0x71d9db4000, writeOwner=0, attr_base=0xffffffffffffffff, yuv_info=1, fd=-1, buf_idx=0, offset=0, min_pgsz=4096, phyaddr=0
03-25 00:04:12.919  2995  8030 I gralloc : gralloc_register_buffer hnd=0xf058d140, share_fd=41, share_attr_fd=42, magic=51647890, format=21, internal_format=15, byte_stride=240, flags=4, usage=0x2903, size=88320, width=240, height=240, internalWidth=240, internalHeight=240, stride=240, base=0xf3ff0000, writeOwner=0, attr_base=0xffffffff, yuv_info=1, fd=-1, buf_idx=0, offset=0, min_pgsz=4096, phyaddr=0
03-25 00:04:12.919  3000  3086 D vndksupport: Loading /vendor/lib/hw/gralloc.sp9832e.so from current namespace instead of sphal namespace.
03-25 00:04:12.920  3000  3086 I gralloc : gralloc_register_buffer hnd=0xeeddf500, share_fd=44, share_attr_fd=45, magic=51647890, format=21, internal_format=15, byte_stride=240, flags=4, usage=0x2903, size=88320, width=240, height=240, internalWidth=240, internalHeight=240, stride=240, base=0xf01f0000, writeOwner=0, attr_base=0xffffffff, yuv_info=1, fd=-1, buf_idx=0, offset=0, min_pgsz=4096, phyaddr=0
03-25 00:04:12.920  3000  3086 I SPRDAVCDecoder: getExtensionIndex, name: OMX.google.android.index.useAndroidNativeBuffer2
03-25 00:04:12.920  3000  3086 I SPRDAVCDecoder: getExtensionIndex:OMX.google.android.index.useAndroidNativeBuffer2
03-25 00:04:12.920  3000  3086 I SPRDAVCDecoder: internalUseBuffer, portIndex= 1, header=0xeedad0e0, pBuffer=0xeeddf500, size=86400
03-25 00:04:12.920  2957  3812 W GrallocMapperPassthrough: buffer descriptor with invalid usage bits 0x2000
03-25 00:04:12.921  2925  2925 I gralloc : mali_gralloc_select_format, AFBC is disabled now
03-25 00:04:12.921  2925  2925 I gralloc : mali_gralloc_select_format: req_format=0x00000015 req_fmt_mapped=0x0 internal_format=0x15 usage=0x2903
03-25 00:04:12.921  2925  2925 I gralloc : gralloc=>alloc, share_fd=8, share_attr_fd=13, magic=51647890, format=21, internal_format=15, byte_stride=240, flags=4, usage=0x10499, size=88320, width=240, height=240, internalWidth=240, internalHeight=240, stride=240, ADP_VSTRIDE=0,base=0x7f408f8000, writeOwner=0, attr_base=0xffffffffffffffff, yuv_info=1, fd=-1, buf_idx=0, offset=0, min_pgsz=4096, phyaddr=0
03-25 00:04:12.922  2925  2925 I gralloc : gralloc=>free hnd=0x7f3fc33900, share_fd=8, share_attr_fd=13, magic=51647890, format=21, internal_format=15, byte_stride=240, flags=4, usage=10499, size=88320, width=240, height=240, internalWidth=240, internalHeight=240, stride=240, base=0x7f408f8000, writeOwner=0, attr_base=0xffffffffffffffff, yuv_info=1, fd=-1, buf_idx=0, offset=0, min_pgsz=4096, phyaddr=0
03-25 00:04:12.922  2957  3812 I gralloc : gralloc_register_buffer hnd=0x71d412f9c0, share_fd=116, share_attr_fd=117, magic=51647890, format=21, internal_format=15, byte_stride=240, flags=4, usage=0x2903, size=88320, width=240, height=240, internalWidth=240, internalHeight=240, stride=240, base=0x71d9cfb000, writeOwner=0, attr_base=0xffffffffffffffff, yuv_info=1, fd=-1, buf_idx=0, offset=0, min_pgsz=4096, phyaddr=0
03-25 00:04:12.922  2916  3157 W StreamHAL: Error from HAL stream in function get_presentation_position: Operation not permitted
03-25 00:04:12.923  2995  8030 I gralloc : gralloc_register_buffer hnd=0xf058d200, share_fd=43, share_attr_fd=44, magic=51647890, format=21, internal_format=15, byte_stride=240, flags=4, usage=0x2903, size=88320, width=240, height=240, internalWidth=240, internalHeight=240, stride=240, base=0xf3fda000, writeOwner=0, attr_base=0xffffffff, yuv_info=1, fd=-1, buf_idx=0, offset=0, min_pgsz=4096, phyaddr=0
03-25 00:04:12.923  3000  3086 D vndksupport: Loading /vendor/lib/hw/gralloc.sp9832e.so from current namespace instead of sphal namespace.
03-25 00:04:12.924  3000  3086 I gralloc : gralloc_register_buffer hnd=0xeeddf5c0, share_fd=46, share_attr_fd=47, magic=51647890, format=21, internal_format=15, byte_stride=240, flags=4, usage=0x2903, size=88320, width=240, height=240, internalWidth=240, internalHeight=240, stride=240, base=0xf01da000, writeOwner=0, attr_base=0xffffffff, yuv_info=1, fd=-1, buf_idx=0, offset=0, min_pgsz=4096, phyaddr=0
03-25 00:04:12.924  3000  3086 I SPRDAVCDecoder: getExtensionIndex, name: OMX.google.android.index.useAndroidNativeBuffer2
03-25 00:04:12.924  3000  3086 I SPRDAVCDecoder: getExtensionIndex:OMX.google.android.index.useAndroidNativeBuffer2
03-25 00:04:12.924  3000  3086 I SPRDAVCDecoder: internalUseBuffer, portIndex= 1, header=0xeedad130, pBuffer=0xeeddf5c0, size=86400
03-25 00:04:12.925  2957  3812 W GrallocMapperPassthrough: buffer descriptor with invalid usage bits 0x2000
03-25 00:04:12.925  2925  2925 I gralloc : mali_gralloc_select_format, AFBC is disabled now
03-25 00:04:12.925  2925  2925 I gralloc : mali_gralloc_select_format: req_format=0x00000015 req_fmt_mapped=0x0 internal_format=0x15 usage=0x2903
03-25 00:04:12.925  2925  2925 I gralloc : gralloc=>alloc, share_fd=8, share_attr_fd=13, magic=51647890, format=21, internal_format=15, byte_stride=240, flags=4, usage=0x10499, size=88320, width=240, height=240, internalWidth=240, internalHeight=240, stride=240, ADP_VSTRIDE=0,base=0x7f408f8000, writeOwner=0, attr_base=0xffffffffffffffff, yuv_info=1, fd=-1, buf_idx=0, offset=0, min_pgsz=4096, phyaddr=0
03-25 00:04:12.925  2925  2925 I gralloc : gralloc=>free hnd=0x7f3fc33900, share_fd=8, share_attr_fd=13, magic=51647890, format=21, internal_format=15, byte_stride=240, flags=4, usage=10499, size=88320, width=240, height=240, internalWidth=240, internalHeight=240, stride=240, base=0x7f408f8000, writeOwner=0, attr_base=0xffffffffffffffff, yuv_info=1, fd=-1, buf_idx=0, offset=0, min_pgsz=4096, phyaddr=0
03-25 00:04:12.926  2957  3812 I gralloc : gralloc_register_buffer hnd=0x71d412fa80, share_fd=118, share_attr_fd=119, magic=51647890, format=21, internal_format=15, byte_stride=240, flags=4, usage=0x2903, size=88320, width=240, height=240, internalWidth=240, internalHeight=240, stride=240, base=0x71d9cba000, writeOwner=0, attr_base=0xffffffffffffffff, yuv_info=1, fd=-1, buf_idx=0, offset=0, min_pgsz=4096, phyaddr=0
03-25 00:04:12.927  2995  8030 I gralloc : gralloc_register_buffer hnd=0xf058d2c0, share_fd=45, share_attr_fd=46, magic=51647890, format=21, internal_format=15, byte_stride=240, flags=4, usage=0x2903, size=88320, width=240, height=240, internalWidth=240, internalHeight=240, stride=240, base=0xf3fc0000, writeOwner=0, attr_base=0xffffffff, yuv_info=1, fd=-1, buf_idx=0, offset=0, min_pgsz=4096, phyaddr=0
03-25 00:04:12.927  3000  3086 D vndksupport: Loading /vendor/lib/hw/gralloc.sp9832e.so from current namespace instead of sphal namespace.
03-25 00:04:12.928  3000  3086 I gralloc : gralloc_register_buffer hnd=0xeeddf680, share_fd=48, share_attr_fd=49, magic=51647890, format=21, internal_format=15, byte_stride=240, flags=4, usage=0x2903, size=88320, width=240, height=240, internalWidth=240, internalHeight=240, stride=240, base=0xf01c4000, writeOwner=0, attr_base=0xffffffff, yuv_info=1, fd=-1, buf_idx=0, offset=0, min_pgsz=4096, phyaddr=0
03-25 00:04:12.928  3000  3086 I SPRDAVCDecoder: getExtensionIndex, name: OMX.google.android.index.useAndroidNativeBuffer2
03-25 00:04:12.928  3000  3086 I SPRDAVCDecoder: getExtensionIndex:OMX.google.android.index.useAndroidNativeBuffer2
03-25 00:04:12.928  3000  3086 I SPRDAVCDecoder: internalUseBuffer, portIndex= 1, header=0xeedad180, pBuffer=0xeeddf680, size=86400
03-25 00:04:12.929  3000  3086 I OMXNodeInstance: 0xeedc2bc0 sendCommand cmd = 0, param = 3
03-25 00:04:12.930  3000  8031 I SprdSimpleOMXComponent: fillThisBuffer, buffer: 0x0xeea8cd90, header: 0x0xeedacdc0, iRefCount: 0
03-25 00:04:12.930  3000  8031 I SprdSimpleOMXComponent: fillThisBuffer, buffer: 0x0xeea8cda8, header: 0x0xeedac7d0, iRefCount: 0
03-25 00:04:12.930  3000  8031 I SprdSimpleOMXComponent: fillThisBuffer, buffer: 0x0xeea8cdc0, header: 0x0xeedac780, iRefCount: 0
03-25 00:04:12.930  3000  8031 I SprdSimpleOMXComponent: fillThisBuffer, buffer: 0x0xeea8cdd8, header: 0x0xeedac690, iRefCount: 0
03-25 00:04:12.930  3000  8031 I SprdSimpleOMXComponent: fillThisBuffer, buffer: 0x0xeea8cdf0, header: 0x0xeedace60, iRefCount: 0
03-25 00:04:12.930  3000  8031 I SprdSimpleOMXComponent: fillThisBuffer, buffer: 0x0xeea8ce08, header: 0x0xeedacfa0, iRefCount: 0
03-25 00:04:12.931  3000  8031 I SprdSimpleOMXComponent: fillThisBuffer, buffer: 0x0xeea8ce20, header: 0x0xeedacff0, iRefCount: 0
03-25 00:04:12.931  3000  8031 I SprdSimpleOMXComponent: fillThisBuffer, buffer: 0x0xeea8ce38, header: 0x0xeedad040, iRefCount: 0
03-25 00:04:12.931  3000  3086 E OMXNodeInstance: setConfig(0xeeda2b40:sprd.h264.decoder, ConfigOperatingRate(0x6f800003)) ERROR: Undefined(0x80001001)
03-25 00:04:12.931  2995  8030 I ACodec  : codec does not support config operating rate (err -2147483648)
03-25 00:04:12.932  3000  8031 I SPRDAVCDecoder: findCodecConfigData, header:0xeedaceb0, nal_type:7, nal_ref_idc:3, mSPSDataSize:0, mPPSDataSize:0
03-25 00:04:12.932  3000  8031 I         : InterpretH264Header, 271, profile_idc = 77
03-25 00:04:12.932  3000  8031 I         : InterpretH264Header, 332, num_ref_frames = 1
03-25 00:04:12.932  3000  8031 I         : InterpretH264Header, 344, frame_mbs_only_flag = 1
03-25 00:04:12.932  3000  8031 I         : isInterlacedSequence, Interlaced: 0
03-25 00:04:12.932  3000  8031 I SPRDAVCDecoder: onQueueFilled, 1313, outHeader:0xeedacdc0, inHeader: 0xeedaceb0, len: 38, nOffset: 0, time: 0, EOS: 0
03-25 00:04:12.933  3000  8031 I SPRDAVCDecoder: onQueueFilled, 1486, decRet: -9, 0ms, dec_out.frameEffective: 0, needIVOP: 1, in {0xec7de000, 0x10000000}, consume byte: 38, flag:0x90, SPS:1, PPS:0, pts:4007659512
03-25 00:04:12.933  3000  8031 I SPRDAVCDecoder: now, we don't take care of the decoder return: -9
03-25 00:04:12.933  3000  8031 I SPRDAVCDecoder: findCodecConfigData, header:0xeedacb90, nal_type:8, nal_ref_idc:3, mSPSDataSize:38, mPPSDataSize:0
03-25 00:04:12.933  3000  8031 I SPRDAVCDecoder: onQueueFilled, 1313, outHeader:0xeedacdc0, inHeader: 0xeedacb90, len: 8, nOffset: 0, time: 0, EOS: 0
03-25 00:04:12.933  2916  3157 W StreamHAL: Error from HAL stream in function get_presentation_position: Operation not permitted
03-25 00:04:12.933  3000  8031 I SPRDAVCDecoder: onQueueFilled, 1486, decRet: -9, 0ms, dec_out.frameEffective: 0, needIVOP: 1, in {0xec7de000, 0x10000000}, consume byte: 8, flag:0x90, SPS:1, PPS:1, pts:4007659512
03-25 00:04:12.933  3000  8031 I SPRDAVCDecoder: now, we don't take care of the decoder return: -9
03-25 00:04:12.933  3000  8031 I SPRDAVCDecoder: onQueueFilled, 1313, outHeader:0xeedacdc0, inHeader: 0xeedacd20, len: 7906, nOffset: 0, time: 0, EOS: 0
03-25 00:04:12.933  3000  8031 I SPRDAVCDecoder: onQueueFilled, 1486, decRet: -9, 0ms, dec_out.frameEffective: 0, needIVOP: 1, in {0xec7de000, 0x10000000}, consume byte: 15, flag:0x10, SPS:1, PPS:1, pts:4007659512
03-25 00:04:12.933  3000  8031 I SPRDAVCDecoder: now, we don't take care of the decoder return: -9
03-25 00:04:12.933  3000  8031 I SPRDAVCDecoder: onQueueFilled, 1313, outHeader:0xeedacdc0, inHeader: 0xeedacd20, len: 7891, nOffset: 15, time: 0, EOS: 0
03-25 00:04:12.934  3000  8031 I SPRDAVCDecoder: onQueueFilled, 1486, decRet: -9, 0ms, dec_out.frameEffective: 0, needIVOP: 1, in {0xec7de000, 0x10000000}, consume byte: 12, flag:0x10, SPS:1, PPS:1, pts:4007659512
03-25 00:04:12.934  3000  8031 I SPRDAVCDecoder: now, we don't take care of the decoder return: -9
03-25 00:04:12.934  3000  8031 I SPRDAVCDecoder: onQueueFilled, 1313, outHeader:0xeedacdc0, inHeader: 0xeedacd20, len: 7879, nOffset: 27, time: 0, EOS: 0
03-25 00:04:12.934  3000  8031 I SPRDAVCDecoder: onQueueFilled, 1486, decRet: -9, 0ms, dec_out.frameEffective: 0, needIVOP: 1, in {0xec7de000, 0x10000000}, consume byte: 34, flag:0x10, SPS:1, PPS:1, pts:4007659512
03-25 00:04:12.934  3000  8031 I SPRDAVCDecoder: now, we don't take care of the decoder return: -9
03-25 00:04:12.934  3000  8031 I SPRDAVCDecoder: onQueueFilled, 1313, outHeader:0xeedacdc0, inHeader: 0xeedacd20, len: 7845, nOffset: 61, time: 0, EOS: 0
03-25 00:04:12.934  3000  8031 I SPRDAVCDecoder: VSP_malloc_cb, 1934, mDecoderSwFlag: 0, mPictureSize: 86400, size_extra: 276
03-25 00:04:12.934  3000  8031 I SPRDAVCDecoder: pmem 0x10308000 - 0xf044f000 - 4096
03-25 00:04:12.935  3000  8031 I VSP     : H264Dec_Process_slice,119,IDR found
03-25 00:04:12.935  3000  8031 I SPRDAVCDecoder: VSP_clear_dpb_cb, 2022
03-25 00:04:12.935  3000  8031 I SPRDAVCDecoder: VSP_malloc_mbinfo_cb, 2039, idx: 0, size_mbinfo: 19024
03-25 00:04:12.935  3000  8031 I SPRDAVCDecoder: pmem 0x10309000 - 0xf035c000 - 20480
03-25 00:04:12.936  3000  8031 I SPRDAVCDecoder: onQueueFilled, 1486, decRet: 0, 1ms, dec_out.frameEffective: 0, needIVOP: 1, in {0xec7de000, 0x10000000}, consume byte: 7845, flag:0x10, SPS:1, PPS:1, pts:0
03-25 00:04:12.936  3000  8031 I SPRDAVCDecoder: onQueueFilled, 1313, outHeader:0xeedac7d0, inHeader: 0xeedaccd0, len: 3370, nOffset: 0, time: 41666, EOS: 0
03-25 00:04:12.936  3000  8031 I SPRDAVCDecoder: VSP_malloc_mbinfo_cb, 2039, idx: 1, size_mbinfo: 19024
03-25 00:04:12.936  3000  8031 I SPRDAVCDecoder: pmem 0x1030e000 - 0xf0355000 - 20480
03-25 00:04:12.937  3000  8031 I SPRDAVCDecoder: onQueueFilled, 1486, decRet: 0, 1ms, dec_out.frameEffective: 1, needIVOP: 0, in {0xec7de000, 0x10000000}, consume byte: 3370, flag:0x10, SPS:1, PPS:1, pts:0
03-25 00:04:12.937  3000  8031 I SPRDAVCDecoder: drainOneOutputBuffer, 1724, outHeader: 0xeedacdc0, outHeader->pBuffer: 0xeedde540, outHeader->nOffset: 0, outHeader->nFlags: 16, outHeader->nTimeStamp: 0
03-25 00:04:12.937  3000  8031 I SPRDAVCDecoder: onQueueFilled, 1313, outHeader:0xeedac780, inHeader: 0xeedac5f0, len: 3247, nOffset: 0, time: 83333, EOS: 0
03-25 00:04:12.937  3000  8031 I SPRDAVCDecoder: VSP_malloc_mbinfo_cb, 2039, idx: 2, size_mbinfo: 19024
03-25 00:04:12.938  3000  8031 I SPRDAVCDecoder: pmem 0x10313000 - 0xf0350000 - 20480
03-25 00:04:12.938  3000  8031 I SPRDAVCDecoder: onQueueFilled, 1486, decRet: 0, 1ms, dec_out.frameEffective: 1, needIVOP: 0, in {0xec7de000, 0x10000000}, consume byte: 3247, flag:0x10, SPS:1, PPS:1, pts:41666
03-25 00:04:12.938  3000  8031 I SPRDAVCDecoder: drainOneOutputBuffer, 1724, outHeader: 0xeedac7d0, outHeader->pBuffer: 0xeedde900, outHeader->nOffset: 0, outHeader->nFlags: 16, outHeader->nTimeStamp: 41666
03-25 00:04:12.939  3000  8031 I SPRDAVCDecoder: onQueueFilled, 1313, outHeader:0xeedac690, inHeader: 0xeedac8c0, len: 3290, nOffset: 0, time: 125000, EOS: 0
03-25 00:04:12.939  3000  3083 I SPRDAVCDecoder: getConfig, mCropWidth:240, mCropHeight:240, mGettingPortFormat:1
03-25 00:04:12.939  3000  8031 I SPRDAVCDecoder: VSP_malloc_mbinfo_cb, 2039, idx: 3, size_mbinfo: 19024
03-25 00:04:12.940  2995  8022 D NuPlayerDriver: notifyListener_l(0xf1fa7230), (5, 240, 240, -1), loop setting(0, 1)
03-25 00:04:12.940  2995  8022 D NuPlayerDriver: notifyListener_l(0xf1fa7230), (200, 3, 0, -1), loop setting(0, 1)
03-25 00:04:12.940  2995  8022 D NuPlayerDriver: notifyListener_l(0xf1fa7230), (6, 0, 0, -1), loop setting(0, 1)
03-25 00:04:12.940  3529  8013 W MediaPlayerNative: info/warning (3, 0)
03-25 00:04:12.940  3000  8031 I SPRDAVCDecoder: pmem 0x10318000 - 0xf034b000 - 20480
03-25 00:04:12.941  3000  8031 I SPRDAVCDecoder: onQueueFilled, 1486, decRet: 0, 2ms, dec_out.frameEffective: 1, needIVOP: 0, in {0xec7de000, 0x10000000}, consume byte: 3290, flag:0x10, SPS:1, PPS:1, pts:83333
03-25 00:04:12.941  3000  8031 I SPRDAVCDecoder: drainOneOutputBuffer, 1724, outHeader: 0xeedac780, outHeader->pBuffer: 0xeedde9c0, outHeader->nOffset: 0, outHeader->nFlags: 16, outHeader->nTimeStamp: 83333
03-25 00:04:12.941  3000  8031 I SPRDAVCDecoder: onQueueFilled, 1313, outHeader:0xeedace60, inHeader: 0xeedac9b0, len: 3236, nOffset: 0, time: 166666, EOS: 0
03-25 00:04:12.942  3000  8031 I SPRDAVCDecoder: VSP_malloc_mbinfo_cb, 2039, idx: 4, size_mbinfo: 19024
03-25 00:04:12.942  3000  8031 I SPRDAVCDecoder: pmem 0x1031d000 - 0xf0326000 - 20480
03-25 00:04:12.943  3000  8031 I SPRDAVCDecoder: onQueueFilled, 1486, decRet: 0, 1ms, dec_out.frameEffective: 1, needIVOP: 0, in {0xec7de000, 0x10000000}, consume byte: 3236, flag:0x10, SPS:1, PPS:1, pts:125000
03-25 00:04:12.943  3000  8031 I SPRDAVCDecoder: drainOneOutputBuffer, 1724, outHeader: 0xeedac690, outHeader->pBuffer: 0xeeddea80, outHeader->nOffset: 0, outHeader->nFlags: 16, outHeader->nTimeStamp: 125000
03-25 00:04:12.943  3000  8031 I SPRDAVCDecoder: onQueueFilled, 1313, outHeader:0xeedacfa0, inHeader: 0xeedacb40, len: 3371, nOffset: 0, time: 208333, EOS: 0
03-25 00:04:12.943  3000  8031 I SPRDAVCDecoder: VSP_malloc_mbinfo_cb, 2039, idx: 5, size_mbinfo: 19024
03-25 00:04:12.944  2916  3157 W StreamHAL: Error from HAL stream in function get_presentation_position: Operation not permitted
03-25 00:04:12.944  3000  8031 I SPRDAVCDecoder: pmem 0x10322000 - 0xf02db000 - 20480
03-25 00:04:12.945  3000  8031 I SPRDAVCDecoder: onQueueFilled, 1486, decRet: 0, 1ms, dec_out.frameEffective: 1, needIVOP: 0, in {0xec7de000, 0x10000000}, consume byte: 3371, flag:0x10, SPS:1, PPS:1, pts:166666
03-25 00:04:12.945  3000  8031 I SPRDAVCDecoder: drainOneOutputBuffer, 1724, outHeader: 0xeedace60, outHeader->pBuffer: 0xeeddeb40, outHeader->nOffset: 0, outHeader->nFlags: 16, outHeader->nTimeStamp: 166666
03-25 00:04:12.945  3000  8031 I SPRDAVCDecoder: onQueueFilled, 1313, outHeader:0xeedacff0, inHeader: 0xeedaceb0, len: 3321, nOffset: 0, time: 250000, EOS: 0
03-25 00:04:12.945  3000  8031 I SPRDAVCDecoder: VSP_malloc_mbinfo_cb, 2039, idx: 6, size_mbinfo: 19024
03-25 00:04:12.946  3000  8031 I SPRDAVCDecoder: pmem 0x10327000 - 0xf02d6000 - 20480
03-25 00:04:12.946  3000  8031 I SPRDAVCDecoder: onQueueFilled, 1486, decRet: 0, 1ms, dec_out.frameEffective: 1, needIVOP: 0, in {0xec7de000, 0x10000000}, consume byte: 3321, flag:0x10, SPS:1, PPS:1, pts:208333
03-25 00:04:12.946  3000  8031 I SPRDAVCDecoder: drainOneOutputBuffer, 1724, outHeader: 0xeedacfa0, outHeader->pBuffer: 0xeeddf200, outHeader->nOffset: 0, outHeader->nFlags: 16, outHeader->nTimeStamp: 208333
03-25 00:04:12.946  3000  8031 I SPRDAVCDecoder: onQueueFilled, 1313, outHeader:0xeedad040, inHeader: 0xeedacb90, len: 2961, nOffset: 0, time: 291666, EOS: 0
03-25 00:04:12.947  3000  8031 I SPRDAVCDecoder: VSP_malloc_mbinfo_cb, 2039, idx: 7, size_mbinfo: 19024
03-25 00:04:12.947  3000  8031 I SPRDAVCDecoder: pmem 0x1032c000 - 0xf02cb000 - 20480
03-25 00:04:12.948  4067  4067 D ApplicationLock: Service mShowPwdDelayRunnable runningTopPackage = com.android.systemui
03-25 00:04:12.948  3000  8031 I SPRDAVCDecoder: onQueueFilled, 1486, decRet: 0, 1ms, dec_out.frameEffective: 1, needIVOP: 0, in {0xec7de000, 0x10000000}, consume byte: 2961, flag:0x10, SPS:1, PPS:1, pts:250000
03-25 00:04:12.948  3000  8031 I SPRDAVCDecoder: drainOneOutputBuffer, 1724, outHeader: 0xeedacff0, outHeader->pBuffer: 0xeeddf2c0, outHeader->nOffset: 0, outHeader->nFlags: 16, outHeader->nTimeStamp: 250000
03-25 00:04:12.948  4067  4067 D ApplicationLock: Utils isAppNeedLock context = com.sprd.applock.AppLockService@ba894ac --packageName: com.android.systemui size = 5
03-25 00:04:12.948  3000  8031 I SPRDAVCDecoder: onQueueFilled, get outQueue buffer, return, count=1, queue_size=1
03-25 00:04:12.948  4067  4067 D ApplicationLock: Utils isAppNeedLock needLockedPackage = null
03-25 00:04:12.948  3000  8031 I SPRDAVCDecoder: onQueueFilled, get outQueue buffer, return, count=1, queue_size=1
03-25 00:04:12.948  4067  4067 E ApplicationLock: Utils isAppAlreadyUnlocked map not contains this pkgName: com.android.systemui
03-25 00:04:12.948  3000  8031 I SprdSimpleOMXComponent: fillThisBuffer, buffer: 0x0xeea8ce50, header: 0x0xeedad090, iRefCount: 0
03-25 00:04:12.948  3000  8031 I SPRDAVCDecoder: onQueueFilled, 1313, outHeader:0xeedad090, inHeader: 0xeedacd20, len: 2918, nOffset: 0, time: 333333, EOS: 0
03-25 00:04:12.948  4067  4067 D ApplicationLock: Service isAppNeedLock pkg = com.android.systemui needLock = false alreadyUnlock = false
03-25 00:04:12.949  3000  8031 I SPRDAVCDecoder: VSP_malloc_mbinfo_cb, 2039, idx: 8, size_mbinfo: 19024
03-25 00:04:12.949  3000  8031 I SPRDAVCDecoder: pmem 0x10331000 - 0xf02c6000 - 20480
03-25 00:04:12.950  3000  8031 I SPRDAVCDecoder: onQueueFilled, 1486, decRet: 0, 1ms, dec_out.frameEffective: 1, needIVOP: 0, in {0xec7de000, 0x10000000}, consume byte: 2918, flag:0x10, SPS:1, PPS:1, pts:291666
03-25 00:04:12.950  3000  8031 I SPRDAVCDecoder: drainOneOutputBuffer, 1724, outHeader: 0xeedad040, outHeader->pBuffer: 0xeeddf380, outHeader->nOffset: 0, outHeader->nFlags: 16, outHeader->nTimeStamp: 291666
03-25 00:04:12.950  3000  8031 I SPRDAVCDecoder: onQueueFilled, get outQueue buffer, return, count=1, queue_size=1
03-25 00:04:12.950  3000  8031 I chatty  : uid=1046(mediacodec) rd.h264.decoder identical 3 lines
03-25 00:04:12.950  3000  8031 I SPRDAVCDecoder: onQueueFilled, get outQueue buffer, return, count=1, queue_size=1
03-25 00:04:12.950  3000  8031 I SprdSimpleOMXComponent: fillThisBuffer, buffer: 0x0xeea8ce68, header: 0x0xeedad0e0, iRefCount: 0
03-25 00:04:12.950  3000  8031 I SPRDAVCDecoder: onQueueFilled, 1313, outHeader:0xeedad0e0, inHeader: 0xeedaccd0, len: 2877, nOffset: 0, time: 375000, EOS: 0
03-25 00:04:12.951  3000  8031 I SPRDAVCDecoder: VSP_malloc_mbinfo_cb, 2039, idx: 9, size_mbinfo: 19024
03-25 00:04:12.954  2916  3157 W StreamHAL: Error from HAL stream in function get_presentation_position: Operation not permitted
03-25 00:04:12.956  2926  3142 D vndksupport: Loading /vendor/lib64/hw/gralloc.sp9832e.so from current namespace instead of sphal namespace.
03-25 00:04:12.956  2926  3142 I gralloc : gralloc_register_buffer hnd=0x756780f640, share_fd=36, share_attr_fd=48, magic=51647890, format=21, internal_format=15, byte_stride=240, flags=4, usage=0x2903, size=88320, width=240, height=240, internalWidth=240, internalHeight=240, stride=240, base=0x756c148000, writeOwner=0, attr_base=0xffffffffffffffff, yuv_info=1, fd=-1, buf_idx=0, offset=0, min_pgsz=4096, phyaddr=0
03-25 00:04:12.789  3256  3758 D PowerController.RecogA: handleMessage(MSG_REPORT_EVENT)
03-25 00:04:12.961  3256  4778 V AlarmManager: set(PendingIntent{755eecc: PendingIntentRecord{60dbe51 com.google.android.gms broadcastIntent}}) : type=2 triggerAtTime=174475 win=0 tElapsed=179476 maxElapsed=179476 interval=0 flags=0x1
03-25 00:04:12.962  3256  4778 D AlarmManagerService: set alarm to kernel: 179.476000000, type=2 
03-25 00:04:12.964  2926  3142 D vndksupport: Loading /vendor/lib64/hw/android.hardware.graphics.mapper@2.0-impl.so from current namespace instead of sphal namespace.
03-25 00:04:12.965  2926  3142 D vndksupport: Loading /vendor/lib64/hw/gralloc.sp9832e.so from current namespace instead of sphal namespace.
03-25 00:04:12.966  2916  3157 W StreamHAL: Error from HAL stream in function get_presentation_position: Operation not permitted
03-25 00:04:12.968  2925  2925 I gralloc : mali_gralloc_select_format, AFBC is disabled now
