03-25 00:36:00.433  6997  6997 D AndroidRuntime: Calling main entry com.android.commands.pm.Pm
03-25 00:36:00.438  4265  4265 I Ads     : JS: The jsLoaded GMSG has been sent (https://googleads.g.doubleclick.net/mads/static/mad/sdk/native/production/sdk-core-v40-impl.js?n=true&lv=sdk_20190107_RC02:1021)
03-25 00:36:00.428  4437  4437 I auditd  : type=1400 audit(0.0:2250): avc: denied { dac_override } for comm="logcat" capability=1 scontext=u:r:su:s0 tcontext=u:r:su:s0 tclass=capability permissive=1
03-25 00:36:00.428  4437  4437 I logcat  : type=1400 audit(0.0:2250): avc: denied { dac_override } for capability=1 scontext=u:r:su:s0 tcontext=u:r:su:s0 tclass=capability permissive=1
03-25 00:36:00.428  4437  4437 I auditd  : type=1400 audit(0.0:2251): avc: denied { write } for comm="logcat" name="tmp" dev="mmcblk0p38" ino=50 scontext=u:r:su:s0 tcontext=u:object_r:shell_data_file:s0 tclass=dir permissive=1
03-25 00:36:00.428  4437  4437 I logcat  : type=1400 audit(0.0:2251): avc: denied { write } for name="tmp" dev="mmcblk0p38" ino=50 scontext=u:r:su:s0 tcontext=u:object_r:shell_data_file:s0 tclass=dir permissive=1
03-25 00:36:00.428  4437  4437 I auditd  : type=1400 audit(0.0:2252): avc: denied { remove_name } for comm="logcat" name="boot_log.txt.4" dev="mmcblk0p38" ino=18526 scontext=u:r:su:s0 tcontext=u:object_r:shell_data_file:s0 tclass=dir permissive=1
03-25 00:36:00.428  4437  4437 I logcat  : type=1400 audit(0.0:2252): avc: denied { remove_name } for name="boot_log.txt.4" dev="mmcblk0p38" ino=18526 scontext=u:r:su:s0 tcontext=u:object_r:shell_data_file:s0 tclass=dir permissive=1
03-25 00:36:00.428  4437  4437 I auditd  : type=1400 audit(0.0:2253): avc: denied { rename } for comm="logcat" name="boot_log.txt.4" dev="mmcblk0p38" ino=18526 scontext=u:r:su:s0 tcontext=u:object_r:shell_data_file:s0 tclass=file permissive=1
03-25 00:36:00.428  4437  4437 I logcat  : type=1400 audit(0.0:2253): avc: denied { rename } for name="boot_log.txt.4" dev="mmcblk0p38" ino=18526 scontext=u:r:su:s0 tcontext=u:object_r:shell_data_file:s0 tclass=file permissive=1
03-25 00:36:00.428  4437  4437 I auditd  : type=1400 audit(0.0:2254): avc: denied { add_name } for comm="logcat" name="boot_log.txt.5" dev="mmcblk0p38" ino=15558 scontext=u:r:su:s0 tcontext=u:object_r:shell_data_file:s0 tclass=dir permissive=1
03-25 00:36:00.428  4437  4437 I logcat  : type=1400 audit(0.0:2254): avc: denied { add_name } for name="boot_log.txt.5" dev="mmcblk0p38" ino=15558 scontext=u:r:su:s0 tcontext=u:object_r:shell_data_file:s0 tclass=dir permissive=1
03-25 00:36:00.428  4437  4437 I auditd  : type=1400 audit(0.0:2255): avc: denied { unlink } for comm="logcat" name="boot_log.txt.5" dev="mmcblk0p38" ino=15558 scontext=u:r:su:s0 tcontext=u:object_r:shell_data_file:s0 tclass=file permissive=1
03-25 00:36:00.428  4437  4437 I logcat  : type=1400 audit(0.0:2255): avc: denied { unlink } for name="boot_log.txt.5" dev="mmcblk0p38" ino=15558 scontext=u:r:su:s0 tcontext=u:object_r:shell_data_file:s0 tclass=file permissive=1
03-25 00:36:00.438  6997  6997 I auditd  : type=1400 audit(0.0:2256): avc: denied { dac_override } for comm="main" capability=1 scontext=u:r:untrusted_app:s0:c512,c768 tcontext=u:r:untrusted_app:s0:c512,c768 tclass=capability permissive=1
03-25 00:36:00.438  6997  6997 I main    : type=1400 audit(0.0:2256): avc: denied { dac_override } for capability=1 scontext=u:r:untrusted_app:s0:c512,c768 tcontext=u:r:untrusted_app:s0:c512,c768 tclass=capability permissive=1
03-25 00:36:00.445  3979  6812 I NearbySharing: Stopping Fast Init advertisement because Bluetooth is off.
03-25 00:36:00.445  3979  6812 I NearbySharing: Stopping advertising because Bluetooth is disabled.
03-25 00:36:00.450  3979  3979 W SystemServiceRegistry: No service published for: wifiaware
03-25 00:36:00.458  4437  4437 I auditd  : type=1400 audit(0.0:2257): avc: denied { create } for comm="logcat" name="boot_log.txt" scontext=u:r:su:s0 tcontext=u:object_r:shell_data_file:s0 tclass=file permissive=1
03-25 00:36:00.453  3979  3979 W SystemServiceRegistry: No service published for: wifiaware
03-25 00:36:00.458  4437  4437 I logcat  : type=1400 audit(0.0:2257): avc: denied { create } for name="boot_log.txt" scontext=u:r:su:s0 tcontext=u:object_r:shell_data_file:s0 tclass=file permissive=1
03-25 00:36:00.464  6997  6997 I app_process: System.exit called, status: 0
03-25 00:36:00.464  6997  6997 I AndroidRuntime: VM exiting with result code 0.
03-25 00:36:00.477  3267  6283 D BroadcastQueue: Add broadcast <BroadcastRecord{14acfbe u-1 android.hardware.usb.action.USB_STATE}> into [parallel | foreground], pending size 0
03-25 00:36:00.478  3267  3320 D BroadcastQueue: Done with parallel broadcast [foreground] [BroadcastRecord{14acfbe u-1 android.hardware.usb.action.USB_STATE}]
03-25 00:36:00.493  3267  6283 I am_destroy_service: [0,182438917,3979]
03-25 00:36:00.496  3267  3293 V AlarmManager: set(PendingIntent{31a881f: PendingIntentRecord{b446869 com.google.android.gms broadcastIntent}}) : type=3 triggerAtTime=54558 win=0 tElapsed=59304 maxElapsed=59304 interval=0 flags=0x0
03-25 00:36:00.496  3267  3293 D AlarmManagerService: set alarm to kernel: 59.304000000, type=3 
03-25 00:36:00.501  3267  6012 D BroadcastQueue: Add broadcast <BroadcastRecord{769873b u-1 android.hardware.usb.action.USB_STATE}> into [parallel | foreground], pending size 0
03-25 00:36:00.502  3267  3320 D BroadcastQueue: Done with parallel broadcast [foreground] [BroadcastRecord{769873b u-1 android.hardware.usb.action.USB_STATE}]
03-25 00:36:00.504  3979  3979 I NearbyMediums: WifiNetwork registerPhoneStateListener failed.
03-25 00:36:00.509  3979  4723 W GmsStrictMode: DISK_READ [CONTEXT service_id=256 ]
03-25 00:36:00.509  3979  4723 W GmsStrictMode: ffvt: 
03-25 00:36:00.509  3979  4723 W GmsStrictMode: 	at tk_trace.nearby-NearbyConnectionsChimeraService_onCreate(Unknown Source:0)
03-25 00:36:00.509  3979  4723 W GmsStrictMode: 	at tk_trace.container-GmsApiChimeraService_onBind(Unknown Source:0)
03-25 00:36:00.509  3979  4723 W GmsStrictMode: Caused by: bcqs: DISK_READ
03-25 00:36:00.509  3979  4723 W GmsStrictMode: 	at dalvik.system.VMStack.getThreadStackTrace(Native Method)
03-25 00:36:00.509  3979  4723 W GmsStrictMode: 	at java.lang.Thread.getStackTrace(Thread.java:1538)
03-25 00:36:00.509  3979  4723 W GmsStrictMode: 	at evim.add(:com.google.android.gms@261133004@26.11.33 (040400-887465546):81)
03-25 00:36:00.509  3979  4723 W GmsStrictMode: 	at android.os.StrictMode$AndroidBlockGuardPolicy.handleViolationWithTimingAttempt(StrictMode.java:1511)
03-25 00:36:00.509  3979  4723 W GmsStrictMode: 	at android.os.StrictMode$AndroidBlockGuardPolicy.startHandlingViolationException(StrictMode.java:1472)
03-25 00:36:00.509  3979  4723 W GmsStrictMode: 	at android.os.StrictMode$AndroidBlockGuardPolicy.onReadFromDisk(StrictMode.java:1441)
03-25 00:36:00.509  3979  4723 W GmsStrictMode: 	at java.io.UnixFileSystem.checkAccess(UnixFileSystem.java:251)
03-25 00:36:00.509  3979  4723 W GmsStrictMode: 	at java.io.File.exists(File.java:807)
03-25 00:36:00.509  3979  4723 W GmsStrictMode: 	at android.app.ContextImpl.ensurePrivateDirExists(ContextImpl.java:572)
03-25 00:36:00.509  3979  4723 W GmsStrictMode: 	at android.app.ContextImpl.ensurePrivateCacheDirExists(ContextImpl.java:568)
03-25 00:36:00.509  3979  4723 W GmsStrictMode: 	at android.app.ContextImpl.getCacheDir(ContextImpl.java:661)
03-25 00:36:00.509  3979  4723 W GmsStrictMode: 	at android.content.ContextWrapper.getCacheDir(ContextWrapper.java:264)
03-25 00:36:00.509  3979  4723 W GmsStrictMode: 	at android.content.ContextWrapper.getCacheDir(ContextWrapper.java:264)
03-25 00:36:00.509  3979  4723 W GmsStrictMode: 	at com.google.android.gms.nearby.connection.service.NearbyConnectionsChimeraService.onCreate(:com.google.android.gms@261133004@26.11.33 (040400-887465546):86)
03-25 00:36:00.509  3979  4723 W GmsStrictMode: 	at xcj.onCreate(:com.google.android.gms@261133004@26.11.33 (040400-887465546):8)
03-25 00:36:00.509  3979  4723 W GmsStrictMode: 	at ayyj.onCreate(:com.google.android.gms@261133004@26.11.33 (040400-887465546):26)
03-25 00:36:00.509  3979  4723 W GmsStrictMode: 	at xbx.b(:com.google.android.gms@261133004@26.11.33 (040400-887465546):40)
03-25 00:36:00.509  3979  4723 W GmsStrictMode: 	at xbv.onBind(:com.google.android.gms@261133004@26.11.33 (040400-887465546):65)
03-25 00:36:00.509  3979  4723 W GmsStrictMode: 	at com.google.android.gms.chimera.container.boundservice.GmsApiChimeraService.i(:com.google.android.gms@261133004@26.11.33 (040400-887465546):7)
03-25 00:36:00.509  3979  4723 W GmsStrictMode: 	at com.google.android.gms.chimera.container.boundservice.GmsApiChimeraService.onBind(:com.google.android.gms@261133004@26.11.33 (040400-887465546):54)
03-25 00:36:00.509  3979  4723 W GmsStrictMode: 	at aytj.onBind(:com.google.android.gms@261133004@26.11.33 (040400-887465546):43)
03-25 00:36:00.509  3979  4723 W GmsStrictMode: 	at android.app.ActivityThread.handleBindService(ActivityThread.java:3477)
03-25 00:36:00.509  3979  4723 W GmsStrictMode: 	at android.app.ActivityThread.-wrap3(Unknown Source:0)
03-25 00:36:00.509  3979  4723 W GmsStrictMode: 	at android.app.ActivityThread$H.handleMessage(ActivityThread.java:1743)
03-25 00:36:00.509  3979  4723 W GmsStrictMode: 	at android.os.Handler.dispatchMessage(Handler.java:106)
03-25 00:36:00.509  3979  4723 W GmsStrictMode: 	at android.os.Looper.loop(Looper.java:164)
03-25 00:36:00.509  3979  4723 W GmsStrictMode: 	at android.app.ActivityThread.main(ActivityThread.java:6747)
03-25 00:36:00.509  3979  4723 W GmsStrictMode: 	at java.lang.reflect.Method.invoke(Native Method)
03-25 00:36:00.509  3979  4723 W GmsStrictMode: 	at com.android.internal.os.RuntimeInit$MethodAndArgsCaller.run(RuntimeInit.java:449)
03-25 00:36:00.509  3979  4723 W GmsStrictMode: 	at com.android.internal.os.ZygoteInit.main(ZygoteInit.java:807)
03-25 00:36:00.509  3979  6812 I NearbySharing: There is no account metadata, return default instance.
03-25 00:36:00.527  3979  3979 I NearbyConnections: GestureExchangeRegistrar is not enabled.
03-25 00:36:00.540  4265  4265 I Ads     : Received log message: <Google:HTML> You are currently using version 260480999.12451000.1 of the SDK, which is deprecated. Please consider updating your SDK to the most recent SDK version to get the latest features and bug fixes. The latest SDK can be installed from https://goo.gle/android-install-instructions. More information about the SDK deprecation schedule is available at https://developers.google.com/admob/android/deprecation.
03-25 00:36:00.558  3979  6812 I NearbySharing: There is no account metadata, return default instance.
03-25 00:36:00.568  3979  6812 I NearbySharing: Stopping FastInitiation scanning because visibility is hidden.
03-25 00:36:00.572  3267  3561 V AlarmManager: remove(operation) changed bounds; rebatching
03-25 00:36:00.578  3979  4855 D BluetoothAdapter: isLeEnabled(): BLE_ON
03-25 00:36:00.586  3979  4855 I PersonalSafety: Ble setting turned on, re-init module [CONTEXT service_id=310 ]
03-25 00:36:00.590  3979  4855 I PersonalSafety: (REDACTED) [Settings] ble mode changed to %s
03-25 00:36:00.594  6794  6962 D SuExecutor: 2026-03-25T03:36:00.594Z: runAsSu finished exit=0 timedOut=false stdout= stderr=
03-25 00:36:00.594  3979  4244 W Settings: Setting airplane_mode_on has moved from android.provider.Settings.System to android.provider.Settings.Global, returning read-only value.
03-25 00:36:00.596  6794  6962 E PermissionManager: 2026-03-25T03:36:00.596Z: Failed to grant permissions via su async: Job was cancelled
03-25 00:36:00.596  6794  6962 E PermissionManager: kotlinx.coroutines.JobCancellationException: Job was cancelled; job=SupervisorJobImpl{Cancelling}@b0239f9
03-25 00:36:00.602  3979  6812 I NearbySharing: Fast Initiation Scanning has stopped
03-25 00:36:00.607  3979  4244 I PersonalSafety: (REDACTED) Create settings: %b %b %b %b
03-25 00:36:00.608  3979  3979 I GCoreUlr: Unbound from all signal providers.
03-25 00:36:00.609  3979  3979 I GCoreUlr: Stopping handler for UlrDispSvcFast
03-25 00:36:00.627  3979  6812 I NearbySharing: Dismissing HUN as there's no device nearby.
03-25 00:36:00.670  3267  3561 D BroadcastQueue: Add broadcast <BroadcastRecord{c6cb1ed u0 android.service.quicksettings.action.REQUEST_LISTENING}> into [parallel | background], pending size 0
03-25 00:36:00.671  3267  3320 D BroadcastQueue: Done with parallel broadcast [background] [BroadcastRecord{c6cb1ed u0 android.service.quicksettings.action.REQUEST_LISTENING}]
03-25 00:36:00.672  3531  3531 D TileServices: Couldn't find tile for ComponentInfo{com.google.android.gms/com.google.android.gms.nearby.sharing.SharingTileService}
03-25 00:36:00.730  2951  3054 D PowerHAL: ##Timing deboost
03-25 00:36:00.730  2951  3054 D PowerHAL: Enter common_subsys_set: enable:0, duration: 0, subsys:cpufreq: 
03-25 00:36:00.730  2951  3054 D PowerHAL: Enter common_subsys_clear: cpufreq
03-25 00:36:00.737  3979  4767 I Nearby  : Can't call UsbManager#getPortStatus [CONTEXT service_id=49 ]
03-25 00:36:00.737  3979  4767 I Nearby  : fyka: getPortStatus [class android.hardware.usb.UsbPortStatus]
03-25 00:36:00.737  3979  4767 I Nearby  : 	at fyjz.a(:com.google.android.gms@261133004@26.11.33 (040400-887465546):20)
03-25 00:36:00.737  3979  4767 I Nearby  : 	at cxba.a(:com.google.android.gms@261133004@26.11.33 (040400-887465546):25)
03-25 00:36:00.737  3979  4767 I Nearby  : 	at dccm.run(:com.google.android.gms@261133004@26.11.33 (040400-887465546):13)
03-25 00:36:00.737  3979  4767 I Nearby  : 	at beau.c(:com.google.android.gms@261133004@26.11.33 (040400-887465546):50)
03-25 00:36:00.737  3979  4767 I Nearby  : 	at beau.run(:com.google.android.gms@261133004@26.11.33 (040400-887465546):73)
03-25 00:36:00.737  3979  4767 I Nearby  : 	at java.util.concurrent.ThreadPoolExecutor.runWorker(ThreadPoolExecutor.java:1162)
03-25 00:36:00.737  3979  4767 I Nearby  : 	at java.util.concurrent.ThreadPoolExecutor$Worker.run(ThreadPoolExecutor.java:636)
03-25 00:36:00.737  3979  4767 I Nearby  : 	at bege.run(:com.google.android.gms@261133004@26.11.33 (040400-887465546):8)
03-25 00:36:00.737  3979  4767 I Nearby  : 	at java.lang.Thread.run(Thread.java:764)
03-25 00:36:00.737  3979  4767 I Nearby  : Caused by: java.lang.NoSuchMethodException: getPortStatus [class android.hardware.usb.UsbPortStatus]
03-25 00:36:00.737  3979  4767 I Nearby  : 	at java.lang.Class.getMethod(Class.java:2068)
03-25 00:36:00.737  3979  4767 I Nearby  : 	at java.lang.Class.getMethod(Class.java:1690)
03-25 00:36:00.737  3979  4767 I Nearby  : 	at fyjz.a(:com.google.android.gms@261133004@26.11.33 (040400-887465546):9)
03-25 00:36:00.737  3979  4767 I Nearby  : 	... 8 more
03-25 00:36:00.747  3267  3342 E SensorNotificationService: Invalid local geomagnetic field, ignore.
03-25 00:36:00.754  6794  6794 D LocationService: 2026-03-25T03:36:00.754Z: getCurrentLocation#1: Location[fused -37.118341,-56.856476 hAcc=37 et=+53s93ms alt=24.80000114440918 vAcc=3 sAcc=2 bAcc=45 {Bundle[mParcelledData.dataSize=560]}]
03-25 00:36:00.755  3267  5761 D BroadcastQueue: Add broadcast <BroadcastRecord{2cc2822 u0 android.location.HIGH_POWER_REQUEST_CHANGE}> into [parallel | background], pending size 0
03-25 00:36:00.756  4265  6776 I Ads     : SDK version: afma-sdk-a-v260480999.12451000.1
03-25 00:36:00.757  3267  3320 D BroadcastQueue: Done with parallel broadcast [background] [BroadcastRecord{2cc2822 u0 android.location.HIGH_POWER_REQUEST_CHANGE}]
03-25 00:36:00.764  3267  3703 V AlarmManager: remove(operation) changed bounds; rebatching
03-25 00:36:00.782  3267  5761 V AlarmManager: set(PendingIntent{aa8a46e: PendingIntentRecord{6fbb70f com.google.android.gms broadcastIntent}}) : type=2 triggerAtTime=58129 win=0 tElapsed=59590 maxElapsed=59590 interval=0 flags=0x5
03-25 00:36:00.783  3267  5761 D AlarmManagerService: set alarm to kernel: 59.590000000, type=2 
03-25 00:36:00.783  3979  6750 I NearbyDiscovery: (REDACTED) ApFastPairScanner: isScreenOn=%s, isLocationEnabled=%s, disableLocationRequirement=%s, isDiscoveryScanningEnabled=%s, during24GhzWifiWarmingUpPeriod=%s
03-25 00:36:00.788  3267  3770 D PowerController.RecogA: handleMessage(MSG_REPORT_EVENT)
03-25 00:36:00.789  3267  3561 I GnssLocationProvider: WakeLock acquired by sendMessage(SET_REQUEST, 0, com.android.server.location.GnssLocationProvider$GpsRequest@2b731a5)
03-25 00:36:00.789  3267  3319 I GnssLocationProvider: WakeLock released by handleMessage(SET_REQUEST, 0, com.android.server.location.GnssLocationProvider$GpsRequest@2b731a5)
03-25 00:36:00.790  3267  3293 I GnssLocationProvider: WakeLock acquired by sendMessage(SET_REQUEST, 0, com.android.server.location.GnssLocationProvider$GpsRequest@3be997a)
03-25 00:36:00.792  3267  3319 I GnssLocationProvider: WakeLock released by handleMessage(SET_REQUEST, 0, com.android.server.location.GnssLocationProvider$GpsRequest@3be997a)
03-25 00:36:00.801  3979  6750 D BluetoothAdapter: isLeEnabled(): BLE_ON
03-25 00:36:00.802  3979  6750 I NearbyDiscovery: (REDACTED) ApFastPairScanner: eventType=%s, intReq=%s, scanning=%s, scanAllowed=%s, bleEnabled=%s, lockScanRate=%s, startScanningByLowPowerMode=%s
03-25 00:36:00.802  3979  6750 I NearbyDiscovery: BleRecoveryHelper: resetBleEnableProcedure: reset done [CONTEXT service_id=265 ]
03-25 00:36:00.807  3979  6750 I NearbyDiscovery: (REDACTED) ApFastPairScanner: isScreenOn=%s, isLocationEnabled=%s, disableLocationRequirement=%s, isDiscoveryScanningEnabled=%s, during24GhzWifiWarmingUpPeriod=%s
03-25 00:36:00.826  3979  4052 I NearbyConnections: Client 46619415 requested setting downloads directory to null.
03-25 00:36:00.827  3979  4052 I NearbyConnections: Client 46619415 with package name 0p:com.google.android.gms.nearby.presence and sdk version 261133000 has connected, downloads dir is set to null.
03-25 00:36:00.791  3267  3770 D PowerController.RecogA: handleMessage(MSG_REPORT_EVENT)
03-25 00:36:00.850  3267  3561 D BroadcastQueue: Add broadcast <BroadcastRecord{946b52b u0 android.service.quicksettings.action.REQUEST_LISTENING}> into [parallel | background], pending size 0
03-25 00:36:00.850  3267  3320 D BroadcastQueue: Done with parallel broadcast [background] [BroadcastRecord{946b52b u0 android.service.quicksettings.action.REQUEST_LISTENING}]
03-25 00:36:00.852  3531  3531 D TileServices: Couldn't find tile for ComponentInfo{com.google.android.gms/com.google.android.gms.nearby.sharing.SharingTileService}
03-25 00:36:00.852  3267  3703 V AlarmManager: remove(operation) changed bounds; rebatching
03-25 00:36:00.853  3267  3703 D AlarmManagerService: set alarm to kernel: 67.640000000, type=2 
03-25 00:36:00.862  3267  3561 I am_create_service: [0,151835462,.SchedulePeriodicTasksService,10014,4265]
03-25 00:36:00.871  3267  3561 V AlarmManager: set(PendingIntent{4b2ddd2: PendingIntentRecord{22a9ea3 com.google.android.gms broadcastIntent}}) : type=2 triggerAtTime=68129 win=0 tElapsed=68129 maxElapsed=68129 interval=0 flags=0x5
03-25 00:36:00.872  3979  6902 I NetworkScheduler.Stats: (REDACTED) Task %s/%s started execution. cause:%s exec_start_elapsed_seconds: %s
03-25 00:36:00.875  3267  3293 V AlarmManager: set(PendingIntent{d8d65a0: PendingIntentRecord{b446869 com.google.android.gms broadcastIntent}}) : type=3 triggerAtTime=54558 win=0 tElapsed=59683 maxElapsed=59683 interval=0 flags=0x0
03-25 00:36:00.875  3267  3293 D AlarmManagerService: set alarm to kernel: 59.683000000, type=3 
03-25 00:36:00.884  3979  3979 D BoundBrokerSvc: onBind: Intent { act=com.google.android.gms.icing.LIGHTWEIGHT_INDEX_SERVICE dat=chimera-action: cmp=com.google.android.gms/.chimera.PersistentApiService }
03-25 00:36:00.884  3979  3979 D BoundBrokerSvc: Loading bound service for intent: Intent { act=com.google.android.gms.icing.LIGHTWEIGHT_INDEX_SERVICE dat=chimera-action: cmp=com.google.android.gms/.chimera.PersistentApiService }
03-25 00:36:00.885  4265  7236 I NearbySharing: onBindSlice failed since shareTargets is empty
03-25 00:36:00.889  3979  6902 I NetworkScheduler.Stats: (REDACTED) Task %s/%s started execution. cause:%s exec_start_elapsed_seconds: %s
03-25 00:36:00.895  4265  4265 I AdvertisingIdClient: getting error as 17: API: ClientTelemetry.API is not available on this device. Connection failed with: ConnectionResult{statusCode=API_DISABLED_FOR_CONNECTION, resolution=null, message=null, clientMethodKey=null}
03-25 00:36:00.895  3979  4052 I NearbyConnections: Add DeviceProvider of type 2.
03-25 00:36:00.895  3979  4052 I NearbyConnections: Successfully register device provider for endpointType 2 by client 46619415
03-25 00:36:00.895  4265  4265 I MdmInitializer: Updated FMD enabled state successfully. [CONTEXT service_id=247 ]
03-25 00:36:00.897  6794  6924 I FA      : Tag Manager is not found and thus will not be used
03-25 00:36:00.903  3979  6750 I NearbyDiscovery: (REDACTED) ApFastPairScanner: isScreenOn=%s, isLocationEnabled=%s, disableLocationRequirement=%s, isDiscoveryScanningEnabled=%s, during24GhzWifiWarmingUpPeriod=%s
03-25 00:36:00.903  3979  6812 I NearbySharing: Granted slice and uri permissions to android
03-25 00:36:00.905  3267  6283 I am_create_service: [0,50219192,.PersistentSingleUserInternalApiService,10014,3979]
03-25 00:36:00.913  4265  6776 I Ads     : HTTP timeout: 60000 milliseconds.
03-25 00:36:00.917  3979  6750 I NearbyDiscovery: (REDACTED) ApFastPairScanner: Start scanning internally, %s
03-25 00:36:00.926  3267  6283 I am_destroy_service: [0,151835462,4265]
03-25 00:36:00.928  3979  4244 I NetworkScheduler.Stats: (REDACTED) Task %s/%s finished executing. cause:%s result: %s elapsed_millis: %s uptime_millis: %s exec_start_elapsed_seconds: %s
03-25 00:36:00.929  3979  6812 I NearbySharing: Granted slice and uri permissions to com.google.android.apps.nbu.files
03-25 00:36:00.936  7173  7256 I com.google.android.apps.maps: android::hardware::configstore::V1_0::ISurfaceFlingerConfigs::hasWideColorDisplay retrieved: 0
03-25 00:36:00.947  3979  6812 I NearbySharing: com.google.android.gms.nearby.sharing.receive.SamsungQrCodeActivity enable=false
03-25 00:36:00.948  3979  3979 D BoundBrokerSvc: onBind: Intent { act=com.google.android.gms.time.trustedtime.singleuserapi.service.START dat=chimera-action: cmp=com.google.android.gms/.chimera.PersistentSingleUserInternalApiService }
03-25 00:36:00.948  3979  3979 D BoundBrokerSvc: Loading bound service for intent: Intent { act=com.google.android.gms.time.trustedtime.singleuserapi.service.START dat=chimera-action: cmp=com.google.android.gms/.chimera.PersistentSingleUserInternalApiService }
03-25 00:36:00.951  3979  6750 D BluetoothAdapter: isLeEnabled(): BLE_ON
03-25 00:36:00.954  4265  4279 I zygote64: Background concurrent copying GC freed 69997(5MB) AllocSpace objects, 31(808KB) LOS objects, 49% free, 14MB/29MB, paused 1.416ms total 776.022ms
03-25 00:36:00.972  3267  3561 I am_proc_start: [0,7280,10014,com.google.android.gms.unstable,service,com.google.android.gms/.droidguard.DroidGuardService]
03-25 00:36:00.972  3267  3561 I ActivityManager: Start proc 7280:com.google.android.gms.unstable/u0a14 for service com.google.android.gms/.droidguard.DroidGuardService
03-25 00:36:00.976  3267  3703 V AlarmManager: remove(operation) changed bounds; rebatching
03-25 00:36:00.982  7280  7280 E zygote64: setrlimit(RLIMIT_CORE) failed for pid 7280: Operation not permitted
03-25 00:36:00.993  7031  7134 I bt_stack: [INFO:gatt_api.cc(1004)] GATT_Register
03-25 00:36:00.994  7031  7134 I bt_stack: [INFO:gatt_api.cc(1027)] allocated gatt_if=4
03-25 00:36:00.995  3979  5580 D BluetoothLeScanner: onScannerRegistered() - status=0 scannerId=4 mScannerId=0
03-25 00:36:00.988  7280  7280 I auditd  : type=1400 audit(0.0:2259): avc: denied { connectto } for comm="JDWP" path=006A6477702D636F6E74726F6C scontext=u:r:priv_app:s0:c512,c768 tcontext=u:r:su:s0 tclass=unix_stream_socket permissive=1
03-25 00:36:00.988  7280  7280 I JDWP    : type=1400 audit(0.0:2259): avc: denied { connectto } for path=006A6477702D636F6E74726F6C scontext=u:r:priv_app:s0:c512,c768 tcontext=u:r:su:s0 tclass=unix_stream_socket permissive=1
03-25 00:36:00.999  3267  3293 I am_proc_bound: [0,7280,com.google.android.gms.unstable]
03-25 00:36:00.999  3979  7229 I SemanticLocation: [MDD] Loading embedded CSL model. [CONTEXT service_id=173 ]
03-25 00:36:01.005  3267  3293 I am_create_service: [0,63244563,.DroidGuardService,10014,7280]
03-25 00:36:01.012  3979  6750 I NearbyDiscovery: (REDACTED) ApFastPairScanner: Start scanning, mode=%s
03-25 00:36:01.017  3979  4244 W DynamiteModule: Local module descriptor class for com.google.android.gms.tflite_dynamite not found.
03-25 00:36:01.018  3979  4244 I DynamiteModule: Considering local module com.google.android.gms.tflite_dynamite:0 and remote module com.google.android.gms.tflite_dynamite:252130102
03-25 00:36:01.018  3979  4244 I DynamiteModule: Selected remote version of com.google.android.gms.tflite_dynamite, version >= 252130102
03-25 00:36:01.019  7280  7280 I zygote64: The ClassLoaderContext is a special shared library.
03-25 00:36:01.023  7280  7280 I zygote64: The ClassLoaderContext is a special shared library.
03-25 00:36:01.027  7031  7122 D BluetoothAdapterService: getAdapterService() - returning com.android.bluetooth.btservice.AdapterService@140a164
03-25 00:36:01.033  7031  7129 D bt_osi_alarm: alarm_cancel oooo11 AlarmPtr:0x718e9c7b00
03-25 00:36:01.033  7031  7129 D bt_osi_alarm: alarm_cancel oooo22
03-25 00:36:01.033  7031  7129 D bt_osi_alarm: alarm_cancel oooo33
03-25 00:36:01.038  3531  3750 I sysui_multi_action: [757,1093,758,4,793,1126,1094,604504577,1095,5]
03-25 00:36:01.038  7173  7173 E ResourceType: Style contains key with bad entry: 0x0101058c
03-25 00:36:01.040  3011  3735 E LIBGPS  : begin save flash data,subtype is 31,lenth is 88
03-25 00:36:01.041  7031  7129 D bt_osi_alarm: alarm_cancel oooo11 AlarmPtr:0x718e9c7b00
03-25 00:36:01.041  7031  7129 D bt_osi_alarm: alarm_cancel oooo22
03-25 00:36:01.041  7031  7129 D bt_osi_alarm: alarm_cancel oooo33
03-25 00:36:01.042  3979  3979 I NearbySharing: ReceiveSurfaceService started
03-25 00:36:01.043  3979  3979 I NearbySharing: SendSurfaceService started
03-25 00:36:01.045  7031  7129 D bt_osi_alarm: alarm_cancel oooo11 AlarmPtr:0x718e9c7b00
03-25 00:36:01.045  7031  7129 D bt_osi_alarm: alarm_cancel oooo22
03-25 00:36:01.045  7031  7129 D bt_osi_alarm: alarm_cancel oooo33
03-25 00:36:01.049  7173  7258 W zygote64: Unsupported class loader
03-25 00:36:01.050  7031  7129 D bt_osi_alarm: alarm_cancel oooo11 AlarmPtr:0x718e9c7b00
03-25 00:36:01.050  7031  7129 D bt_osi_alarm: alarm_cancel oooo22
03-25 00:36:01.050  7031  7129 D bt_osi_alarm: alarm_cancel oooo33
03-25 00:36:01.053  7031  7129 D bt_osi_alarm: alarm_cancel oooo11 AlarmPtr:0x718e9c7b00
03-25 00:36:01.054  7031  7129 D bt_osi_alarm: alarm_cancel oooo22
03-25 00:36:01.054  7031  7129 D bt_osi_alarm: alarm_cancel oooo33
03-25 00:36:01.054  7031  7134 D bt_osi_alarm: alarm_cancel oooo11 AlarmPtr:0x71847f0b00
03-25 00:36:01.054  7031  7134 D bt_osi_alarm: alarm_cancel oooo22
03-25 00:36:01.054  7031  7134 D bt_osi_alarm: alarm_cancel oooo33
03-25 00:36:01.057  7031  7129 D bt_osi_alarm: alarm_cancel oooo11 AlarmPtr:0x718e9c7b00
03-25 00:36:01.057  7031  7129 D bt_osi_alarm: alarm_cancel oooo22
03-25 00:36:01.057  7031  7129 D bt_osi_alarm: alarm_cancel oooo33
03-25 00:36:01.057  7280  7280 W ResourceType: ResTable_typeSpec entry count inconsistent: given 107, previously 110
03-25 00:36:01.058  7280  7280 W ResourceType: ResTable_typeSpec entry count inconsistent: given 4755, previously 5382
03-25 00:36:01.059  7280  7280 W ResourceType: ResTable_typeSpec entry count inconsistent: given 3523, previously 3544
03-25 00:36:01.059  7280  7280 W ResourceType: ResTable_typeSpec entry count inconsistent: given 234, previously 238
03-25 00:36:01.059  7280  7280 W ResourceType: ResTable_typeSpec entry count inconsistent: given 508, previously 5671
03-25 00:36:01.060  7031  7129 D bt_osi_alarm: alarm_cancel oooo11 AlarmPtr:0x718e9c7b00
03-25 00:36:01.060  7031  7129 D bt_osi_alarm: alarm_cancel oooo22
03-25 00:36:01.060  7031  7129 D bt_osi_alarm: alarm_cancel oooo33
03-25 00:36:01.063  7031  7129 D bt_osi_alarm: alarm_cancel oooo11 AlarmPtr:0x718e9c7b00
03-25 00:36:01.063  7031  7129 D bt_osi_alarm: alarm_cancel oooo22
03-25 00:36:01.063  7031  7129 D bt_osi_alarm: alarm_cancel oooo33
03-25 00:36:01.065  7031  7129 D bt_osi_alarm: alarm_cancel oooo11 AlarmPtr:0x718e9c7b00
03-25 00:36:01.065  7031  7129 D bt_osi_alarm: alarm_cancel oooo22
03-25 00:36:01.065  7031  7129 D bt_osi_alarm: alarm_cancel oooo33
03-25 00:36:01.067  7031  7129 D bt_osi_alarm: alarm_cancel oooo11 AlarmPtr:0x718e9c7b00
03-25 00:36:01.067  7031  7129 D bt_osi_alarm: alarm_cancel oooo22
03-25 00:36:01.067  7031  7129 D bt_osi_alarm: alarm_cancel oooo33
03-25 00:36:01.070  7031  7129 D bt_osi_alarm: alarm_cancel oooo11 AlarmPtr:0x718e9c7b00
03-25 00:36:01.070  7031  7129 D bt_osi_alarm: alarm_cancel oooo22
03-25 00:36:01.070  7031  7129 D bt_osi_alarm: alarm_cancel oooo33
03-25 00:36:01.086  3267  3561 D BroadcastQueue: Add broadcast <BroadcastRecord{83726c9 u0 android.service.quicksettings.action.REQUEST_LISTENING}> into [parallel | background], pending size 0
03-25 00:36:01.086  3267  3320 D BroadcastQueue: Done with parallel broadcast [background] [BroadcastRecord{83726c9 u0 android.service.quicksettings.action.REQUEST_LISTENING}]
03-25 00:36:01.088  3531  3531 D TileServices: Couldn't find tile for ComponentInfo{com.google.android.gms/com.google.android.gms.nearby.sharing.SharingTileService}
03-25 00:36:01.088  7173  7173 W CheckTime: App running slow: Executing handleBindApplication : callApplicationOnCreate took 968ms
03-25 00:36:01.095  4265  6766 I ChangeFmdSettings: FMD on [CONTEXT service_id=284 ]
03-25 00:36:01.097  3267  3703 I am_destroy_service: [0,257654440,3979]
03-25 00:36:01.114  3267  3561 D BroadcastQueue: Add broadcast <BroadcastRecord{dae250b u0 com.google.android.gms.nearby.sharing.ACTION_RECEIVE_SURFACE_REGISTER}> into [parallel | background], pending size 0
03-25 00:36:01.114  3267  3320 D BroadcastQueue: Done with parallel broadcast [background] [BroadcastRecord{dae250b u0 com.google.android.gms.nearby.sharing.ACTION_RECEIVE_SURFACE_REGISTER}]
03-25 00:36:01.117  3979  6812 I NearbySharing: There is no account metadata, return default instance.
03-25 00:36:01.117  3979  6812 I NearbySharing: Not allowed to auto turn on device settings.
03-25 00:36:01.117  3979  6812 I NearbySharing: A ReceiveSurface(BACKGROUND)[id=6983] has been registered
03-25 00:36:01.118  3979  6812 I NearbySharing: Stopping advertising because Bluetooth is disabled.
03-25 00:36:01.129  3267  3293 I am_create_service: [0,213347494,.WearableService,10014,3979]
03-25 00:36:01.131  3979  4244 W zygote64: Unsupported class loader
03-25 00:36:01.136  4265  4265 I MDM     : [TrustedTimeClientHelper] TrustedTimeClient initialized successfully. [CONTEXT service_id=247 ]
03-25 00:36:01.142  3979  3979 D WearableService: Creating wearable service asynchronously.
03-25 00:36:01.151  3267  3561 W ActivityManager: Unable to start service Intent { cmp=com.google.android.projection.gearhead/com.google.android.apps.auto.carservice.service.impl.GearheadCarStartupService } U=0: not found
03-25 00:36:01.183  4265  4265 D BoundBrokerSvc: onBind: Intent { act=com.google.android.gms.feedback.internal.IFeedbackService dat=chimera-action: cmp=com.google.android.gms/.chimera.GmsBoundBrokerService }
03-25 00:36:01.183  4265  4265 D BoundBrokerSvc: Loading bound service for intent: Intent { act=com.google.android.gms.feedback.internal.IFeedbackService dat=chimera-action: cmp=com.google.android.gms/.chimera.GmsBoundBrokerService }
03-25 00:36:01.188  3267  3293 W ActivityManager: Unbind failed: could not find connection for android.os.BinderProxy@58be13d
03-25 00:36:00.215  3491  4370 I chatty  : uid=1001(radio) Binder:3491_A identical 1 line
03-25 00:36:00.228  3491  4370 D SubscriptionController: [getDefaultDataSubId] subId= 2
03-25 00:36:01.207  3383  3393 D RIL     : rxlev[0]=99, rscp[0]=255, rsrp[0]=88
03-25 00:36:01.207  3383  3393 D RILC    : currentSignalStrengthInd
03-25 00:36:01.207  3383  3393 I RILC    : RIL_SOCKET_1 UNSOLICITED: UNSOL_SIGNAL_STRENGTH length:56
03-25 00:36:01.209  7173  7173 W CheckTime: App running slow: Executing androidx.work.impl.background.systemalarm.RescheduleReceiver scheduleReceive took 1900ms
03-25 00:36:01.209  7173  7173 W ActivityThread: Main thread can not be idle for a long time.
03-25 00:36:01.213  3267  3293 I WifiService: getConnectionInfo uid=10082
03-25 00:36:01.215  3491  4370 D SubscriptionController: [getDefaultDataSubId] subId= 2
03-25 00:36:01.216  3979  6812 I NearbySharing: There is no account metadata, return default instance.
03-25 00:36:01.220  3491  5205 D SubscriptionController: [getDefaultDataSubId] subId= 2
03-25 00:36:01.224  3979  4200 I Wear_Controller: Wearable module requires a companion app to be installed.
03-25 00:36:01.224  3979  4200 I WearableService: onCreate: Wearable Services not starting. Wear is not available on this device.
03-25 00:36:01.234  3267  3561 I am_create_service: [0,119288832,.UdcContextInitService,10014,4265]
03-25 00:36:01.236  3979  6812 I NearbySharing: There is no account metadata, return default instance.
03-25 00:36:01.236  3979  6812 I NearbySharing: Stopping FastInitiation scanning because visibility is hidden.
03-25 00:36:01.244  3979  6812 I NearbySharing: Fast Initiation Scanning has stopped
03-25 00:36:01.244  3267  6283 V AlarmManager: set(PendingIntent{6da5439: PendingIntentRecord{b446869 com.google.android.gms broadcastIntent}}) : type=3 triggerAtTime=73632 win=13935 tElapsed=73632 maxElapsed=87567 interval=0 flags=0x0
03-25 00:36:01.245  3979  6812 I NearbySharing: Dismissing HUN as there's no device nearby.
03-25 00:36:01.254  3267  6283 I am_create_service: [0,84971564,.AppIndexingService,10014,4265]
03-25 00:36:01.257  3267  3561 D BroadcastQueue: Add broadcast <BroadcastRecord{202faf5 u0 com.google.android.gms.nearby.sharing.STATE_CHANGED}> into [parallel | background], pending size 0
03-25 00:36:01.257  3267  3320 D BroadcastQueue: Done with parallel broadcast [background] [BroadcastRecord{202faf5 u0 com.google.android.gms.nearby.sharing.STATE_CHANGED}]
03-25 00:36:01.266  4265  4474 W ConsentManagerApiServic: Consent Manager API is not enabled. [CONTEXT service_id=460 ]
03-25 00:36:01.273  3979  6812 I NearbySharing: Broadcasting NearbySharing state change.
03-25 00:36:01.276  3979  6812 I NearbySharing: There is no account metadata, return default instance.
03-25 00:36:01.276  3979  6812 I NearbySharing: Not allowed to auto turn on device settings.
03-25 00:36:01.277  3979  6812 I NearbySharing: A SendSurface(BACKGROUND)[id=26306] has been registered
03-25 00:36:01.277  3979  6812 I NearbySharing: Uwb feature is off.
03-25 00:36:01.277  3979  6812 I NearbySharing: Stopping scanning because Bluetooth is disabled.
03-25 00:36:01.285  3979  4855 I NetworkScheduler.Stats: (REDACTED) Task %s/%s started execution. cause:%s exec_start_elapsed_seconds: %s
03-25 00:36:01.287  3979  4244 W zygote64: Skipping duplicate class check due to unsupported classloader
03-25 00:36:01.287  3267  3561 I am_destroy_service: [0,37483823,3979]
03-25 00:36:01.282  2991  2991 D keystore: start get key characteristics!
03-25 00:36:01.294  3979  5770 W WearableService: onGetService: Wear is not available on this device.
03-25 00:36:01.294  3979  4855 I NetworkScheduler.Stats: (REDACTED) Task %s/%s finished executing. cause:%s result: %s elapsed_millis: %s uptime_millis: %s exec_start_elapsed_seconds: %s
03-25 00:36:01.301  2991  2991 D keystore: finish get key characteristics, rc = 1 
03-25 00:36:01.302  3979  6812 I NearbySharing: Stopping Fast Init advertisement because Bluetooth is off.
03-25 00:36:01.302  3979  6812 I NearbySharing: Stopping advertising because Bluetooth is disabled.
03-25 00:36:01.315  3979  6812 I NearbySharing: There is no account metadata, return default instance.
03-25 00:36:01.339  4265  6503 D AdvertisingIdClient: AdvertisingIdClient already created.
03-25 00:36:01.340  3267  3561 V AlarmManager: remove(operation) changed bounds; rebatching
03-25 00:36:01.342  4265  4515 I Icing   : IndexChimeraService.getServiceInterface callingPackage=com.google.android.gms componentName=null serviceId=30
03-25 00:36:01.351  7280  7280 W System  : ClassLoader referenced unknown path: 
03-25 00:36:01.353  3979  6812 I NearbySharing: There is no account metadata, return default instance.
03-25 00:36:01.353  3979  6812 I NearbySharing: Stopping FastInitiation scanning because visibility is hidden.
03-25 00:36:01.353  7280  7280 W CheckTime: App running slow: Executing handleBindApplication : makeApplication took 289ms
03-25 00:36:01.356  3267  3561 V AlarmManager: set(PendingIntent{d0c8318: PendingIntentRecord{b446869 com.google.android.gms broadcastIntent}}) : type=3 triggerAtTime=73632 win=13850 tElapsed=73632 maxElapsed=87482 interval=0 flags=0x0
03-25 00:36:01.360  3979  6812 I NearbySharing: Fast Initiation Scanning has stopped
03-25 00:36:01.360  3979  6812 I NearbySharing: Dismissing HUN as there's no device nearby.
03-25 00:36:01.371  2991  2991 D keystore: start get key characteristices!
03-25 00:36:01.373  2991  2991 D keystore: finish get key characteristices, rc = 0 
03-25 00:36:01.373  2991  2991 D keystore: start addRngEntropy!
03-25 00:36:01.375  4265  6503 I AdvertisingIdClient: shouldSendLog 52800
03-25 00:36:01.375  4265  6503 I AdvertisingIdClient: GetInfoInternal elapse 35ms
03-25 00:36:01.379  3267  3561 D BroadcastQueue: Add broadcast <BroadcastRecord{ad55171 u0 com.google.android.gms.nearby.sharing.STATE_CHANGED}> into [parallel | background], pending size 0
03-25 00:36:01.379  3267  3320 D BroadcastQueue: Done with parallel broadcast [background] [BroadcastRecord{ad55171 u0 com.google.android.gms.nearby.sharing.STATE_CHANGED}]
03-25 00:36:01.380  3979  6812 I NearbySharing: Broadcasting NearbySharing state change.
03-25 00:36:01.380  3979  6812 I NearbySharing: Uwb feature is off.
03-25 00:36:01.380  4265  5070 I Icing   : updateResources: need to parse bzfp{com.google.android.gms}
03-25 00:36:01.380  3979  6812 I NearbySharing: Uwb feature is off.
03-25 00:36:01.380  3979  6812 I NearbySharing: Stopping scanning because Bluetooth is disabled.
03-25 00:36:01.383  2991  2991 D keystore: finish addRngEntropy, rc = 1 
03-25 00:36:01.384  2991  2991 D keystore: start begin!
03-25 00:36:01.385  2991  2991 D keystore: finish begin, rc =  0 
03-25 00:36:01.385  3267  3703 D ConnectivityService: requestNetwork for uid/pid:10079/7173 NetworkRequest [ TRACK_DEFAULT id=32, [ Capabilities: INTERNET&NOT_RESTRICTED&TRUSTED&NOT_VPN] ]
03-25 00:36:01.387  3267  3465 D ConnectivityService: rematchNetworkAndRequests: reap = DONT_REAP
03-25 00:36:01.387  3267  3465 D ConnectivityService: rematching NetworkAgentInfo [WIFI () - 101], score is 60
03-25 00:36:01.388  3267  3465 D ConnectivityService:  network has: [ Transports: WIFI Capabilities: NOT_METERED&INTERNET&NOT_RESTRICTED&TRUSTED&NOT_VPN&VALIDATED&FOREGROUND LinkUpBandwidth>=1048576Kbps LinkDnBandwidth>=1048576Kbps SignalStrength: -67]
03-25 00:36:01.388  3267  3465 D ConnectivityService:   checking if request is satisfied: NetworkRequest [ BACKGROUND_REQUEST id=2, [ Transports: CELLULAR Capabilities: INTERNET&NOT_RESTRICTED&TRUSTED&NOT_VPN] ], satisfies = false
03-25 00:36:01.388  3267  3465 D ConnectivityService: Network NetworkAgentInfo [WIFI () - 101] was already satisfying request 28. No change.
03-25 00:36:01.388  3267  3465 D ConnectivityService: Network NetworkAgentInfo [WIFI () - 101] was already satisfying request 24. No change.
03-25 00:36:01.388  3267  3465 D ConnectivityService: Network NetworkAgentInfo [WIFI () - 101] was already satisfying request 19. No change.
03-25 00:36:01.388  3267  3465 D ConnectivityService: Network NetworkAgentInfo [WIFI () - 101] was already satisfying request 20. No change.
03-25 00:36:01.388  3267  3465 D ConnectivityService: Network NetworkAgentInfo [WIFI () - 101] was already satisfying request 25. No change.
03-25 00:36:01.388  3267  3465 D ConnectivityService: Network NetworkAgentInfo [WIFI () - 101] was already satisfying request 22. No change.
03-25 00:36:01.388  3267  3465 D ConnectivityService: Network NetworkAgentInfo [WIFI () - 101] was already satisfying request 10. No change.
03-25 00:36:01.388  3267  3465 D ConnectivityService:   checking if request is satisfied: NetworkRequest [ TRACK_DEFAULT id=32, [ Capabilities: INTERNET&NOT_RESTRICTED&TRUSTED&NOT_VPN] ], satisfies = true
03-25 00:36:01.388  3267  3465 D ConnectivityService: currentScore = 0, newScore = 60
03-25 00:36:01.388  3267  3465 D ConnectivityService: rematch for NetworkAgentInfo [WIFI () - 101]
03-25 00:36:01.388  3267  3465 D ConnectivityService:    accepting network in place of null
03-25 00:36:01.388  3267  3465 D ConnectivityService: sending new Min Network Score(60): NetworkRequest [ TRACK_DEFAULT id=32, [ Capabilities: INTERNET&NOT_RESTRICTED&TRUSTED&NOT_VPN] ]
03-25 00:36:01.391  3267  3465 D ConnectivityService: Network NetworkAgentInfo [WIFI () - 101] was already satisfying request 6. No change.
03-25 00:36:01.392  3267  3456 D WIFI_UT : got request NetworkRequest [ TRACK_DEFAULT id=32, [ Capabilities: INTERNET&NOT_RESTRICTED&TRUSTED&NOT_VPN] ] with score 60
03-25 00:36:01.392  3267  3456 D WIFI    : got request NetworkRequest [ TRACK_DEFAULT id=32, [ Capabilities: INTERNET&NOT_RESTRICTED&TRUSTED&NOT_VPN] ] with score 60
03-25 00:36:01.392  3267  3483 D Ethernet: got request NetworkRequest [ TRACK_DEFAULT id=32, [ Capabilities: INTERNET&NOT_RESTRICTED&TRUSTED&NOT_VPN] ] with score 60
03-25 00:36:01.392  3979  6812 I NearbySharing: Stopping Fast Init advertisement because Bluetooth is off.
03-25 00:36:01.221  3491  5205 D SubscriptionController: [getDefaultDataSubId] subId= 2
03-25 00:36:01.392  3491  3491 D TelephonyNetworkFactory[0]: got request NetworkRequest [ TRACK_DEFAULT id=32, [ Capabilities: INTERNET&NOT_RESTRICTED&TRUSTED&NOT_VPN] ] with score 60
03-25 00:36:01.392  3979  6812 I NearbySharing: Stopping advertising because Bluetooth is disabled.
03-25 00:36:01.393  3491  3491 D PhoneSwitcherNetworkRequstListener: got request NetworkRequest [ TRACK_DEFAULT id=32, [ Capabilities: INTERNET&NOT_RESTRICTED&TRUSTED&NOT_VPN] ] with score 60
03-25 00:36:01.393  3491  3491 D SubscriptionController: [getDefaultDataSubId] subId= 2
03-25 00:36:01.393  3491  3491 D SubscriptionController: [getDefaultDataSubId] subId= 2
03-25 00:36:01.393  3491  3491 D PhoneSwitcher: evaluating due to netRequest
03-25 00:36:01.393  3267  3465 D ConnectivityService: Network NetworkAgentInfo [WIFI () - 101] was already satisfying request 3. No change.
03-25 00:36:01.394  3267  3465 D ConnectivityService: Network NetworkAgentInfo [WIFI () - 101] was already satisfying request 1. No change.
03-25 00:36:01.394  3267  3465 D ConnectivityService: isNewDefault = false
03-25 00:36:01.394  3267  3465 D ConnectivityService: keep = true
03-25 00:36:01.394  3267  3465 D ConnectivityService: rematchNetworkAndRequests: reap = REAP
03-25 00:36:01.394  3267  3465 D ConnectivityService: rematching NetworkAgentInfo [MOBILE (LTE) - 100], score is 50
03-25 00:36:01.395  3267  3465 D ConnectivityService:  network has: [ Transports: CELLULAR Capabilities: SUPL&XCAP&INTERNET&NOT_RESTRICTED&TRUSTED&NOT_VPN&VALIDATED&FOREGROUND LinkUpBandwidth>=51200Kbps LinkDnBandwidth>=102400Kbps Specifier: <2>]
03-25 00:36:01.395  3267  3465 D ConnectivityService: Network NetworkAgentInfo [MOBILE (LTE) - 100] was already satisfying request 2. No change.
03-25 00:36:01.395  3267  3465 D ConnectivityService:   checking if request is satisfied: NetworkRequest [ TRACK_DEFAULT id=28, [ Capabilities: INTERNET&NOT_RESTRICTED&TRUSTED&NOT_VPN] ], satisfies = true
03-25 00:36:01.395  3267  3465 D ConnectivityService: currentScore = 60, newScore = 50
03-25 00:36:01.395  3267  3465 D ConnectivityService:   checking if request is satisfied: NetworkRequest [ TRACK_DEFAULT id=24, [ Capabilities: INTERNET&NOT_RESTRICTED&TRUSTED&NOT_VPN] ], satisfies = true
03-25 00:36:01.395  3267  3465 D ConnectivityService: currentScore = 60, newScore = 50
03-25 00:36:01.395  3267  3465 D ConnectivityService:   checking if request is satisfied: NetworkRequest [ TRACK_DEFAULT id=19, [ Capabilities: INTERNET&NOT_RESTRICTED&TRUSTED&NOT_VPN] ], satisfies = true
03-25 00:36:01.395  3267  3465 D ConnectivityService: currentScore = 60, newScore = 50
03-25 00:36:01.395  3267  3465 D ConnectivityService:   checking if request is satisfied: NetworkRequest [ TRACK_DEFAULT id=20, [ Capabilities: INTERNET&NOT_RESTRICTED&TRUSTED&NOT_VPN] ], satisfies = true
03-25 00:36:01.395  3267  3465 D ConnectivityService: currentScore = 60, newScore = 50
03-25 00:36:01.395  3267  3465 D ConnectivityService:   checking if request is satisfied: NetworkRequest [ TRACK_DEFAULT id=25, [ Capabilities: INTERNET&NOT_RESTRICTED&TRUSTED&NOT_VPN] ], satisfies = true
03-25 00:36:01.395  3267  3465 D ConnectivityService: currentScore = 60, newScore = 50
03-25 00:36:01.395  3267  3465 D ConnectivityService:   checking if request is satisfied: NetworkRequest [ TRACK_DEFAULT id=22, [ Capabilities: INTERNET&NOT_RESTRICTED&TRUSTED&NOT_VPN] ], satisfies = true
03-25 00:36:01.395  3267  3465 D ConnectivityService: currentScore = 60, newScore = 50
03-25 00:36:01.395  3267  3465 D ConnectivityService:   checking if request is satisfied: NetworkRequest [ TRACK_DEFAULT id=10, [ Capabilities: INTERNET&NOT_RESTRICTED&TRUSTED&NOT_VPN] ], satisfies = true
03-25 00:36:01.395  3267  3465 D ConnectivityService: currentScore = 60, newScore = 50
03-25 00:36:01.395  3267  3465 D ConnectivityService:   checking if request is satisfied: NetworkRequest [ TRACK_DEFAULT id=32, [ Capabilities: INTERNET&NOT_RESTRICTED&TRUSTED&NOT_VPN] ], satisfies = true
03-25 00:36:01.395  3267  3465 D ConnectivityService: currentScore = 60, newScore = 50
03-25 00:36:01.395  3267  3465 D ConnectivityService:   checking if request is satisfied: NetworkRequest [ TRACK_DEFAULT id=6, [ Capabilities: INTERNET&NOT_RESTRICTED&TRUSTED&NOT_VPN] ], satisfies = true
03-25 00:36:01.395  3267  3465 D ConnectivityService: currentScore = 60, newScore = 50
03-25 00:36:01.395  3267  3465 D ConnectivityService:   checking if request is satisfied: NetworkRequest [ TRACK_DEFAULT id=3, [ Capabilities: INTERNET&NOT_RESTRICTED&TRUSTED&NOT_VPN] ], satisfies = true
03-25 00:36:01.395  3267  3465 D ConnectivityService: currentScore = 60, newScore = 50
03-25 00:36:01.395  3267  3465 D ConnectivityService:   checking if request is satisfied: NetworkRequest [ REQUEST id=1, [ Capabilities: INTERNET&NOT_RESTRICTED&TRUSTED&NOT_VPN] ], satisfies = true
03-25 00:36:01.395  3267  3465 D ConnectivityService: currentScore = 60, newScore = 50
03-25 00:36:01.395  3267  3465 D ConnectivityService: isNewDefault = false
03-25 00:36:01.396  3267  3465 D ConnectivityService: keep = true
03-25 00:36:01.397  2991  2991 D keystore: start update!
03-25 00:36:01.397  7280  7280 W ProviderHelper: Unknown dynamite feature providerinstaller.dynamite
03-25 00:36:01.397  2831  2831 E TrustyKeymaster: jacky, we have 1 rounds, left=10, total=10
03-25 00:36:01.397  7280  7280 I DynamiteModule: Considering local module com.google.android.gms.providerinstaller.dynamite:1 and remote module com.google.android.gms.providerinstaller.dynamite:0
03-25 00:36:01.397  7280  7280 I DynamiteModule: Selected local version of com.google.android.gms.providerinstaller.dynamite
03-25 00:36:01.399  2991  2991 D keystore: finish update, rc = 1 
03-25 00:36:01.404  2991  2991 D keystore: start finish!
03-25 00:36:01.406  2991  2991 D keystore: finish finish, rc = 1 
03-25 00:36:01.412  2991  2991 D keystore: start get key characteristices!
03-25 00:36:01.414  2991  2991 D keystore: finish get key characteristices, rc = 0 
03-25 00:36:01.414  2991  2991 D keystore: start begin!
03-25 00:36:01.415  2991  2991 D keystore: finish begin, rc =  0 
03-25 00:36:01.416  2991  2991 D keystore: start update!
03-25 00:36:01.416  2831  2831 E TrustyKeymaster: jacky, we have 1 rounds, left=26, total=26
03-25 00:36:01.418  2991  2991 D keystore: finish update, rc = 1 
03-25 00:36:01.421  2991  2991 D keystore: start finish!
03-25 00:36:01.422  2991  2991 D keystore: finish finish, rc = 1 
03-25 00:36:01.431  3979  6812 I NearbySharing: There is no account metadata, return default instance.
03-25 00:36:01.452  3979  6812 I NearbySharing: There is no account metadata, return default instance.
03-25 00:36:01.452  3979  6812 I NearbySharing: Stopping FastInitiation scanning because visibility is hidden.
03-25 00:36:01.458  3979  6812 I NearbySharing: Fast Initiation Scanning has stopped
03-25 00:36:01.460  3979  6812 I NearbySharing: Dismissing HUN as there's no device nearby.
03-25 00:36:01.465  3267  3703 D BroadcastQueue: Add broadcast <BroadcastRecord{a64ba73 u0 com.google.android.gms.nearby.sharing.STATE_CHANGED}> into [parallel | background], pending size 0
03-25 00:36:01.465  7280  7280 V NativeCrypto: Registering com/google/android/gms/org/conscrypt/NativeCrypto's 334 native methods...
03-25 00:36:01.466  3267  3320 D BroadcastQueue: Done with parallel broadcast [background] [BroadcastRecord{a64ba73 u0 com.google.android.gms.nearby.sharing.STATE_CHANGED}]
03-25 00:36:01.467  3979  6812 I NearbySharing: Broadcasting NearbySharing state change.
03-25 00:36:01.469  3267  3561 D BroadcastQueue: Add broadcast <BroadcastRecord{5a49d30 u0 com.google.android.gms.nearby.sharing.STATE_CHANGED}> into [parallel | background], pending size 0
03-25 00:36:01.470  3267  3293 D BroadcastQueue: Done with parallel broadcast [background] [BroadcastRecord{5a49d30 u0 com.google.android.gms.nearby.sharing.STATE_CHANGED}]
