03-25 00:04:08.355  3256  3480 D JobStatus: isReady()  jobId=31  mReschedule=true  enable=false
03-25 00:04:08.355  3256  3480 I JobScheduler.Conn: Connectivity unchanged for JobStatus{33d4ba1 #u0a72/31 com.google.android.tts/androidx.work.impl.background.systemjob.SystemJobService u=0 s=10072 TIME=-2m6s643ms:none NET=2 CHARGING IDLE}: usable=true connected=true validated=true metered=false unmetered=true notRoaming=true
03-25 00:04:08.358  3256  5580 I WifiService: getConnectionInfo uid=10082
03-25 00:04:08.358  3256  3480 D JobStatus: isReady()  jobId=201  mReschedule=true  enable=false
03-25 00:04:08.359  3256  3480 I JobScheduler.Conn: Connectivity unchanged for JobStatus{2dd41f8 #u0a2/201 com.android.dialer/com.android.voicemail.impl.StatusCheckJobService u=0 s=10002 TIME=+23h57m42s814ms:+1d23h57m42s814ms NET=1 CHARGING PERIODIC}: usable=true connected=true validated=true metered=false unmetered=true notRoaming=true
03-25 00:04:08.360  3256  3468 D ConnectivityService: updateNetworkScore for NetworkAgentInfo [WIFI () - 101] to 57
03-25 00:04:08.361  3256  3468 D ConnectivityService: rematchAllNetworksAndRequests: oldScore = 52, currentScore = 57
03-25 00:04:08.361  3256  3468 D ConnectivityService: rematchNetworkAndRequests: reap = REAP
03-25 00:04:08.361  3256  3480 D JobStatus: isReady()  jobId=35  mReschedule=true  enable=false
03-25 00:04:08.361  3256  3480 I JobScheduler.Conn: Connectivity unchanged for JobStatus{281dcb4 #u0a72/35 com.google.android.tts/androidx.work.impl.background.systemjob.SystemJobService u=0 s=10072 TIME=+53m19s857ms:none NET=1 CHARGING IDLE}: usable=true connected=true validated=true metered=false unmetered=true notRoaming=true
03-25 00:04:08.361  3256  3468 D ConnectivityService: rematching NetworkAgentInfo [WIFI () - 101], score is 57
03-25 00:04:08.361  3256  3480 D JobStatus: isReady()  jobId=227  mReschedule=true  enable=false
03-25 00:04:08.362  3256  3480 I JobScheduler.Conn: Connectivity unchanged for JobStatus{1ed6d1 #u0a76/227 com.google.android.inputmethod.latin/androidx.work.impl.background.systemjob.SystemJobService u=0 s=10076 TIME=-2m17s130ms:none NET=2 CHARGING IDLE}: usable=true connected=true validated=true metered=false unmetered=true notRoaming=true
03-25 00:04:08.362  3256  3468 D ConnectivityService:  network has: [ Transports: WIFI Capabilities: NOT_METERED&INTERNET&NOT_RESTRICTED&TRUSTED&NOT_VPN&VALIDATED&FOREGROUND LinkUpBandwidth>=1048576Kbps LinkDnBandwidth>=1048576Kbps SignalStrength: -64]
03-25 00:04:08.362  3256  3468 D ConnectivityService: Network NetworkAgentInfo [WIFI () - 101] was already satisfying request 31. No change.
03-25 00:04:08.362  3256  3468 D ConnectivityService: Network NetworkAgentInfo [WIFI () - 101] was already satisfying request 1. No change.
03-25 00:04:08.362  3256  3468 D ConnectivityService: Network NetworkAgentInfo [WIFI () - 101] was already satisfying request 30. No change.
03-25 00:04:08.362  3256  3468 D ConnectivityService: Network NetworkAgentInfo [WIFI () - 101] was already satisfying request 10. No change.
03-25 00:04:08.362  3256  3468 D ConnectivityService: Network NetworkAgentInfo [WIFI () - 101] was already satisfying request 33. No change.
03-25 00:04:08.362  3256  3468 D ConnectivityService: Network NetworkAgentInfo [WIFI () - 101] was already satisfying request 6. No change.
03-25 00:04:08.362  3256  3468 D ConnectivityService:   checking if request is satisfied: NetworkRequest [ BACKGROUND_REQUEST id=2, [ Transports: CELLULAR Capabilities: INTERNET&NOT_RESTRICTED&TRUSTED&NOT_VPN] ], satisfies = false
03-25 00:04:08.362  3256  3468 D ConnectivityService: Network NetworkAgentInfo [WIFI () - 101] was already satisfying request 3. No change.
03-25 00:04:08.362  3256  3468 D ConnectivityService: Network NetworkAgentInfo [WIFI () - 101] was already satisfying request 19. No change.
03-25 00:04:08.362  3256  3468 D ConnectivityService: Network NetworkAgentInfo [WIFI () - 101] was already satisfying request 26. No change.
03-25 00:04:08.362  3256  3468 D ConnectivityService: Network NetworkAgentInfo [WIFI () - 101] was already satisfying request 20. No change.
03-25 00:04:08.362  3256  3468 D ConnectivityService: Network NetworkAgentInfo [WIFI () - 101] was already satisfying request 22. No change.
03-25 00:04:08.362  3256  3468 D ConnectivityService: isNewDefault = false
03-25 00:04:08.363  3256  3468 D ConnectivityService: keep = true
03-25 00:04:08.363  3256  3468 D ConnectivityService: sending new Min Network Score(57): NetworkRequest [ REQUEST id=1, [ Capabilities: INTERNET&NOT_RESTRICTED&TRUSTED&NOT_VPN] ]
03-25 00:04:08.363  3256  3468 D ConnectivityService: sending new Min Network Score(57): NetworkRequest [ TRACK_DEFAULT id=3, [ Capabilities: INTERNET&NOT_RESTRICTED&TRUSTED&NOT_VPN] ]
03-25 00:04:08.364  3256  3468 D ConnectivityService: sending new Min Network Score(57): NetworkRequest [ TRACK_DEFAULT id=6, [ Capabilities: INTERNET&NOT_RESTRICTED&TRUSTED&NOT_VPN] ]
03-25 00:04:08.364  3256  3468 D ConnectivityService: sending new Min Network Score(57): NetworkRequest [ TRACK_DEFAULT id=10, [ Capabilities: INTERNET&NOT_RESTRICTED&TRUSTED&NOT_VPN] ]
03-25 00:04:08.365  3256  3468 D ConnectivityService: sending new Min Network Score(57): NetworkRequest [ TRACK_DEFAULT id=19, [ Capabilities: INTERNET&NOT_RESTRICTED&TRUSTED&NOT_VPN] ]
03-25 00:04:08.365  3256  3468 D ConnectivityService: sending new Min Network Score(57): NetworkRequest [ TRACK_DEFAULT id=20, [ Capabilities: INTERNET&NOT_RESTRICTED&TRUSTED&NOT_VPN] ]
03-25 00:04:08.366  3256  3468 D ConnectivityService: sending new Min Network Score(57): NetworkRequest [ TRACK_DEFAULT id=22, [ Capabilities: INTERNET&NOT_RESTRICTED&TRUSTED&NOT_VPN] ]
03-25 00:04:08.366  3256  3468 D ConnectivityService: sending new Min Network Score(57): NetworkRequest [ TRACK_DEFAULT id=26, [ Capabilities: INTERNET&NOT_RESTRICTED&TRUSTED&NOT_VPN] ]
03-25 00:04:08.367  3256  3468 D ConnectivityService: sending new Min Network Score(57): NetworkRequest [ TRACK_DEFAULT id=30, [ Capabilities: INTERNET&NOT_RESTRICTED&TRUSTED&NOT_VPN] ]
03-25 00:04:08.367  3256  3468 D ConnectivityService: sending new Min Network Score(57): NetworkRequest [ TRACK_DEFAULT id=31, [ Capabilities: INTERNET&NOT_RESTRICTED&TRUSTED&NOT_VPN] ]
03-25 00:04:08.368  3256  3468 D ConnectivityService: sending new Min Network Score(57): NetworkRequest [ TRACK_DEFAULT id=33, [ Capabilities: INTERNET&NOT_RESTRICTED&TRUSTED&NOT_VPN] ]
03-25 00:04:08.339  3495  3507 I chatty  : uid=1001(radio) Binder:3495_1 identical 1 line
03-25 00:04:08.349  3495  3507 D SubscriptionController: [getDefaultDataSubId] subId= 2
03-25 00:04:08.370  3495  3709 D SubscriptionController: [getDefaultDataSubId] subId= 2
03-25 00:04:08.379  6871  7121 D ConnectivityObserver: 2026-03-25T03:04:08.379Z: [id=1] State changed after 26ms: WiFi=true/3, Online=true, Cell=4G/3, SIM=PRESENT | changes=wifiLevel:2->3
03-25 00:04:08.761  3256  3440 D AlarmManager: waitForAlarm result:4currentTime=1774407848760, elapsedRealtime=170275
03-25 00:04:08.761  3256  3440 D AlarmManagerService: set alarm to kernel: 221.546000000, type=2 
03-25 00:04:08.761  3256  3440 D AlarmManagerService: set alarm to kernel: 191.593000000, type=3 
03-25 00:04:08.761  3256  3440 D AlarmManager: triggerList.size = 3, hasWakeup = true
03-25 00:04:08.762  3256  3440 V AlarmManager: sending alarm Alarm{a7eae67 type 0 when 1774407842215 com.urbetrack.sweeptracker}
03-25 00:04:08.763  3256  3440 V AlarmManager: sending alarm Alarm{bbdd414 type 3 when 161546 com.hsc.floatmultitask}
03-25 00:04:08.764  6871  6871 D LocationService: 2026-03-25T03:04:08.763Z: onStartCommand: Received ACTION_START_WINDOW alarm
03-25 00:04:08.766  6871  6871 D LocationService: 2026-03-25T03:04:08.765Z: getLocationInterval: source=Unplugged, plugged=false, interval=15s
03-25 00:04:08.766  3256  3440 V AlarmManager: sending alarm Alarm{1e994bd type 3 when 170275 com.google.android.gms}
03-25 00:04:08.767  3256  3440 D BroadcastQueue: Add broadcast <BroadcastRecord{2f41ab2 u0 com.google.android.gms.gcm.ACTION_CHECK_QUEUE}> into [ordered | background], pending size 0
03-25 00:04:08.767  3256  3440 D BroadcastQueue: Header is BroadcastRecord{2f41ab2 u0 com.google.android.gms.gcm.ACTION_CHECK_QUEUE} now
03-25 00:04:08.767  6871  6871 D LocationService: 2026-03-25T03:04:08.767Z: safeStartNewWindow depth=1 interval=15000ms
03-25 00:04:08.768  6500  6500 I FloatMultiTaskService:  PowerSaveMode  1 isPowerSaveMode false
03-25 00:04:08.768  6500  6500 I FloatMultiTaskService: onStartCommand(),action=com.hsc.floatmultitask.update
03-25 00:04:08.775  6871  6871 D LocationService: 2026-03-25T03:04:08.775Z: Attempting to start location window, interval=15000ms, mutex=false
03-25 00:04:08.777  6871  6871 D LocationService: 2026-03-25T03:04:08.776Z: Location window starting, interval=15000ms, mutex=true
03-25 00:04:08.778  6871  6871 D LocationService: 2026-03-25T03:04:08.778Z: Location window setup complete, releasing mutex, interval=15000ms, mutex=true
03-25 00:04:08.779  3256  5580 I am_create_service: [0,163432963,.PersistentIntentOperationService,10014,3985]
03-25 00:04:08.780  6871  6871 D LocationService: 2026-03-25T03:04:08.780Z: buildLocationRequest: batterySaving=false, priority=100, interval=15000ms, minUpdate=2000ms, window=15000ms
03-25 00:04:08.781  3256  5886 D BroadcastQueue: Finished with ordered broadcast BroadcastRecord{2f41ab2 u0 com.google.android.gms.gcm.ACTION_CHECK_QUEUE} receivers:(1) take 12ms in [background], remains 0
03-25 00:04:08.781  6871  6871 D LocationService: 2026-03-25T03:04:08.781Z: Window#8 started: method=GPS, interval=15000ms, priority=100, callback=51826549
03-25 00:04:08.789  3256  5580 V AlarmManager: set(PendingIntent{aae1d80: PendingIntentRecord{a1fbfb9 com.google.android.gms startService}}) : type=3 triggerAtTime=315360170302 win=236519999999 tElapsed=315360170302 maxElapsed=551880170301 interval=0 flags=0x0
03-25 00:04:08.792  3256  4778 D BroadcastQueue: Add broadcast <BroadcastRecord{e052ffe u0 android.location.HIGH_POWER_REQUEST_CHANGE}> into [parallel | background], pending size 0
03-25 00:04:08.793  3256  3328 D BroadcastQueue: Done with parallel broadcast [background] [BroadcastRecord{e052ffe u0 android.location.HIGH_POWER_REQUEST_CHANGE}]
03-25 00:04:08.797  3256  3758 D PowerController.RecogA: handleMessage(MSG_REPORT_EVENT)
03-25 00:04:08.798  3256  4778 I GnssLocationProvider: WakeLock acquired by sendMessage(SET_REQUEST, 0, com.android.server.location.GnssLocationProvider$GpsRequest@ef39e75)
03-25 00:04:08.798  3256  3327 I GnssLocationProvider: WakeLock released by handleMessage(SET_REQUEST, 0, com.android.server.location.GnssLocationProvider$GpsRequest@ef39e75)
03-25 00:04:08.800  3256  4778 V AlarmManager: set(PendingIntent{cecacf1: PendingIntentRecord{dd40d6 com.google.android.gms broadcastIntent}}) : type=2 triggerAtTime=200310 win=0 tElapsed=200310 maxElapsed=200310 interval=0 flags=0x5
03-25 00:04:08.801  3256  4778 D AlarmManagerService: set alarm to kernel: 200.310000000, type=2 
03-25 00:04:08.806  3256  5886 D BroadcastQueue: Add broadcast <BroadcastRecord{379ff57 u0 android.location.HIGH_POWER_REQUEST_CHANGE}> into [parallel | background], pending size 0
03-25 00:04:08.808  3256  3328 D BroadcastQueue: Done with parallel broadcast [background] [BroadcastRecord{379ff57 u0 android.location.HIGH_POWER_REQUEST_CHANGE}]
03-25 00:04:08.812  3256  3758 D PowerController.RecogA: handleMessage(MSG_REPORT_EVENT)
03-25 00:04:08.812  3256  4778 I GnssLocationProvider: WakeLock acquired by sendMessage(SET_REQUEST, 0, com.android.server.location.GnssLocationProvider$GpsRequest@78e272d)
03-25 00:04:08.813  3256  3327 I GnssLocationProvider: WakeLock released by handleMessage(SET_REQUEST, 0, com.android.server.location.GnssLocationProvider$GpsRequest@78e272d)
03-25 00:04:08.814  3256  3296 I GnssLocationProvider: WakeLock acquired by sendMessage(SET_REQUEST, 0, com.android.server.location.GnssLocationProvider$GpsRequest@1449462)
03-25 00:04:08.814  3256  3327 I GnssLocationProvider: WakeLock released by handleMessage(SET_REQUEST, 0, com.android.server.location.GnssLocationProvider$GpsRequest@1449462)
03-25 00:04:08.816  3985  4869 I ActivityScheduler: nextTriggerTime: 171327, in 997ms, detectorType: 39, FULL_TYPE alarmWindowMillis: 10000
03-25 00:04:08.814  3256  3758 D PowerController.RecogA: handleMessage(MSG_REPORT_EVENT)
03-25 00:04:08.820  3256  5580 V AlarmManager: set(PendingIntent{53539f3: PendingIntentRecord{60dbe51 com.google.android.gms broadcastIntent}}) : type=2 triggerAtTime=171327 win=10000 tElapsed=175334 maxElapsed=185334 interval=0 flags=0x0
03-25 00:04:08.820  3256  5580 V AlarmManager: remove(operation) changed bounds; rebatching
03-25 00:04:08.821  3256  5580 D AlarmManagerService: set alarm to kernel: 175.334000000, type=2 
03-25 00:04:08.826  3256  5580 I WifiService: getWifiEnabledState uid=10014
03-25 00:04:08.826  3985  4869 W Settings: Setting airplane_mode_on has moved from android.provider.Settings.System to android.provider.Settings.Global, returning read-only value.
03-25 00:04:08.827  3256  5419 V AlarmManager: remove(operation) changed bounds; rebatching
03-25 00:04:08.828  3256  5419 D AlarmManagerService: set alarm to kernel: 200.310000000, type=2 
03-25 00:04:08.833  3495  4873 D RILJ    : [4160]> RIL_REQUEST_GET_CELL_INFO_LIST [SUB0]
03-25 00:04:08.833  2930  3432 D sensor  : poll__batch handle=0 sampling_period_ns=20ms, max_report_latency_ns=0ms
03-25 00:04:08.833  2930  3432 E sensor  : AccSensor: mDelay(66667000) delay_ns(20000000)
03-25 00:04:08.833  2930  3432 E sensor  : AccSensor: ms(50) 
03-25 00:04:08.833  3366  3366 D RILC    : getCellInfoList: serial 512
03-25 00:04:08.833  3366  3909 D RIL     : onRequest: GET_CELL_INFO_LIST radioState=4
03-25 00:04:08.833  3366  3909 D REQ_THDS: get Channel1
03-25 00:04:08.833  2930  3432 D sensor  : poll__flush handle=0
03-25 00:04:08.833  2930  2930 E sensor  : reading flush event from pipe
03-25 00:04:08.836  3366  3909 D RILC    : RequestComplete, RIL_SOCKET_1
03-25 00:04:08.836  3366  3909 E RILC    : Calling responseFunction() for token 512
03-25 00:04:08.836  3366  3909 D RILC    : getCellInfoListResponse: serial 512
03-25 00:04:08.836  3366  3909 D REQ_THDS: put Channel1
03-25 00:04:08.836  3366  3909 I REQ_THDS: -->CommandThread [3909] free one command
03-25 00:04:08.837  3627  3627 D wpa_supplicant: nl80211: Ignored event (cmd=33) for foreign interface (ifindex 14 wdev 0x0)
03-25 00:04:08.837  3627  3627 D wpa_supplicant: nl80211: Drv Event 33 (NL80211_CMD_TRIGGER_SCAN) received for wlan0
03-25 00:04:08.837  3627  3627 D wpa_supplicant: wlan0: nl80211: Scan trigger
03-25 00:04:08.837  3627  3627 D wpa_supplicant: wlan0: Event SCAN_STARTED (47) received
03-25 00:04:08.837  3627  3627 D wpa_supplicant: wlan0: External program started a scan
03-25 00:04:08.837  3495  3651 D RILJ    : [4160]< RIL_REQUEST_GET_CELL_INFO_LIST [CellInfoLte:{mRegistered=YES mTimeStampType=oem_ril mTimeStamp=170350497223ns CellIdentityLte:{ mMcc=722 mMnc=7 mCi=213798698 mPci=37 mTac=1866 mEarfcn=2850} CellSignalStrengthLte: ss=35 rsrp=-105 rsrq=-8 rssnr=2147483647 cqi=2147483647 ta=2147483647}, CellInfoLte:{mRegistered=NO mTimeStampType=oem_ril mTimeStamp=2147483647ns CellIdentityLte:{ mMcc=2147483647 mMnc=2147483647 mCi=2147483647 mPci=190 mTac=2147483647 mEarfcn=2850} CellSignalStrengthLte: ss=26 rsrp=-114 rsrq=-16 rssnr=2147483647 cqi=2147483647 ta=2147483647}] [SUB0]
03-25 00:04:08.837  3256  3465 V AlarmManager: set(null) : type=2 triggerAtTime=185351 win=11250 tElapsed=185351 maxElapsed=196601 interval=0 flags=0x8
03-25 00:04:08.837  3256  3465 D AlarmManagerService: set alarm to kernel: 185.351000000, type=2 
03-25 00:04:08.864  3256  4778 V AlarmManager: set(PendingIntent{443e6b0: PendingIntentRecord{f36e118 com.google.android.gms broadcastIntent}}) : type=3 triggerAtTime=402179 win=173850 tElapsed=402179 maxElapsed=576029 interval=0 flags=0x0
03-25 00:04:08.866  3256  3296 I am_create_service: [0,207585871,.SpamListSyncTaskService,10014,4304]
03-25 00:04:08.871  3256  3756 D PowerController.AppState: - reportAppProcStateInfo() E -
03-25 00:04:08.871  3256  3756 D PowerController.AppState: - reportAppProcStateInfo() E -
03-25 00:04:08.871  3256  3758 D PowerController.RecogA: handleMessage(MSG_REPORT_EVENT)
03-25 00:04:08.874  3985  6646 I NetworkScheduler.Stats: (REDACTED) Task %s/%s started execution. cause:%s exec_start_elapsed_seconds: %s
03-25 00:04:08.875  4304  6411 I TelephonySpamChimeraSer: Running Telephony Spam Chimera Service [CONTEXT service_id=150 ]
03-25 00:04:08.880  4304  6411 I TelephonySpamChimeraSer: Cleaning SIP Header local table of old entries [CONTEXT service_id=150 ]
03-25 00:04:08.884  4304  6411 I SpamListSync: Call spam module disabled. Skipping cleaning cache sip header table. [CONTEXT service_id=150 ]
03-25 00:04:08.884  4304  6411 I TelephonySpamChimeraSer: Syncing Call Spam List [CONTEXT service_id=150 ]
03-25 00:04:08.885  4304  6411 I SpamListSync: (REDACTED) SpamListSyncChimeraService.syncSpamList called with tag: %s, extras: %s
03-25 00:04:08.886  4304  6411 I SpamListSync: Call spam module disabled. Skipping spam list syncing. [CONTEXT service_id=150 ]
03-25 00:04:08.889  3256  3296 I am_destroy_service: [0,207585871,4304]
03-25 00:04:08.890  3985  4568 I NetworkScheduler.Stats: (REDACTED) Task %s/%s finished executing. cause:%s result: %s elapsed_millis: %s uptime_millis: %s exec_start_elapsed_seconds: %s
03-25 00:04:08.871  3256  3758 D PowerController.RecogA: handleMessage(MSG_REPORT_EVENT)
03-25 00:04:08.905  3256  5580 V AlarmManager: remove(operation) changed bounds; rebatching
03-25 00:04:08.971  3256  3296 V AlarmManager: set(PendingIntent{ad04dba: PendingIntentRecord{f36e118 com.google.android.gms broadcastIntent}}) : type=3 triggerAtTime=402179 win=173770 tElapsed=402179 maxElapsed=575949 interval=0 flags=0x0
03-25 00:04:08.974  3256  5580 I am_create_service: [0,154252385,.QosUploaderService,10014,3985]
03-25 00:04:08.981  3256  3756 D PowerController.AppState: - reportAppProcStateInfo() E -
03-25 00:04:08.981  3256  3756 D PowerController.AppState: - reportAppProcStateInfo() E -
03-25 00:04:08.981  3256  3758 D PowerController.RecogA: handleMessage(MSG_REPORT_EVENT)
03-25 00:04:08.982  3985  6646 I NetworkScheduler.Stats: (REDACTED) Task %s/%s started execution. cause:%s exec_start_elapsed_seconds: %s
03-25 00:04:08.994  3256  5580 I am_destroy_service: [0,154252385,3985]
03-25 00:04:08.996  3985  4568 I NetworkScheduler.Stats: (REDACTED) Task %s/%s finished executing. cause:%s result: %s elapsed_millis: %s uptime_millis: %s exec_start_elapsed_seconds: %s
03-25 00:04:08.981  3256  3758 D PowerController.RecogA: handleMessage(MSG_REPORT_EVENT)
03-25 00:04:09.007  3256  4778 V AlarmManager: remove(operation) changed bounds; rebatching
03-25 00:04:09.010  3256  3296 V AlarmManager: set(PendingIntent{afcec74: PendingIntentRecord{f36e118 com.google.android.gms broadcastIntent}}) : type=3 triggerAtTime=402179 win=173741 tElapsed=402179 maxElapsed=575920 interval=0 flags=0x0
03-25 00:04:09.068  3013  3727 E LIBGPS  : send agps cmd to server
03-25 00:04:09.069  3013  3727 E LIBGPS  : send agps cmd to server
03-25 00:04:09.069  3013  3727 E LIBGPS  : begin save flash data,subtype is 31,lenth is 88
03-25 00:04:09.071  3013  3727 E LIBGPS  : ===>>>>set para type
03-25 00:04:09.077  3026  3172 D WCND    : is_cp2_alive_ok: open polling interface: /proc/mdbg/loopcheck, fd = 13
03-25 00:04:09.082  3256  4778 V AlarmManager: remove(operation) changed bounds; rebatching
03-25 00:04:09.084  3256  4778 V AlarmManager: set(null) : type=3 triggerAtTime=192586 win=0 tElapsed=192586 maxElapsed=192586 interval=0 flags=0x1
03-25 00:04:09.088  6871  6871 D LocationService: 2026-03-25T03:04:09.088Z: Window#8 threshold met (goodCount=1, mode=GPS), finishing in 1500ms
03-25 00:04:09.092  6871  6871 D LocationService: 2026-03-25T03:04:09.091Z: getCurrentLocation#8: Location[fused -37.118300,-56.856678 hAcc=15 et=+2m50s586ms alt=25.5 vel=0.91470844 bear=273.0 vAcc=2 sAcc=2 bAcc=45 {Bundle[mParcelledData.dataSize=544]}]
03-25 00:04:09.094  3256  3296 D BroadcastQueue: Add broadcast <BroadcastRecord{374359d u0 android.location.HIGH_POWER_REQUEST_CHANGE}> into [parallel | background], pending size 0
03-25 00:04:09.095  3256  3328 D BroadcastQueue: Done with parallel broadcast [background] [BroadcastRecord{374359d u0 android.location.HIGH_POWER_REQUEST_CHANGE}]
03-25 00:04:09.097  3256  4778 V AlarmManager: remove(operation) changed bounds; rebatching
03-25 00:04:09.101  3256  4778 I GnssLocationProvider: WakeLock acquired by sendMessage(SET_REQUEST, 0, com.android.server.location.GnssLocationProvider$GpsRequest@e2085e3)
03-25 00:04:09.102  3256  3758 D PowerController.RecogA: handleMessage(MSG_REPORT_EVENT)
03-25 00:04:09.102  3256  3327 I GnssLocationProvider: WakeLock released by handleMessage(SET_REQUEST, 0, com.android.server.location.GnssLocationProvider$GpsRequest@e2085e3)
03-25 00:04:09.103  3256  4778 I GnssLocationProvider: WakeLock acquired by sendMessage(SET_REQUEST, 0, com.android.server.location.GnssLocationProvider$GpsRequest@d365be0)
03-25 00:04:09.103  3256  3327 I GnssLocationProvider: WakeLock released by handleMessage(SET_REQUEST, 0, com.android.server.location.GnssLocationProvider$GpsRequest@d365be0)
03-25 00:04:09.177  3026  3172 D WCND    : is_cp2_alive_ok: loop: /proc/mdbg/loopcheck is OK
03-25 00:04:09.335  3366  3377 D RIL     : rxlev[0]=99, rscp[0]=255, rsrp[0]=104
03-25 00:04:09.335  3366  3377 D RILC    : currentSignalStrengthInd
03-25 00:04:09.335  3366  3377 I RILC    : RIL_SOCKET_1 UNSOLICITED: UNSOL_SIGNAL_STRENGTH length:56
03-25 00:04:09.338  3495  4873 D SubscriptionController: [getDefaultDataSubId] subId= 2
03-25 00:04:09.340  3256  5580 I WifiService: getConnectionInfo uid=10082
03-25 00:04:09.378  2930  3432 D sensor  : poll__batch handle=0 sampling_period_ns=66ms, max_report_latency_ns=0ms
03-25 00:04:09.378  2930  3432 E sensor  : AccSensor: mDelay(20000000) delay_ns(66667000)
03-25 00:04:09.378  2930  3432 E sensor  : AccSensor: ms(50) 
03-25 00:04:09.396  3529  3753 I sysui_multi_action: [757,1093,758,4,793,8324,1094,604504577,1095,5]
03-25 00:04:09.397  3985  4869 I force_gc: Binder
03-25 00:04:09.415  3627  3627 D wpa_supplicant: nl80211: Ignored event (cmd=34) for foreign interface (ifindex 14 wdev 0x0)
03-25 00:04:09.415  3627  3627 D wpa_supplicant: nl80211: Drv Event 34 (NL80211_CMD_NEW_SCAN_RESULTS) received for wlan0
03-25 00:04:09.415  3627  3627 D wpa_supplicant: wlan0: nl80211: New scan results available
03-25 00:04:09.415  3627  3627 D wpa_supplicant: nl80211: Scan probed for SSID ''
03-25 00:04:09.415  3627  3627 D wpa_supplicant: nl80211: Scan included frequencies: 2412 2417 2422 2427 2432 2437 2442 2447 2452 2457 2462 2467 2472
03-25 00:04:09.415  3627  3627 D wpa_supplicant: wlan0: Event SCAN_RESULTS (3) received
03-25 00:04:09.415  3627  3627 D wpa_supplicant: nl80211: Received scan results (2 BSSes)
03-25 00:04:09.415  3256  3296 D WificondControl: Scan result ready event
03-25 00:04:09.415  3627  3627 D wpa_supplicant: nl80211: Scan results indicate BSS status with 14:eb:b6:dd:08:e4 as associated
03-25 00:04:09.415  3627  3627 D wpa_supplicant: wlan0: BSS: Start scan result update 10
03-25 00:04:09.415  3627  3627 D wpa_supplicant: BSS: last_scan_res_used=2/32
03-25 00:04:09.102  3256  3758 D PowerController.RecogA: handleMessage(MSG_REPORT_EVENT)
03-25 00:04:09.415  3256  3465 V AlarmManager: remove(operation) changed bounds; rebatching
03-25 00:04:09.415  3627  3627 D wpa_supplicant: wlan0: New scan results available (own=0 ext=1)
03-25 00:04:09.416  3627  3627 D wpa_supplicant: wlan0: Do not use results from externally requested scan operation for network selection
03-25 00:04:09.416  3256  3465 D AlarmManagerService: set alarm to kernel: 221.546000000, type=2 
03-25 00:04:09.416  3627  3627 D wpa_supplicant: p2p-dev-wlan0: Updating scan results from sibling
03-25 00:04:09.416  3256  3465 D AlarmManagerService: set alarm to kernel: 192.586000000, type=3 
03-25 00:04:09.416  3627  3627 D wpa_supplicant: nl80211: Received scan results (2 BSSes)
03-25 00:04:09.416  3627  3627 D wpa_supplicant: p2p-dev-wlan0: BSS: Start scan result update 10
03-25 00:04:09.417  3627  3627 D wpa_supplicant: BSS: last_scan_res_used=2/32
03-25 00:04:09.417  3627  3627 D wpa_supplicant: p2p-dev-wlan0: New scan results available (own=0 ext=1)
03-25 00:04:09.417  3627  3627 D wpa_supplicant: p2p-dev-wlan0: Do not use results from externally requested scan operation for network selection
03-25 00:04:09.430  2930  2930 D sensor  : poll__batch handle=0 sampling_period_ns=20ms, max_report_latency_ns=0ms
03-25 00:04:09.430  2930  2930 E sensor  : AccSensor: mDelay(66667000) delay_ns(20000000)
03-25 00:04:09.430  2930  2930 E sensor  : AccSensor: ms(50) 
03-25 00:04:09.430  2930  2930 D sensor  : poll__flush handle=0
03-25 00:04:09.430  2930  3432 E sensor  : reading flush event from pipe
03-25 00:04:09.445  3985  4699 I FrewleTileCacheManagerV: (REDACTED) Fetched %d AP models from cache
03-25 00:04:09.472  3985  4646 I FusedLocation: (REDACTED) location delivery to %s blocked - too fast
03-25 00:04:09.478  3256  5580 V AlarmManager: set(PendingIntent{9b7996a: PendingIntentRecord{5e6ce5b com.google.android.gms broadcastIntent}}) : type=2 triggerAtTime=185663 win=0 tElapsed=185663 maxElapsed=185663 interval=0 flags=0x5
03-25 00:04:09.478  3256  5580 D AlarmManagerService: set alarm to kernel: 185.663000000, type=2 
03-25 00:04:09.575  3985  3996 I zygote64: Background concurrent copying GC freed 94980(4MB) AllocSpace objects, 4(80KB) LOS objects, 49% free, 12MB/24MB, paused 237us total 177.774ms
03-25 00:04:09.617  3926  3972 I CPVoiceAgent: select: retrun 0
03-25 00:04:10.071  3013  3727 E LIBGPS  : send agps cmd to server
03-25 00:04:10.072  3013  3727 E LIBGPS  : send agps cmd to server
03-25 00:04:10.074  3013  3727 E LIBGPS  : begin save flash data,subtype is 31,lenth is 88
03-25 00:04:10.074  3013  3727 E LIBGPS  : ===>>>>set para type
03-25 00:04:10.083  3256  4778 V AlarmManager: remove(operation) changed bounds; rebatching
03-25 00:04:10.087  3985  4646 I FusedLocation: (REDACTED) location delivery to %s blocked - too fast
03-25 00:04:10.092  3256  4778 V AlarmManager: set(null) : type=3 triggerAtTime=193589 win=0 tElapsed=193589 maxElapsed=193589 interval=0 flags=0x1
03-25 00:04:09.340  3495  4873 I chatty  : uid=1001(radio) Binder:3495_C identical 1 line
03-25 00:04:09.349  3495  4873 D SubscriptionController: [getDefaultDataSubId] subId= 2
03-25 00:04:10.335  3366  3377 D RIL     : rxlev[0]=99, rscp[0]=255, rsrp[0]=107
03-25 00:04:10.335  3366  3377 D RILC    : currentSignalStrengthInd
03-25 00:04:10.335  3366  3377 I RILC    : RIL_SOCKET_1 UNSOLICITED: UNSOL_SIGNAL_STRENGTH length:56
03-25 00:04:10.339  3495  4873 D SubscriptionController: [getDefaultDataSubId] subId= 2
03-25 00:04:10.340  3256  3296 I WifiService: getConnectionInfo uid=10082
03-25 00:04:10.590  6871  6871 D LocationService: 2026-03-25T03:04:10.590Z: Window#8 finish signal received or interval reached
03-25 00:04:10.592  6871  6871 D LocationService: 2026-03-25T03:04:10.591Z: Window#8 early processing starting
03-25 00:04:10.593  6871  6871 D LocationService: 2026-03-25T03:04:10.593Z: Early finish triggered for window#8, removed updates, callbackId=51826549
03-25 00:04:10.595  6871  6871 D LocationService: 2026-03-25T03:04:10.595Z: Window#8 early summary: count=1, bestAcc=15.0, locations=[age=1s, acc=15.0]
03-25 00:04:10.597  6871  7015 D LocationService: 2026-03-25T03:04:10.597Z: Saving Location: lat=-37.1183004, lon=-56.8566784, acc=15.0, battery=100%, charging=false, mode=HIGH_ACCURACY
03-25 00:04:10.597  6871  6871 D LocationService: 2026-03-25T03:04:10.597Z: Window#8 already processed early, skipping final processing
03-25 00:04:10.598  3256  3296 D BroadcastQueue: Add broadcast <BroadcastRecord{b87c6f8 u0 android.location.HIGH_POWER_REQUEST_CHANGE}> into [parallel | background], pending size 0
03-25 00:04:10.599  3256  3328 D BroadcastQueue: Done with parallel broadcast [background] [BroadcastRecord{b87c6f8 u0 android.location.HIGH_POWER_REQUEST_CHANGE}]
03-25 00:04:10.600  6871  6871 D LocationService: 2026-03-25T03:04:10.599Z: getLocationInterval: source=Unplugged, plugged=false, interval=15s
03-25 00:04:10.601  6871  6871 D LocationService: 2026-03-25T03:04:10.601Z: Window#8 will schedule next interval=15000ms
03-25 00:04:10.602  6871  6871 D LocationService: 2026-03-25T03:04:10.602Z: Updates already removed early for window#8, skipping removal
03-25 00:04:10.603  3256  3758 D PowerController.RecogA: handleMessage(MSG_REPORT_EVENT)
03-25 00:04:10.604  6871  6871 D LocationService: 2026-03-25T03:04:10.603Z: Scheduling next window via AlarmManager, cycle interval=15000ms, remaining wait=13174ms
03-25 00:04:10.604  3256  3296 I GnssLocationProvider: WakeLock acquired by sendMessage(SET_REQUEST, 0, com.android.server.location.GnssLocationProvider$GpsRequest@33f77d1)
03-25 00:04:10.605  3256  3327 I GnssLocationProvider: WakeLock released by handleMessage(SET_REQUEST, 0, com.android.server.location.GnssLocationProvider$GpsRequest@33f77d1)
03-25 00:04:10.607  6871  6871 D LocationService: 2026-03-25T03:04:10.606Z: scheduleNextAlarm: using inexact alarm in 13174ms for Unplugged
03-25 00:04:10.608  6871  7015 D LocationService: 2026-03-25T03:04:10.607Z: Location saved to repository (uuid=acddd113-7578-4e42-b067-bf07b15d63ad)
03-25 00:04:10.608  3256  4778 V AlarmManager: set(PendingIntent{52de236: PendingIntentRecord{6e9bb7f com.urbetrack.sweeptracker startService}}) : type=0 triggerAtTime=1774407863780 win=9879 tElapsed=185294 maxElapsed=195173 interval=0 flags=0x8
03-25 00:04:10.609  3256  4778 D AlarmManagerService: set alarm to kernel: 185.294000000, type=2 
03-25 00:04:10.610  6871  6871 D LocationService: 2026-03-25T03:04:10.610Z: Released WakeLock for window#8
03-25 00:04:10.618  3256  3296 V AlarmManager: remove(operation) changed bounds; rebatching
03-25 00:04:10.619  3256  3296 D AlarmManagerService: set alarm to kernel: 185.295000000, type=2 
03-25 00:04:11.038  3013  3727 E LIBGPS  : send agps cmd to server
03-25 00:04:11.039  3013  3727 E LIBGPS  : send agps cmd to server
03-25 00:04:11.040  3013  3727 E LIBGPS  : begin save flash data,subtype is 31,lenth is 88
03-25 00:04:11.042  3013  3727 E LIBGPS  : ===>>>>set para type
03-25 00:04:11.119  3926  3972 I CPVoiceAgent: select: retrun 0
03-25 00:04:10.341  3495  4873 I chatty  : uid=1001(radio) Binder:3495_C identical 1 line
03-25 00:04:10.349  3495  4873 D SubscriptionController: [getDefaultDataSubId] subId= 2
03-25 00:04:11.336  3366  3377 D RIL     : rxlev[0]=99, rscp[0]=255, rsrp[0]=108
03-25 00:04:11.336  3366  3377 D RILC    : currentSignalStrengthInd
03-25 00:04:11.336  3366  3377 I RILC    : RIL_SOCKET_1 UNSOLICITED: UNSOL_SIGNAL_STRENGTH length:56
03-25 00:04:11.339  3495  4873 D SubscriptionController: [getDefaultDataSubId] subId= 2
03-25 00:04:11.341  3256  5419 I WifiService: getConnectionInfo uid=10082
03-25 00:04:11.362  3256  3463 D WifiNetworkMonitor: EVENT_WIFI_RSSI_CHANGED
03-25 00:04:11.362  3256  3463 E WifiNetworkMonitor: Not any Obervers!!!
03-25 00:04:12.034  3013  3727 E LIBGPS  : send agps cmd to server
03-25 00:04:12.035  3013  3727 E LIBGPS  : send agps cmd to server
03-25 00:04:12.037  3013  3727 E LIBGPS  : begin save flash data,subtype is 31,lenth is 88
03-25 00:04:12.037  3013  3727 E LIBGPS  : ===>>>>set para type
03-25 00:04:11.341  3495  4873 I chatty  : uid=1001(radio) Binder:3495_C identical 1 line
03-25 00:04:11.349  3495  4873 D SubscriptionController: [getDefaultDataSubId] subId= 2
03-25 00:04:12.336  3366  3377 D RIL     : rxlev[0]=99, rscp[0]=255, rsrp[0]=109
03-25 00:04:12.337  3366  3377 D RILC    : currentSignalStrengthInd
03-25 00:04:12.337  3366  3377 I RILC    : RIL_SOCKET_1 UNSOLICITED: UNSOL_SIGNAL_STRENGTH length:56
03-25 00:04:12.340  3495  4873 D SubscriptionController: [getDefaultDataSubId] subId= 2
03-25 00:04:12.341  3256  3296 I WifiService: getConnectionInfo uid=10082
03-25 00:04:12.350  2954  3116 D ENGPC   : parse_event: event { 'change', '/devices/platform/soc/soc:ap-ahb/20200000.usb/musb-hdrc.0.auto/gadget/usb_charger/usb-charger.0', 'usb_charger', '' }
03-25 00:04:12.353  2954  3116 D ENGPC   : parse_event: event { 'change', '/devices/platform/battery/power_supply/usb', 'power_supply', '' }
03-25 00:04:12.353  2954  3116 D ENGPC   : parse_event: event { 'change', '/devices/platform/battery/power_supply/battery', 'power_supply', '' }
03-25 00:04:12.353  3012  3077 I ThermalChargeDetect: charge status: Charging
03-25 00:04:12.353  3012  3077 I ThermalChargeDetect: send EVENT_CHGEN
03-25 00:04:12.353  3012  3077 I ThermalManager: send 0x100, sensor=board-thmzone
03-25 00:04:12.354  3012  3077 I ThermalManager: send 0x100, sensor=board-thmzone
03-25 00:04:12.354  3012  3012 I ThermalManager: received EVENT_CHGEN, sensor=board-thmzone, ChgEnCnt=1
03-25 00:04:12.354  3012  3077 I ThermalManager: send 0x100, sensor=cpu-thmzone
03-25 00:04:12.354  3012  3012 I ThermalManager: received EVENT_CHGEN, sensor=board-thmzone, ChgEnCnt=1
03-25 00:04:12.354  3012  3012 I ThermalActionCommon: do,===>charge, mArg:0, mFileNode:/sys/class/power_supply/battery/input_current_limit
03-25 00:04:12.354  3012  3077 I ThermalChargeDetect: charge status: Charging
03-25 00:04:12.354  3012  3012 I ThermalActionCommon: do,===>charge, mArg:0, mFileNode:/sys/class/power_supply/battery/chg_cool_state
03-25 00:04:12.354  3012  3012 I ThermalManager: received EVENT_CHGEN, sensor=cpu-thmzone, ChgEnCnt=1
03-25 00:04:12.357  3256  3296 I battery_status: [2,2,1,2,Li-ion]
03-25 00:04:12.358  3256  3340 I WifiService: requestActivityInfo uid=1000
03-25 00:04:12.358  3256  3340 I WifiService: reportActivityInfo uid=1000
03-25 00:04:12.358  3256  3340 I WifiService: getSupportedFeatures uid=1000
03-25 00:04:12.358  2928  2928 E LIGHTS  : file:vendor/sprd/modules/lights/lights.c, func:set_light_leds_notifications, unsupported light!
03-25 00:04:12.359  2928  2928 E LIGHTS  : file:vendor/sprd/modules/lights/lights.c, func:write_int, path=/sys/class/leds/red/brightness, value=0
03-25 00:04:12.359  3256  3256 D BroadcastQueue: Add broadcast <BroadcastRecord{b39f537 u-1 android.intent.action.ACTION_POWER_CONNECTED}> into [parallel | background], pending size 0
03-25 00:04:12.359  3256  3256 D BroadcastQueue: Add broadcast <BroadcastRecord{fee5aa4 u-1 android.intent.action.ACTION_POWER_CONNECTED}> into [ordered | background], pending size 0
03-25 00:04:12.359  3256  3256 D BroadcastQueue: Header is BroadcastRecord{fee5aa4 u-1 android.intent.action.ACTION_POWER_CONNECTED} now
03-25 00:04:12.362  2928  2928 E LIGHTS  : file:vendor/sprd/modules/lights/lights.c, func:write_int, failed to open /sys/class/leds/red/brightness,fd = -1
03-25 00:04:12.362  2928  2928 E LIGHTS  : file:vendor/sprd/modules/lights/lights.c, func:write_int, path=/sys/class/leds/red_bl/on_off, value=0
03-25 00:04:12.362  2928  2928 E LIGHTS  : file:vendor/sprd/modules/lights/lights.c, func:write_int, failed to open /sys/class/leds/red_bl/on_off,fd = -1
03-25 00:04:12.362  2928  2928 E LIGHTS  : file:vendor/sprd/modules/lights/lights.c, func:write_int, path=/sys/class/leds/green/brightness, value=255
03-25 00:04:12.362  2928  2928 E LIGHTS  : file:vendor/sprd/modules/lights/lights.c, func:write_int, failed to open /sys/class/leds/green/brightness,fd = -1
03-25 00:04:12.362  2928  2928 E LIGHTS  : file:vendor/sprd/modules/lights/lights.c, func:write_int, path=/sys/class/leds/blue/brightness, value=0
03-25 00:04:12.362  2928  2928 E LIGHTS  : file:vendor/sprd/modules/lights/lights.c, func:write_int, failed to open /sys/class/leds/blue/brightness,fd = -1
03-25 00:04:12.362  2928  2928 E LIGHTS  : file:vendor/sprd/modules/lights/lights.c, func:write_int, path=/sys/class/leds/blue_bl/on_off, value=0
03-25 00:04:12.362  2928  2928 E LIGHTS  : file:vendor/sprd/modules/lights/lights.c, func:write_int, failed to open /sys/class/leds/blue_bl/on_off,fd = -1
03-25 00:04:12.364  3256  3328 D BroadcastQueue: Done with parallel broadcast [background] [BroadcastRecord{b39f537 u-1 android.intent.action.ACTION_POWER_CONNECTED}]
03-25 00:04:12.364  3256  3328 W BroadcastQueue: Background execution not allowed: receiving Intent { act=android.intent.action.ACTION_POWER_CONNECTED flg=0x4000010 (has extras) } to com.google.android.gms/.chimera.GmsIntentOperationService$PersistentTrustedReceiver
03-25 00:04:12.364  3256  3328 D BroadcastQueue: Skipping delivery of ordered [background] BroadcastRecord{fee5aa4 u-1 android.intent.action.ACTION_POWER_CONNECTED} for whatever reason
03-25 00:04:12.365  3256  4778 I ActivityManager: START u0 {act=com.hsc.action.CHARING flg=0x10000000 cmp=com.android.systemui/.CharingVideoActivity} from uid 10030, pid 3529
03-25 00:04:12.371  6871  6871 D ConnectivityObserver: 2026-03-25T03:04:12.371Z: [id=1] State changed after 32ms: WiFi=true/3, Online=true, Cell=4G/2, SIM=PRESENT | changes=cellLevel:3->2
03-25 00:04:12.377  3256  3340 E BatteryExternalStatsWorker: no controller energy info supplied for bluetooth
03-25 00:04:12.380  3256  3340 E KernelUidCpuFreqTimeReader: Failed to read /proc/uid_time_in_state: java.io.FileNotFoundException: /proc/uid_time_in_state (No such file or directory)
03-25 00:04:12.387  3256  3340 E BatteryExternalStatsWorker: modem info is invalid: ModemActivityInfo{ mTimestamp=0 mSleepTimeMs=0 mIdleTimeMs=0 mTxTimeMs[]=[0, 0, 0, 0, 0] mRxTimeMs=0 mEnergyUsed=0}
03-25 00:04:12.389  3256  3340 E KernelUidCpuFreqTimeReader: Failed to read /proc/uid_time_in_state: java.io.FileNotFoundException: /proc/uid_time_in_state (No such file or directory)
03-25 00:04:12.402  3256  4778 I wm_task_created: [131,1]
03-25 00:04:12.402  3256  4778 I wm_task_moved: [131,1,1]
03-25 00:04:12.403  3256  4778 I wm_task_moved: [131,1,1]
03-25 00:04:12.403  3256  4778 I am_create_task: [0,131]
03-25 00:04:12.403  3256  4778 I am_create_activity: [0,49146818,131,com.android.systemui/.CharingVideoActivity,com.hsc.action.CHARING,NULL,NULL,276824064]
03-25 00:04:12.403  2938  2938 D PowerHAL: ###Enter launch scene bgn###
03-25 00:04:12.404  3256  4778 I wm_task_moved: [131,1,1]
03-25 00:04:12.404  2938  2938 D PowerHAL: Enter common_subsys_set: enable:1, duration: 0, subsys:cpufreq: conf_2:5
03-25 00:04:12.404  2938  2938 D PowerHAL: Enter common_subsys_set_current_config: 
03-25 00:04:12.405  2938  2938 D PowerHAL: Enter devfreq_ddr_set: enable:1, duration: 0, /sys/class/devfreq/scene-frequency/sprd_governor/scene_boost_dfs: max
03-25 00:04:12.405  2938  2938 D PowerHAL: ###Enter launch scene end###
03-25 00:04:12.405  3256  4778 I am_pause_activity: [0,220564483,com.chartcross.gpstest/.GPSTest]
03-25 00:04:12.409  3256  4778 I ActivityManager: ->startActivity for ActivityRecord{2edebc2 u0 com.android.systemui/.CharingVideoActivity t131} result:0
03-25 00:04:12.409  3256  3256 D BroadcastQueue: Add broadcast <BroadcastRecord{c087d10 u-1 android.intent.action.BATTERY_CHANGED}> into [parallel | background], pending size 0
03-25 00:04:12.411  3256  3756 D PowerController.AppState: - reportAppStateEventInfo() E -
03-25 00:04:12.411  3256  3758 D PowerController.RecogA: handleMessage(MSG_REPORT_EVENT)
03-25 00:04:12.411  3256  3758 D PowerController.RecogA: packageName:com.chartcross.gpstest mFgEvent:MOVE_TO_BACKGROUND mLastTimeFgEventChanged:173925 mLastLaunchTime:65715 mProcState:PROCESS_STATE_TOP mLastTimeProcStateChanged:65148 mNotificationState:0 mLastTimeNotificationStateChanged:0 mAudioState:0 mLastTimeAudioStateChanged:0 mRequestGps:true mAvoidConstraintGps:false mBehaviorType:0 mScreenOn:true mLastTimeScreenStateChanged:58639
03-25 00:04:12.411  3256  3256 I EntropyMixer: Writing entropy...
03-25 00:04:12.412  3256  3328 D BroadcastQueue: Done with parallel broadcast [background] [BroadcastRecord{c087d10 u-1 android.intent.action.BATTERY_CHANGED}]
03-25 00:04:12.412  3256  3328 W BroadcastQueue: Background execution not allowed: receiving Intent { act=android.intent.action.ACTION_POWER_CONNECTED flg=0x4000010 (has extras) } to com.google.android.gms/.gcm.nts.SchedulerReceiver
03-25 00:04:12.412  3256  3328 D BroadcastQueue: Skipping delivery of ordered [background] BroadcastRecord{fee5aa4 u-1 android.intent.action.ACTION_POWER_CONNECTED} for whatever reason
03-25 00:04:12.342  3495  4873 I chatty  : uid=1001(radio) Binder:3495_C identical 1 line
03-25 00:04:12.350  3495  4873 D SubscriptionController: [getDefaultDataSubId] subId= 2
03-25 00:04:12.415  3495  3495 D DctEx   : [0]onReceive() action=android.intent.action.BATTERY_CHANGED
03-25 00:04:12.415  3256  3756 D PowerController: updatePowerSaveMode(), set to MODECONFIG_USER
03-25 00:04:12.415  3256  3756 D PowerController: isInVideoCallOrNormalCall:mModeConfigIndex:2,preModeConfigIndex = 2
03-25 00:04:12.415  3256  3756 D PowerController: updatePowerSaveModeInternal(), no change, return true
03-25 00:04:12.416  6871  6871 D BatteryObserver: 2026-03-25T03:04:12.416Z: State: charging=true/USB, level=100%, temp=24.7C
03-25 00:04:12.417  3529  3529 D BatteryMeterDrawable: onBatteryLevelChanged level=100,pluggedIn=true,charging=true
03-25 00:04:12.417  3529  3529 D BatteryMeterDrawable: onBatteryLevelChanged level=100,pluggedIn=true,charging=true
03-25 00:04:12.417  6871  6871 D LocationService: 2026-03-25T03:04:12.417Z: BatteryObserver callback - charging changed: true, prev=Unplugged, new=USB
03-25 00:04:12.418  3529  3529 D BatteryMeterDrawable: onBatteryLevelChanged level=100,pluggedIn=true,charging=true
03-25 00:04:12.418  3529  3529 D PowerUI : buckets   .....0 .. 0 .. 0
03-25 00:04:12.418  3529  3529 D PowerUI : level          100 --> 100
03-25 00:04:12.418  3529  3529 D PowerUI : status         3 --> 2
03-25 00:04:12.418  3529  3529 D PowerUI : plugType       0 --> 2
03-25 00:04:12.418  3256  3756 W AlarmManager: Unrecognized alarm listener com.android.server.power.BackgroundCleanHelper$1@3d9c214
03-25 00:04:12.418  3529  3529 D PowerUI : invalidCharger 0 --> 0
03-25 00:04:12.418  3529  3529 D PowerUI : bucket         1 --> 1
03-25 00:04:12.418  3529  3529 D PowerUI : plugged        false --> true
03-25 00:04:12.418  3529  3529 D PowerUI : health         2 --> 2
03-25 00:04:12.419  3256  3758 D PowerController.RecogA: handleMessage(MSG_REPORT_DEVICE_STATE)
03-25 00:04:12.420  3256  3758 D PowerController.RecogA: packageName:com.chartcross.gpstest mFgEvent:MOVE_TO_BACKGROUND mLastTimeFgEventChanged:173925 mLastLaunchTime:65715 mProcState:PROCESS_STATE_TOP mLastTimeProcStateChanged:65148 mNotificationState:0 mLastTimeNotificationStateChanged:0 mAudioState:0 mLastTimeAudioStateChanged:0 mRequestGps:true mAvoidConstraintGps:false mBehaviorType:0 mScreenOn:true mLastTimeScreenStateChanged:58639
03-25 00:04:12.420  3256  3758 D PowerController.RecogA: packageName:com.google.android.gms mFgEvent:SYSTEM_INTERACTION mLastTimeFgEventChanged:20912 mLastLaunchTime:0 mProcState:PROCESS_STATE_CACHED_EMPTY mLastTimeProcStateChanged:0 mNotificationState:0 mLastTimeNotificationStateChanged:0 mAudioState:0 mLastTimeAudioStateChanged:0 mRequestGps:true mAvoidConstraintGps:false mBehaviorType:0 mScreenOn:true mLastTimeScreenStateChanged:58639
03-25 00:04:12.420  2938  2938 D PowerHAL: POWER_HINT_INTERACTION: data=0x00, subtype=0, duration=500
03-25 00:04:12.420  2938  2938 D PowerHAL: ###Enter interaction_other scene bgn###
03-25 00:04:12.420  2938  2938 D PowerHAL: Enter common_set: enable:1, duration: 500, /sys/devices/system/cpu/cpuhotplug/cluster0_core_min_limit: 4
03-25 00:04:12.421  2938  2938 D PowerHAL: Enter common_set: enable:1, duration: 500, /sys/devices/system/cpu/cpuhotplug/cluster0_core_max_limit: 4
03-25 00:04:12.421  2938  2938 D PowerHAL: Enter common_subsys_set: enable:1, duration: 500, subsys:cpufreq: conf_2:5
03-25 00:04:12.421  2938  2938 D PowerHAL: ###Enter interaction_other scene end###
03-25 00:04:12.433  3256  5886 I am_create_service: [0,213710657,.GmsIntentOperationService,10014,4304]
03-25 00:04:12.433  6871  6871 D BatteryObserver: 2026-03-25T03:04:12.433Z: [id=1] ACTION_BATTERY_CHANGED received; extras=technology,icon-small,max_charging_voltage,health,max_charging_current,status,plugged,present,seq,charge_counter,level,scale,temperature,voltage,invalid_charger
03-25 00:04:12.436  3256  3756 D PowerController.AppState: - reportAppProcStateInfo() E -
03-25 00:04:12.436  3256  3756 D PowerController.AppState: - reportAppProcStateInfo() E -
03-25 00:04:12.436  3256  3758 D PowerController.RecogA: handleMessage(MSG_REPORT_EVENT)
03-25 00:04:12.441  3529  3529 D BatteryMeterDrawable: onReceive action=android.intent.action.BATTERY_CHANGED
03-25 00:04:12.441  3529  3529 D BatteryMeterDrawable: onReceive level=100,plugType=2,status=2
03-25 00:04:12.441  3529  3529 D BatteryMeterDrawable: BatteryMeterViewAnimationShow level should be =100
03-25 00:04:12.442  3529  3529 D BatteryMeterDrawable: onReceive action=android.intent.action.BATTERY_CHANGED
03-25 00:04:12.442  2930  2930 D sensor  : poll__batch handle=0 sampling_period_ns=20ms, max_report_latency_ns=0ms
03-25 00:04:12.442  3529  3529 D BatteryMeterDrawable: onReceive level=100,plugType=2,status=2
03-25 00:04:12.442  3529  3529 D BatteryMeterDrawable: BatteryMeterViewAnimationShow level should be =100
03-25 00:04:12.442  3529  3529 D BatteryMeterDrawable: onReceive action=android.intent.action.BATTERY_CHANGED
03-25 00:04:12.442  3529  3529 D BatteryMeterDrawable: onReceive level=100,plugType=2,status=2
03-25 00:04:12.442  3529  3529 D BatteryMeterDrawable: BatteryMeterViewAnimationShow level should be =100
03-25 00:04:12.436  3256  3758 D PowerController.RecogA: handleMessage(MSG_REPORT_EVENT)
03-25 00:04:12.446  3256  4778 D BroadcastQueue: Add broadcast <BroadcastRecord{33c9a27 u-1 android.location.HIGH_POWER_REQUEST_CHANGE}> into [parallel | background], pending size 0
03-25 00:04:12.447  3256  4778 I GnssLocationProvider: WakeLock acquired by sendMessage(SET_REQUEST, 0, com.android.server.location.GnssLocationProvider$GpsRequest@8efb4d4)
03-25 00:04:12.447  3256  3758 D PowerController.RecogA: handleMessage(MSG_REPORT_EVENT)
03-25 00:04:12.447  3013  3013 E LIBGPS  : LIBGPS_W20.40.2_V1.6.1 Version:64bit, gcc:V4.2.1 Compatible Android Clang 5.0.300080 , build time:Jan 20 2026, 23:16:45
03-25 00:04:12.448  3013  3013 E LIBGPS  : size is 1343
03-25 00:04:12.449  7582  7582 I am_on_paused_called: [0,com.chartcross.gpstest.GPSTest,handlePauseActivity]
03-25 00:04:12.456  2925  2925 I gralloc : mali_gralloc_select_format, AFBC is disabled now
03-25 00:04:12.456  2925  2925 I gralloc : mali_gralloc_select_format: req_format=0x00000001 req_fmt_mapped=0x0 internal_format=0x1 usage=0x933
03-25 00:04:12.456  2925  2925 I gralloc : gralloc=>alloc, share_fd=8, share_attr_fd=13, magic=51647890, format=1, internal_format=1, byte_stride=1664, flags=4, usage=0x2355, size=835328, width=410, height=502, internalWidth=410, internalHeight=502, stride=416, ADP_VSTRIDE=0,base=0x7f3f6c5000, writeOwner=0, attr_base=0xffffffffffffffff, yuv_info=1, fd=-1, buf_idx=0, offset=0, min_pgsz=4096, phyaddr=0
03-25 00:04:12.458  2957  3110 I gralloc : gralloc_register_buffer hnd=0x71d7a23840, share_fd=89, share_attr_fd=96, magic=51647890, format=1, internal_format=1, byte_stride=1664, flags=4, usage=0x933, size=835328, width=410, height=502, internalWidth=410, internalHeight=502, stride=416, base=0x71d3bd3000, writeOwner=0, attr_base=0xffffffffffffffff, yuv_info=1, fd=-1, buf_idx=0, offset=0, min_pgsz=4096, phyaddr=0
03-25 00:04:12.458  2925  2925 I gralloc : gralloc=>free hnd=0x7f3fc33900, share_fd=8, share_attr_fd=13, magic=51647890, format=1, internal_format=1, byte_stride=1664, flags=4, usage=2355, size=835328, width=410, height=502, internalWidth=410, internalHeight=502, stride=416, base=0x7f3f6c5000, writeOwner=0, attr_base=0xffffffffffffffff, yuv_info=1, fd=-1, buf_idx=0, offset=0, min_pgsz=4096, phyaddr=0
03-25 00:04:12.460  3256  3429 I gralloc : gralloc_register_buffer hnd=0x6fb0fc4e00, share_fd=285, share_attr_fd=286, magic=51647890, format=1, internal_format=1, byte_stride=1664, flags=4, usage=0x933, size=835328, width=410, height=502, internalWidth=410, internalHeight=502, stride=416, base=0x6fb6a11000, writeOwner=0, attr_base=0xffffffffffffffff, yuv_info=1, fd=-1, buf_idx=0, offset=0, min_pgsz=4096, phyaddr=0
03-25 00:04:12.449  3256  3256 I auditd  : type=1400 audit(0.0:2648): avc: denied { write } for comm="Binder:3256_D" name="timerslack_ns" dev="proc" ino=50155 scontext=u:r:system_server:s0 tcontext=u:r:isolated_app:s0:c512,c768 tclass=file permissive=1
03-25 00:04:12.449  3256  3256 I Binder:3256_D: type=1400 audit(0.0:2648): avc: denied { write } for name="timerslack_ns" dev="proc" ino=50155 scontext=u:r:system_server:s0 tcontext=u:r:isolated_app:s0:c512,c768 tclass=file permissive=1
03-25 00:04:12.462  3256  4778 I am_restart_activity: [0,49146818,131,com.android.systemui/.CharingVideoActivity]
03-25 00:04:12.463  3256  4778 D WindowManager: Input focus has changed to null
03-25 00:04:12.467  3256  4778 I am_set_resumed_activity: [0,com.android.systemui/.CharingVideoActivity,minimalResumeActivityLocked]
03-25 00:04:12.478  3013  3727 E LIBGPS  : begin save flash data,subtype is 0,lenth is 128
03-25 00:04:12.478  3013  3727 E LIBGPS  : begin save flash data,subtype is 27,lenth is 144
03-25 00:04:12.479  3013  3727 E LIBGPS  : begin save flash data,subtype is 31,lenth is 88
03-25 00:04:12.484  3256  3442 V GnssLocationProvider: Converting IPv4 address byte array (net_order) 0
03-25 00:04:12.484  3256  3442 D GnssLocationProvider: AGPS IP is v4: 0.0.0.0
03-25 00:04:12.484  3256  3442 V GnssLocationProvider: Passing AGPS IP addr: size 4
03-25 00:04:12.484  3256  3442 I GnssLocationProvider: WakeLock acquired by sendMessage(RELEASE_SUPL_CONNECTION, 2, null)
