03-25 00:36:07.916  3267  3477 D JobStatus: isReady()  jobId=201  mReschedule=true  enable=false
03-25 00:36:07.916  3267  3477 I JobScheduler.Conn: Connectivity unchanged for JobStatus{cd45e71 #u0a2/201 com.android.dialer/com.android.voicemail.impl.StatusCheckJobService u=0 s=10002 TIME=+23h59m31s124ms:+1d23h59m31s124ms NET=1 CHARGING PERIODIC}: usable=true connected=true validated=true metered=false unmetered=true notRoaming=true
03-25 00:36:07.916  3267  3477 D JobStatus: isReady()  jobId=35  mReschedule=true  enable=false
03-25 00:36:07.916  3267  3477 I JobScheduler.Conn: Connectivity unchanged for JobStatus{b5a97cb #u0a72/35 com.google.android.tts/androidx.work.impl.background.systemjob.SystemJobService u=0 s=10072 TIME=+21m20s349ms:none NET=1 CHARGING IDLE}: usable=true connected=true validated=true metered=false unmetered=true notRoaming=true
03-25 00:36:07.917  3267  3477 D JobStatus: isReady()  jobId=20537  mReschedule=true  enable=false
03-25 00:36:07.917  3267  3477 I JobScheduler.Conn: Connectivity unchanged for JobStatus{b4bcb54 #1000/20537 android/com.android.server.backup.KeyValueBackupJob u=0 s=1000 TIME=+4h7m3s578ms:+23h59m19s103ms NET=1 CHARGING}: usable=true connected=true validated=true metered=false unmetered=true notRoaming=true
03-25 00:36:07.919  3267  3477 D JobStatus: isReady()  jobId=31  mReschedule=true  enable=false
03-25 00:36:07.919  3267  3477 I JobScheduler.Conn: Connectivity unchanged for JobStatus{b3b1506 #u0a72/31 com.google.android.tts/androidx.work.impl.background.systemjob.SystemJobService u=0 s=10072 TIME=-16s640ms:none NET=2 CHARGING IDLE}: usable=true connected=true validated=true metered=false unmetered=true notRoaming=true
03-25 00:36:07.919  3267  3477 D JobStatus: isReady()  jobId=2042  mReschedule=true  enable=false
03-25 00:36:07.920  3267  3477 I JobScheduler.Conn: Connectivity unchanged for JobStatus{acebd07 #u0a79/2042 com.google.android.apps.maps/androidx.work.impl.background.systemjob.SystemJobService u=0 s=10079 TIME=+21h47m36s518ms:none NET=1}: usable=true connected=true validated=true metered=false unmetered=true notRoaming=true
03-25 00:36:07.920  3267  3320 D BroadcastQueue: Done with parallel broadcast [background] [BroadcastRecord{8037bc4 u-1 android.net.wifi.RSSI_CHANGED}]
03-25 00:36:07.920  3267  3477 D JobStatus: isReady()  jobId=888  mReschedule=true  enable=false
03-25 00:36:07.920  3267  3477 I JobScheduler.Conn: Connectivity unchanged for JobStatus{6322225 #1000/888 com.abupdate.fota_demo_iot/com.abupdate.iot_libs.service.JobSchedulerService u=0 s=1000 TIME=-26s176ms:+23h59m33s824ms NET=1 PERIODIC PERSISTED READY}: usable=true connected=true validated=true metered=false unmetered=true notRoaming=true
03-25 00:36:07.920  3267  3477 D JobStatus: isReady()  jobId=237  mReschedule=true  enable=false
03-25 00:36:07.920  3267  3477 I JobScheduler.Conn: Connectivity unchanged for JobStatus{4e35f73 #u0a76/237 com.google.android.inputmethod.latin/androidx.work.impl.background.systemjob.SystemJobService u=0 s=10076 TIME=-28s331ms:none NET=2 CHARGING IDLE}: usable=true connected=true validated=true metered=false unmetered=true notRoaming=true
03-25 00:36:07.920  3267  3477 D JobStatus: isReady()  jobId=2000  mReschedule=true  enable=false
03-25 00:36:07.920  3267  3477 I JobScheduler.Conn: Connectivity unchanged for JobStatus{2c9290b #u0a79/2000 com.google.android.apps.maps/com.google.android.apps.gmm.offline.update.OfflineAutoUpdateJobServiceV2 u=0 s=10079 TIME=+9m37s545ms:none NET=2 CHARGING IDLE PERSISTED}: usable=true connected=true validated=true metered=false unmetered=true notRoaming=true
03-25 00:36:07.921  3267  3477 D JobStatus: isReady()  jobId=1  mReschedule=true  enable=false
03-25 00:36:07.921  3267  3477 I JobScheduler.Conn: Connectivity unchanged for JobStatus{f2c7eb #u0a14/1 GmsBackupSchedulerChimeraService:com.google.android.gms u=0 s=10014 TIME=+23h59m43s353ms:none NET=2 CHARGING IDLE}: usable=true connected=true validated=true metered=false unmetered=true notRoaming=true
03-25 00:36:07.921  3267  3477 D JobStatus: isReady()  jobId=-1762512064  mReschedule=true  enable=false
03-25 00:36:07.921  3267  3291 I WifiService: getConnectionInfo uid=10082
03-25 00:36:07.921  3267  3477 I JobScheduler.Conn: Connectivity unchanged for JobStatus{480b83 #u0a82/-1762512064 com.urbetrack.sweeptracker/com.google.android.datatransport.runtime.scheduling.jobscheduling.JobInfoSchedulerService u=0 s=10082 TIME=+19s392ms:none NET=1}: usable=true connected=true validated=true metered=false unmetered=true notRoaming=true
03-25 00:36:07.936  6794  6955 D ConnectivityObserver: 2026-03-25T03:36:07.936Z: [id=1] State changed after 19ms: WiFi=true/3, Online=true, Cell=4G/4, SIM=PRESENT | changes=wifiLevel:2->3
03-25 00:36:07.948  4265  5904 I Checkin : [AndroidCheckinProtoModule] Checkin reason type: 8 attempt count: 1.
03-25 00:36:07.978  4265  5904 I [70220] : [5,0,0]
03-25 00:36:07.980  4265  5904 I [70220] : [CheckinTask:SentRequest,61788]
03-25 00:36:08.036  3011  3735 E LIBGPS  : begin save flash data,subtype is 31,lenth is 88
03-25 00:36:08.083  3267  5364 I am_destroy_service: [0,17837322,4265]
03-25 00:36:08.084  4265  4265 D BoundBrokerSvc: onUnbind: Intent { act=com.google.android.gms.ads.service.START pkg=com.google.android.gms }
03-25 00:36:08.184  4265  5904 W Conscrypt: Could not set socket write timeout: java.net.SocketException: Socket closed
03-25 00:36:08.185  4265  5904 W Conscrypt: 	at com.google.android.gms.org.conscrypt.Platform.setSocketWriteTimeout(:com.google.android.gms@261133004@26.11.33 (040400-887465546):219)
03-25 00:36:08.185  4265  5904 W Conscrypt: 	at com.google.android.gms.org.conscrypt.ConscryptFileDescriptorSocket.setSoWriteTimeout(:com.google.android.gms@261133004@26.11.33 (040400-887465546):4)
03-25 00:36:07.950  3491  4010 I chatty  : uid=1001(radio) Binder:3491_9 identical 5 lines
03-25 00:36:07.951  3491  4010 D SubscriptionController: [getDefaultDataSubId] subId= 2
03-25 00:36:08.211  3383  3393 D RIL     : rxlev[0]=99, rscp[0]=255, rsrp[0]=95
03-25 00:36:08.212  3383  3393 D RILC    : currentSignalStrengthInd
03-25 00:36:08.212  3383  3393 I RILC    : RIL_SOCKET_1 UNSOLICITED: UNSOL_SIGNAL_STRENGTH length:56
03-25 00:36:08.215  3491  4010 D SubscriptionController: [getDefaultDataSubId] subId= 2
03-25 00:36:08.216  3267  5578 I WifiService: getConnectionInfo uid=10082
03-25 00:36:08.292  4265  5904 W Conscrypt: Could not set socket write timeout: java.net.SocketException: Socket closed
03-25 00:36:08.292  4265  5904 W Conscrypt: 	at com.google.android.gms.org.conscrypt.Platform.setSocketWriteTimeout(:com.google.android.gms@261133004@26.11.33 (040400-887465546):219)
03-25 00:36:08.292  4265  5904 W Conscrypt: 	at com.google.android.gms.org.conscrypt.ConscryptFileDescriptorSocket.setSoWriteTimeout(:com.google.android.gms@261133004@26.11.33 (040400-887465546):4)
03-25 00:36:08.473  4265  5904 I [70220] : [CheckinTask:ReceivedResponse,62281]
03-25 00:36:08.475  4265  5904 I Checkin : [CheckinRequestProcessor] updateCheckinIdTokenFileFromResponse, Reading existing AID
03-25 00:36:08.477  4265  5904 I [70220] : [6,0,0,0,0]
03-25 00:36:08.479  4265  5904 I [70220] : [5,0,0]
03-25 00:36:08.482  4265  5904 I Checkin : [CheckinRequestProcessor] Default Task : Checkin Succeeded: https://android.googleapis.com/checkin (fragment #1).
03-25 00:36:08.482  4265  5904 I [70220] : 119
03-25 00:36:08.495  3267  5578 D BroadcastQueue: Add broadcast <BroadcastRecord{6c99aad u0 com.google.android.checkin.CHECKIN_COMPLETE}> into [ordered | background], pending size 0
03-25 00:36:08.495  3267  5578 D BroadcastQueue: Header is BroadcastRecord{6c99aad u0 com.google.android.checkin.CHECKIN_COMPLETE} now
03-25 00:36:08.496  4265  5904 I [70220] : 24
03-25 00:36:08.498  4265  5904 I [70220] : [CheckinTask:duration,999]
03-25 00:36:08.509  4265  5904 I Checkin : [CheckinOperation] Checkin Operation finished with result: SUCCESS finish time: 62317.
03-25 00:36:08.527  3267  5364 D BroadcastQueue: Finished with ordered broadcast BroadcastRecord{6c99aad u0 com.google.android.checkin.CHECKIN_COMPLETE} receivers:(4) take 31ms in [background], remains 0
03-25 00:36:08.527  4265  5638 W ModuleInitIntentOp: Dropping unexpected action com.google.android.checkin.CHECKIN_COMPLETE
03-25 00:36:08.586  2955  3218 D ENGPC   : parse_event: event { 'change', '/devices/platform/battery/power_supply/battery', 'power_supply', '' }
03-25 00:36:08.586  3010  3077 I ThermalChargeDetect: charge status: Discharging
03-25 00:36:08.589  3267  3267 D BroadcastQueue: Add broadcast <BroadcastRecord{fc5c1e2 u-1 android.intent.action.BATTERY_CHANGED}> into [parallel | background], pending size 0
03-25 00:36:08.591  3267  3767 D PowerController: updatePowerSaveMode(), set to MODECONFIG_USER
03-25 00:36:08.591  3267  3767 D PowerController: isInVideoCallOrNormalCall:mModeConfigIndex:2,preModeConfigIndex = 2
03-25 00:36:08.591  3267  3767 D PowerController: updatePowerSaveModeInternal(), no change, return true
03-25 00:36:08.217  3491  4010 I chatty  : uid=1001(radio) Binder:3491_9 identical 1 line
03-25 00:36:08.223  3491  4010 D SubscriptionController: [getDefaultDataSubId] subId= 2
03-25 00:36:08.592  3491  3491 D DctEx   : [0]onReceive() action=android.intent.action.BATTERY_CHANGED
03-25 00:36:08.592  3267  3320 D BroadcastQueue: Done with parallel broadcast [background] [BroadcastRecord{fc5c1e2 u-1 android.intent.action.BATTERY_CHANGED}]
03-25 00:36:08.593  3531  3531 D BatteryMeterDrawable: onBatteryLevelChanged level=100,pluggedIn=false,charging=false
03-25 00:36:08.593  3531  3531 D BatteryMeterDrawable: onBatteryLevelChanged level=100,pluggedIn=false,charging=false
03-25 00:36:08.594  6794  6794 D BatteryObserver: 2026-03-25T03:36:08.593Z: [id=1] ACTION_BATTERY_CHANGED received; extras=technology,icon-small,max_charging_voltage,health,max_charging_current,status,plugged,present,seq,charge_counter,level,scale,temperature,voltage,invalid_charger
03-25 00:36:08.595  6794  6794 D BatteryObserver: 2026-03-25T03:36:08.594Z: State: charging=false/NONE, level=100%, temp=23.5C
03-25 00:36:08.595  3531  3531 D BatteryMeterDrawable: onBatteryLevelChanged level=100,pluggedIn=false,charging=false
03-25 00:36:08.595  3531  3531 D PowerUI : buckets   .....0 .. 0 .. 0
03-25 00:36:08.596  3531  3531 D PowerUI : level          100 --> 100
03-25 00:36:08.596  3531  3531 D PowerUI : status         3 --> 3
03-25 00:36:08.596  3531  3531 D PowerUI : plugType       0 --> 0
03-25 00:36:08.596  3531  3531 D PowerUI : invalidCharger 0 --> 0
03-25 00:36:08.596  3531  3531 D PowerUI : bucket         1 --> 1
03-25 00:36:08.596  3531  3531 D PowerUI : plugged        false --> false
03-25 00:36:08.596  3531  3531 D PowerUI : health         2 --> 2
03-25 00:36:08.596  3531  3531 E wy      : onReceive= 111100000===100
03-25 00:36:08.597  3531  3531 D BatteryMeterDrawable: onReceive action=android.intent.action.BATTERY_CHANGED
03-25 00:36:08.598  3531  3531 D BatteryMeterDrawable: onReceive level=100,plugType=0,status=3
03-25 00:36:08.598  3531  3531 D BatteryMeterDrawable: BatteryMeterViewAnimationShow level should be =100
03-25 00:36:08.598  3531  3531 D BatteryMeterDrawable: onReceive action=android.intent.action.BATTERY_CHANGED
03-25 00:36:08.598  3531  3531 D BatteryMeterDrawable: onReceive level=100,plugType=0,status=3
03-25 00:36:08.598  3531  3531 D BatteryMeterDrawable: BatteryMeterViewAnimationShow level should be =100
03-25 00:36:08.598  3531  3531 D BatteryMeterDrawable: onReceive action=android.intent.action.BATTERY_CHANGED
03-25 00:36:08.598  3531  3531 D BatteryMeterDrawable: onReceive level=100,plugType=0,status=3
03-25 00:36:08.598  3531  3531 D BatteryMeterDrawable: BatteryMeterViewAnimationShow level should be =100
03-25 00:36:08.615  2925  6493 I gralloc : mali_gralloc_select_format, AFBC is disabled now
03-25 00:36:08.615  2925  6493 I gralloc : mali_gralloc_select_format: req_format=0x00000001 req_fmt_mapped=0x0 internal_format=0x1 usage=0xb00
03-25 00:36:08.616  2925  6493 I gralloc : gralloc=>alloc, share_fd=12, share_attr_fd=13, magic=51647890, format=1, internal_format=1, byte_stride=1664, flags=4, usage=0x2816, size=83200, width=410, height=50, internalWidth=410, internalHeight=50, stride=416, ADP_VSTRIDE=0,base=0x7b817da000, writeOwner=0, attr_base=0xffffffffffffffff, yuv_info=1, fd=-1, buf_idx=0, offset=0, min_pgsz=4096, phyaddr=0
03-25 00:36:08.616  2925  6493 I gralloc : gralloc=>free hnd=0x7b7e420300, share_fd=12, share_attr_fd=13, magic=51647890, format=1, internal_format=1, byte_stride=1664, flags=4, usage=2816, size=83200, width=410, height=50, internalWidth=410, internalHeight=50, stride=416, base=0x7b817da000, writeOwner=0, attr_base=0xffffffffffffffff, yuv_info=1, fd=-1, buf_idx=0, offset=0, min_pgsz=4096, phyaddr=0
03-25 00:36:08.617  2958  3099 I gralloc : gralloc_register_buffer hnd=0x6fc8a9cc80, share_fd=63, share_attr_fd=68, magic=51647890, format=1, internal_format=1, byte_stride=1664, flags=4, usage=0xb00, size=83200, width=410, height=50, internalWidth=410, internalHeight=50, stride=416, base=0x6fca648000, writeOwner=0, attr_base=0xffffffffffffffff, yuv_info=1, fd=-1, buf_idx=0, offset=0, min_pgsz=4096, phyaddr=0
03-25 00:36:08.619  3531  3831 I gralloc : gralloc_register_buffer hnd=0x716919db00, share_fd=103, share_attr_fd=104, magic=51647890, format=1, internal_format=1, byte_stride=1664, flags=4, usage=0xb00, size=83200, width=410, height=50, internalWidth=410, internalHeight=50, stride=416, base=0x718848c000, writeOwner=0, attr_base=0xffffffffffffffff, yuv_info=1, fd=-1, buf_idx=0, offset=0, min_pgsz=4096, phyaddr=0
03-25 00:36:08.928  3531  3750 I sysui_multi_action: [757,1093,758,4,793,2712,1094,604504577,1095,5]
03-25 00:36:09.037  3011  3735 E LIBGPS  : begin save flash data,subtype is 31,lenth is 88
03-25 00:36:09.212  3383  3393 D RIL     : rxlev[0]=99, rscp[0]=255, rsrp[0]=96
03-25 00:36:09.212  3383  3393 D RILC    : currentSignalStrengthInd
03-25 00:36:09.212  3383  3393 I RILC    : RIL_SOCKET_1 UNSOLICITED: UNSOL_SIGNAL_STRENGTH length:56
03-25 00:36:09.215  3491  4010 D SubscriptionController: [getDefaultDataSubId] subId= 2
03-25 00:36:09.216  3267  3291 I WifiService: getConnectionInfo uid=10082
03-25 00:36:09.224  3267  3320 I ActivityManager: Waited long enough for: ServiceRecord{1abd3f7 u0 com.hsc.floatmultitask/.FloatMultiTaskService}
03-25 00:36:09.262  3923  3967 I CPVoiceAgent: select: retrun 0
03-25 00:36:09.270  3267  5578 I am_destroy_service: [0,213347494,3979]
03-25 00:36:09.274  2942  2942 D memtrack_sprd: sprd_get_memory, pid:7198, type:1, allocated_records:0, num records:2
03-25 00:36:09.274  2942  2942 D memtrack_sprd: sprd_get_memory, pid:7198, type:1, allocated_records:2, num records:2
03-25 00:36:09.274  2942  2942 D memtrack_sprd: sprd_get_memory, pid:7198, type:2, allocated_records:0, num records:2
03-25 00:36:09.274  2942  2942 D memtrack_sprd: sprd_get_memory, pid:7198, type:2, allocated_records:2, num records:2
03-25 00:36:09.335  3267  3319 I am_pss  : [7198,10013,com.android.contacts,7530496,5758976,155648]
03-25 00:36:10.036  3011  3735 E LIBGPS  : begin save flash data,subtype is 31,lenth is 88
03-25 00:36:10.157  3021  3210 D WCND    : is_cp2_alive_ok: open polling interface: /proc/mdbg/loopcheck, fd = 13
03-25 00:36:09.217  3491  4010 I chatty  : uid=1001(radio) Binder:3491_9 identical 1 line
03-25 00:36:09.224  3491  4010 D SubscriptionController: [getDefaultDataSubId] subId= 2
03-25 00:36:10.213  3383  3393 D RIL     : rxlev[0]=99, rscp[0]=255, rsrp[0]=97
03-25 00:36:10.213  3383  3393 D RILC    : currentSignalStrengthInd
03-25 00:36:10.213  3383  3393 I RILC    : RIL_SOCKET_1 UNSOLICITED: UNSOL_SIGNAL_STRENGTH length:56
03-25 00:36:10.217  3491  4010 D SubscriptionController: [getDefaultDataSubId] subId= 2
03-25 00:36:10.217  3267  3291 I WifiService: getConnectionInfo uid=10082
03-25 00:36:10.258  3021  3210 D WCND    : is_cp2_alive_ok: loop: /proc/mdbg/loopcheck is OK
03-25 00:36:10.516  3979  3979 D BoundBrokerSvc: onUnbind: Intent { act=com.google.android.gms.auth.proximity.devicesyncservice.START dat=chimera-action: cmp=com.google.android.gms/.chimera.PersistentBoundBrokerService }
03-25 00:36:10.517  2942  2942 D memtrack_sprd: sprd_get_memory, pid:5704, type:1, allocated_records:0, num records:2
03-25 00:36:10.517  2942  2942 D memtrack_sprd: sprd_get_memory, pid:5704, type:1, allocated_records:2, num records:2
03-25 00:36:10.518  2942  2942 D memtrack_sprd: sprd_get_memory, pid:5704, type:2, allocated_records:0, num records:2
03-25 00:36:10.518  2942  2942 D memtrack_sprd: sprd_get_memory, pid:5704, type:2, allocated_records:2, num records:2
03-25 00:36:10.599  3267  3319 I am_pss  : [5704,10084,com.chartcross.gpstest,97077248,51560448,124928]
03-25 00:36:10.600  2942  2942 D memtrack_sprd: sprd_get_memory, pid:6292, type:1, allocated_records:0, num records:2
03-25 00:36:10.600  2942  2942 D memtrack_sprd: sprd_get_memory, pid:6292, type:1, allocated_records:2, num records:2
03-25 00:36:10.600  2942  2942 D memtrack_sprd: sprd_get_memory, pid:6292, type:2, allocated_records:0, num records:2
03-25 00:36:10.600  2942  2942 D memtrack_sprd: sprd_get_memory, pid:6292, type:2, allocated_records:2, num records:2
03-25 00:36:10.643  3267  3319 I am_pss  : [6292,99000,com.google.android.webview:sandboxed_process0,49342464,16834560,789504]
03-25 00:36:10.711  3531  3750 I sysui_multi_action: [757,1093,758,4,793,1783,1094,604504577,1095,5]
03-25 00:36:10.764  3923  3967 I CPVoiceAgent: select: retrun 0
03-25 00:36:10.930  3267  3461 D WifiNetworkMonitor: EVENT_WIFI_RSSI_CHANGED
03-25 00:36:10.930  3267  3461 E WifiNetworkMonitor: Not any Obervers!!!
03-25 00:36:11.037  3011  3735 E LIBGPS  : begin save flash data,subtype is 31,lenth is 88
03-25 00:36:10.219  3491  4010 I chatty  : uid=1001(radio) Binder:3491_9 identical 1 line
03-25 00:36:10.226  3491  4010 D SubscriptionController: [getDefaultDataSubId] subId= 2
03-25 00:36:11.213  3383  3393 D RIL     : rxlev[0]=99, rscp[0]=255, rsrp[0]=98
03-25 00:36:11.214  3383  3393 D RILC    : currentSignalStrengthInd
03-25 00:36:11.214  3383  3393 I RILC    : RIL_SOCKET_1 UNSOLICITED: UNSOL_SIGNAL_STRENGTH length:56
03-25 00:36:11.217  3491  4010 D SubscriptionController: [getDefaultDataSubId] subId= 2
03-25 00:36:11.218  3267  5364 I WifiService: getConnectionInfo uid=10082
03-25 00:36:11.433  3267  3291 I am_destroy_service: [0,63244563,7280]
03-25 00:36:11.488  3979  3979 D BoundBrokerSvc: onUnbind: Intent { act=com.google.android.gms.common.telemetry.service.START dat=chimera-action: cmp=com.google.android.gms/.chimera.PersistentApiService }
03-25 00:36:12.000  3267  5364 D JobStatus: isReady()  jobId=888  mReschedule=true  enable=false
03-25 00:36:12.000  3267  5364 I JobScheduler.Conn: Connectivity CHANGED for JobStatus{f129973 #1000/888 com.abupdate.fota_demo_iot/com.abupdate.iot_libs.service.JobSchedulerService u=0 s=1000 TIME=+23h59m29s744ms:+1d23h59m29s744ms NET=1 PERIODIC PERSISTED WAIT:APP_NOT_IDLE WAIT:DEV_NOT_DOZING}: usable=true connected=true validated=true metered=false unmetered=true notRoaming=true
03-25 00:36:12.001  3267  3267 D JobStatus: isReady()  jobId=-1762512064  mReschedule=true  enable=false
03-25 00:36:12.001  3267  3267 D JobStatus: isReady()  jobId=2042  mReschedule=true  enable=false
03-25 00:36:12.001  3267  3267 D JobStatus: isReady()  jobId=2038  mReschedule=true  enable=false
03-25 00:36:12.001  3267  3267 D JobStatus: isReady()  jobId=2000  mReschedule=true  enable=false
03-25 00:36:12.001  3267  3267 D JobStatus: isReady()  jobId=236  mReschedule=true  enable=false
03-25 00:36:12.001  3267  3267 D JobStatus: isReady()  jobId=240  mReschedule=true  enable=false
03-25 00:36:12.001  3267  3267 D JobStatus: isReady()  jobId=239  mReschedule=true  enable=false
03-25 00:36:12.001  3267  3267 D JobStatus: isReady()  jobId=237  mReschedule=true  enable=false
03-25 00:36:12.002  3267  3267 D JobStatus: isReady()  jobId=234  mReschedule=true  enable=false
03-25 00:36:12.002  3267  3267 D JobStatus: isReady()  jobId=238  mReschedule=true  enable=false
03-25 00:36:12.002  3267  3267 D JobStatus: isReady()  jobId=235  mReschedule=true  enable=false
03-25 00:36:12.002  3267  3267 D JobStatus: isReady()  jobId=1  mReschedule=true  enable=false
03-25 00:36:12.002  3267  3267 D JobStatus: isReady()  jobId=33  mReschedule=true  enable=false
03-25 00:36:12.002  3267  3267 D JobStatus: isReady()  jobId=35  mReschedule=true  enable=false
03-25 00:36:12.002  3267  3267 D JobStatus: isReady()  jobId=31  mReschedule=true  enable=false
03-25 00:36:12.002  3267  3267 D JobStatus: isReady()  jobId=34  mReschedule=true  enable=false
03-25 00:36:12.002  3267  3267 D JobStatus: isReady()  jobId=12  mReschedule=true  enable=false
03-25 00:36:12.002  3267  3267 D JobStatus: isReady()  jobId=151530822  mReschedule=true  enable=false
03-25 00:36:12.002  3267  3267 D JobStatus: isReady()  jobId=9158  mReschedule=true  enable=false
03-25 00:36:12.002  3267  3267 D JobStatus: isReady()  jobId=9164  mReschedule=true  enable=false
03-25 00:36:12.002  3267  3267 D JobStatus: isReady()  jobId=1  mReschedule=true  enable=false
03-25 00:36:12.002  3267  3267 D JobStatus: isReady()  jobId=-100  mReschedule=true  enable=false
03-25 00:36:12.002  3267  3267 D JobStatus: isReady()  jobId=1  mReschedule=true  enable=false
03-25 00:36:12.002  3267  3267 D JobStatus: isReady()  jobId=201  mReschedule=true  enable=false
03-25 00:36:12.002  3267  3267 D JobStatus: isReady()  jobId=888  mReschedule=true  enable=false
03-25 00:36:12.003  3267  3267 D JobStatus: isReady()  jobId=801  mReschedule=true  enable=false
03-25 00:36:12.003  3267  3267 D JobStatus: isReady()  jobId=765123  mReschedule=true  enable=false
03-25 00:36:12.003  3267  3267 D JobStatus: isReady()  jobId=800  mReschedule=true  enable=false
03-25 00:36:12.003  3267  3267 D JobStatus: isReady()  jobId=20537  mReschedule=true  enable=false
03-25 00:36:12.003  3267  3267 D JobStatus: isReady()  jobId=808  mReschedule=true  enable=false
03-25 00:36:12.003  3267  3267 D JobStatus: isReady()  jobId=1145656139  mReschedule=true  enable=false
03-25 00:36:12.003  3267  3267 D JobStatus: isReady()  jobId=13254266  mReschedule=true  enable=false
03-25 00:36:12.037  3011  3735 E LIBGPS  : begin save flash data,subtype is 31,lenth is 88
03-25 00:36:12.098  6794  6794 D LocationService: 2026-03-25T03:36:12.097Z: Window#1 finish signal received or interval reached
03-25 00:36:12.100  6794  6794 D LocationService: 2026-03-25T03:36:12.099Z: Window#1 closing with buffered=2
03-25 00:36:12.103  6794  6794 D LocationService: 2026-03-25T03:36:12.102Z: Window#1 selected uniqueLocations=1 from candidates=2
03-25 00:36:12.104  6794  6794 D LocationService: 2026-03-25T03:36:12.104Z: Window#1 summary: count=1, bestAcc=36.9, locations=[age=12s, acc=36.9]
03-25 00:36:12.107  6794  6962 D LocationService: 2026-03-25T03:36:12.107Z: Saving Location: lat=-37.1183413, lon=-56.8564763, acc=36.9, battery=100%, charging=false, mode=HIGH_ACCURACY
03-25 00:36:12.108  6794  6794 D LocationService: 2026-03-25T03:36:12.108Z: getLocationInterval: source=Unplugged, plugged=false, interval=15s
03-25 00:36:12.110  6794  6794 D LocationService: 2026-03-25T03:36:12.109Z: Window#1 will schedule next interval=15000ms
03-25 00:36:12.113  6794  6794 D LocationService: 2026-03-25T03:36:12.112Z: Removed location updates for window#1, callbackId=51720087
03-25 00:36:12.114  6794  6794 D LocationService: 2026-03-25T03:36:12.114Z: Scheduling next window via AlarmManager, cycle interval=15000ms, remaining wait=0ms
03-25 00:36:12.115  3267  5364 D BroadcastQueue: Add broadcast <BroadcastRecord{79e9030 u0 android.location.HIGH_POWER_REQUEST_CHANGE}> into [parallel | background], pending size 0
03-25 00:36:12.116  3267  3320 D BroadcastQueue: Done with parallel broadcast [background] [BroadcastRecord{79e9030 u0 android.location.HIGH_POWER_REQUEST_CHANGE}]
03-25 00:36:12.118  6794  6794 D LocationService: 2026-03-25T03:36:12.117Z: scheduleNextAlarm: using inexact alarm in 0ms for Unplugged
03-25 00:36:12.119  6794  6962 D LocationService: 2026-03-25T03:36:12.119Z: Location saved to repository (uuid=676cbfa9-125f-4990-8a06-3c812bc6e0ff)
03-25 00:36:12.119  3267  3291 V AlarmManager: set(PendingIntent{39234a9: PendingIntentRecord{5021a2e com.urbetrack.sweeptracker startService}}) : type=0 triggerAtTime=1774409772117 win=0 tElapsed=70927 maxElapsed=70927 interval=0 flags=0x8
03-25 00:36:12.121  3267  3770 D PowerController.RecogA: handleMessage(MSG_REPORT_EVENT)
03-25 00:36:12.121  3267  5364 I GnssLocationProvider: WakeLock acquired by sendMessage(SET_REQUEST, 0, com.android.server.location.GnssLocationProvider$GpsRequest@37359cf)
03-25 00:36:12.121  6794  6794 D LocationService: 2026-03-25T03:36:12.121Z: Released WakeLock for window#1
03-25 00:36:12.121  3267  3319 I GnssLocationProvider: WakeLock released by handleMessage(SET_REQUEST, 0, com.android.server.location.GnssLocationProvider$GpsRequest@37359cf)
03-25 00:36:12.139  3267  5364 V AlarmManager: remove(operation) changed bounds; rebatching
03-25 00:36:12.140  3267  5364 D AlarmManagerService: set alarm to kernel: 65.926000000, type=2 
03-25 00:36:12.140  3267  3436 D AlarmManager: waitForAlarm result:4currentTime=1774409772140, elapsedRealtime=65948
03-25 00:36:12.140  3267  3436 D AlarmManagerService: set alarm to kernel: 67.301000000, type=2 
03-25 00:36:12.141  3267  3436 D AlarmManager: triggerList.size = 2, hasWakeup = true
03-25 00:36:12.141  3267  3436 V AlarmManager: sending alarm Alarm{2947f5c type 0 when 1774409772117 com.urbetrack.sweeptracker}
03-25 00:36:12.142  3267  3436 V AlarmManager: sending alarm Alarm{5307265 type 3 when 58006 com.hsc.floatmultitask}
03-25 00:36:12.143  6794  6794 D LocationService: 2026-03-25T03:36:12.142Z: onStartCommand: Received ACTION_START_WINDOW alarm
03-25 00:36:12.144  6794  6794 D LocationService: 2026-03-25T03:36:12.143Z: getLocationInterval: source=Unplugged, plugged=false, interval=15s
03-25 00:36:12.145  6794  6794 D LocationService: 2026-03-25T03:36:12.144Z: safeStartNewWindow depth=1 interval=15000ms
03-25 00:36:12.146  6631  6631 I FloatMultiTaskService:  PowerSaveMode  1 isPowerSaveMode false
03-25 00:36:12.146  6631  6631 I FloatMultiTaskService: onStartCommand(),action=com.hsc.floatmultitask.update
03-25 00:36:12.148  6794  6794 D LocationService: 2026-03-25T03:36:12.147Z: Attempting to start location window, interval=15000ms, mutex=false
03-25 00:36:12.149  6794  6794 D LocationService: 2026-03-25T03:36:12.148Z: Location window starting, interval=15000ms, mutex=true
03-25 00:36:12.150  6794  6794 D LocationService: 2026-03-25T03:36:12.149Z: Location window setup complete, releasing mutex, interval=15000ms, mutex=true
03-25 00:36:12.152  6794  6794 D LocationService: 2026-03-25T03:36:12.151Z: buildLocationRequest: batterySaving=false, priority=100, interval=15000ms, minUpdate=2000ms, window=15000ms
03-25 00:36:12.153  6794  6794 D LocationService: 2026-03-25T03:36:12.153Z: Window#2 started: method=GPS, interval=15000ms, priority=100, callback=220173570
03-25 00:36:12.157  3267  5578 D BroadcastQueue: Add broadcast <BroadcastRecord{799ab3a u0 android.location.HIGH_POWER_REQUEST_CHANGE}> into [parallel | background], pending size 0
03-25 00:36:12.158  3267  3320 D BroadcastQueue: Done with parallel broadcast [background] [BroadcastRecord{799ab3a u0 android.location.HIGH_POWER_REQUEST_CHANGE}]
03-25 00:36:12.162  3267  3770 D PowerController.RecogA: handleMessage(MSG_REPORT_EVENT)
03-25 00:36:12.163  3267  5578 I GnssLocationProvider: WakeLock acquired by sendMessage(SET_REQUEST, 0, com.android.server.location.GnssLocationProvider$GpsRequest@39f5df4)
03-25 00:36:12.163  3267  3319 I GnssLocationProvider: WakeLock released by handleMessage(SET_REQUEST, 0, com.android.server.location.GnssLocationProvider$GpsRequest@39f5df4)
03-25 00:36:12.164  3267  5364 V AlarmManager: set(PendingIntent{833891d: PendingIntentRecord{b266792 com.google.android.gms broadcastIntent}}) : type=2 triggerAtTime=95968 win=0 tElapsed=95968 maxElapsed=95968 interval=0 flags=0x5
03-25 00:36:12.170  3267  5578 D BroadcastQueue: Add broadcast <BroadcastRecord{fd4c563 u0 android.location.HIGH_POWER_REQUEST_CHANGE}> into [parallel | background], pending size 0
03-25 00:36:12.171  3267  3320 D BroadcastQueue: Done with parallel broadcast [background] [BroadcastRecord{fd4c563 u0 android.location.HIGH_POWER_REQUEST_CHANGE}]
03-25 00:36:12.174  3267  5578 I GnssLocationProvider: WakeLock acquired by sendMessage(SET_REQUEST, 0, com.android.server.location.GnssLocationProvider$GpsRequest@f849a19)
03-25 00:36:12.174  3267  3770 D PowerController.RecogA: handleMessage(MSG_REPORT_EVENT)
03-25 00:36:12.175  3267  3319 I GnssLocationProvider: WakeLock released by handleMessage(SET_REQUEST, 0, com.android.server.location.GnssLocationProvider$GpsRequest@f849a19)
03-25 00:36:12.176  3267  5578 I GnssLocationProvider: WakeLock acquired by sendMessage(SET_REQUEST, 0, com.android.server.location.GnssLocationProvider$GpsRequest@abf6ade)
03-25 00:36:12.176  3267  3319 I GnssLocationProvider: WakeLock released by handleMessage(SET_REQUEST, 0, com.android.server.location.GnssLocationProvider$GpsRequest@abf6ade)
03-25 00:36:12.175  3267  3770 D PowerController.RecogA: handleMessage(MSG_REPORT_EVENT)
03-25 00:36:12.187  3267  6283 V AlarmManager: set(PendingIntent{85356ea: PendingIntentRecord{2f37ddb com.google.android.gms broadcastIntent}}) : type=2 triggerAtTime=68129 win=0 tElapsed=70996 maxElapsed=70996 interval=0 flags=0x5
03-25 00:36:12.195  3267  6283 V AlarmManager: remove(operation) changed bounds; rebatching
03-25 00:36:12.201  3267  6283 I WifiService: getWifiEnabledState uid=10014
03-25 00:36:12.201  3979  4889 W Settings: Setting airplane_mode_on has moved from android.provider.Settings.System to android.provider.Settings.Global, returning read-only value.
03-25 00:36:11.218  3491  4010 I chatty  : uid=1001(radio) Binder:3491_9 identical 1 line
03-25 00:36:11.226  3491  4010 D SubscriptionController: [getDefaultDataSubId] subId= 2
03-25 00:36:12.206  3491  4010 D RILJ    : [4118]> RIL_REQUEST_GET_CELL_INFO_LIST [SUB0]
03-25 00:36:12.207  3383  3383 D RILC    : getCellInfoList: serial 470
03-25 00:36:12.207  3383  3641 D RIL     : onRequest: GET_CELL_INFO_LIST radioState=4
03-25 00:36:12.207  3383  3641 D REQ_THDS: get Channel1
03-25 00:36:12.209  3383  3641 D RILC    : RequestComplete, RIL_SOCKET_1
03-25 00:36:12.209  3383  3641 E RILC    : Calling responseFunction() for token 470
03-25 00:36:12.210  3383  3641 D RILC    : getCellInfoListResponse: serial 470
03-25 00:36:12.210  3383  3641 D REQ_THDS: put Channel1
03-25 00:36:12.210  3383  3641 I REQ_THDS: -->CommandThread [3641] free one command
03-25 00:36:12.211  3631  3631 D wpa_supplicant: nl80211: Ignored event (cmd=33) for foreign interface (ifindex 14 wdev 0x0)
03-25 00:36:12.211  3631  3631 D wpa_supplicant: nl80211: Drv Event 33 (NL80211_CMD_TRIGGER_SCAN) received for wlan0
03-25 00:36:12.211  3631  3631 D wpa_supplicant: wlan0: nl80211: Scan trigger
03-25 00:36:12.211  3267  3462 V AlarmManager: set(null) : type=2 triggerAtTime=81019 win=11250 tElapsed=81019 maxElapsed=92269 interval=0 flags=0x8
03-25 00:36:12.211  3631  3631 D wpa_supplicant: wlan0: Event SCAN_STARTED (47) received
03-25 00:36:12.211  3631  3631 D wpa_supplicant: wlan0: External program started a scan
03-25 00:36:12.212  3491  3639 D RILJ    : [4118]< RIL_REQUEST_GET_CELL_INFO_LIST [CellInfoLte:{mRegistered=YES mTimeStampType=oem_ril mTimeStamp=66018171681ns CellIdentityLte:{ mMcc=722 mMnc=7 mCi=213798658 mPci=49 mTac=1866 mEarfcn=2000} CellSignalStrengthLte: ss=42 rsrp=-98 rsrq=-11 rssnr=2147483647 cqi=2147483647 ta=2147483647}, CellInfoLte:{mRegistered=NO mTimeStampType=oem_ril mTimeStamp=2147483647ns CellIdentityLte:{ mMcc=2147483647 mMnc=2147483647 mCi=2147483647 mPci=326 mTac=2147483647 mEarfcn=2000} CellSignalStrengthLte: ss=42 rsrp=-98 rsrq=-12 rssnr=2147483647 cqi=2147483647 ta=2147483647}, CellInfoLte:{mRegistered=NO mTimeStampType=oem_ril mTimeStamp=2147483647ns CellIdentityLte:{ mMcc=2147483647 mMnc=2147483647 mCi=2147483647 mPci=400 mTac=2147483647 mEarfcn=2000} CellSignalStrengthLte: ss=32 rsrp=-108 rsrq=-22 rssnr=2147483647 cqi=2147483647 ta=2147483647}, CellInfoLte:{mRegistered=NO mTimeStampType=oem_ril mTimeStamp=2147483647ns CellIdentityLte:{ mMcc=2147483647 mMnc=2147483647 mCi=2147483647 mPci=129 mTac=2147483647 mEarfcn=2000} CellSignalStrengthLte: ss=28 rsrp=-112 rsrq=-26 rssnr=2147483647 cqi=2147483647 ta=2147483647}] [SUB0]
03-25 00:36:12.214  3383  3393 D RIL     : rxlev[0]=99, rscp[0]=255, rsrp[0]=99
03-25 00:36:12.214  3383  3393 D RILC    : currentSignalStrengthInd
03-25 00:36:12.214  3383  3393 I RILC    : RIL_SOCKET_1 UNSOLICITED: UNSOL_SIGNAL_STRENGTH length:56
03-25 00:36:12.216  3491  4010 D SubscriptionController: [getDefaultDataSubId] subId= 2
03-25 00:36:12.217  3267  6283 I WifiService: getConnectionInfo uid=10082
03-25 00:36:12.233  6794  6794 D ConnectivityObserver: 2026-03-25T03:36:12.233Z: [id=1] State changed after 17ms: WiFi=true/3, Online=true, Cell=4G/3, SIM=PRESENT | changes=cellLevel:4->3
03-25 00:36:12.265  3923  3967 I CPVoiceAgent: select: retrun 0
03-25 00:36:12.480  3267  6283 I am_destroy_service: [0,218326523,3979]
03-25 00:36:12.615  7347  7398 I Finsky  : [425] jid.run(42): Initializing the instant apps module.
03-25 00:36:12.645  7347  7409 I Finsky  : [432] mhc.a(93): System was updated or GL extensions were already cached.
03-25 00:36:12.659  3491  4010 D TelephonyProvider: subIdString = 2 subId = 2
03-25 00:36:12.664  7347  7409 I Finsky  : [432] lgo.a(23): Get APN successfully: [ycrDAJTnK_AJwe4fNmtqSFazVr0cPRh23f6uijedcog]
03-25 00:36:12.676  7347  7374 I Finsky  : [416] vpd.h(1): Triggered update for experiment package com.google.android.finsky.stable.
03-25 00:36:12.694  7347  7635 I SnapshotHandler: Unable to retrieve flag snapshot for com.google.android.gms.phenotype, using defaults.
03-25 00:36:12.696  7347  7636 E PhenotypeCombinedFlags: Config package com.google.android.gms.phenotype cannot use PROCESS_STABLE backing without declarative registration. See go/phenotype-android-integration#phenotype for more information. This will lead to stale flags.
03-25 00:36:12.716  7347  7636 I chatty  : uid=10032(com.android.vending) ProcessStablePh identical 4 lines
03-25 00:36:12.731  7347  7636 E PhenotypeCombinedFlags: Config package com.google.android.gms.phenotype cannot use PROCESS_STABLE backing without declarative registration. See go/phenotype-android-integration#phenotype for more information. This will lead to stale flags.
03-25 00:36:12.752  7347  7415 W Finsky  : [436] wwl.a(5): PreloadClasses: Unable to load [androidx.compose.runtime.Recomposer$recompositionRunner$2$2, androidx.compose.ui.semantics.SemanticsModifierCore, androidx.compose.ui.platform.AndroidComposeView$semanticsModifier$1, androidx.compose.ui.platform.AndroidComposeView_androidKt$textInputServiceFactory$1, androidx.compose.foundation.layout.FillModifier, androidx.compose.foundation.layout.SizeModifier, androidx.compose.ui.draw.DrawContentCacheModifier, androidx.compose.runtime.Recomposer$runRecomposeAndApplyChanges$2$2, androidx.compose.foundation.layout.SizeModifier$measure$1, androidx.compose.foundation.layout.FillModifier$measure$1, androidx.compose.foundation.layout.PaddingModifier, androidx.compose.ui.input.pointer.SuspendingPointerInputFilterKt$pointerInput$6, androidx.compose.ui.input.pointer.SuspendingPointerInputFilter, androidx.compose.ui.input.pointer.SuspendingPointerInputFilter$PointerEventHandlerCoroutine, androidx.compose.ui.input.pointer.SuspendingPointerInputFilterKt$pointerInput$6$2$1, androidx.compose.ui.draw.PainterModifier, androidx.compose.ui.layout.LayoutId, androidx.compose.ui.input.pointer.SuspendingPointerInputFilterKt$pointerInput$2, androidx.compose.ui.input.pointer.SuspendingPointerInputFilterKt$pointerInput$2$2$1, androidx.compose.foundation.layout.UnspecifiedConstraintsModifier, androidx.compose.material.ButtonKt$Button$2$1, androidx.compose.material.ButtonKt$Button$2$1$1, androidx.compose.foundation.layout.WrapContentModifier, androidx.compose.ui.input.nestedscroll.NestedScrollModifierKt$nestedScroll$2, androidx.compose.foundation.text.CoreTextKt$InlineChildren$1$2, androidx.compose.ui.draw.PainterModifier$measure$1, androidx.compose.ui.text.android.LayoutIntrinsics$boringMetrics$2, androidx.compose.ui.text.android.LayoutIntrinsics$minIntrinsicWidth$2, androidx.compose.ui.text.android.LayoutIntrinsics$maxIntrinsicWidth$2, androidx.compose.foundation.layout.UnspecifiedConstraintsModifier$measure$1, androidx.compose.foundation.layout.PaddingModifier$measure$1, androidx.compose.foundation.text.CoreTextKt$InlineChildren$1$2$measure$1, androidx.compose.foundation.layout.WrapContentModifier$measure$1, androidx.compose.foundation.lazy.LazyListScopeImpl, androidx.compose.foundation.lazy.LazyMeasuredItemProvider, androidx.compose.foundation.layout.AspectRatioModifier, androidx.compose.foundation.layout.AspectRatioModifier$measure$1, androidx.compose.foundation.lazy.LazyMeasuredItem, androidx.compose.ui.input.pointer.SuspendingPointerInputFilter$awaitPointerEventScope$2$2]
03-25 00:36:12.757  7347  7636 E PhenotypeCombinedFlags: Config package com.google.android.gms.phenotype cannot use PROCESS_STABLE backing without declarative registration. See go/phenotype-android-integration#phenotype for more information. This will lead to stale flags.
03-25 00:36:12.758  7347  7636 I chatty  : uid=10032(com.android.vending) ProcessStablePh identical 1 line
03-25 00:36:12.758  7347  7636 E PhenotypeCombinedFlags: Config package com.google.android.gms.phenotype cannot use PROCESS_STABLE backing without declarative registration. See go/phenotype-android-integration#phenotype for more information. This will lead to stale flags.
03-25 00:36:12.767  7347  7400 I Finsky  : [426] afma.b(1): Restoring notifications
03-25 00:36:12.792  3631  3631 D wpa_supplicant: nl80211: Ignored event (cmd=34) for foreign interface (ifindex 14 wdev 0x0)
03-25 00:36:12.792  3631  3631 D wpa_supplicant: nl80211: Drv Event 34 (NL80211_CMD_NEW_SCAN_RESULTS) received for wlan0
03-25 00:36:12.792  3631  3631 D wpa_supplicant: wlan0: nl80211: New scan results available
03-25 00:36:12.792  3631  3631 D wpa_supplicant: nl80211: Scan probed for SSID ''
03-25 00:36:12.792  3631  3631 D wpa_supplicant: nl80211: Scan included frequencies: 2412 2417 2422 2427 2432 2437 2442 2447 2452 2457 2462 2467 2472
03-25 00:36:12.792  3631  3631 D wpa_supplicant: wlan0: Event SCAN_RESULTS (3) received
03-25 00:36:12.792  3631  3631 D wpa_supplicant: nl80211: Received scan results (3 BSSes)
03-25 00:36:12.792  3631  3631 D wpa_supplicant: nl80211: Scan results indicate BSS status with 14:eb:b6:dd:08:e4 as associated
03-25 00:36:12.793  3631  3631 D wpa_supplicant: wlan0: BSS: Start scan result update 3
03-25 00:36:12.793  3631  3631 D wpa_supplicant: wlan0: BSS: Add new id 2 BSSID f4:4d:5c:61:d7:71 SSID 'Carlota1' freq 2412
03-25 00:36:12.793  3631  3631 D wpa_supplicant: BSS: last_scan_res_used=3/32
03-25 00:36:12.793  3631  3631 D wpa_supplicant: wlan0: New scan results available (own=0 ext=1)
03-25 00:36:12.793  3631  3631 D wpa_supplicant: wlan0: Do not use results from externally requested scan operation for network selection
03-25 00:36:12.793  3631  3631 D wpa_supplicant: p2p-dev-wlan0: Updating scan results from sibling
03-25 00:36:12.793  3631  3631 D wpa_supplicant: nl80211: Received scan results (3 BSSes)
03-25 00:36:12.793  3631  3631 D wpa_supplicant: p2p-dev-wlan0: BSS: Start scan result update 3
03-25 00:36:12.793  3631  3631 D wpa_supplicant: p2p-dev-wlan0: BSS: Add new id 2 BSSID f4:4d:5c:61:d7:71 SSID 'Carlota1' freq 2412
03-25 00:36:12.793  3631  3631 D wpa_supplicant: BSS: last_scan_res_used=3/32
03-25 00:36:12.793  3631  3631 D wpa_supplicant: p2p-dev-wlan0: New scan results available (own=0 ext=1)
03-25 00:36:12.793  3631  3631 D wpa_supplicant: p2p-dev-wlan0: Do not use results from externally requested scan operation for network selection
03-25 00:36:12.793  3267  5578 D WificondControl: Scan result ready event
03-25 00:36:12.794  3267  3462 V AlarmManager: remove(operation) changed bounds; rebatching
03-25 00:36:12.812  3979  7223 I FrewleTileCacheManagerV: (REDACTED) Fetched %d AP models from cache
03-25 00:36:12.834  6794  6794 D LocationService: 2026-03-25T03:36:12.834Z: getCurrentLocation#2: Location[fused -37.118328,-56.856488 hAcc=24 et=+1m6s69ms alt=24.80000114440918 vel=0.10204722 bear=326.21198 vAcc=2 sAcc=2 bAcc=45 {Bundle[mParcelledData.dataSize=572]}]
03-25 00:36:12.839  3267  5364 D BroadcastQueue: Add broadcast <BroadcastRecord{1221cb7 u0 android.location.HIGH_POWER_REQUEST_CHANGE}> into [parallel | background], pending size 0
03-25 00:36:12.840  3267  3320 D BroadcastQueue: Done with parallel broadcast [background] [BroadcastRecord{1221cb7 u0 android.location.HIGH_POWER_REQUEST_CHANGE}]
03-25 00:36:12.842  6794  6794 D LocationService: 2026-03-25T03:36:12.842Z: Window#2 threshold met (goodCount=2, mode=GPS), finishing in 1500ms
03-25 00:36:12.847  7347  7637 I Finsky  : [478] nix.run(3): Wrote row to frosting DB: 297
03-25 00:36:12.848  3267  5364 V AlarmManager: remove(operation) changed bounds; rebatching
03-25 00:36:12.851  7347  7400 E wy      :  3838notifyAsUser notification.defaults:0
03-25 00:36:12.855  7347  7362 I zygote64: Background concurrent copying GC freed 54665(4MB) AllocSpace objects, 15(360KB) LOS objects, 49% free, 4MB/9MB, paused 219us total 142.751ms
03-25 00:36:12.858  3267  3267 I notification_enqueue: [10032,7347,com.android.vending,951340667,NULL,0,Notification(channel=account pri=2 contentView=null vibrate=null sound=null tick defaults=0x0 flags=0x110 color=0xff01875f category=status actions=1 vis=PRIVATE),1]
03-25 00:36:12.859  3267  5578 I GnssLocationProvider: WakeLock acquired by sendMessage(SET_REQUEST, 0, com.android.server.location.GnssLocationProvider$GpsRequest@6f5e690)
03-25 00:36:12.859  3267  3319 I GnssLocationProvider: WakeLock released by handleMessage(SET_REQUEST, 0, com.android.server.location.GnssLocationProvider$GpsRequest@6f5e690)
03-25 00:36:12.861  3267  3770 D PowerController.RecogA: handleMessage(MSG_REPORT_EVENT)
03-25 00:36:12.861  3267  5578 I GnssLocationProvider: WakeLock acquired by sendMessage(SET_REQUEST, 0, com.android.server.location.GnssLocationProvider$GpsRequest@6533b89)
03-25 00:36:12.861  3267  3319 I GnssLocationProvider: WakeLock released by handleMessage(SET_REQUEST, 0, com.android.server.location.GnssLocationProvider$GpsRequest@6533b89)
03-25 00:36:12.865  7347  7636 E PhenotypeCombinedFlags: Config package com.google.android.gms.phenotype cannot use PROCESS_STABLE backing without declarative registration. See go/phenotype-android-integration#phenotype for more information. This will lead to stale flags.
03-25 00:36:12.870  7347  7374 I Finsky  : [416] vpd.h(7): Already at the latest configurations for experiment package com.google.android.finsky.stable.
03-25 00:36:12.870  7347  7373 I Finsky  : [415] vpd.h(1): Triggered update for experiment package com.google.android.finsky.regular.
03-25 00:36:12.873  7347  7636 E PhenotypeCombinedFlags: Config package com.google.android.gms.phenotype cannot use PROCESS_STABLE backing without declarative registration. See go/phenotype-android-integration#phenotype for more information. This will lead to stale flags.
03-25 00:36:12.877  7347  7400 I Finsky  : [426] uqf.a(19): Showing notification: [ID=play protect default on, Title=Google Play Protect is turned on, Message=This feature protects your device from harmful apps, channelId=account, targetType=1, returnCode=-1, uiElementType=926]
03-25 00:36:12.877  7347  7400 I Finsky  : [426] afma.b(4): Done restoring notifications
03-25 00:36:12.861  3267  3770 D PowerController.RecogA: handleMessage(MSG_REPORT_EVENT)
03-25 00:36:12.878  3267  4110 V AlarmManager: set(PendingIntent{fab0745: PendingIntentRecord{c674e9a com.google.android.gms broadcastIntent}}) : type=2 triggerAtTime=71341 win=0 tElapsed=71686 maxElapsed=71686 interval=0 flags=0x5
03-25 00:36:12.890  3267  4110 V AlarmManager: remove(operation) changed bounds; rebatching
03-25 00:36:12.895  3267  4110 V AlarmManager: set(PendingIntent{cdbba66: PendingIntentRecord{d3da1a7 com.google.android.gms broadcastIntent}}) : type=2 triggerAtTime=81341 win=0 tElapsed=81341 maxElapsed=81341 interval=0 flags=0x5
03-25 00:36:12.915  3531  3531 W StaticLayout: maxLineHeight should not be -1.  maxLines:1 lineCount:1
03-25 00:36:12.933  3531  3531 I chatty  : uid=10030(com.android.systemui) identical 2 lines
03-25 00:36:12.934  3531  3531 W StaticLayout: maxLineHeight should not be -1.  maxLines:1 lineCount:1
03-25 00:36:13.012  7347  7373 I Finsky  : [415] vpd.h(7): Already at the latest configurations for experiment package com.google.android.finsky.regular.
03-25 00:36:13.037  3011  3735 E LIBGPS  : begin save flash data,subtype is 31,lenth is 88
03-25 00:36:13.052  3267  5364 D PackageManager: setEnabledSetting: packageName = com.android.vending, className = com.google.android.finsky.wearsupport.WearSupportService, newState = 2 ,flags = 1 ,userId = 0 ,callingPackage = null
03-25 00:36:13.053  7347  7415 I Finsky  : [436] jid.run(74): Component class com.google.android.finsky.wearsupport.WearSupportService disabled via PackageManager.
03-25 00:36:13.054  3267  5364 D PackageManager: setEnabledSetting: packageName = com.android.vending, className = com.google.android.finsky.wearsupport.WearChangeListenerService, newState = 2 ,flags = 1 ,userId = 0 ,callingPackage = null
03-25 00:36:13.055  7347  7415 I Finsky  : [436] jid.run(74): Component class com.google.android.finsky.wearsupport.WearChangeListenerService disabled via PackageManager.
03-25 00:36:12.650  3491  4010 I chatty  : uid=1001(radio) Binder:3491_9 identical 4 lines
03-25 00:36:12.657  3491  4010 D SubscriptionController: [getDefaultDataSubId] subId= 2
03-25 00:36:13.214  3383  3393 D RIL     : rxlev[0]=99, rscp[0]=255, rsrp[0]=99
03-25 00:36:13.215  3383  3393 D RILC    : currentSignalStrengthInd
03-25 00:36:13.215  3383  3393 I RILC    : RIL_SOCKET_1 UNSOLICITED: UNSOL_SIGNAL_STRENGTH length:56
03-25 00:36:13.218  3491  4010 D SubscriptionController: [getDefaultDataSubId] subId= 2
03-25 00:36:13.219  3267  5364 I WifiService: getConnectionInfo uid=10082
03-25 00:36:13.220  3531  3750 I sysui_multi_action: [757,1093,758,4,793,2508,1094,604504577,1095,5]
03-25 00:36:13.447  3267  5364 I am_destroy_service: [0,58017931,4265]
03-25 00:36:13.448  4265  4265 D BoundBrokerSvc: onUnbind: Intent { act=com.google.android.gms.measurement.START pkg=com.google.android.gms }
03-25 00:36:13.493  3267  3436 D AlarmManager: waitForAlarm result:4currentTime=1774409773493, elapsedRealtime=67301
03-25 00:36:13.493  3267  3436 D AlarmManager: triggerList.size = 1, hasWakeup = true
03-25 00:36:13.493  3267  3436 D AlarmManagerService: set alarm to kernel: 67.640000000, type=2 
03-25 00:36:13.493  3267  3436 V AlarmManager: sending alarm Alarm{8a8e654 type 2 when 67301 com.google.android.gms}
03-25 00:36:13.494  3267  3436 D BroadcastQueue: Add broadcast <BroadcastRecord{f0fd9fd u0 com.google.android.intent.action.GCM_RECONNECT}> into [ordered | background], pending size 0
03-25 00:36:13.494  3267  3436 D BroadcastQueue: Header is BroadcastRecord{f0fd9fd u0 com.google.android.intent.action.GCM_RECONNECT} now
03-25 00:36:13.500  3267  6283 D BroadcastQueue: Finished with ordered broadcast BroadcastRecord{f0fd9fd u0 com.google.android.intent.action.GCM_RECONNECT} receivers:(1) take 5ms in [background], remains 0
03-25 00:36:13.539  4265  4265 D BoundBrokerSvc: onUnbind: Intent { act=com.google.android.gms.safebrowsing.SafeBrowsingService.START dat=chimera-action: cmp=com.google.android.gms/.chimera.GmsBoundBrokerService }
03-25 00:36:13.767  3923  3967 I CPVoiceAgent: select: retrun 0
03-25 00:36:13.831  3267  3436 D AlarmManager: waitForAlarm result:4currentTime=1774409773831, elapsedRealtime=67640
03-25 00:36:13.832  3267  3436 D AlarmManager: triggerList.size = 1, hasWakeup = true
03-25 00:36:13.832  3267  3436 D AlarmManagerService: set alarm to kernel: 81.341000000, type=2 
03-25 00:36:13.832  3267  3436 V AlarmManager: sending alarm Alarm{4d916f2 type 2 when 67640 android}
03-25 00:36:13.833  3267  3465 D ConnectivityService: handleLingerComplete for NetworkAgentInfo [MOBILE (LTE) - 100]
03-25 00:36:13.839  2955  3218 D ENGPC   : parse_event: event { 'change', '/devices/virtual/xt_idletimer/timers', 'xt_idletimer', '' }
03-25 00:36:13.852  3267  3465 D ConnectivityService: notifyType CALLBACK_CAP_CHANGED for NetworkAgentInfo [MOBILE (LTE) - 100]
03-25 00:36:13.852  3011  3701 D LCS_MGT : [agps_agent_handle_timer_expired] enter, timerType 1
03-25 00:36:13.852  3011  3701 D LCS_MGT : [agps_agent_handle_read_hslp_retry_expired] enter
03-25 00:36:13.852  3011  3701 D LCS_MGT : [agps_agent_stop_timer] enter, timer 3
03-25 00:36:13.852  3011  3701 D LCS_MGT : [LCSMGT_sendAsyncEvent]: send event(0xa002), body maxsize(12)
03-25 00:36:13.852  3011  3701 D LCS_MGT : LCSMGT Version:AGNSS_W24.33.2_V18.5.3, android:V8.1.0(64bit), gcc:V4.2.1 Compatible Android Clang 5.0.300080 , build time:Aug 13 2024, 16:40:36
03-25 00:36:13.852  3011  3701 D LCS_MGT : [LCSMGT_sendAsyncEvent]: send event(0xa002), body maxsize(12)
03-25 00:36:13.852  3011  3701 D LCS_MGT : LCSMGT Version:AGNSS_W24.33.2_V18.5.3, android:V8.1.0(64bit), gcc:V4.2.1 Compatible Android Clang 5.0.300080 , build time:Aug 13 2024, 16:40:36
03-25 00:36:13.852  3011  3701 D LCS_MGT : [agps_agent_sc_read_hslp] readStatus 3
03-25 00:36:13.852  3011  3701 D LCS_MGT : [agps_agent_read_efdir_ctx] enter
03-25 00:36:13.852  3011  3701 D LCS_MGT : [agps_agent_gen_crsm_read_efdir] enter, Cmd Pointer 0x79c9187370
03-25 00:36:13.852  3011  3701 D LCS_MGT : [LCSMGT_sendCrsmRequest]: Entry point
