03-25 00:09:19.470  8661  8661 I zygote64:   at java.lang.Object m84.fbx.d() (:com.google.android.gms.policy_ads_fdr_dynamite@260480607@260480602000.868869642.868869642:12)
03-25 00:09:19.470  8661  8661 I zygote64:   at java.lang.Object m84.fbx.a() (:com.google.android.gms.policy_ads_fdr_dynamite@260480607@260480602000.868869642.868869642:7)
03-25 00:09:19.470  8661  8661 I zygote64:   at com.google.android.gms.ads.nonagon.ad.common.af com.google.android.gms.ads.nonagon.ad.banner.ag.b() (:com.google.android.gms.policy_ads_fdr_dynamite@260480607@260480602000.868869642.868869642:3)
03-25 00:09:19.470  8661  8661 I zygote64:   at boolean com.google.android.gms.ads.nonagon.shim.f.W(com.google.android.gms.ads.internal.client.k) (:com.google.android.gms.policy_ads_fdr_dynamite@260480607@260480602000.868869642.868869642:505)
03-25 00:09:19.470  8661  8661 I zygote64:   at boolean com.google.android.gms.ads.nonagon.shim.f.O(com.google.android.gms.ads.internal.client.k) (:com.google.android.gms.policy_ads_fdr_dynamite@260480607@260480602000.868869642.868869642:7)
03-25 00:09:19.470  8661  8661 I zygote64:   at boolean com.google.android.gms.ads.nonagon.shim.ac.O(com.google.android.gms.ads.internal.client.k) (:com.google.android.gms.policy_ads_fdr_dynamite@260480607@260480602000.868869642.868869642:3)
03-25 00:09:19.470  8661  8661 I zygote64:   at boolean com.google.android.gms.ads.internal.client.be.bt(int, android.os.Parcel, android.os.Parcel) (:com.google.android.gms.policy_ads_fdr_dynamite@260480607@260480602000.868869642.868869642:869)
03-25 00:09:19.470  8661  8661 I zygote64:   at boolean m84.bkg.onTransact(int, android.os.Parcel, android.os.Parcel, int) (:com.google.android.gms.policy_ads_fdr_dynamite@260480607@260480602000.868869642.868869642:21)
03-25 00:09:19.470  8661  8661 I zygote64:   at boolean android.os.Binder.transact(int, android.os.Parcel, android.os.Parcel, int) (Binder.java:653)
03-25 00:09:19.470  8661  8661 I zygote64:   at android.os.Parcel com.google.android.gms.internal.ads.zzej.a(int, android.os.Parcel) ((null):-1)
03-25 00:09:19.470  8661  8661 I zygote64:   at boolean com.google.android.gms.internal.ads.zzku.b(com.google.android.gms.internal.ads.zzjj) ((null):-1)
03-25 00:09:19.470  8661  8661 I zygote64:   at void com.google.android.gms.internal.ads.zzly.a(com.google.android.gms.internal.ads.zzlw) ((null):-1)
03-25 00:09:19.470  8661  8661 I zygote64:   at void com.google.android.gms.ads.a.a(com.google.android.gms.ads.AdRequest) ((null):-1)
03-25 00:09:19.470  8661  8661 I zygote64:   at void com.google.android.gms.ads.AdView.a(com.google.android.gms.ads.AdRequest) ((null):-1)
03-25 00:09:19.471  8661  8661 I zygote64:   at void com.chartcross.gpstest.GPSTest.a(android.content.Context) (GPSTest.java:7953)
03-25 00:09:19.471  8661  8661 I zygote64:   at void com.chartcross.gpstest.GPSTest.c(android.content.Context) (GPSTest.java:777)
03-25 00:09:19.471  8661  8661 I zygote64:   at void com.chartcross.gpstest.GPSTest.onCreate(android.os.Bundle) (GPSTest.java:1193)
03-25 00:09:19.471  8661  8661 I zygote64:   at void android.app.Activity.performCreate(android.os.Bundle, android.os.PersistableBundle) (Activity.java:7092)
03-25 00:09:19.471  8661  8661 I zygote64:   at void android.app.Activity.performCreate(android.os.Bundle) (Activity.java:7083)
03-25 00:09:19.471  8661  8661 I zygote64:   at void android.app.Instrumentation.callActivityOnCreate(android.app.Activity, android.os.Bundle) (Instrumentation.java:1217)
03-25 00:09:19.471  8661  8661 I zygote64:   at android.app.Activity android.app.ActivityThread.performLaunchActivity(android.app.ActivityThread$ActivityClientRecord, android.content.Intent) (ActivityThread.java:2812)
03-25 00:09:19.471  8661  8661 I zygote64:   at void android.app.ActivityThread.handleLaunchActivity(android.app.ActivityThread$ActivityClientRecord, android.content.Intent, java.lang.String) (ActivityThread.java:2955)
03-25 00:09:19.471  8661  8661 I zygote64:   at void android.app.ActivityThread.-wrap12(android.app.ActivityThread, android.app.ActivityThread$ActivityClientRecord, android.content.Intent, java.lang.String) (ActivityThread.java:-1)
03-25 00:09:19.471  8661  8661 I zygote64:   at void android.app.ActivityThread$H.handleMessage(android.os.Message) (ActivityThread.java:1650)
03-25 00:09:19.471  8661  8661 I zygote64:   at void android.os.Handler.dispatchMessage(android.os.Message) (Handler.java:106)
03-25 00:09:19.471  8661  8661 I zygote64:   at void android.os.Looper.loop() (Looper.java:164)
03-25 00:09:19.471  8661  8661 I zygote64:   at void android.app.ActivityThread.main(java.lang.String[]) (ActivityThread.java:6747)
03-25 00:09:19.471  8661  8661 I zygote64:   at java.lang.Object java.lang.reflect.Method.invoke(java.lang.Object, java.lang.Object[]) (Method.java:-2)
03-25 00:09:19.471  8661  8661 I zygote64:   at void com.android.internal.os.RuntimeInit$MethodAndArgsCaller.run() (RuntimeInit.java:449)
03-25 00:09:19.471  8661  8661 I zygote64:   at void com.android.internal.os.ZygoteInit.main(java.lang.String[]) (ZygoteInit.java:807)
03-25 00:09:19.471  8661  8661 I zygote64: 
03-25 00:09:19.472  8661  8661 I zygote64: Rejecting re-init on previously-failed class java.lang.Class<com.google.android.gms.ads.eventattestation.internal.i>: java.lang.NoClassDefFoundError: Failed resolution of: Landroid/view/displayhash/DisplayHashResultCallback;
03-25 00:09:19.472  8661  8661 I zygote64:   at java.lang.Class dalvik.system.DexFile.defineClassNative(java.lang.String, java.lang.ClassLoader, java.lang.Object, dalvik.system.DexFile) (DexFile.java:-2)
03-25 00:09:19.472  8661  8661 I zygote64:   at java.lang.Class dalvik.system.DexFile.defineClass(java.lang.String, java.lang.ClassLoader, java.lang.Object, dalvik.system.DexFile, java.util.List) (DexFile.java:282)
03-25 00:09:19.472  8661  8661 I zygote64:   at java.lang.Class dalvik.system.DexFile.loadClassBinaryName(java.lang.String, java.lang.ClassLoader, java.util.List) (DexFile.java:275)
03-25 00:09:19.472  8661  8661 I zygote64:   at java.lang.Class dalvik.system.DexPathList$Element.findClass(java.lang.String, java.lang.ClassLoader, java.util.List) (DexPathList.java:677)
03-25 00:09:19.472  8661  8661 I zygote64:   at java.lang.Class dalvik.system.DexPathList.findClass(java.lang.String, java.util.List) (DexPathList.java:466)
03-25 00:09:19.472  8661  8661 I zygote64:   at java.lang.Class dalvik.system.BaseDexClassLoader.findClass(java.lang.String) (BaseDexClassLoader.java:123)
03-25 00:09:19.472  8661  8661 I zygote64:   at java.lang.Class m2.at.loadClass(java.lang.String, boolean) (:com.google.android.gms.dynamite_dynamiteloader@261133004@26.11.33 (040400-0):21)
03-25 00:09:19.472  8661  8661 I zygote64:   at java.lang.Class java.lang.ClassLoader.loadClass(java.lang.String) (ClassLoader.java:312)
03-25 00:09:19.472  8661  8661 I zygote64:   at com.google.android.gms.ads.internal.eventattestation.c com.google.android.gms.ads.internal.l.a() (:com.google.android.gms.policy_ads_fdr_dynamite@260480607@260480602000.868869642.868869642:3)
03-25 00:09:19.472  8661  8661 I zygote64:   at com.google.android.gms.ads.internal.eventattestation.c com.google.android.gms.ads.nonagon.bd.b() (:com.google.android.gms.policy_ads_fdr_dynamite@260480607@260480602000.868869642.868869642:5)
03-25 00:09:19.472  8661  8661 I zygote64:   at java.lang.Object com.google.android.gms.ads.internal.eventattestation.b.a() (:com.google.android.gms.policy_ads_fdr_dynamite@260480607@260480602000.868869642.868869642:21)
03-25 00:09:19.472  8661  8661 I zygote64:   at java.lang.Object m84.fbx.d() (:com.google.android.gms.policy_ads_fdr_dynamite@260480607@260480602000.868869642.868869642:12)
03-25 00:09:19.472  8661  8661 I zygote64:   at java.lang.Object m84.fbx.a() (:com.google.android.gms.policy_ads_fdr_dynamite@260480607@260480602000.868869642.868869642:7)
03-25 00:09:19.472  8661  8661 I zygote64:   at java.lang.Object com.google.android.gms.ads.nonagon.ad.webview.n.a() (:com.google.android.gms.policy_ads_fdr_dynamite@260480607@260480602000.868869642.868869642:21)
03-25 00:09:19.472  8661  8661 I zygote64:   at java.lang.Object m84.fbx.d() (:com.google.android.gms.policy_ads_fdr_dynamite@260480607@260480602000.868869642.868869642:12)
03-25 00:09:19.472  8661  8661 I zygote64:   at java.lang.Object m84.fbx.a() (:com.google.android.gms.policy_ads_fdr_dynamite@260480607@260480602000.868869642.868869642:7)
03-25 00:09:19.473  8661  8661 I zygote64:   at com.google.android.gms.ads.nonagon.render.z com.google.android.gms.ads.nonagon.render.aa.b() (:com.google.android.gms.policy_ads_fdr_dynamite@260480607@260480602000.868869642.868869642:30)
03-25 00:09:19.473  8661  8661 I zygote64:   at java.lang.Object com.google.android.gms.ads.nonagon.ad.banner.ah.a() (:com.google.android.gms.policy_ads_fdr_dynamite@260480607@260480602000.868869642.868869642:5)
03-25 00:09:19.473  8661  8661 I zygote64:   at java.util.Map m84.fcb.b() (:com.google.android.gms.policy_ads_fdr_dynamite@260480607@260480602000.868869642.868869642:41)
03-25 00:09:19.473  8661  8661 I zygote64:   at java.lang.Object com.google.android.gms.ads.nonagon.ad.common.f.a() (:com.google.android.gms.policy_ads_fdr_dynamite@260480607@260480602000.868869642.868869642:5)
03-25 00:09:19.473  8661  8661 I zygote64:   at java.lang.Object m84.fbx.d() (:com.google.android.gms.policy_ads_fdr_dynamite@260480607@260480602000.868869642.868869642:12)
03-25 00:09:19.473  8661  8661 I zygote64:   at java.lang.Object m84.fbx.a() (:com.google.android.gms.policy_ads_fdr_dynamite@260480607@260480602000.868869642.868869642:7)
03-25 00:09:19.473  8661  8661 I zygote64:   at com.google.android.gms.ads.nonagon.render.cn com.google.android.gms.ads.nonagon.render.co.b() (:com.google.android.gms.policy_ads_fdr_dynamite@260480607@260480602000.868869642.868869642:56)
03-25 00:09:19.473  8661  8661 I zygote64:   at java.lang.Object com.google.android.gms.ads.nonagon.ad.common.ag.a() (:com.google.android.gms.policy_ads_fdr_dynamite@260480607@260480602000.868869642.868869642:38)
03-25 00:09:19.473  8661  8661 I zygote64:   at java.lang.Object m84.fbx.d() (:com.google.android.gms.policy_ads_fdr_dynamite@260480607@260480602000.868869642.868869642:12)
03-25 00:09:19.473  8661  8661 I zygote64:   at java.lang.Object m84.fbx.a() (:com.google.android.gms.policy_ads_fdr_dynamite@260480607@260480602000.868869642.868869642:7)
03-25 00:09:19.473  8661  8661 I zygote64:   at com.google.android.gms.ads.nonagon.ad.common.af com.google.android.gms.ads.nonagon.ad.banner.ag.b() (:com.google.android.gms.policy_ads_fdr_dynamite@260480607@260480602000.868869642.868869642:3)
03-25 00:09:19.473  8661  8661 I zygote64:   at boolean com.google.android.gms.ads.nonagon.shim.f.W(com.google.android.gms.ads.internal.client.k) (:com.google.android.gms.policy_ads_fdr_dynamite@260480607@260480602000.868869642.868869642:505)
03-25 00:09:19.473  8661  8661 I zygote64:   at boolean com.google.android.gms.ads.nonagon.shim.f.O(com.google.android.gms.ads.internal.client.k) (:com.google.android.gms.policy_ads_fdr_dynamite@260480607@260480602000.868869642.868869642:7)
03-25 00:09:19.473  8661  8661 I zygote64:   at boolean com.google.android.gms.ads.nonagon.shim.ac.O(com.google.android.gms.ads.internal.client.k) (:com.google.android.gms.policy_ads_fdr_dynamite@260480607@260480602000.868869642.868869642:3)
03-25 00:09:19.473  8661  8661 I zygote64:   at boolean com.google.android.gms.ads.internal.client.be.bt(int, android.os.Parcel, android.os.Parcel) (:com.google.android.gms.policy_ads_fdr_dynamite@260480607@260480602000.868869642.868869642:869)
03-25 00:09:19.473  8661  8661 I zygote64:   at boolean m84.bkg.onTransact(int, android.os.Parcel, android.os.Parcel, int) (:com.google.android.gms.policy_ads_fdr_dynamite@260480607@260480602000.868869642.868869642:21)
03-25 00:09:19.473  8661  8661 I zygote64:   at boolean android.os.Binder.transact(int, android.os.Parcel, android.os.Parcel, int) (Binder.java:653)
03-25 00:09:19.473  8661  8661 I zygote64:   at android.os.Parcel com.google.android.gms.internal.ads.zzej.a(int, android.os.Parcel) ((null):-1)
03-25 00:09:19.473  8661  8661 I zygote64:   at boolean com.google.android.gms.internal.ads.zzku.b(com.google.android.gms.internal.ads.zzjj) ((null):-1)
03-25 00:09:19.473  8661  8661 I zygote64:   at void com.google.android.gms.internal.ads.zzly.a(com.google.android.gms.internal.ads.zzlw) ((null):-1)
03-25 00:09:19.473  8661  8661 I zygote64:   at void com.google.android.gms.ads.a.a(com.google.android.gms.ads.AdRequest) ((null):-1)
03-25 00:09:19.473  8661  8661 I zygote64:   at void com.google.android.gms.ads.AdView.a(com.google.android.gms.ads.AdRequest) ((null):-1)
03-25 00:09:19.473  8661  8661 I zygote64:   at void com.chartcross.gpstest.GPSTest.a(android.content.Context) (GPSTest.java:7953)
03-25 00:09:19.473  8661  8661 I zygote64:   at void com.chartcross.gpstest.GPSTest.c(android.content.Context) (GPSTest.java:777)
03-25 00:09:19.473  8661  8661 I zygote64:   at void com.chartcross.gpstest.GPSTest.onCreate(android.os.Bundle) (GPSTest.java:1193)
03-25 00:09:19.473  8661  8661 I zygote64:   at void android.app.Activity.performCreate(android.os.Bundle, android.os.PersistableBundle) (Activity.java:7092)
03-25 00:09:19.473  8661  8661 I zygote64:   at void android.app.Activity.performCreate(android.os.Bundle) (Activity.java:7083)
03-25 00:09:19.473  8661  8661 I zygote64:   at void android.app.Instrumentation.callActivityOnCreate(android.app.Activity, android.os.Bundle) (Instrumentation.java:1217)
03-25 00:09:19.473  8661  8661 I zygote64:   at android.app.Activity android.app.ActivityThread.performLaunchActivity(android.app.ActivityThread$ActivityClientRecord, android.content.Intent) (ActivityThread.java:2812)
03-25 00:09:19.473  8661  8661 I zygote64:   at void android.app.ActivityThread.handleLaunchActivity(android.app.ActivityThread$ActivityClientRecord, android.content.Intent, java.lang.String) (ActivityThread.java:2955)
03-25 00:09:19.473  8661  8661 I zygote64:   at void android.app.ActivityThread.-wrap12(android.app.ActivityThread, android.app.ActivityThread$ActivityClientRecord, android.content.Intent, java.lang.String) (ActivityThread.java:-1)
03-25 00:09:19.473  8661  8661 I zygote64:   at void android.app.ActivityThread$H.handleMessage(android.os.Message) (ActivityThread.java:1650)
03-25 00:09:19.473  8661  8661 I zygote64:   at void android.os.Handler.dispatchMessage(android.os.Message) (Handler.java:106)
03-25 00:09:19.473  8661  8661 I zygote64:   at void android.os.Looper.loop() (Looper.java:164)
03-25 00:09:19.473  8661  8661 I zygote64:   at void android.app.ActivityThread.main(java.lang.String[]) (ActivityThread.java:6747)
03-25 00:09:19.473  8661  8661 I zygote64:   at java.lang.Object java.lang.reflect.Method.invoke(java.lang.Object, java.lang.Object[]) (Method.java:-2)
03-25 00:09:19.473  8661  8661 I zygote64:   at void com.android.internal.os.RuntimeInit$MethodAndArgsCaller.run() (RuntimeInit.java:449)
03-25 00:09:19.473  8661  8661 I zygote64:   at void com.android.internal.os.ZygoteInit.main(java.lang.String[]) (ZygoteInit.java:807)
03-25 00:09:19.473  8661  8661 I zygote64: Caused by: java.lang.ClassNotFoundException: Didn't find class "android.view.displayhash.DisplayHashResultCallback" on path: DexPathList[[zip file "/data/user_de/0/com.google.android.gms/app_chimera/m/00000019/dl-AdsFdrDynamite.integ_260480602040000.apk"],nativeLibraryDirectories=[/data/user_de/0/com.google.android.gms/app_chimera/m/00000019/n/arm64-v8a, /system/lib64, /vendor/lib64]]
03-25 00:09:19.473  8661  8661 I zygote64:   at java.lang.Class dalvik.system.BaseDexClassLoader.findClass(java.lang.String) (BaseDexClassLoader.java:125)
03-25 00:09:19.473  8661  8661 I zygote64:   at java.lang.Class m2.at.loadClass(java.lang.String, boolean) (:com.google.android.gms.dynamite_dynamiteloader@261133004@26.11.33 (040400-0):21)
03-25 00:09:19.473  8661  8661 I zygote64:   at java.lang.Class java.lang.ClassLoader.loadClass(java.lang.String) (ClassLoader.java:312)
03-25 00:09:19.473  8661  8661 I zygote64:   at java.lang.Class dalvik.system.DexFile.defineClassNative(java.lang.String, java.lang.ClassLoader, java.lang.Object, dalvik.system.DexFile) (DexFile.java:-2)
03-25 00:09:19.473  8661  8661 I zygote64:   at java.lang.Class dalvik.system.DexFile.defineClass(java.lang.String, java.lang.ClassLoader, java.lang.Object, dalvik.system.DexFile, java.util.List) (DexFile.java:282)
03-25 00:09:19.473  8661  8661 I zygote64:   at java.lang.Class dalvik.system.DexFile.loadClassBinaryName(java.lang.String, java.lang.ClassLoader, java.util.List) (DexFile.java:275)
03-25 00:09:19.473  8661  8661 I zygote64:   at java.lang.Class dalvik.system.DexPathList$Element.findClass(java.lang.String, java.lang.ClassLoader, java.util.List) (DexPathList.java:677)
03-25 00:09:19.473  8661  8661 I zygote64:   at java.lang.Class dalvik.system.DexPathList.findClass(java.lang.String, java.util.List) (DexPathList.java:466)
03-25 00:09:19.473  8661  8661 I zygote64:   at java.lang.Class dalvik.system.BaseDexClassLoader.findClass(java.lang.String) (BaseDexClassLoader.java:123)
03-25 00:09:19.473  8661  8661 I zygote64:   at java.lang.Class m2.at.loadClass(java.lang.String, boolean) (:com.google.android.gms.dynamite_dynamiteloader@261133004@26.11.33 (040400-0):21)
03-25 00:09:19.473  8661  8661 I zygote64:   at java.lang.Class java.lang.ClassLoader.loadClass(java.lang.String) (ClassLoader.java:312)
03-25 00:09:19.473  8661  8661 I zygote64:   at com.google.android.gms.ads.internal.eventattestation.c com.google.android.gms.ads.internal.l.a() (:com.google.android.gms.policy_ads_fdr_dynamite@260480607@260480602000.868869642.868869642:3)
03-25 00:09:19.473  8661  8661 I zygote64:   at com.google.android.gms.ads.internal.eventattestation.c com.google.android.gms.ads.nonagon.bd.b() (:com.google.android.gms.policy_ads_fdr_dynamite@260480607@260480602000.868869642.868869642:5)
03-25 00:09:19.473  8661  8661 I zygote64:   at java.lang.Object com.google.android.gms.ads.internal.eventattestation.b.a() (:com.google.android.gms.policy_ads_fdr_dynamite@260480607@260480602000.868869642.868869642:21)
03-25 00:09:19.459  4424  4424 I auditd  : type=1400 audit(0.0:3590): avc: denied { write } for comm="logcat" name="tmp" dev="mmcblk0p38" ino=50 scontext=u:r:su:s0 tcontext=u:object_r:shell_data_file:s0 tclass=dir permissive=1
03-25 00:09:19.473  8661  8661 I zygote64:   at java.lang.Object m84.fbx.d() (:com.google.android.gms.policy_ads_fdr_dynamite@260480607@260480602000.868869642.868869642:12)
03-25 00:09:19.459  4424  4424 I logcat  : type=1400 audit(0.0:3590): avc: denied { write } for name="tmp" dev="mmcblk0p38" ino=50 scontext=u:r:su:s0 tcontext=u:object_r:shell_data_file:s0 tclass=dir permissive=1
03-25 00:09:19.473  8661  8661 I zygote64:   at java.lang.Object m84.fbx.a() (:com.google.android.gms.policy_ads_fdr_dynamite@260480607@260480602000.868869642.868869642:7)
03-25 00:09:19.473  8661  8661 I zygote64:   at java.lang.Object com.google.android.gms.ads.nonagon.ad.webview.n.a() (:com.google.android.gms.policy_ads_fdr_dynamite@260480607@260480602000.868869642.868869642:21)
03-25 00:09:19.473  8661  8661 I zygote64:   at java.lang.Object m84.fbx.d() (:com.google.android.gms.policy_ads_fdr_dynamite@260480607@260480602000.868869642.868869642:12)
03-25 00:09:19.473  8661  8661 I zygote64:   at java.lang.Object m84.fbx.a() (:com.google.android.gms.policy_ads_fdr_dynamite@260480607@260480602000.868869642.868869642:7)
03-25 00:09:19.473  8661  8661 I zygote64:   at com.google.android.gms.ads.nonagon.render.z com.google.android.gms.ads.nonagon.render.aa.b() (:com.google.android.gms.policy_ads_fdr_dynamite@260480607@260480602000.868869642.868869642:30)
03-25 00:09:19.473  8661  8661 I zygote64:   at java.lang.Object com.google.android.gms.ads.nonagon.ad.banner.ah.a() (:com.google.android.gms.policy_ads_fdr_dynamite@260480607@260480602000.868869642.868869642:5)
03-25 00:09:19.473  8661  8661 I zygote64:   at java.util.Map m84.fcb.b() (:com.google.android.gms.policy_ads_fdr_dynamite@260480607@260480602000.868869642.868869642:41)
03-25 00:09:19.473  8661  8661 I zygote64:   at java.lang.Object com.google.android.gms.ads.nonagon.ad.common.f.a() (:com.google.android.gms.policy_ads_fdr_dynamite@260480607@260480602000.868869642.868869642:5)
03-25 00:09:19.473  8661  8661 I zygote64:   at java.lang.Object m84.fbx.d() (:com.google.android.gms.policy_ads_fdr_dynamite@260480607@260480602000.868869642.868869642:12)
03-25 00:09:19.473  8661  8661 I zygote64:   at java.lang.Object m84.fbx.a() (:com.google.android.gms.policy_ads_fdr_dynamite@260480607@260480602000.868869642.868869642:7)
03-25 00:09:19.473  8661  8661 I zygote64:   at com.google.android.gms.ads.nonagon.render.cn com.google.android.gms.ads.nonagon.render.co.b() (:com.google.android.gms.policy_ads_fdr_dynamite@260480607@260480602000.868869642.868869642:56)
03-25 00:09:19.473  8661  8661 I zygote64:   at java.lang.Object com.google.android.gms.ads.nonagon.ad.common.ag.a() (:com.google.android.gms.policy_ads_fdr_dynamite@260480607@260480602000.868869642.868869642:38)
03-25 00:09:19.473  8661  8661 I zygote64:   at java.lang.Object m84.fbx.d() (:com.google.android.gms.policy_ads_fdr_dynamite@260480607@260480602000.868869642.868869642:12)
03-25 00:09:19.473  8661  8661 I zygote64:   at java.lang.Object m84.fbx.a() (:com.google.android.gms.policy_ads_fdr_dynamite@260480607@260480602000.868869642.868869642:7)
03-25 00:09:19.473  8661  8661 I zygote64:   at com.google.android.gms.ads.nonagon.ad.common.af com.google.android.gms.ads.nonagon.ad.banner.ag.b() (:com.google.android.gms.policy_ads_fdr_dynamite@260480607@260480602000.868869642.868869642:3)
03-25 00:09:19.469  4424  4424 I auditd  : type=1400 audit(0.0:3591): avc: denied { remove_name } for comm="logcat" name="boot_log.txt.4" dev="mmcblk0p38" ino=17691 scontext=u:r:su:s0 tcontext=u:object_r:shell_data_file:s0 tclass=dir permissive=1
03-25 00:09:19.473  8661  8661 I zygote64:   at boolean com.google.android.gms.ads.nonagon.shim.f.W(com.google.android.gms.ads.internal.client.k) (:com.google.android.gms.policy_ads_fdr_dynamite@260480607@260480602000.868869642.868869642:505)
03-25 00:09:19.469  4424  4424 I logcat  : type=1400 audit(0.0:3591): avc: denied { remove_name } for name="boot_log.txt.4" dev="mmcblk0p38" ino=17691 scontext=u:r:su:s0 tcontext=u:object_r:shell_data_file:s0 tclass=dir permissive=1
03-25 00:09:19.474  8661  8661 I zygote64:   at boolean com.google.android.gms.ads.nonagon.shim.f.O(com.google.android.gms.ads.internal.client.k) (:com.google.android.gms.policy_ads_fdr_dynamite@260480607@260480602000.868869642.868869642:7)
03-25 00:09:19.474  8661  8661 I zygote64:   at boolean com.google.android.gms.ads.nonagon.shim.ac.O(com.google.android.gms.ads.internal.client.k) (:com.google.android.gms.policy_ads_fdr_dynamite@260480607@260480602000.868869642.868869642:3)
03-25 00:09:19.474  8661  8661 I zygote64:   at boolean com.google.android.gms.ads.internal.client.be.bt(int, android.os.Parcel, android.os.Parcel) (:com.google.android.gms.policy_ads_fdr_dynamite@260480607@260480602000.868869642.868869642:869)
03-25 00:09:19.474  8661  8661 I zygote64:   at boolean m84.bkg.onTransact(int, android.os.Parcel, android.os.Parcel, int) (:com.google.android.gms.policy_ads_fdr_dynamite@260480607@260480602000.868869642.868869642:21)
03-25 00:09:19.474  8661  8661 I zygote64:   at boolean android.os.Binder.transact(int, android.os.Parcel, android.os.Parcel, int) (Binder.java:653)
03-25 00:09:19.474  8661  8661 I zygote64:   at android.os.Parcel com.google.android.gms.internal.ads.zzej.a(int, android.os.Parcel) ((null):-1)
03-25 00:09:19.474  8661  8661 I zygote64:   at boolean com.google.android.gms.internal.ads.zzku.b(com.google.android.gms.internal.ads.zzjj) ((null):-1)
03-25 00:09:19.469  4424  4424 I auditd  : type=1400 audit(0.0:3592): avc: denied { rename } for comm="logcat" name="boot_log.txt.4" dev="mmcblk0p38" ino=17691 scontext=u:r:su:s0 tcontext=u:object_r:shell_data_file:s0 tclass=file permissive=1
03-25 00:09:19.474  8661  8661 I zygote64:   at void com.google.android.gms.internal.ads.zzly.a(com.google.android.gms.internal.ads.zzlw) ((null):-1)
03-25 00:09:19.469  4424  4424 I logcat  : type=1400 audit(0.0:3592): avc: denied { rename } for name="boot_log.txt.4" dev="mmcblk0p38" ino=17691 scontext=u:r:su:s0 tcontext=u:object_r:shell_data_file:s0 tclass=file permissive=1
03-25 00:09:19.474  8661  8661 I zygote64:   at void com.google.android.gms.ads.a.a(com.google.android.gms.ads.AdRequest) ((null):-1)
03-25 00:09:19.474  8661  8661 I zygote64:   at void com.google.android.gms.ads.AdView.a(com.google.android.gms.ads.AdRequest) ((null):-1)
03-25 00:09:19.474  8661  8661 I zygote64:   at void com.chartcross.gpstest.GPSTest.a(android.content.Context) (GPSTest.java:7953)
03-25 00:09:19.474  8661  8661 I zygote64:   at void com.chartcross.gpstest.GPSTest.c(android.content.Context) (GPSTest.java:777)
03-25 00:09:19.469  4424  4424 I auditd  : type=1400 audit(0.0:3593): avc: denied { add_name } for comm="logcat" name="boot_log.txt.5" dev="mmcblk0p38" ino=17521 scontext=u:r:su:s0 tcontext=u:object_r:shell_data_file:s0 tclass=dir permissive=1
03-25 00:09:19.474  8661  8661 I zygote64:   at void com.chartcross.gpstest.GPSTest.onCreate(android.os.Bundle) (GPSTest.java:1193)
03-25 00:09:19.469  4424  4424 I logcat  : type=1400 audit(0.0:3593): avc: denied { add_name } for name="boot_log.txt.5" dev="mmcblk0p38" ino=17521 scontext=u:r:su:s0 tcontext=u:object_r:shell_data_file:s0 tclass=dir permissive=1
03-25 00:09:19.474  8661  8661 I zygote64:   at void android.app.Activity.performCreate(android.os.Bundle, android.os.PersistableBundle) (Activity.java:7092)
03-25 00:09:19.474  8661  8661 I zygote64:   at void android.app.Activity.performCreate(android.os.Bundle) (Activity.java:7083)
03-25 00:09:19.474  8661  8661 I zygote64:   at void android.app.Instrumentation.callActivityOnCreate(android.app.Activity, android.os.Bundle) (Instrumentation.java:1217)
03-25 00:09:19.474  8661  8661 I zygote64:   at android.app.Activity android.app.ActivityThread.performLaunchActivity(android.app.ActivityThread$ActivityClientRecord, android.content.Intent) (ActivityThread.java:2812)
03-25 00:09:19.469  4424  4424 I auditd  : type=1400 audit(0.0:3594): avc: denied { unlink } for comm="logcat" name="boot_log.txt.5" dev="mmcblk0p38" ino=17521 scontext=u:r:su:s0 tcontext=u:object_r:shell_data_file:s0 tclass=file permissive=1
03-25 00:09:19.469  4424  4424 I logcat  : type=1400 audit(0.0:3594): avc: denied { unlink } for name="boot_log.txt.5" dev="mmcblk0p38" ino=17521 scontext=u:r:su:s0 tcontext=u:object_r:shell_data_file:s0 tclass=file permissive=1
03-25 00:09:19.474  8661  8661 I zygote64:   at void android.app.ActivityThread.handleLaunchActivity(android.app.ActivityThread$ActivityClientRecord, android.content.Intent, java.lang.String) (ActivityThread.java:2955)
03-25 00:09:19.474  8661  8661 I zygote64:   at void android.app.ActivityThread.-wrap12(android.app.ActivityThread, android.app.ActivityThread$ActivityClientRecord, android.content.Intent, java.lang.String) (ActivityThread.java:-1)
03-25 00:09:19.474  8661  8661 I zygote64:   at void android.app.ActivityThread$H.handleMessage(android.os.Message) (ActivityThread.java:1650)
03-25 00:09:19.474  8661  8661 I zygote64:   at void android.os.Handler.dispatchMessage(android.os.Message) (Handler.java:106)
03-25 00:09:19.474  8661  8661 I zygote64:   at void android.os.Looper.loop() (Looper.java:164)
03-25 00:09:19.469  4424  4424 I auditd  : type=1400 audit(0.0:3595): avc: denied { create } for comm="logcat" name="boot_log.txt" scontext=u:r:su:s0 tcontext=u:object_r:shell_data_file:s0 tclass=file permissive=1
03-25 00:09:19.474  8661  8661 I zygote64:   at void android.app.ActivityThread.main(java.lang.String[]) (ActivityThread.java:6747)
03-25 00:09:19.469  4424  4424 I logcat  : type=1400 audit(0.0:3595): avc: denied { create } for name="boot_log.txt" scontext=u:r:su:s0 tcontext=u:object_r:shell_data_file:s0 tclass=file permissive=1
03-25 00:09:19.474  8661  8661 I zygote64:   at java.lang.Object java.lang.reflect.Method.invoke(java.lang.Object, java.lang.Object[]) (Method.java:-2)
03-25 00:09:19.474  8661  8661 I zygote64:   at void com.android.internal.os.RuntimeInit$MethodAndArgsCaller.run() (RuntimeInit.java:449)
03-25 00:09:19.474  8661  8661 I zygote64:   at void com.android.internal.os.ZygoteInit.main(java.lang.String[]) (ZygoteInit.java:807)
03-25 00:09:19.474  8661  8661 I zygote64: 
03-25 00:09:19.469  4424  4424 I auditd  : type=1400 audit(0.0:3596): avc: denied { append open } for comm="logcat" path="/data/local/tmp/boot_log.txt" dev="mmcblk0p38" ino=18631 scontext=u:r:su:s0 tcontext=u:object_r:shell_data_file:s0 tclass=file permissive=1
03-25 00:09:19.469  4424  4424 I logcat  : type=1400 audit(0.0:3596): avc: denied { append open } for path="/data/local/tmp/boot_log.txt" dev="mmcblk0p38" ino=18631 scontext=u:r:su:s0 tcontext=u:object_r:shell_data_file:s0 tclass=file permissive=1
03-25 00:09:19.496  3256  5886 I am_create_service: [0,209081964,.GmsBoundBrokerService,10014,4304]
03-25 00:09:19.498  4304  4304 D BoundBrokerSvc: onBind: Intent { act=com.google.android.gms.ads.identifier.service.EVENT_ATTESTATION pkg=com.google.android.gms }
03-25 00:09:19.498  4304  4304 D BoundBrokerSvc: Loading bound service for intent: Intent { act=com.google.android.gms.ads.identifier.service.EVENT_ATTESTATION pkg=com.google.android.gms }
03-25 00:09:19.513  3256  5886 D PackageManager: [b4527660-4492-462a-a2da-a6400f2183fa] Phase1; resolving
03-25 00:09:19.514  3985  3997 V PackageManager: [b4527660-4492-462a-a2da-a6400f2183fa] Phase1 called; posting
03-25 00:09:19.514  3985  3985 D PackageManager: [b4527660-4492-462a-a2da-a6400f2183fa] Phase1 request; prefix: [-724971520, 420691968]
03-25 00:09:19.517  3256  5886 D PackageManager: [b4527660-4492-462a-a2da-a6400f2183fa] Phase1; No results matched
03-25 00:09:19.522  3256  5886 D PackageManager: [f854c44b-3d94-426a-99d7-666652cb16db] Phase1; resolving
03-25 00:09:19.523  3985  3997 V PackageManager: [f854c44b-3d94-426a-99d7-666652cb16db] Phase1 called; posting
03-25 00:09:19.523  3985  3985 D PackageManager: [f854c44b-3d94-426a-99d7-666652cb16db] Phase1 request; prefix: [-1552310272, -2130968576]
03-25 00:09:19.526  3256  5886 D PackageManager: [f854c44b-3d94-426a-99d7-666652cb16db] Phase1; No results matched
03-25 00:09:19.527  3256  5886 D PackageManager: [e0e978ca-da78-4132-8e77-78099f37d844] Phase1; resolving
03-25 00:09:19.528  3985  7996 V PackageManager: [e0e978ca-da78-4132-8e77-78099f37d844] Phase1 called; posting
03-25 00:09:19.528  3985  3985 D PackageManager: [e0e978ca-da78-4132-8e77-78099f37d844] Phase1 request; prefix: [-1552310272, -2130968576]
03-25 00:09:19.531  3256  5886 D PackageManager: [e0e978ca-da78-4132-8e77-78099f37d844] Phase1; No results matched
03-25 00:09:19.532  8661  8732 E AudioManagerEx: new AudioManagerEx
03-25 00:09:19.552  3256  5886 I am_create_service: [0,14848571,.GmsApiService,10014,4304]
03-25 00:09:19.554  4304  4304 D BoundBrokerSvc: onBind: Intent { act=com.google.android.gms.appset.service.START dat=chimera-action: cmp=com.google.android.gms/.chimera.GmsApiService }
03-25 00:09:19.554  4304  4304 D BoundBrokerSvc: Loading bound service for intent: Intent { act=com.google.android.gms.appset.service.START dat=chimera-action: cmp=com.google.android.gms/.chimera.GmsApiService }
03-25 00:09:19.564  3256  8568 D PackageManager: [45b7418e-f066-4b54-9920-28dbe5d4fe1d] Phase1; resolving
03-25 00:09:19.565  3985  7996 V PackageManager: [45b7418e-f066-4b54-9920-28dbe5d4fe1d] Phase1 called; posting
03-25 00:09:19.565  3985  3985 D PackageManager: [45b7418e-f066-4b54-9920-28dbe5d4fe1d] Phase1 request; prefix: [-724971520, -1912025088]
03-25 00:09:19.568  3256  8568 D PackageManager: [45b7418e-f066-4b54-9920-28dbe5d4fe1d] Phase1; No results matched
03-25 00:09:19.572  3256  5886 I am_uid_active: 10032
03-25 00:09:19.573  3256  5886 I am_create_service: [0,23584662,.DeveloperGroupIdInfoService,10032,7069]
03-25 00:09:19.575  8661  8666 I zygote64: Do partial code cache collection, code=26KB, data=18KB
03-25 00:09:19.576  8661  8666 I zygote64: After code cache collection, code=23KB, data=17KB
03-25 00:09:19.576  8661  8666 I zygote64: Increasing code cache capacity to 128KB
03-25 00:09:19.576  3256  3756 D PowerController.AppState: - reportAppProcStateInfo() E -
03-25 00:09:19.577  3256  3758 D PowerController.RecogA: handleMessage(MSG_REPORT_EVENT)
03-25 00:09:19.583  8661  8661 W ServiceBindIntentUtils: Dynamic lookup for intent failed for action: com.google.android.gms.ads.service.CACHE
03-25 00:09:19.586  3256  5886 I am_create_service: [0,166028525,.CacheBrokerService,10014,4304]
03-25 00:09:19.588  4304  4304 D BoundBrokerSvc: onBind: Intent { act=com.google.android.gms.ads.service.CACHE pkg=com.google.android.gms }
03-25 00:09:19.588  4304  4304 D BoundBrokerSvc: Loading bound service for intent: Intent { act=com.google.android.gms.ads.service.CACHE pkg=com.google.android.gms }
03-25 00:09:19.588  3256  3756 D PowerController.AppState: - reportAppProcStateInfo() E -
03-25 00:09:19.588  3256  3758 D PowerController.RecogA: handleMessage(MSG_REPORT_EVENT)
03-25 00:09:19.639  8661  8661 W FA      : setCurrentScreen cannot be called while no activity active
03-25 00:09:19.649  8661  8661 D DynamitePackage: Instantiating com.google.android.gms.ads.ChimeraMobileAdsSettingManagerCreatorImpl
03-25 00:09:19.687  8661  8661 I cr_CombinedPProvider: #registerProvider() provider:WV.u9@2f3abdb isPolicyCacheEnabled:false policyProvidersSize:0
03-25 00:09:19.688  8661  8661 I cr_PolicyProvider: #setManagerAndSource() 0
03-25 00:09:19.692  3256  8568 I am_uid_running: 99002
03-25 00:09:19.699  8738  8738 E /system/bin/webview_zygote32: Failed to make and chown /acct/uid_99002: Permission denied
03-25 00:09:19.700  8738  8738 E Zygote  : createProcessGroup(99002, 0) failed: Permission denied
03-25 00:09:19.702  8738  8738 E /system/bin/webview_zygote32: setrlimit(RLIMIT_CORE) failed for pid 8738: Operation not permitted
03-25 00:09:19.703  3256  8568 I am_proc_start: [0,8738,99002,com.google.android.webview:sandboxed_process0,webview_service,com.chartcross.gpstest/org.chromium.content.app.SandboxedProcessService0]
03-25 00:09:19.703  3256  8568 I ActivityManager: Start proc 8738:com.google.android.webview:sandboxed_process0/u0i2 for webview_service com.chartcross.gpstest/org.chromium.content.app.SandboxedProcessService0
03-25 00:09:19.689  8738  8738 I auditd  : type=1400 audit(0.0:3597): avc: denied { connectto } for comm="JDWP" path=006A6477702D636F6E74726F6C scontext=u:r:isolated_app:s0:c512,c768 tcontext=u:r:su:s0 tclass=unix_stream_socket permissive=1
03-25 00:09:19.689  8738  8738 I JDWP    : type=1400 audit(0.0:3597): avc: denied { connectto } for path=006A6477702D636F6E74726F6C scontext=u:r:isolated_app:s0:c512,c768 tcontext=u:r:su:s0 tclass=unix_stream_socket permissive=1
03-25 00:09:19.716  3256  8568 I am_proc_bound: [0,8738,com.google.android.webview:sandboxed_process0]
03-25 00:09:19.718  3256  3756 D PowerController.AppState: - reportAppStateEventInfo() E -
03-25 00:09:19.718  3256  3758 D PowerController.RecogA: handleMessage(MSG_REPORT_EVENT)
03-25 00:09:19.719  3256  8568 I am_uid_active: 99002
03-25 00:09:19.719  3256  8568 I am_create_service: [0,171132069,.SandboxedProcessService0,99002,8738]
03-25 00:09:19.733  8753  8753 E asset   : setgid: Operation not permitted
03-25 00:09:19.737  8661  8661 I cr_CombinedPProvider: #linkNativeInternal() 1
03-25 00:09:19.738  8661  8661 I cr_AppResProvider: #getApplicationRestrictionsFromUserManager() Bundle[EMPTY_PARCEL]
03-25 00:09:19.738  8661  8661 I cr_PolicyProvider: #notifySettingsAvailable() 0
03-25 00:09:19.738  8661  8661 I cr_CombinedPProvider: #onSettingsAvailable() 0
03-25 00:09:19.738  8661  8661 I cr_CombinedPProvider: #flushPolicies()
03-25 00:09:19.743  4304  4304 D BoundBrokerSvc: onBind: Intent { act=com.google.android.gms.safetynet.service.START pkg=com.google.android.gms }
03-25 00:09:19.743  4304  4304 D BoundBrokerSvc: Loading bound service for intent: Intent { act=com.google.android.gms.safetynet.service.START pkg=com.google.android.gms }
03-25 00:09:19.759  8738  8738 I cr_WebViewApkApp: version=138.0.7204.179 (720417901) minSdkVersion=26 isBundle=false processName=com.google.android.webview:sandboxed_process0
03-25 00:09:19.762  8738  8738 I LoadedApk: No resource references to update in package com.google.android.webview_translations
03-25 00:09:19.766  8738  8738 I cr_ChildProcessService: Creating new ChildProcessService pid=8738
03-25 00:09:19.772  8738  8738 E WebViewLibraryLoader: can't load with relro file; address space not reserved
03-25 00:09:19.802  8661  8661 W chromium: [WARNING:android_webview/browser/network_service/net_helpers.cc:143] HTTP Cache size is: 26485586
03-25 00:09:19.804  3256  8568 D BroadcastQueue: Add broadcast <BroadcastRecord{f3ad859 u-1 android.intent.action.PROXY_CHANGE}> into [parallel | background], pending size 0
03-25 00:09:19.805  3256  3328 D BroadcastQueue: Done with parallel broadcast [background] [BroadcastRecord{f3ad859 u-1 android.intent.action.PROXY_CHANGE}]
03-25 00:09:19.821  4304  4304 D BoundBrokerSvc: onBind: Intent { act=com.google.android.gms.safebrowsing.SafeBrowsingService.START dat=chimera-action: cmp=com.google.android.gms/.chimera.GmsBoundBrokerService }
03-25 00:09:19.821  4304  4304 D BoundBrokerSvc: Loading bound service for intent: Intent { act=com.google.android.gms.safebrowsing.SafeBrowsingService.START dat=chimera-action: cmp=com.google.android.gms/.chimera.GmsBoundBrokerService }
03-25 00:09:19.825  3529  3753 I sysui_multi_action: [757,1093,758,4,793,2003,1094,604504065,1095,4]
03-25 00:09:19.831  3256  8568 I am_uid_active: 10077
03-25 00:09:19.831  3256  8568 I am_create_service: [0,207976376,.ComponentsProviderService,10077,7706]
03-25 00:09:19.833  3256  3756 D PowerController.AppState: - reportAppProcStateInfo() E -
03-25 00:09:19.833  3256  3758 D PowerController.RecogA: handleMessage(MSG_REPORT_EVENT)
03-25 00:09:19.863  3256  8568 D BroadcastQueue: Add broadcast <BroadcastRecord{dd65764 u-1 android.net.conn.CONNECTIVITY_CHANGE}> into [parallel | background], pending size 0
03-25 00:09:19.863  3256  3328 D BroadcastQueue: Done with parallel broadcast [background] [BroadcastRecord{dd65764 u-1 android.net.conn.CONNECTIVITY_CHANGE}]
03-25 00:09:19.865  3256  8568 D ConnectivityService: listenForNetwork for uid/pid:10084/8661 NetworkRequest [ LISTEN id=40, [ Capabilities: INTERNET&NOT_RESTRICTED&TRUSTED&FOREGROUND] ]
03-25 00:09:19.866  3256  3468 D ConnectivityService: rematchNetworkAndRequests: reap = DONT_REAP
03-25 00:09:19.866  3256  3468 D ConnectivityService: rematching NetworkAgentInfo [WIFI () - 101], score is 52
03-25 00:09:19.866  3256  3468 D ConnectivityService:  network has: [ Transports: WIFI Capabilities: NOT_METERED&INTERNET&NOT_RESTRICTED&TRUSTED&NOT_VPN&VALIDATED&FOREGROUND LinkUpBandwidth>=1048576Kbps LinkDnBandwidth>=1048576Kbps SignalStrength: -72]
03-25 00:09:19.866  3256  3468 D ConnectivityService: Network NetworkAgentInfo [WIFI () - 101] was already satisfying request 1. No change.
03-25 00:09:19.866  3256  3468 D ConnectivityService: Network NetworkAgentInfo [WIFI () - 101] was already satisfying request 3. No change.
03-25 00:09:19.866  3256  3468 D ConnectivityService: Network NetworkAgentInfo [WIFI () - 101] was already satisfying request 38. No change.
03-25 00:09:19.866  3256  3468 D ConnectivityService: Network NetworkAgentInfo [WIFI () - 101] was already satisfying request 26. No change.
03-25 00:09:19.866  3256  3468 D ConnectivityService: Network NetworkAgentInfo [WIFI () - 101] was already satisfying request 20. No change.
03-25 00:09:19.866  3256  3468 D ConnectivityService: Network NetworkAgentInfo [WIFI () - 101] was already satisfying request 22. No change.
03-25 00:09:19.866  3256  3468 D ConnectivityService: Network NetworkAgentInfo [WIFI () - 101] was already satisfying request 10. No change.
03-25 00:09:19.866  3256  3468 D ConnectivityService: Network NetworkAgentInfo [WIFI () - 101] was already satisfying request 33. No change.
03-25 00:09:19.866  3256  3468 D ConnectivityService: Network NetworkAgentInfo [WIFI () - 101] was already satisfying request 6. No change.
03-25 00:09:19.867  3256  3468 D ConnectivityService:   checking if request is satisfied: NetworkRequest [ BACKGROUND_REQUEST id=2, [ Transports: CELLULAR Capabilities: INTERNET&NOT_RESTRICTED&TRUSTED&NOT_VPN] ], satisfies = false
03-25 00:09:19.867  3256  3468 D ConnectivityService: Network NetworkAgentInfo [WIFI () - 101] was already satisfying request 19. No change.
03-25 00:09:19.867  3256  3468 D ConnectivityService: Network NetworkAgentInfo [WIFI () - 101] was already satisfying request 39. No change.
03-25 00:09:19.867  3256  3468 D ConnectivityService: isNewDefault = false
03-25 00:09:19.867  3256  3468 D ConnectivityService: keep = true
03-25 00:09:19.868  3256  3468 D ConnectivityService: rematchNetworkAndRequests: reap = REAP
03-25 00:09:19.868  3256  3468 D ConnectivityService: rematching NetworkAgentInfo [MOBILE (LTE) - 100], score is 50
03-25 00:09:19.868  3256  3468 D ConnectivityService:  network has: [ Transports: CELLULAR Capabilities: SUPL&XCAP&INTERNET&NOT_RESTRICTED&TRUSTED&NOT_VPN&VALIDATED LinkUpBandwidth>=51200Kbps LinkDnBandwidth>=102400Kbps Specifier: <2>]
03-25 00:09:19.868  3256  3468 D ConnectivityService:   checking if request is satisfied: NetworkRequest [ REQUEST id=1, [ Capabilities: INTERNET&NOT_RESTRICTED&TRUSTED&NOT_VPN] ], satisfies = true
03-25 00:09:19.868  3256  3468 D ConnectivityService: currentScore = 52, newScore = 50
03-25 00:09:19.868  3256  3468 D ConnectivityService:   checking if request is satisfied: NetworkRequest [ TRACK_DEFAULT id=3, [ Capabilities: INTERNET&NOT_RESTRICTED&TRUSTED&NOT_VPN] ], satisfies = true
03-25 00:09:19.868  3256  3468 D ConnectivityService: currentScore = 52, newScore = 50
03-25 00:09:19.868  3256  3468 D ConnectivityService:   checking if request is satisfied: NetworkRequest [ TRACK_DEFAULT id=38, [ Capabilities: INTERNET&NOT_RESTRICTED&TRUSTED&NOT_VPN] ], satisfies = true
03-25 00:09:19.868  3256  3468 D ConnectivityService: currentScore = 52, newScore = 50
03-25 00:09:19.868  3256  3468 D ConnectivityService:   checking if request is satisfied: NetworkRequest [ TRACK_DEFAULT id=26, [ Capabilities: INTERNET&NOT_RESTRICTED&TRUSTED&NOT_VPN] ], satisfies = true
03-25 00:09:19.868  3256  3468 D ConnectivityService: currentScore = 52, newScore = 50
03-25 00:09:19.868  3256  3468 D ConnectivityService:   checking if request is satisfied: NetworkRequest [ TRACK_DEFAULT id=20, [ Capabilities: INTERNET&NOT_RESTRICTED&TRUSTED&NOT_VPN] ], satisfies = true
03-25 00:09:19.868  3256  3468 D ConnectivityService: currentScore = 52, newScore = 50
03-25 00:09:19.868  3256  3468 D ConnectivityService:   checking if request is satisfied: NetworkRequest [ TRACK_DEFAULT id=22, [ Capabilities: INTERNET&NOT_RESTRICTED&TRUSTED&NOT_VPN] ], satisfies = true
03-25 00:09:19.868  3256  3468 D ConnectivityService: currentScore = 52, newScore = 50
03-25 00:09:19.868  3256  3468 D ConnectivityService:   checking if request is satisfied: NetworkRequest [ TRACK_DEFAULT id=10, [ Capabilities: INTERNET&NOT_RESTRICTED&TRUSTED&NOT_VPN] ], satisfies = true
03-25 00:09:19.868  3256  3468 D ConnectivityService: currentScore = 52, newScore = 50
03-25 00:09:19.868  3256  3468 D ConnectivityService:   checking if request is satisfied: NetworkRequest [ TRACK_DEFAULT id=33, [ Capabilities: INTERNET&NOT_RESTRICTED&TRUSTED&NOT_VPN] ], satisfies = true
03-25 00:09:19.868  3256  3468 D ConnectivityService: currentScore = 52, newScore = 50
03-25 00:09:19.868  3256  3468 D ConnectivityService:   checking if request is satisfied: NetworkRequest [ TRACK_DEFAULT id=6, [ Capabilities: INTERNET&NOT_RESTRICTED&TRUSTED&NOT_VPN] ], satisfies = true
03-25 00:09:19.868  3256  3468 D ConnectivityService: currentScore = 52, newScore = 50
03-25 00:09:19.868  3256  3468 D ConnectivityService: Network NetworkAgentInfo [MOBILE (LTE) - 100] was already satisfying request 2. No change.
03-25 00:09:19.868  3256  3468 D ConnectivityService:   checking if request is satisfied: NetworkRequest [ TRACK_DEFAULT id=19, [ Capabilities: INTERNET&NOT_RESTRICTED&TRUSTED&NOT_VPN] ], satisfies = true
03-25 00:09:19.868  3256  3468 D ConnectivityService: currentScore = 52, newScore = 50
03-25 00:09:19.869  3256  3468 D ConnectivityService:   checking if request is satisfied: NetworkRequest [ TRACK_DEFAULT id=39, [ Capabilities: INTERNET&NOT_RESTRICTED&TRUSTED&NOT_VPN] ], satisfies = true
03-25 00:09:19.869  3256  3468 D ConnectivityService: currentScore = 52, newScore = 50
03-25 00:09:19.869  3256  3468 D ConnectivityService: isNewDefault = false
03-25 00:09:19.869  3256  3468 D ConnectivityService: keep = true
03-25 00:09:19.918  8661  8661 D CloudPreferences: getOnExitAction() = 1
03-25 00:09:19.929  2930  3432 D sensor  : poll__batch handle=0 sampling_period_ns=200ms, max_report_latency_ns=0ms
03-25 00:09:19.930  2930  3432 E sensor  : AccSensor: mDelay(20000000) delay_ns(200000000)
03-25 00:09:19.930  2930  3432 E sensor  : AccSensor: ms(50) 
03-25 00:09:19.930  2930  3432 D sensor  : activate handle=0; drv=0
03-25 00:09:19.930  2930  3432 D sensor  : AccSensor::mEnabled=0x1,err=0x0
03-25 00:09:19.930  2930  3432 D sensor  : AccSensor: set EVIOCSCLOCKID = 7
03-25 00:09:19.930  2930  3432 D sensor  : AccSensor: mEnabled = 1
03-25 00:09:19.930  2930  2930 E sensor  : reading from wake pipe
03-25 00:09:19.931  2930  3432 D sensor  : poll__batch handle=5 sampling_period_ns=200ms, max_report_latency_ns=0ms
03-25 00:09:19.932  2930  3432 D sensor  : activate handle=5; drv=2
03-25 00:09:19.932  2930  3432 D sensor  : GyroSensor: handle=5,enabled=1
03-25 00:09:19.932  2930  3432 D sensor  : GyroSensor: set EVIOCSCLOCKID = 7
03-25 00:09:19.932  2930  3432 E sensor  : SensorBase: write_attr failed to open /sys/class/input/input1/gyro_enable (No such file or directory)
03-25 00:09:19.932  2930  3432 D sensor  : GyroSensor: mEnabled = 1
03-25 00:09:19.932  2930  2930 E sensor  : reading from wake pipe
03-25 00:09:19.942  8661  8661 D IS_UNITY: false
03-25 00:09:19.949  8661  8661 D a       : Test mode device hash: 65e8c4f8-b15e-4d01-8179-b6a468c3da93
03-25 00:09:19.949  8661  8661 D a       : When testing your app with Facebook's ad units you must specify the device hashed ID to ensure the delivery of test ads, add the following code before loading an ad: AdSettings.addTestDevice("65e8c4f8-b15e-4d01-8179-b6a468c3da93");
03-25 00:09:19.958  8661  8661 D IS_UNITY: false
03-25 00:09:19.964  8661  8777 E ActivityThread: Failed to find provider info for com.facebook.katana.provider.AttributionIdProvider
03-25 00:09:19.966  3256  3758 D PowerController.RecogA: handleMessage(MSG_REPORT_EVENT)
03-25 00:09:19.966  3256  3758 D PowerController.RecogA: packageName:com.chartcross.gpstest mFgEvent:SYSTEM_INTERACTION mLastTimeFgEventChanged:481233 mLastLaunchTime:479983 mProcState:PROCESS_STATE_TOP mLastTimeProcStateChanged:479990 mNotificationState:0 mLastTimeNotificationStateChanged:0 mAudioState:0 mLastTimeAudioStateChanged:0 mRequestGps:true mAvoidConstraintGps:false mBehaviorType:0 mScreenOn:true mLastTimeScreenStateChanged:471333
03-25 00:09:19.967  3256  3560 I GnssLocationProvider: WakeLock acquired by sendMessage(SET_REQUEST, 0, com.android.server.location.GnssLocationProvider$GpsRequest@5e683ef)
03-25 00:09:19.967  3256  3560 D BroadcastQueue: Add broadcast <BroadcastRecord{9332efc u-1 android.location.HIGH_POWER_REQUEST_CHANGE}> into [parallel | background], pending size 0
03-25 00:09:19.967  3013  3013 E LIBGPS  : agps data will not send,for gps is close
03-25 00:09:19.967  3013  3013 E LIBGPS  : xml mode is msb
03-25 00:09:19.968  3013  3013 E LIBGPS  : note:set mode from framwork is not equel xml set!
03-25 00:09:19.968  3013  3013 D LCS_MGT : [MGT_execute]: recv instr(0xe108) of domain 'UP(0x01)' sid(200) from GNSS!
03-25 00:09:19.968  3013  3013 D LCS_MGT : [LCSMGT_getDomain]: LCS supported domain is 'UP|CP(0x03)'
03-25 00:09:19.968  3013  3013 D LCS_MGT : [MGT_execute]: executing instr 'LCS_INSTR_SET_POS_METHOD(0xe108)' of domain 'UP(0x01)'
03-25 00:09:19.968  3013  3013 D LCS_MGT : [UPINSTR_execSetPosMethod]: Entry point
03-25 00:09:19.968  3013  3013 D LCS_MGT : [LCSMGT_sendAsyncEvent]: send event(0xa109), body maxsize(4)
03-25 00:09:19.968  3013  3013 D LCS_MGT : LCSMGT Version:AGNSS_W24.33.2_V18.5.3, android:V8.1.0(64bit), gcc:V4.2.1 Compatible Android Clang 5.0.300080 , build time:Aug 13 2024, 16:40:36
03-25 00:09:19.968  3013  3013 D LCS_MGT : [INSTR_encapSetPosMethod]: Entry point
03-25 00:09:19.968  3256  3328 D BroadcastQueue: Done with parallel broadcast [background] [BroadcastRecord{9332efc u-1 android.location.HIGH_POWER_REQUEST_CHANGE}]
03-25 00:09:19.968  3013  3685 D LCS_MGT : [LCSMGT_recvMBoxEvents]: recv event(0xa109)
03-25 00:09:19.968  3013  3685 D LCS_MGT : [UPEVT_recvSetPosMethod]: Entry point
03-25 00:09:19.968  3013  3685 D LCS_UP  : enter supl_RXN_setPosMode, setted posMode=1(2:MSA, 1:MSB, 0: standlone GPS)
03-25 00:09:19.969  3013  3743 D LCS_UP  : enter supl_handleNormalMsg
03-25 00:09:19.969  3013  3743 D LCS_UP  : [supl_handleNormalMsg]: receive mbox msg(0x1001)
03-25 00:09:19.969  3013  3743 D LCS_UP  : supl_SessionRunning result 0 index 6
03-25 00:09:19.969  3013  3743 D LCS_UP  : enter supl_setPosMode, isSessionRunning=0, pMsg->aPosMethod=1
03-25 00:09:19.969  3013  3743 D LCS_UP  : supl_setPosMode:set postionMode = MSB
03-25 00:09:19.969  3013  3743 D LCS_UP  : enter supl_handleNetworkOrSETCapChange
03-25 00:09:19.969  3013  3743 D LCS_UP  : enter supl_handleTlsRpt
