03-25 00:04:12.484  3013  3730 I GnssHAL_AGnssInterfaceExt: updateWakelock: GNSS HAL Wakelock released
03-25 00:04:12.487  2925  2925 I gralloc : mali_gralloc_select_format, AFBC is disabled now
03-25 00:04:12.488  2925  2925 I gralloc : mali_gralloc_select_format: req_format=0x00000001 req_fmt_mapped=0x0 internal_format=0x1 usage=0x333
03-25 00:04:12.488  2925  2925 I gralloc : gralloc=>alloc, share_fd=8, share_attr_fd=13, magic=51647890, format=1, internal_format=1, byte_stride=1664, flags=4, usage=0x819, size=835328, width=410, height=502, internalWidth=410, internalHeight=502, stride=416, ADP_VSTRIDE=0,base=0x7f3f6c5000, writeOwner=0, attr_base=0xffffffffffffffff, yuv_info=1, fd=-1, buf_idx=0, offset=0, min_pgsz=4096, phyaddr=0
03-25 00:04:12.489  2925  2925 I gralloc : gralloc=>free hnd=0x7f3fc33900, share_fd=8, share_attr_fd=13, magic=51647890, format=1, internal_format=1, byte_stride=1664, flags=4, usage=819, size=835328, width=410, height=502, internalWidth=410, internalHeight=502, stride=416, base=0x7f3f6c5000, writeOwner=0, attr_base=0xffffffffffffffff, yuv_info=1, fd=-1, buf_idx=0, offset=0, min_pgsz=4096, phyaddr=0
03-25 00:04:12.490  3256  4778 I gralloc : gralloc_register_buffer hnd=0x6fd4412180, share_fd=281, share_attr_fd=282, magic=51647890, format=1, internal_format=1, byte_stride=1664, flags=4, usage=0x333, size=835328, width=410, height=502, internalWidth=410, internalHeight=502, stride=416, base=0x6fb0c37000, writeOwner=0, attr_base=0xffffffffffffffff, yuv_info=1, fd=-1, buf_idx=0, offset=0, min_pgsz=4096, phyaddr=0
03-25 00:04:12.490  2957  3110 I gralloc : gralloc_register_buffer hnd=0x71d7a23540, share_fd=100, share_attr_fd=101, magic=51647890, format=1, internal_format=1, byte_stride=1664, flags=4, usage=0x333, size=835328, width=410, height=502, internalWidth=410, internalHeight=502, stride=416, base=0x71d3872000, writeOwner=0, attr_base=0xffffffffffffffff, yuv_info=1, fd=-1, buf_idx=0, offset=0, min_pgsz=4096, phyaddr=0
03-25 00:04:12.493  2957  3132 I gralloc : gralloc_unregister_buffer hnd=0x71d7a23540, share_fd=100, share_attr_fd=101, magic=51647890, format=1, internal_format=1, byte_stride=1664, flags=4, usage=0x333, size=835328, width=410, height=502, internalWidth=410, internalHeight=502, stride=416, base=0x71d3872000, writeOwner=0, attr_base=0xffffffffffffffff, yuv_info=1, fd=-1, buf_idx=0, offset=0, min_pgsz=4096, phyaddr=0
03-25 00:04:12.503  3256  5580 I am_create_service: [0,160221804,.MeasurementBrokerService,10014,4304]
03-25 00:04:12.504  2926  3142 I gralloc : gralloc_unregister_buffer hnd=0x756780ef80, share_fd=43, share_attr_fd=44, magic=51647890, format=1, internal_format=1, byte_stride=1664, flags=4, usage=0xb00, size=835328, width=410, height=502, internalWidth=410, internalHeight=502, stride=416, base=0x7567c5b000, writeOwner=0, attr_base=0xffffffffffffffff, yuv_info=1, fd=-1, buf_idx=0, offset=0, min_pgsz=4096, phyaddr=0
03-25 00:04:12.504  2926  3142 I gralloc : gralloc_unregister_buffer hnd=0x756780ee00, share_fd=45, share_attr_fd=46, magic=51647890, format=1, internal_format=1, byte_stride=1664, flags=4, usage=0xb00, size=835328, width=410, height=502, internalWidth=410, internalHeight=502, stride=416, base=0x75672d6000, writeOwner=0, attr_base=0xffffffffffffffff, yuv_info=1, fd=-1, buf_idx=0, offset=0, min_pgsz=4096, phyaddr=0
03-25 00:04:12.504  2926  3142 I gralloc : gralloc_unregister_buffer hnd=0x756780eec0, share_fd=47, share_attr_fd=48, magic=51647890, format=1, internal_format=1, byte_stride=1664, flags=4, usage=0xb00, size=835328, width=410, height=502, internalWidth=410, internalHeight=502, stride=416, base=0x756720a000, writeOwner=0, attr_base=0xffffffffffffffff, yuv_info=1, fd=-1, buf_idx=0, offset=0, min_pgsz=4096, phyaddr=0
03-25 00:04:12.505  2926  3142 D vndksupport: Loading /vendor/lib64/hw/gralloc.sp9832e.so from current namespace instead of sphal namespace.
03-25 00:04:12.506  2957  3110 I gralloc : gralloc_unregister_buffer hnd=0x71d7a23c00, share_fd=61, share_attr_fd=68, magic=51647890, format=1, internal_format=1, byte_stride=1664, flags=4, usage=0xb00, size=835328, width=410, height=502, internalWidth=410, internalHeight=502, stride=416, base=0x71d3c9f000, writeOwner=0, attr_base=0xffffffffffffffff, yuv_info=1, fd=-1, buf_idx=0, offset=0, min_pgsz=4096, phyaddr=0
03-25 00:04:12.506  2926  3142 I gralloc : gralloc_register_buffer hnd=0x756780eec0, share_fd=41, share_attr_fd=42, magic=51647890, format=1, internal_format=1, byte_stride=1664, flags=4, usage=0x933, size=835328, width=410, height=502, internalWidth=410, internalHeight=502, stride=416, base=0x7567c5b000, writeOwner=0, attr_base=0xffffffffffffffff, yuv_info=1, fd=-1, buf_idx=0, offset=0, min_pgsz=4096, phyaddr=0
03-25 00:04:12.506  2957  3110 I gralloc : gralloc_unregister_buffer hnd=0x71d7a23e40, share_fd=70, share_attr_fd=71, magic=51647890, format=1, internal_format=1, byte_stride=1664, flags=4, usage=0xb00, size=835328, width=410, height=502, internalWidth=410, internalHeight=502, stride=416, base=0x71d3b07000, writeOwner=0, attr_base=0xffffffffffffffff, yuv_info=1, fd=-1, buf_idx=0, offset=0, min_pgsz=4096, phyaddr=0
03-25 00:04:12.506  3256  3328 D BroadcastQueue: Add broadcast <BroadcastRecord{2274835 u-1 android.os.action.CHARGING}> into [parallel | background], pending size 1
03-25 00:04:12.508  3256  3328 D BroadcastQueue: Done with parallel broadcast [background] [BroadcastRecord{33c9a27 u-1 android.location.HIGH_POWER_REQUEST_CHANGE}, BroadcastRecord{2274835 u-1 android.os.action.CHARGING}]
03-25 00:04:12.508  3256  3328 D BroadcastQueue: Finished with ordered broadcast BroadcastRecord{fee5aa4 u-1 android.intent.action.ACTION_POWER_CONNECTED} receivers:(2) take 144ms in [background], remains 0
03-25 00:04:12.511  3256  3256 D JobStatus: isReady()  jobId=2040  mReschedule=true  enable=false
03-25 00:04:12.511  3256  3256 D JobStatus: isReady()  jobId=2038  mReschedule=true  enable=false
03-25 00:04:12.511  3256  3256 D JobStatus: isReady()  jobId=2000  mReschedule=true  enable=false
03-25 00:04:12.511  3256  3256 D JobStatus: isReady()  jobId=226  mReschedule=true  enable=false
03-25 00:04:12.511  3256  3256 D JobStatus: isReady()  jobId=225  mReschedule=true  enable=false
03-25 00:04:12.511  3256  3256 D JobStatus: isReady()  jobId=228  mReschedule=true  enable=false
03-25 00:04:12.511  3256  3256 D JobStatus: isReady()  jobId=229  mReschedule=true  enable=false
03-25 00:04:12.512  3256  3256 D JobStatus: isReady()  jobId=224  mReschedule=true  enable=false
03-25 00:04:12.512  3256  3256 D JobStatus: isReady()  jobId=227  mReschedule=true  enable=false
03-25 00:04:12.512  3256  3256 D JobStatus: isReady()  jobId=12  mReschedule=true  enable=false
03-25 00:04:12.512  3256  3256 D JobStatus: isReady()  jobId=34  mReschedule=true  enable=false
03-25 00:04:12.512  3256  3256 D JobStatus: isReady()  jobId=33  mReschedule=true  enable=false
03-25 00:04:12.512  3256  3256 D JobStatus: isReady()  jobId=31  mReschedule=true  enable=false
03-25 00:04:12.512  3256  3256 D JobStatus: isReady()  jobId=35  mReschedule=true  enable=false
03-25 00:04:12.512  3256  3256 D JobStatus: isReady()  jobId=1  mReschedule=true  enable=false
03-25 00:04:12.512  3256  3256 D JobStatus: isReady()  jobId=9157  mReschedule=true  enable=false
03-25 00:04:12.512  3256  3256 D JobStatus: isReady()  jobId=9148  mReschedule=true  enable=false
03-25 00:04:12.512  3256  3256 D JobStatus: isReady()  jobId=151530822  mReschedule=true  enable=false
03-25 00:04:12.512  3256  3256 D JobStatus: isReady()  jobId=1  mReschedule=true  enable=false
03-25 00:04:12.512  3256  3256 D JobStatus: isReady()  jobId=-100  mReschedule=true  enable=false
03-25 00:04:12.512  3256  3256 D JobStatus: isReady()  jobId=1  mReschedule=true  enable=false
03-25 00:04:12.512  3256  3256 D JobStatus: isReady()  jobId=201  mReschedule=true  enable=false
03-25 00:04:12.512  3256  3256 D JobStatus: isReady()  jobId=765123  mReschedule=true  enable=false
03-25 00:04:12.512  3256  3256 D JobStatus: isReady()  jobId=1145656139  mReschedule=true  enable=false
03-25 00:04:12.512  3256  3256 D JobStatus: isReady()  jobId=20537  mReschedule=true  enable=false
03-25 00:04:12.512  3256  3256 D JobStatus: isReady()  jobId=13254266  mReschedule=true  enable=false
03-25 00:04:12.512  3256  3256 D JobStatus: isReady()  jobId=888  mReschedule=true  enable=false
03-25 00:04:12.512  3256  3256 D JobStatus: isReady()  jobId=808  mReschedule=true  enable=false
03-25 00:04:12.512  3256  3256 D JobStatus: isReady()  jobId=800  mReschedule=true  enable=false
03-25 00:04:12.512  3495  3495 D RILJ    : [4161]> RIL_REQUEST_SEND_DEVICE_STATE 1:true [SUB0]
03-25 00:04:12.513  3366  3366 D RILC    : sendDeviceState: serial 513
03-25 00:04:12.513  3366  3366 D RILC    : sendDeviceStateResponse: serial 513
03-25 00:04:12.514  3495  3651 D RILJ    : [4161]< RIL_REQUEST_SEND_DEVICE_STATE error 6 [SUB0]
03-25 00:04:12.514  3495  3651 D RilRequest: [4161]< RIL_REQUEST_SEND_DEVICE_STATE error: com.android.internal.telephony.CommandException: REQUEST_NOT_SUPPORTED ret=
03-25 00:04:12.515  4304  4304 D BoundBrokerSvc: onBind: Intent { act=com.google.android.gms.measurement.START pkg=com.google.android.gms }
03-25 00:04:12.515  4304  4304 D BoundBrokerSvc: Loading bound service for intent: Intent { act=com.google.android.gms.measurement.START pkg=com.google.android.gms }
03-25 00:04:12.517  2938  2938 D PowerHAL: POWER_HINT_INTERACTION: data=0x00, subtype=0, duration=500
03-25 00:04:12.517  2938  2938 D PowerHAL: ###Enter interaction_other scene bgn###
03-25 00:04:12.517  2938  2938 D PowerHAL: Enter common_set: enable:1, duration: 500, /sys/devices/system/cpu/cpuhotplug/cluster0_core_min_limit: 4
03-25 00:04:12.517  2938  2938 D PowerHAL: Enter common_set: enable:1, duration: 500, /sys/devices/system/cpu/cpuhotplug/cluster0_core_max_limit: 4
03-25 00:04:12.517  2938  2938 D PowerHAL: Enter common_subsys_set: enable:1, duration: 500, subsys:cpufreq: conf_2:5
03-25 00:04:12.517  2938  2938 D PowerHAL: ###Enter interaction_other scene end###
03-25 00:04:12.519  3256  3328 I sysui_count: [window_time_0,114]
03-25 00:04:12.519  3256  3328 I sysui_multi_action: [757,803,799,window_time_0,802,114]
03-25 00:04:12.522  7582  7759 I gralloc : gralloc_unregister_buffer hnd=0x6f9ba19600, share_fd=155, share_attr_fd=156, magic=51647890, format=1, internal_format=1, byte_stride=1664, flags=4, usage=0xb00, size=835328, width=410, height=502, internalWidth=410, internalHeight=502, stride=416, base=0x6f9b66e000, writeOwner=0, attr_base=0xffffffffffffffff, yuv_info=1, fd=-1, buf_idx=0, offset=0, min_pgsz=4096, phyaddr=0
03-25 00:04:12.522  7582  7759 I gralloc : gralloc_unregister_buffer hnd=0x6f9bbbc1c0, share_fd=169, share_attr_fd=170, magic=51647890, format=1, internal_format=1, byte_stride=1664, flags=4, usage=0xb00, size=835328, width=410, height=502, internalWidth=410, internalHeight=502, stride=416, base=0x6f9d007000, writeOwner=0, attr_base=0xffffffffffffffff, yuv_info=1, fd=-1, buf_idx=0, offset=0, min_pgsz=4096, phyaddr=0
03-25 00:04:12.523  7582  7759 I gralloc : gralloc_unregister_buffer hnd=0x6f9c0622c0, share_fd=147, share_attr_fd=148, magic=51647890, format=1, internal_format=1, byte_stride=1664, flags=4, usage=0xb00, size=835328, width=410, height=502, internalWidth=410, internalHeight=502, stride=416, base=0x6f9b934000, writeOwner=0, attr_base=0xffffffffffffffff, yuv_info=1, fd=-1, buf_idx=0, offset=0, min_pgsz=4096, phyaddr=0
03-25 00:04:12.524  2957  3104 E BufferQueueProducer: [com.chartcross.gpstest/com.chartcross.gpstest.GPSTest#0] disconnect: not connected (req=1)
03-25 00:04:12.524  3256  5886 V AlarmManager: set(PendingIntent{2f2963b: PendingIntentRecord{7b22158 com.google.android.gms startService}}) : type=3 triggerAtTime=315360174038 win=236519999999 tElapsed=315360174038 maxElapsed=551880174037 interval=0 flags=0x0
03-25 00:04:12.525  7582  7759 W libEGL  : EGLNativeWindowType 0x6fde7c8010 disconnect failed
03-25 00:04:12.525  3529  3549 I gralloc : gralloc_register_buffer hnd=0x6fd5e78bc0, share_fd=109, share_attr_fd=110, magic=51647890, format=1, internal_format=1, byte_stride=1664, flags=4, usage=0x333, size=835328, width=410, height=502, internalWidth=410, internalHeight=502, stride=416, base=0x6fbaa35000, writeOwner=0, attr_base=0xffffffffffffffff, yuv_info=1, fd=-1, buf_idx=0, offset=0, min_pgsz=4096, phyaddr=0
03-25 00:04:12.531  3256  4778 V AlarmManager: remove(operation) changed bounds; rebatching
03-25 00:04:12.531  3256  4778 D AlarmManagerService: set alarm to kernel: 185.294000000, type=2 
03-25 00:04:12.539  3256  5886 V AlarmManager: set(PendingIntent{f1132b1: PendingIntentRecord{f36e118 com.google.android.gms broadcastIntent}}) : type=3 triggerAtTime=402179 win=171094 tElapsed=402179 maxElapsed=573273 interval=0 flags=0x0
03-25 00:04:12.544  3529  3529 E AudioManagerEx: new AudioManagerEx
03-25 00:04:12.549  3256  5886 D BroadcastQueue: Add broadcast <BroadcastRecord{cd548ed u-1 android.intent.action.BATTERY_CHANGED}> into [parallel | background], pending size 0
03-25 00:04:12.549  3256  3328 D BroadcastQueue: Done with parallel broadcast [background] [BroadcastRecord{cd548ed u-1 android.intent.action.BATTERY_CHANGED}]
03-25 00:04:12.557  3256  5886 I am_create_service: [0,118997872,.GmsInternalBoundBrokerService,10014,4304]
03-25 00:04:12.565  3529  3529 I am_on_resume_called: [0,com.android.systemui.CharingVideoActivity,LAUNCH_ACTIVITY]
03-25 00:04:12.568  3529  3869 D OpenGLRenderer: textureCacheSize 58720256
03-25 00:04:12.568  4304  4304 D BoundBrokerSvc: onBind: Intent { act=com.google.android.gms.common.BIND_SHARED_PREFS pkg=com.google.android.gms }
03-25 00:04:12.568  4304  4304 D BoundBrokerSvc: Loading bound service for intent: Intent { act=com.google.android.gms.common.BIND_SHARED_PREFS pkg=com.google.android.gms }
03-25 00:04:12.576  3529  3549 D KeyguardViewMediator: setOccluded true
03-25 00:04:12.590  3256  5886 D WindowManager: Input focus has changed to Window{50c9f6e u0 com.android.systemui/com.android.systemui.CharingVideoActivity}
03-25 00:04:12.596  3529  3529 I SurfaceView: 124866112 Changes: creating=true format=true size=true visible=true left=true top=true
03-25 00:04:12.597  3529  3869 D mali_winsys: EGLint new_window_surface(egl_winsys_display *, void *, EGLSurface, EGLConfig, egl_winsys_surface **, egl_color_buffer_format *, EGLBoolean) returns 0x3000, win:0x6fb797e010
03-25 00:04:12.597  3529  3869 I OpenGLRenderer: queryNativeWindowStatus 0x6fb797e010 query=0 dataspace=0
03-25 00:04:12.598  3529  3529 I SurfaceView: 124866112 Cur surface: Surface(name=null)/@0x6960179
03-25 00:04:12.604  3529  3529 I SurfaceView: 124866112 visibleChanged -- surfaceCreated
03-25 00:04:12.604  2925  2925 I gralloc : mali_gralloc_select_format, AFBC is disabled now
03-25 00:04:12.604  2925  2925 I gralloc : mali_gralloc_select_format: req_format=0x00000001 req_fmt_mapped=0x0 internal_format=0x1 usage=0x100
03-25 00:04:12.605  2925  2925 I gralloc : gralloc=>alloc, share_fd=8, share_attr_fd=13, magic=51647890, format=1, internal_format=1, byte_stride=832, flags=4, usage=0x256, size=208832, width=205, height=251, internalWidth=205, internalHeight=251, stride=208, ADP_VSTRIDE=0,base=0x7f40781000, writeOwner=0, attr_base=0xffffffffffffffff, yuv_info=1, fd=-1, buf_idx=0, offset=0, min_pgsz=4096, phyaddr=0
03-25 00:04:12.606  2925  2925 I gralloc : gralloc=>free hnd=0x7f3fc33900, share_fd=8, share_attr_fd=13, magic=51647890, format=1, internal_format=1, byte_stride=832, flags=4, usage=256, size=208832, width=205, height=251, internalWidth=205, internalHeight=251, stride=208, base=0x7f40781000, writeOwner=0, attr_base=0xffffffffffffffff, yuv_info=1, fd=-1, buf_idx=0, offset=0, min_pgsz=4096, phyaddr=0
03-25 00:04:12.610  3256  3489 I gralloc : gralloc_register_buffer hnd=0x6fab8b5740, share_fd=288, share_attr_fd=289, magic=51647890, format=1, internal_format=1, byte_stride=832, flags=4, usage=0x100, size=208832, width=205, height=251, internalWidth=205, internalHeight=251, stride=208, base=0x6fbba7b000, writeOwner=0, attr_base=0xffffffffffffffff, yuv_info=1, fd=-1, buf_idx=0, offset=0, min_pgsz=4096, phyaddr=0
03-25 00:04:12.614  3529  8013 I gralloc : gralloc_register_buffer hnd=0x6fd5e77cc0, share_fd=113, share_attr_fd=114, magic=51647890, format=1, internal_format=1, byte_stride=832, flags=4, usage=0x100, size=208832, width=205, height=251, internalWidth=205, internalHeight=251, stride=208, base=0x6fd6a9d000, writeOwner=0, attr_base=0xffffffffffffffff, yuv_info=1, fd=-1, buf_idx=0, offset=0, min_pgsz=4096, phyaddr=0
03-25 00:04:12.620  3926  3972 I CPVoiceAgent: select: retrun 0
03-25 00:04:12.626  2916  3157 W StreamHAL: Error from HAL stream in function get_presentation_position: Operation not permitted
03-25 00:04:12.627  3529  8013 I gralloc : gralloc_register_buffer hnd=0x6fd5e77d80, share_fd=115, share_attr_fd=116, magic=51647890, format=1, internal_format=1, byte_stride=1664, flags=4, usage=0x333, size=835328, width=410, height=502, internalWidth=410, internalHeight=502, stride=416, base=0x6fba42f000, writeOwner=0, attr_base=0xffffffffffffffff, yuv_info=1, fd=-1, buf_idx=0, offset=0, min_pgsz=4096, phyaddr=0
03-25 00:04:12.629  2995  2995 I auditd  : type=1400 audit(0.0:2649): avc: denied { read } for comm="mediaserver" name="u:object_r:media_prop:s0" dev="tmpfs" ino=10232 scontext=u:r:mediaserver:s0 tcontext=u:object_r:media_prop:s0 tclass=file permissive=1
03-25 00:04:12.629  2995  2995 I mediaserver: type=1400 audit(0.0:2649): avc: denied { read } for name="u:object_r:media_prop:s0" dev="tmpfs" ino=10232 scontext=u:r:mediaserver:s0 tcontext=u:object_r:media_prop:s0 tclass=file permissive=1
03-25 00:04:12.629  2995  2995 I auditd  : type=1400 audit(0.0:2650): avc: denied { open } for comm="mediaserver" path="/dev/__properties__/u:object_r:media_prop:s0" dev="tmpfs" ino=10232 scontext=u:r:mediaserver:s0 tcontext=u:object_r:media_prop:s0 tclass=file permissive=1
03-25 00:04:12.629  2995  2995 I mediaserver: type=1400 audit(0.0:2650): avc: denied { open } for path="/dev/__properties__/u:object_r:media_prop:s0" dev="tmpfs" ino=10232 scontext=u:r:mediaserver:s0 tcontext=u:object_r:media_prop:s0 tclass=file permissive=1
03-25 00:04:12.636  2995  2995 D NuPlayerDriver: NuPlayerDriver(0xf1fa7230) created, clientPid(3529)
03-25 00:04:12.637  2916  3157 W StreamHAL: Error from HAL stream in function get_presentation_position: Operation not permitted
03-25 00:04:12.640  4304  8018 D AdvertisingIdClient: AdvertisingIdClient already created.
03-25 00:04:12.640  4304  8018 D AdvertisingIdClient: AdvertisingIdClient is not bounded. Starting to bind it...
03-25 00:04:12.645  3256  4778 I am_create_service: [0,212960299,.AdvertisingIdService,10014,4304]
03-25 00:04:12.648  4067  4067 D ApplicationLock: Service mShowPwdDelayRunnable runningTopPackage = com.android.systemui
03-25 00:04:12.648  2916  3157 W StreamHAL: Error from HAL stream in function get_presentation_position: Operation not permitted
03-25 00:04:12.648  4067  4067 D ApplicationLock: Utils isAppNeedLock context = com.sprd.applock.AppLockService@ba894ac --packageName: com.android.systemui size = 5
03-25 00:04:12.648  4067  4067 D ApplicationLock: Utils isAppNeedLock needLockedPackage = null
03-25 00:04:12.648  4067  4067 E ApplicationLock: Utils isAppAlreadyUnlocked map not contains this pkgName: com.android.systemui
03-25 00:04:12.648  4067  4067 D ApplicationLock: Service isAppNeedLock pkg = com.android.systemui needLock = false alreadyUnlock = false
03-25 00:04:12.650  2995  2995 D SurfaceUtils: connecting to surface 0xf1fd2008, reason setVideoSurfaceTexture
03-25 00:04:12.652  2995  8022 D NuPlayer: onSetVideoSurface(0xf1fd2800, no video decoder)
03-25 00:04:12.653  4304  8018 D AdvertisingIdClient: AdvertisingIdClient is bounded
03-25 00:04:12.654  3529  3529 I SurfaceView: 124866112 surfaceChanged -- format=4 w=410 h=502
03-25 00:04:12.654  3529  3529 I SurfaceView: 124866112 surfaceRedrawNeeded
03-25 00:04:12.654  3529  3529 I SurfaceView: 124866112 finishedDrawing
03-25 00:04:12.654  3529  3529 V SurfaceView: Layout: x=0 y=0 w=410 h=502, frame=Rect(0, 0 - 410, 502)
03-25 00:04:12.656  3529  3869 D OpenGLRenderer: textureCacheSize 58720256
03-25 00:04:12.659  3529  3529 D StatusBar: disable<e i a s b h r c s q >
03-25 00:04:12.659  2983  3214 D DRM_DrmOmaPlugIn: onInitialize : 4821
03-25 00:04:12.659  2983  3214 D DRM_DrmOmaPlugIn: onSetOnInfoListener : 4821
03-25 00:04:12.659  2916  3157 W StreamHAL: Error from HAL stream in function get_presentation_position: Operation not permitted
03-25 00:04:12.659  2983  3214 D DRM_DrmOmaPlugIn: (4821)onOpenDecryptSession : offset:1703660, length:132389, fd:11
03-25 00:04:12.659  2983  3214 D DRM_DcfParser: parse (null), fd: 12
03-25 00:04:12.660  2983  3214 D DRM_DcfParser: parse (null), version: 80
03-25 00:04:12.660  2983  3214 E DRM_DcfParser: parse error, only dcf v1 is supported, 80
03-25 00:04:12.660  2983  3214 E DRM_DrmOmaPlugIn: onOpenDecryptSession , dcf parse error
03-25 00:04:12.660  2983  3214 D DRM_DrmOmaPlugIn: onTerminate : 4821
03-25 00:04:12.661  2995  8023 D GenericSource: FileSource remote
03-25 00:04:12.663  3529  3529 D KeyguardSubsidyController: not Support SubsidyLock
03-25 00:04:12.663  3529  3529 D KeyguardViewMediator: adjustStatusBarLocked: mShowing=false mOccluded=true isSecure=false --> flags=0x0
03-25 00:04:12.663  4304  8018 I AdvertisingIdClient: shouldSendLog 52817
03-25 00:04:12.663  4304  8018 I AdvertisingIdClient: GetInfoInternal elapse 23ms
03-25 00:04:12.670  2916  3157 W StreamHAL: Error from HAL stream in function get_presentation_position: Operation not permitted
03-25 00:04:12.678  3985  3985 D BoundBrokerSvc: onRebind: Intent { act=com.google.android.gms.presencemanager.service.START dat=chimera-action: cmp=com.google.android.gms/.chimera.PersistentApiService }
03-25 00:04:12.678  2925  2925 I gralloc : mali_gralloc_select_format, AFBC is disabled now
03-25 00:04:12.678  2925  2925 I gralloc : mali_gralloc_select_format: req_format=0x00000001 req_fmt_mapped=0x0 internal_format=0x1 usage=0xb00
03-25 00:04:12.679  2925  2925 I gralloc : gralloc=>alloc, share_fd=8, share_attr_fd=13, magic=51647890, format=1, internal_format=1, byte_stride=1664, flags=4, usage=0x2816, size=835328, width=410, height=502, internalWidth=410, internalHeight=502, stride=416, ADP_VSTRIDE=0,base=0x7f3f6c5000, writeOwner=0, attr_base=0xffffffffffffffff, yuv_info=1, fd=-1, buf_idx=0, offset=0, min_pgsz=4096, phyaddr=0
03-25 00:04:12.680  2957  3822 I gralloc : gralloc_register_buffer hnd=0x71d7a23b40, share_fd=68, share_attr_fd=71, magic=51647890, format=1, internal_format=1, byte_stride=1664, flags=4, usage=0xb00, size=835328, width=410, height=502, internalWidth=410, internalHeight=502, stride=416, base=0x71d3c9f000, writeOwner=0, attr_base=0xffffffffffffffff, yuv_info=1, fd=-1, buf_idx=0, offset=0, min_pgsz=4096, phyaddr=0
03-25 00:04:12.680  2925  2925 I gralloc : gralloc=>free hnd=0x7f3fc33900, share_fd=8, share_attr_fd=13, magic=51647890, format=1, internal_format=1, byte_stride=1664, flags=4, usage=2816, size=835328, width=410, height=502, internalWidth=410, internalHeight=502, stride=416, base=0x7f3f6c5000, writeOwner=0, attr_base=0xffffffffffffffff, yuv_info=1, fd=-1, buf_idx=0, offset=0, min_pgsz=4096, phyaddr=0
03-25 00:04:12.681  2916  3157 W StreamHAL: Error from HAL stream in function get_presentation_position: Operation not permitted
03-25 00:04:12.682  3529  8025 D SurfaceView: 124866112 updateSurfacePosition RenderWorker, frameNr = 1, postion = [0, 0, 410, 502]
03-25 00:04:12.683  3529  3869 I gralloc : gralloc_register_buffer hnd=0x6fb292a9c0, share_fd=118, share_attr_fd=119, magic=51647890, format=1, internal_format=1, byte_stride=1664, flags=4, usage=0xb00, size=835328, width=410, height=502, internalWidth=410, internalHeight=502, stride=416, base=0x6fb7e37000, writeOwner=0, attr_base=0xffffffffffffffff, yuv_info=1, fd=-1, buf_idx=0, offset=0, min_pgsz=4096, phyaddr=0
03-25 00:04:12.685  3985  3985 D BoundBrokerSvc: onRebind: Intent { act=com.google.android.gms.presencemanager.service.INTERNAL_IDENTITY dat=chimera-action: cmp=com.google.android.gms/.chimera.PersistentApiService }
03-25 00:04:12.692  2916  3157 W StreamHAL: Error from HAL stream in function get_presentation_position: Operation not permitted
03-25 00:04:12.693  7582  7593 I zygote64: Background concurrent copying GC freed 112707(3MB) AllocSpace objects, 8(416KB) LOS objects, 49% free, 4MB/8MB, paused 118us total 140.138ms
03-25 00:04:12.697  2995  8022 D NuPlayerDriver: notifyListener_l(0xf1fa7230), (5, 240, 240, -1), loop setting(0, 0)
03-25 00:04:12.698  2993  3184 D MediaBufferGroup: creating MemoryDealer
03-25 00:04:12.699  2995  8022 D NuPlayerDriver: notifyListener_l(0xf1fa7230), (1, 0, 0, -1), loop setting(0, 0)
03-25 00:04:12.703  2916  3157 W StreamHAL: Error from HAL stream in function get_presentation_position: Operation not permitted
03-25 00:04:12.724  3256  3359 I sysui_multi_action: [319,130,321,105,322,358,325,173,757,761,758,8,759,1,806,com.android.systemui,871,com.android.systemui.CharingVideoActivity,904,com.android.systemui,905,0]
03-25 00:04:12.724  3256  3359 I am_activity_launch_time: [0,49146818,com.android.systemui/.CharingVideoActivity,270,270]
03-25 00:04:12.714  2916  3157 I chatty  : uid=1041(audioserver) HwBinder:2916_1 identical 1 line
03-25 00:04:12.725  2916  3157 W StreamHAL: Error from HAL stream in function get_presentation_position: Operation not permitted
03-25 00:04:12.726  2925  2925 I gralloc : mali_gralloc_select_format, AFBC is disabled now
03-25 00:04:12.726  2925  2925 I gralloc : mali_gralloc_select_format: req_format=0x00000001 req_fmt_mapped=0x0 internal_format=0x1 usage=0xb00
03-25 00:04:12.727  2925  2925 I gralloc : gralloc=>alloc, share_fd=8, share_attr_fd=13, magic=51647890, format=1, internal_format=1, byte_stride=1664, flags=4, usage=0x2816, size=835328, width=410, height=502, internalWidth=410, internalHeight=502, stride=416, ADP_VSTRIDE=0,base=0x7f3f6c5000, writeOwner=0, attr_base=0xffffffffffffffff, yuv_info=1, fd=-1, buf_idx=0, offset=0, min_pgsz=4096, phyaddr=0
03-25 00:04:12.727  2925  2925 I gralloc : gralloc=>free hnd=0x7f3fc33900, share_fd=8, share_attr_fd=13, magic=51647890, format=1, internal_format=1, byte_stride=1664, flags=4, usage=2816, size=835328, width=410, height=502, internalWidth=410, internalHeight=502, stride=416, base=0x7f3f6c5000, writeOwner=0, attr_base=0xffffffffffffffff, yuv_info=1, fd=-1, buf_idx=0, offset=0, min_pgsz=4096, phyaddr=0
03-25 00:04:12.728  2957  3812 I gralloc : gralloc_register_buffer hnd=0x71d7a23f00, share_fd=88, share_attr_fd=94, magic=51647890, format=1, internal_format=1, byte_stride=1664, flags=4, usage=0xb00, size=835328, width=410, height=502, internalWidth=410, internalHeight=502, stride=416, base=0x71d3b07000, writeOwner=0, attr_base=0xffffffffffffffff, yuv_info=1, fd=-1, buf_idx=0, offset=0, min_pgsz=4096, phyaddr=0
03-25 00:04:12.729  3529  3869 I gralloc : gralloc_register_buffer hnd=0x6fb6c70a80, share_fd=120, share_attr_fd=121, magic=51647890, format=1, internal_format=1, byte_stride=1664, flags=4, usage=0xb00, size=835328, width=410, height=502, internalWidth=410, internalHeight=502, stride=416, base=0x6fb7d6b000, writeOwner=0, attr_base=0xffffffffffffffff, yuv_info=1, fd=-1, buf_idx=0, offset=0, min_pgsz=4096, phyaddr=0
03-25 00:04:12.735  3529  3529 D MediaPlayerNative: getMetadata
03-25 00:04:12.736  2916  3157 W StreamHAL: Error from HAL stream in function get_presentation_position: Operation not permitted
03-25 00:04:12.736  2995  2995 D NuPlayerDriver: start(0xf1fa7230), state is 4, eos is 0
03-25 00:04:12.736  3256  5886 D MediaRouterService: onAudioPlayerActiveStateChanged  uid:10030 active=true
03-25 00:04:12.736  2995  8022 I GenericSource: start
03-25 00:04:12.740  3529  3529 I SurfaceView: 124866112 Changes: creating=false format=false size=true visible=false left=false top=true
03-25 00:04:12.740  3529  3529 I SurfaceView: 124866112 Cur surface: Surface(name=null)/@0x6960179
03-25 00:04:12.745  2995  8030 I OMXClient: Treble IOmx obtained
03-25 00:04:12.746  3000  3086 I OMXMaster: makeComponentInstance(OMX.sprd.h264.decoder) in omx@1.0-service process
03-25 00:04:12.747  2916  3157 W StreamHAL: Error from HAL stream in function get_presentation_position: Operation not permitted
03-25 00:04:12.754  3529  3529 I SurfaceView: 124866112 surfaceChanged -- format=4 w=240 h=240
03-25 00:04:12.754  2926  3142 I gralloc : gralloc_unregister_buffer hnd=0x756780eec0, share_fd=41, share_attr_fd=42, magic=51647890, format=1, internal_format=1, byte_stride=1664, flags=4, usage=0x933, size=835328, width=410, height=502, internalWidth=410, internalHeight=502, stride=416, base=0x7567c5b000, writeOwner=0, attr_base=0xffffffffffffffff, yuv_info=1, fd=-1, buf_idx=0, offset=0, min_pgsz=4096, phyaddr=0
03-25 00:04:12.754  3529  3529 I SurfaceView: 124866112 surfaceRedrawNeeded
03-25 00:04:12.755  3529  3529 I SurfaceView: 124866112 finishedDrawing
03-25 00:04:12.755  3256  3429 I gralloc : gralloc_unregister_buffer hnd=0x6fb0fc4e00, share_fd=285, share_attr_fd=286, magic=51647890, format=1, internal_format=1, byte_stride=1664, flags=4, usage=0x933, size=835328, width=410, height=502, internalWidth=410, internalHeight=502, stride=416, base=0x6fb6a11000, writeOwner=48, attr_base=0xffffffffffffffff, yuv_info=1, fd=-1, buf_idx=0, offset=0, min_pgsz=4096, phyaddr=0
03-25 00:04:12.755  2926  3142 D vndksupport: Loading /vendor/lib64/hw/gralloc.sp9832e.so from current namespace instead of sphal namespace.
03-25 00:04:12.756  2926  3142 I gralloc : gralloc_register_buffer hnd=0x756780eec0, share_fd=43, share_attr_fd=44, magic=51647890, format=1, internal_format=1, byte_stride=1664, flags=4, usage=0xb00, size=835328, width=410, height=502, internalWidth=410, internalHeight=502, stride=416, base=0x7567c5b000, writeOwner=0, attr_base=0xffffffffffffffff, yuv_info=1, fd=-1, buf_idx=0, offset=0, min_pgsz=4096, phyaddr=0
03-25 00:04:12.758  2916  3157 W StreamHAL: Error from HAL stream in function get_presentation_position: Operation not permitted
03-25 00:04:12.760  2926  3142 D vndksupport: Loading /vendor/lib64/hw/gralloc.sp9832e.so from current namespace instead of sphal namespace.
03-25 00:04:12.761  3529  3529 V SurfaceView: Layout: x=0 y=46 w=410 h=410, frame=Rect(0, 0 - 240, 240)
03-25 00:04:12.761  2926  3142 I gralloc : gralloc_register_buffer hnd=0x756780ee00, share_fd=46, share_attr_fd=47, magic=51647890, format=1, internal_format=1, byte_stride=1664, flags=4, usage=0x1a00, size=835328, width=410, height=502, internalWidth=410, internalHeight=502, stride=416, base=0x75672d6000, writeOwner=0, attr_base=0xffffffffffffffff, yuv_info=1, fd=-1, buf_idx=0, offset=0, min_pgsz=4096, phyaddr=0
03-25 00:04:12.763  3529  8025 D SurfaceView: 124866112 updateSurfacePosition RenderWorker, frameNr = 3, postion = [0, 46, 410, 456]
03-25 00:04:12.764  3529  3529 V MediaRouter: onRestoreRoute() : route=RouteInfo{ name=Phone, description=null, status=null, category=RouteCategory{ name=System types=ROUTE_TYPE_LIVE_AUDIO ROUTE_TYPE_LIVE_VIDEO  groupable=false }, supportedTypes=ROUTE_TYPE_LIVE_AUDIO ROUTE_TYPE_LIVE_VIDEO , presentationDisplay=null }
03-25 00:04:12.765  3529  3529 V MediaRouter: Selecting route: RouteInfo{ name=Phone, description=null, status=null, category=RouteCategory{ name=System types=ROUTE_TYPE_LIVE_AUDIO ROUTE_TYPE_LIVE_VIDEO  groupable=false }, supportedTypes=ROUTE_TYPE_LIVE_AUDIO ROUTE_TYPE_LIVE_VIDEO , presentationDisplay=null }
03-25 00:04:12.767  3256  5886 I am_stop_activity: [0,220564483,com.chartcross.gpstest/.GPSTest]
03-25 00:04:12.769  2916  3157 W StreamHAL: Error from HAL stream in function get_presentation_position: Operation not permitted
03-25 00:04:12.770  7582  7582 I am_on_stop_called: [0,com.chartcross.gpstest.GPSTest,handleStopActivity]
03-25 00:04:12.771  2957  2957 I gralloc : gralloc_unregister_buffer hnd=0x71d7a23840, share_fd=89, share_attr_fd=96, magic=51647890, format=1, internal_format=1, byte_stride=1664, flags=4, usage=0x933, size=835328, width=410, height=502, internalWidth=410, internalHeight=502, stride=416, base=0x71d3bd3000, writeOwner=0, attr_base=0xffffffffffffffff, yuv_info=1, fd=-1, buf_idx=0, offset=0, min_pgsz=4096, phyaddr=0
03-25 00:04:12.772  3000  3086 I SPRDAVCDecoder: Construct SPRDAVCDecoder, this: 0xee3c8b00, instances: 0
03-25 00:04:12.772  2926  3142 D vndksupport: Loading /vendor/lib64/hw/gralloc.sp9832e.so from current namespace instead of sphal namespace.
03-25 00:04:12.773  3000  3086 I SPRDAVCDecoder: SPRDAVCDecoder, video_cfg: 0, SecureFlag: 0
03-25 00:04:12.773  3000  3086 I SPRDAVCDecoder: openDecoder, lib: libomx_avcdec_hw_sprd.so
03-25 00:04:12.773  2926  3142 I gralloc : gralloc_register_buffer hnd=0x756780ef80, share_fd=41, share_attr_fd=42, magic=51647890, format=1, internal_format=1, byte_stride=1664, flags=4, usage=0xb00, size=835328, width=410, height=502, internalWidth=410, internalHeight=502, stride=416, base=0x756720a000, writeOwner=0, attr_base=0xffffffffffffffff, yuv_info=1, fd=-1, buf_idx=0, offset=0, min_pgsz=4096, phyaddr=0
03-25 00:04:12.776  3000  3086 I SPRDAVCDecoder: SPRDAVCDecoder, mDumpYUVEnabled: 0, mDumpStrmEnabled: 0
03-25 00:04:12.776  2926  3142 D vndksupport: Loading /vendor/lib64/hw/gralloc.sp9832e.so from current namespace instead of sphal namespace.
03-25 00:04:12.776  3000  3086 I VSP     : libomx_avcdec_hw_sprd.so is built on Jan  8 2020 20:14:56, Copyright (C) Spreadtrum, Inc.
03-25 00:04:12.777  2926  3142 I gralloc : gralloc_register_buffer hnd=0x756780f4c0, share_fd=50, share_attr_fd=51, magic=51647890, format=1, internal_format=1, byte_stride=1664, flags=4, usage=0x1a00, size=835328, width=410, height=502, internalWidth=410, internalHeight=502, stride=416, base=0x7566f34000, writeOwner=0, attr_base=0xffffffffffffffff, yuv_info=1, fd=-1, buf_idx=0, offset=0, min_pgsz=4096, phyaddr=0
03-25 00:04:12.777  3000  3086 I SPRDAVCDecoder: initDecoder, Capability: profile 100, level 41, max wh=1920 1088
03-25 00:04:12.777  3000  3086 I SPRDAVCDecoder: Get IOMMU Status: 0
03-25 00:04:12.779  2916  3157 W StreamHAL: Error from HAL stream in function get_presentation_position: Operation not permitted
03-25 00:04:12.779  3000  3086 I SPRDAVCDecoder: allocateStreamBuffer, 0x10000000 - 0xec7de000 - 2097152
03-25 00:04:12.780  3000  3086 I SPRDAVCDecoder: initCheck, mInitCheck: 0x0
03-25 00:04:12.780  3000  3086 I SPRD_OMX_CORE: Created OMXPlugin : OMX.sprd.h264.decoder
03-25 00:04:12.782  2995  8028 D SurfaceUtils: disconnecting from surface 0xf1fd2808, reason onConfigure
03-25 00:04:12.783  2995  8029 D SurfaceUtils: connecting to surface 0xf1fd2808, reason connectToSurface
03-25 00:04:12.783  2995  8029 I MediaCodec: [OMX.sprd.h264.decoder] setting surface generation to 3066881
03-25 00:04:12.783  2995  8029 D SurfaceUtils: disconnecting from surface 0xf1fd2808, reason connectToSurface(reconnect)
03-25 00:04:12.784  2995  8029 D SurfaceUtils: connecting to surface 0xf1fd2808, reason connectToSurface(reconnect)
03-25 00:04:12.785  3000  3086 I SPRDAVCDecoder: getExtensionIndex, name: OMX.google.android.index.enableAndroidNativeBuffers
03-25 00:04:12.785  3000  3086 I SPRDAVCDecoder: getExtensionIndex:OMX.google.android.index.enableAndroidNativeBuffers
03-25 00:04:12.785  3000  3086 I SPRDAVCDecoder: internalSetParameter, enable AndroidNativeBuffer
03-25 00:04:12.785  3000  3086 I SPRDAVCDecoder: getExtensionIndex, name: OMX.google.android.index.allocateNativeHandle
03-25 00:04:12.785  3000  3086 I SPRDAVCDecoder: getExtensionIndex:OMX.google.android.index.allocateNativeHandle
03-25 00:04:12.785  3000  3086 I SPRDAVCDecoder: internalSetParameter, disable AllocNativeHandle
03-25 00:04:12.785  3000  3086 I SPRDAVCDecoder: getExtensionIndex, name: OMX.google.android.index.storeANWBufferInMetadata
03-25 00:04:12.785  3000  3086 I SPRDAVCDecoder: getExtensionIndex, name: OMX.google.android.index.storeMetaDataInBuffers
03-25 00:04:12.785  3000  3086 E OMXNodeInstance: getExtensionIndex(0xeeda2b40:sprd.h264.decoder, OMX.google.android.index.storeMetaDataInBuffers) ERROR: NotImplemented(0x80001006)
03-25 00:04:12.785  2995  8030 E ACodec  : [OMX.sprd.h264.decoder] setPortMode on output to DynamicANWBuffer failed w/ err -2147483648
03-25 00:04:12.785  3000  3086 I SPRDAVCDecoder: getExtensionIndex, name: OMX.google.android.index.allocateNativeHandle
03-25 00:04:12.785  3000  3086 I SPRDAVCDecoder: getExtensionIndex:OMX.google.android.index.allocateNativeHandle
03-25 00:04:12.785  3000  3086 I SPRDAVCDecoder: internalSetParameter, disable AllocNativeHandle
03-25 00:04:12.786  3000  3086 I SPRDAVCDecoder: getExtensionIndex, name: OMX.google.android.index.enableAndroidNativeBuffers
03-25 00:04:12.786  3000  3086 I SPRDAVCDecoder: getExtensionIndex:OMX.google.android.index.enableAndroidNativeBuffers
03-25 00:04:12.786  3000  3086 I SPRDAVCDecoder: internalSetParameter, enable AndroidNativeBuffer
03-25 00:04:12.786  3000  3086 I SPRDAVCDecoder: getExtensionIndex, name: OMX.google.android.index.storeANWBufferInMetadata
03-25 00:04:12.786  3000  3086 I SPRDAVCDecoder: getExtensionIndex, name: OMX.google.android.index.storeMetaDataInBuffers
03-25 00:04:12.786  3000  3086 E OMXNodeInstance: getExtensionIndex(0xeeda2b40:sprd.h264.decoder, OMX.google.android.index.storeMetaDataInBuffers) ERROR: NotImplemented(0x80001006)
03-25 00:04:12.787  3000  3086 I SPRDAVCDecoder: internalGetParameter, OMX_IndexParamVideoPortFormat, eColorFormat: 0x15
03-25 00:04:12.787  2995  8030 I ACodec  : LowPower2Core size 57600, frame rate 24, estimated frame rate -1
03-25 00:04:12.787  2995  8030 I ACodec  : LowPower2Core acquire count = 0 acquire
03-25 00:04:12.788  2995  8030 D VideoPowerHint: VideoPowerHintCPU video play with acquirePrfmLock
03-25 00:04:12.788  2995  8030 I ACodec  : LowPower3Core size 57600, frame rate 24, estimated frame rate -1
03-25 00:04:12.788  2995  8030 I ACodec  : LowPowerFreq size 57600, frame rate 24, estimated frame rate -1
03-25 00:04:12.788  2995  8030 I ACodec  : LowPowerFreq acquire count = 1 acquire
03-25 00:04:12.788  2995  8030 I ACodec  : HightPerformance size 57600, frame rate 24, estimated frame rate -1
03-25 00:04:12.788  3000  3083 I SPRDAVCDecoder: internalSetParameter, port:0, old wh:320 240, new wh:240 240
03-25 00:04:12.789  3000  3086 I SPRDAVCDecoder: internalSetParameter, port:1, old wh:320 240, new wh:240 240
03-25 00:04:12.789  3000  3086 I SPRDAVCDecoder: internalSetParameter, mFrameWidth 240, mFrameHeight 240, mStride 240, mSliceHeight 240
03-25 00:04:12.789  3000  3086 I SPRDAVCDecoder: updatePortDefinitions, 240 240 240 240
03-25 00:04:12.789  3256  3756 D PowerController.AppState: - reportAppProcStateInfo() E -
03-25 00:04:12.789  3256  3756 D PowerController.AppState: - reportAppProcStateInfo() E -
03-25 00:04:12.789  3256  3758 D PowerController.RecogA: handleMessage(MSG_REPORT_EVENT)
03-25 00:04:12.789  3000  3086 I SPRDAVCDecoder: getExtensionIndex, name: OMX.google.android.index.describeColorAspects
03-25 00:04:12.790  3000  3086 I SPRDAVCDecoder: getExtensionIndex, name: OMX.google.android.index.describeHDRStaticInfo
03-25 00:04:12.791  2916  3157 W StreamHAL: Error from HAL stream in function get_presentation_position: Operation not permitted
03-25 00:04:12.791  2926  3142 D vndksupport: Loading /vendor/lib64/hw/gralloc.sp9832e.so from current namespace instead of sphal namespace.
03-25 00:04:12.792  2926  3142 I gralloc : gralloc_register_buffer hnd=0x756780f580, share_fd=45, share_attr_fd=49, magic=51647890, format=1, internal_format=1, byte_stride=1664, flags=4, usage=0x1a00, size=835328, width=410, height=502, internalWidth=410, internalHeight=502, stride=416, base=0x7566cd0000, writeOwner=0, attr_base=0xffffffffffffffff, yuv_info=1, fd=-1, buf_idx=0, offset=0, min_pgsz=4096, phyaddr=0
03-25 00:04:12.793  3000  3086 E OMXNodeInstance: setConfig(0xeeda2b40:sprd.h264.decoder, ConfigPriority(0x6f800002)) ERROR: Undefined(0x80001001)
03-25 00:04:12.793  2995  8030 I ACodec  : codec does not support config priority (err -2147483648)
03-25 00:04:12.793  3000  3086 E OMXNodeInstance: setConfig(0xeeda2b40:sprd.h264.decoder, ConfigOperatingRate(0x6f800003)) ERROR: Undefined(0x80001001)
03-25 00:04:12.793  2995  8030 I ACodec  : codec does not support config operating rate (err -2147483648)
03-25 00:04:12.793  3000  3086 I SPRDAVCDecoder: getExtensionIndex, name: OMX.google.android.index.storeMetaDataInBuffers
03-25 00:04:12.793  3000  3086 I SPRDAVCDecoder: getExtensionIndex, name: OMX.google.android.index.storeANWBufferInMetadata
03-25 00:04:12.793  3000  3086 I SPRDAVCDecoder: getExtensionIndex, name: OMX.google.android.index.prepareForAdaptivePlayback
03-25 00:04:12.793  3000  3086 I SPRDAVCDecoder: getExtensionIndex, name: OMX.google.android.index.configureVideoTunnelMode
03-25 00:04:12.793  3000  3086 I SPRDAVCDecoder: getExtensionIndex, name: OMX.google.android.index.useAndroidNativeBuffer2
03-25 00:04:12.793  3000  3086 I SPRDAVCDecoder: getExtensionIndex:OMX.google.android.index.useAndroidNativeBuffer2
03-25 00:04:12.794  3000  3086 I SPRDAVCDecoder: getExtensionIndex, name: OMX.google.android.index.useAndroidNativeBuffer
03-25 00:04:12.794  3000  3086 I SPRDAVCDecoder: getExtensionIndex, name: OMX.google.android.index.enableAndroidNativeBuffers
03-25 00:04:12.794  3000  3086 I SPRDAVCDecoder: getExtensionIndex:OMX.google.android.index.enableAndroidNativeBuffers
03-25 00:04:12.794  3000  3086 I SPRDAVCDecoder: getExtensionIndex, name: OMX.google.android.index.allocateNativeHandle
03-25 00:04:12.794  3000  3086 I SPRDAVCDecoder: getExtensionIndex:OMX.google.android.index.allocateNativeHandle
03-25 00:04:12.794  3000  3086 I SPRDAVCDecoder: getExtensionIndex, name: OMX.google.android.index.getAndroidNativeBufferUsage
03-25 00:04:12.794  3000  3086 I SPRDAVCDecoder: getExtensionIndex:OMX.google.android.index.getAndroidNativeBufferUsage
03-25 00:04:12.794  3000  3086 E OMXNodeInstance: getConfig(0xeeda2b40:sprd.h264.decoder, ConfigAndroidVendorExtension(0x6f100004)) ERROR: UnsupportedIndex(0x8000101a)
03-25 00:04:12.794  3000  3086 I SPRDAVCDecoder: getConfig, mCropWidth:240, mCropHeight:240, mGettingPortFormat:0
03-25 00:04:12.795  2995  8029 I MediaCodec: MediaCodec will operate in async mode
03-25 00:04:12.796  3000  3086 I OMXNodeInstance: 0xeedc2bc0 sendCommand cmd = 0, param = 2
03-25 00:04:12.796  2938  2938 D PowerHAL: handle_power_hint_vendor: hint id subtype: 0x00000003
03-25 00:04:12.796  2938  2938 I PowerHAL: Don't support video_sync in normal mode
03-25 00:04:12.799  2915  2915 W /system/bin/hw/android.hidl.allocator@1.0-service: ashmem_create_region(1566720) returning hidl_memory(0x715882c340, 1566720)
03-25 00:04:12.802  2916  3157 W StreamHAL: Error from HAL stream in function get_presentation_position: Operation not permitted
03-25 00:04:12.804  2957  2957 I gralloc : gralloc_unregister_buffer hnd=0x71d7a24080, share_fd=64, share_attr_fd=74, magic=51647890, format=1, internal_format=1, byte_stride=1664, flags=4, usage=0xb00, size=835328, width=410, height=502, internalWidth=410, internalHeight=502, stride=416, base=0x71d37a6000, writeOwner=0, attr_base=0xffffffffffffffff, yuv_info=1, fd=-1, buf_idx=0, offset=0, min_pgsz=4096, phyaddr=0
03-25 00:04:12.811  3000  3086 I SPRDAVCDecoder: internalUseBuffer, portIndex= 0, header=0xeedaceb0, pBuffer=0xec562000, size=1566720
03-25 00:04:12.811  2915  2915 W /system/bin/hw/android.hidl.allocator@1.0-service: ashmem_create_region(1566720) returning hidl_memory(0x715882c340, 1566720)
03-25 00:04:12.812  3000  3086 I SPRDAVCDecoder: internalUseBuffer, portIndex= 0, header=0xeedacb90, pBuffer=0xec3e3000, size=1566720
03-25 00:04:12.812  2915  2915 W /system/bin/hw/android.hidl.allocator@1.0-service: ashmem_create_region(1566720) returning hidl_memory(0x715882c340, 1566720)
03-25 00:04:12.812  3000  3086 I SPRDAVCDecoder: internalUseBuffer, portIndex= 0, header=0xeedacd20, pBuffer=0xec264000, size=1566720
03-25 00:04:12.813  2916  3157 W StreamHAL: Error from HAL stream in function get_presentation_position: Operation not permitted
03-25 00:04:12.813  2915  2915 W /system/bin/hw/android.hidl.allocator@1.0-service: ashmem_create_region(1566720) returning hidl_memory(0x715882c340, 1566720)
03-25 00:04:12.813  3000  3086 I SPRDAVCDecoder: internalUseBuffer, portIndex= 0, header=0xeedaccd0, pBuffer=0xec0e5000, size=1566720
03-25 00:04:12.814  2915  2915 W /system/bin/hw/android.hidl.allocator@1.0-service: ashmem_create_region(1566720) returning hidl_memory(0x715882c340, 1566720)
03-25 00:04:12.814  3000  3086 I SPRDAVCDecoder: internalUseBuffer, portIndex= 0, header=0xeedac5f0, pBuffer=0xebf66000, size=1566720
03-25 00:04:12.814  2915  2915 W /system/bin/hw/android.hidl.allocator@1.0-service: ashmem_create_region(1566720) returning hidl_memory(0x715882c340, 1566720)
03-25 00:04:12.815  3000  3086 I SPRDAVCDecoder: internalUseBuffer, portIndex= 0, header=0xeedac8c0, pBuffer=0xebde7000, size=1566720
03-25 00:04:12.815  2915  2915 W /system/bin/hw/android.hidl.allocator@1.0-service: ashmem_create_region(1566720) returning hidl_memory(0x715882c340, 1566720)
03-25 00:04:12.816  3000  3086 I SPRDAVCDecoder: internalUseBuffer, portIndex= 0, header=0xeedac9b0, pBuffer=0xebc68000, size=1566720
03-25 00:04:12.816  2915  2915 W /system/bin/hw/android.hidl.allocator@1.0-service: ashmem_create_region(1566720) returning hidl_memory(0x715882c340, 1566720)
03-25 00:04:12.817  3000  3086 I SPRDAVCDecoder: internalUseBuffer, portIndex= 0, header=0xeedacb40, pBuffer=0xebae9000, size=1566720
03-25 00:04:12.817  3000  3086 I SPRDAVCDecoder: getExtensionIndex, name: OMX.google.android.index.AndroidNativeBufferConsumerUsage
03-25 00:04:12.817  3000  3086 I SPRDAVCDecoder: getExtensionIndex, name: OMX.google.android.index.getAndroidNativeBufferUsage
03-25 00:04:12.817  3000  3086 I SPRDAVCDecoder: getExtensionIndex:OMX.google.android.index.getAndroidNativeBufferUsage
03-25 00:04:12.817  3000  3086 I SPRDAVCDecoder: internalGetParameter, OMX_IndexParamGetAndroidNativeBuffer 0x3
03-25 00:04:12.817  2995  8030 D SurfaceUtils: disconnecting from surface 0xf1fd2808, reason setNativeWindowSizeFormatAndUsage
03-25 00:04:12.818  2995  8030 D SurfaceUtils: connecting to surface 0xf1fd2808, reason setNativeWindowSizeFormatAndUsage
03-25 00:04:12.818  2995  8030 D SurfaceUtils: set up nativeWindow 0xf1fd2808 for 240x240, color 0x15, rotation 0, usage 0x2903
03-25 00:04:12.818  3000  3086 I SPRDAVCDecoder: internalSetParameter, port:1, old wh:240 240, new wh:240 240
03-25 00:04:12.819  2957  3110 W GrallocMapperPassthrough: buffer descriptor with invalid usage bits 0x2000
03-25 00:04:12.819  2925  2925 I gralloc : mali_gralloc_select_format, AFBC is disabled now
03-25 00:04:12.819  2925  2925 I gralloc : mali_gralloc_select_format: req_format=0x00000015 req_fmt_mapped=0x0 internal_format=0x15 usage=0x2903
03-25 00:04:12.820  2925  2925 I gralloc : gralloc=>alloc, share_fd=8, share_attr_fd=13, magic=51647890, format=21, internal_format=15, byte_stride=240, flags=4, usage=0x10499, size=88320, width=240, height=240, internalWidth=240, internalHeight=240, stride=240, ADP_VSTRIDE=0,base=0x7f408f8000, writeOwner=0, attr_base=0xffffffffffffffff, yuv_info=1, fd=-1, buf_idx=0, offset=0, min_pgsz=4096, phyaddr=0
03-25 00:04:12.820  2925  2925 I gralloc : gralloc=>free hnd=0x7f3fc33900, share_fd=8, share_attr_fd=13, magic=51647890, format=21, internal_format=15, byte_stride=240, flags=4, usage=10499, size=88320, width=240, height=240, internalWidth=240, internalHeight=240, stride=240, base=0x7f408f8000, writeOwner=0, attr_base=0xffffffffffffffff, yuv_info=1, fd=-1, buf_idx=0, offset=0, min_pgsz=4096, phyaddr=0
03-25 00:04:12.820  2957  3110 I gralloc : gralloc_register_buffer hnd=0x71d7a23e40, share_fd=89, share_attr_fd=93, magic=51647890, format=21, internal_format=15, byte_stride=240, flags=4, usage=0x2903, size=88320, width=240, height=240, internalWidth=240, internalHeight=240, stride=240, base=0x71d9f85000, writeOwner=0, attr_base=0xffffffffffffffff, yuv_info=1, fd=-1, buf_idx=0, offset=0, min_pgsz=4096, phyaddr=0
03-25 00:04:12.823  2916  3157 W StreamHAL: Error from HAL stream in function get_presentation_position: Operation not permitted
03-25 00:04:12.809  2995  2995 I auditd  : type=1400 audit(0.0:2652): avc: denied { read } for comm="CodecLooper" name="libbase.so" dev="mmcblk0p35" ino=666 scontext=u:r:mediaserver:s0 tcontext=u:object_r:vendor_file:s0 tclass=file permissive=1
03-25 00:04:12.809  2995  2995 I CodecLooper: type=1400 audit(0.0:2652): avc: denied { read } for name="libbase.so" dev="mmcblk0p35" ino=666 scontext=u:r:mediaserver:s0 tcontext=u:object_r:vendor_file:s0 tclass=file permissive=1
03-25 00:04:12.834  2916  3157 W StreamHAL: Error from HAL stream in function get_presentation_position: Operation not permitted
03-25 00:04:12.829  2995  2995 I auditd  : type=1400 audit(0.0:2655): avc: denied { execute } for comm="CodecLooper" path="/vendor/lib/libhidltransport.so" dev="mmcblk0p35" ino=713 scontext=u:r:mediaserver:s0 tcontext=u:object_r:vendor_file:s0 tclass=file permissive=1
03-25 00:04:12.829  2995  2995 I CodecLooper: type=1400 audit(0.0:2655): avc: denied { execute } for path="/vendor/lib/libhidltransport.so" dev="mmcblk0p35" ino=713 scontext=u:r:mediaserver:s0 tcontext=u:object_r:vendor_file:s0 tclass=file permissive=1
03-25 00:04:12.845  2916  3157 W StreamHAL: Error from HAL stream in function get_presentation_position: Operation not permitted
03-25 00:04:12.856  2916  3157 I chatty  : uid=1041(audioserver) HwBinder:2916_1 identical 1 line
03-25 00:04:12.867  2916  3157 W StreamHAL: Error from HAL stream in function get_presentation_position: Operation not permitted
