03-25 00:09:23.010  3495  3709 I chatty  : uid=1001(radio) Binder:3495_3 identical 1 line
03-25 00:09:23.020  3495  3709 D SubscriptionController: [getDefaultDataSubId] subId= 2
03-25 00:09:24.005  3366  3377 D RIL     : rxlev[0]=99, rscp[0]=255, rsrp[0]=99
03-25 00:09:24.005  3366  3377 D RILC    : currentSignalStrengthInd
03-25 00:09:24.006  3366  3377 I RILC    : RIL_SOCKET_1 UNSOLICITED: UNSOL_SIGNAL_STRENGTH length:56
03-25 00:09:24.009  3495  3709 D SubscriptionController: [getDefaultDataSubId] subId= 2
03-25 00:09:24.011  3256  3560 I WifiService: getConnectionInfo uid=10082
03-25 00:09:24.046  3013  3727 E LIBGPS  : begin save flash data,subtype is 31,lenth is 88
03-25 00:09:24.833  3256  3463 D WifiNetworkMonitor: EVENT_WIFI_RSSI_CHANGED
03-25 00:09:24.833  3256  3463 E WifiNetworkMonitor: Not any Obervers!!!
03-25 00:09:24.835  3256  3468 D ConnectivityService: updateNetworkScore for NetworkAgentInfo [WIFI () - 101] to 57
03-25 00:09:24.835  3256  3468 D ConnectivityService: rematchAllNetworksAndRequests: oldScore = 52, currentScore = 57
03-25 00:09:24.835  3256  3468 D ConnectivityService: rematchNetworkAndRequests: reap = REAP
03-25 00:09:24.835  3256  3468 D ConnectivityService: rematching NetworkAgentInfo [WIFI () - 101], score is 57
03-25 00:09:24.835  3256  3468 D ConnectivityService:  network has: [ Transports: WIFI Capabilities: NOT_METERED&INTERNET&NOT_RESTRICTED&TRUSTED&NOT_VPN&VALIDATED&FOREGROUND LinkUpBandwidth>=1048576Kbps LinkDnBandwidth>=1048576Kbps SignalStrength: -66]
03-25 00:09:24.835  3256  3468 D ConnectivityService: Network NetworkAgentInfo [WIFI () - 101] was already satisfying request 1. No change.
03-25 00:09:24.836  3256  3468 D ConnectivityService: Network NetworkAgentInfo [WIFI () - 101] was already satisfying request 3. No change.
03-25 00:09:24.836  3256  3468 D ConnectivityService: Network NetworkAgentInfo [WIFI () - 101] was already satisfying request 38. No change.
03-25 00:09:24.836  3256  3468 D ConnectivityService: Network NetworkAgentInfo [WIFI () - 101] was already satisfying request 26. No change.
03-25 00:09:24.836  3256  3468 D ConnectivityService: Network NetworkAgentInfo [WIFI () - 101] was already satisfying request 20. No change.
03-25 00:09:24.836  3256  3468 D ConnectivityService: Network NetworkAgentInfo [WIFI () - 101] was already satisfying request 22. No change.
03-25 00:09:24.836  3256  3468 D ConnectivityService: Network NetworkAgentInfo [WIFI () - 101] was already satisfying request 10. No change.
03-25 00:09:24.836  3256  3468 D ConnectivityService: Network NetworkAgentInfo [WIFI () - 101] was already satisfying request 33. No change.
03-25 00:09:24.836  3256  3468 D ConnectivityService: Network NetworkAgentInfo [WIFI () - 101] was already satisfying request 6. No change.
03-25 00:09:24.836  3256  3468 D ConnectivityService:   checking if request is satisfied: NetworkRequest [ BACKGROUND_REQUEST id=2, [ Transports: CELLULAR Capabilities: INTERNET&NOT_RESTRICTED&TRUSTED&NOT_VPN] ], satisfies = false
03-25 00:09:24.836  3256  3468 D ConnectivityService: Network NetworkAgentInfo [WIFI () - 101] was already satisfying request 19. No change.
03-25 00:09:24.836  3256  3468 D ConnectivityService: Network NetworkAgentInfo [WIFI () - 101] was already satisfying request 39. No change.
03-25 00:09:24.836  3256  3468 D ConnectivityService: isNewDefault = false
03-25 00:09:24.837  3256  3468 D ConnectivityService: keep = true
03-25 00:09:24.837  3256  3468 D ConnectivityService: sending new Min Network Score(57): NetworkRequest [ REQUEST id=1, [ Capabilities: INTERNET&NOT_RESTRICTED&TRUSTED&NOT_VPN] ]
03-25 00:09:24.838  3256  3468 D ConnectivityService: sending new Min Network Score(57): NetworkRequest [ TRACK_DEFAULT id=3, [ Capabilities: INTERNET&NOT_RESTRICTED&TRUSTED&NOT_VPN] ]
03-25 00:09:24.838  3256  3468 D ConnectivityService: sending new Min Network Score(57): NetworkRequest [ TRACK_DEFAULT id=6, [ Capabilities: INTERNET&NOT_RESTRICTED&TRUSTED&NOT_VPN] ]
03-25 00:09:24.839  3256  3468 D ConnectivityService: sending new Min Network Score(57): NetworkRequest [ TRACK_DEFAULT id=10, [ Capabilities: INTERNET&NOT_RESTRICTED&TRUSTED&NOT_VPN] ]
03-25 00:09:24.840  3256  3468 D ConnectivityService: sending new Min Network Score(57): NetworkRequest [ TRACK_DEFAULT id=19, [ Capabilities: INTERNET&NOT_RESTRICTED&TRUSTED&NOT_VPN] ]
03-25 00:09:24.841  3256  3468 D ConnectivityService: sending new Min Network Score(57): NetworkRequest [ TRACK_DEFAULT id=20, [ Capabilities: INTERNET&NOT_RESTRICTED&TRUSTED&NOT_VPN] ]
03-25 00:09:24.842  3256  3468 D ConnectivityService: sending new Min Network Score(57): NetworkRequest [ TRACK_DEFAULT id=22, [ Capabilities: INTERNET&NOT_RESTRICTED&TRUSTED&NOT_VPN] ]
03-25 00:09:24.843  3256  3468 D ConnectivityService: sending new Min Network Score(57): NetworkRequest [ TRACK_DEFAULT id=26, [ Capabilities: INTERNET&NOT_RESTRICTED&TRUSTED&NOT_VPN] ]
03-25 00:09:24.844  3256  3468 D ConnectivityService: sending new Min Network Score(57): NetworkRequest [ TRACK_DEFAULT id=33, [ Capabilities: INTERNET&NOT_RESTRICTED&TRUSTED&NOT_VPN] ]
03-25 00:09:24.844  3256  3468 D ConnectivityService: sending new Min Network Score(57): NetworkRequest [ TRACK_DEFAULT id=38, [ Capabilities: INTERNET&NOT_RESTRICTED&TRUSTED&NOT_VPN] ]
03-25 00:09:24.845  3256  3468 D ConnectivityService: sending new Min Network Score(57): NetworkRequest [ TRACK_DEFAULT id=39, [ Capabilities: INTERNET&NOT_RESTRICTED&TRUSTED&NOT_VPN] ]
03-25 00:09:24.935  3256  3440 D AlarmManager: waitForAlarm result:8currentTime=1774408164935, elapsedRealtime=486449
03-25 00:09:24.935  3256  3440 D AlarmManager: triggerList.size = 0, hasWakeup = false
03-25 00:09:25.001  3926  3972 I CPVoiceAgent: select: retrun 0
03-25 00:09:24.011  3495  3709 I chatty  : uid=1001(radio) Binder:3495_3 identical 1 line
03-25 00:09:24.020  3495  3709 D SubscriptionController: [getDefaultDataSubId] subId= 2
03-25 00:09:25.006  3366  3377 D RIL     : rxlev[0]=99, rscp[0]=255, rsrp[0]=99
03-25 00:09:25.006  3366  3377 D RILC    : currentSignalStrengthInd
03-25 00:09:25.006  3366  3377 I RILC    : RIL_SOCKET_1 UNSOLICITED: UNSOL_SIGNAL_STRENGTH length:56
03-25 00:09:25.009  3495  4873 D SubscriptionController: [getDefaultDataSubId] subId= 2
03-25 00:09:25.011  3256  3566 I WifiService: getConnectionInfo uid=10082
03-25 00:09:25.058  3013  3727 E LIBGPS  : send agps cmd to server
03-25 00:09:25.059  3013  3727 E LIBGPS  : begin save flash data,subtype is 31,lenth is 88
03-25 00:09:25.076  2957  3822 I gralloc : gralloc_unregister_buffer hnd=0x71d7a24140, share_fd=40, share_attr_fd=58, magic=51647890, format=1, internal_format=1, byte_stride=1664, flags=4, usage=0x900, size=835328, width=410, height=502, internalWidth=410, internalHeight=502, stride=416, base=0x71d3e68000, writeOwner=0, attr_base=0xffffffffffffffff, yuv_info=1, fd=-1, buf_idx=0, offset=0, min_pgsz=4096, phyaddr=0
03-25 00:09:25.077  2925  2925 I gralloc : mali_gralloc_select_format, AFBC is disabled now
03-25 00:09:25.077  2925  2925 I gralloc : mali_gralloc_select_format: req_format=0x00000001 req_fmt_mapped=0x0 internal_format=0x1 usage=0xb00
03-25 00:09:25.078  2925  2925 I gralloc : gralloc=>alloc, share_fd=8, share_attr_fd=13, magic=51647890, format=1, internal_format=1, byte_stride=1664, flags=4, usage=0x2816, size=835328, width=410, height=502, internalWidth=410, internalHeight=502, stride=416, ADP_VSTRIDE=0,base=0x7f3f6c5000, writeOwner=0, attr_base=0xffffffffffffffff, yuv_info=1, fd=-1, buf_idx=0, offset=0, min_pgsz=4096, phyaddr=0
03-25 00:09:25.078  3256  3566 I am_destroy_service: [0,53161411,4304]
03-25 00:09:25.079  2925  2925 I gralloc : gralloc=>free hnd=0x7f3fc33900, share_fd=8, share_attr_fd=13, magic=51647890, format=1, internal_format=1, byte_stride=1664, flags=4, usage=2816, size=835328, width=410, height=502, internalWidth=410, internalHeight=502, stride=416, base=0x7f3f6c5000, writeOwner=0, attr_base=0xffffffffffffffff, yuv_info=1, fd=-1, buf_idx=0, offset=0, min_pgsz=4096, phyaddr=0
03-25 00:09:25.080  2957  3822 I gralloc : gralloc_register_buffer hnd=0x71d7a24140, share_fd=70, share_attr_fd=94, magic=51647890, format=1, internal_format=1, byte_stride=1664, flags=4, usage=0xb00, size=835328, width=410, height=502, internalWidth=410, internalHeight=502, stride=416, base=0x71d3e68000, writeOwner=0, attr_base=0xffffffffffffffff, yuv_info=1, fd=-1, buf_idx=0, offset=0, min_pgsz=4096, phyaddr=0
03-25 00:09:25.083  8661  8779 I gralloc : gralloc_register_buffer hnd=0x6f9bdc5280, share_fd=169, share_attr_fd=170, magic=51647890, format=1, internal_format=1, byte_stride=1664, flags=4, usage=0xb00, size=835328, width=410, height=502, internalWidth=410, internalHeight=502, stride=416, base=0x6f9e44d000, writeOwner=0, attr_base=0xffffffffffffffff, yuv_info=1, fd=-1, buf_idx=0, offset=0, min_pgsz=4096, phyaddr=0
03-25 00:09:25.106  2926  3142 D vndksupport: Loading /vendor/lib64/hw/gralloc.sp9832e.so from current namespace instead of sphal namespace.
03-25 00:09:25.107  2926  3142 I gralloc : gralloc_register_buffer hnd=0x756780f640, share_fd=59, share_attr_fd=60, magic=51647890, format=1, internal_format=1, byte_stride=1664, flags=4, usage=0xb00, size=835328, width=410, height=502, internalWidth=410, internalHeight=502, stride=416, base=0x7566e68000, writeOwner=0, attr_base=0xffffffffffffffff, yuv_info=1, fd=-1, buf_idx=0, offset=0, min_pgsz=4096, phyaddr=0
03-25 00:09:25.630  3026  3172 D WCND    : is_cp2_alive_ok: open polling interface: /proc/mdbg/loopcheck, fd = 13
03-25 00:09:25.731  3026  3172 D WCND    : is_cp2_alive_ok: loop: /proc/mdbg/loopcheck is OK
03-25 00:09:25.849  3985  3985 D BoundBrokerSvc: onUnbind: Intent { act=com.google.android.gms.libs.gmscorelogger.service.START dat=chimera-action: cmp=com.google.android.gms/.chimera.PersistentDirectBootAwareApiService }
03-25 00:09:25.011  3495  4873 I chatty  : uid=1001(radio) Binder:3495_C identical 1 line
03-25 00:09:25.018  3495  4873 D SubscriptionController: [getDefaultDataSubId] subId= 2
03-25 00:09:26.006  3366  3377 D RIL     : rxlev[0]=99, rscp[0]=255, rsrp[0]=99
03-25 00:09:26.007  3366  3377 D RILC    : currentSignalStrengthInd
03-25 00:09:26.008  3366  3377 I RILC    : RIL_SOCKET_1 UNSOLICITED: UNSOL_SIGNAL_STRENGTH length:56
03-25 00:09:26.011  3495  4873 D SubscriptionController: [getDefaultDataSubId] subId= 2
03-25 00:09:26.012  3256  5886 I WifiService: getConnectionInfo uid=10082
03-25 00:09:26.060  3013  3727 E LIBGPS  : send agps cmd to server
03-25 00:09:26.061  3013  3727 E LIBGPS  : begin save flash data,subtype is 31,lenth is 88
03-25 00:09:26.157  3256  3560 I am_destroy_service: [0,186002480,4304]
03-25 00:09:26.158  4304  4304 D BoundBrokerSvc: onUnbind: Intent { act=com.google.android.gms.ads.service.START pkg=com.google.android.gms }
03-25 00:09:26.342  3256  3440 D AlarmManager: waitForAlarm result:4currentTime=1774408166342, elapsedRealtime=487856
03-25 00:09:26.342  3256  3440 D AlarmManagerService: set alarm to kernel: 536.342000000, type=2 
03-25 00:09:26.342  3256  3440 D AlarmManagerService: set alarm to kernel: 521.514000000, type=3 
03-25 00:09:26.342  3256  3440 D AlarmManager: triggerList.size = 3, hasWakeup = true
03-25 00:09:26.342  3256  3440 V AlarmManager: sending alarm Alarm{85d66de type 0 when 1774408166342 com.urbetrack.sweeptracker}
03-25 00:09:26.344  3256  3440 V AlarmManager: sending alarm Alarm{2d0a0bf type 3 when 471873 com.hsc.floatmultitask}
03-25 00:09:26.345  6871  6871 D LocationService: 2026-03-25T03:09:26.344Z: onStartCommand: Received ACTION_START_WINDOW alarm
03-25 00:09:26.347  6871  6871 D LocationService: 2026-03-25T03:09:26.347Z: getLocationInterval: source=Unplugged, plugged=false, interval=15s
03-25 00:09:26.347  3256  3440 V AlarmManager: sending alarm Alarm{688d38c type 3 when 486449 com.google.android.gms}
03-25 00:09:26.349  6500  6500 I FloatMultiTaskService:  PowerSaveMode  1 isPowerSaveMode false
03-25 00:09:26.350  6500  6500 I FloatMultiTaskService: onStartCommand(),action=com.hsc.floatmultitask.update
03-25 00:09:26.350  3256  3440 I am_create_service: [0,50260693,.GmsIntentOperationService,10014,4304]
03-25 00:09:26.350  6871  6871 D LocationService: 2026-03-25T03:09:26.348Z: safeStartNewWindow depth=1 interval=15000ms
03-25 00:09:26.356  6871  6871 D LocationService: 2026-03-25T03:09:26.356Z: Attempting to start location window, interval=15000ms, mutex=false
03-25 00:09:26.357  6871  6871 D LocationService: 2026-03-25T03:09:26.357Z: Location window starting, interval=15000ms, mutex=true
03-25 00:09:26.360  6871  6871 D LocationService: 2026-03-25T03:09:26.359Z: Location window setup complete, releasing mutex, interval=15000ms, mutex=true
03-25 00:09:26.360  3256  3560 V AlarmManager: set(PendingIntent{7d512ea: PendingIntentRecord{c7889db com.google.android.gms startService}}) : type=3 triggerAtTime=315360487873 win=236519999999 tElapsed=315360487873 maxElapsed=551880487872 interval=0 flags=0x0
03-25 00:09:26.362  6871  6871 D LocationService: 2026-03-25T03:09:26.362Z: buildLocationRequest: batterySaving=false, priority=100, interval=15000ms, minUpdate=2000ms, window=15000ms
03-25 00:09:26.364  6871  6871 D LocationService: 2026-03-25T03:09:26.363Z: Window#27 started: method=GPS, interval=15000ms, priority=100, callback=117987388
03-25 00:09:26.368  4304  8841 I Authzen : [DeviceStateSyncManager] The server is in sync with current state. Nothing to do
03-25 00:09:26.372  3256  3560 D BroadcastQueue: Add broadcast <BroadcastRecord{3b59c78 u0 android.location.HIGH_POWER_REQUEST_CHANGE}> into [parallel | background], pending size 0
03-25 00:09:26.372  3256  3328 D BroadcastQueue: Done with parallel broadcast [background] [BroadcastRecord{3b59c78 u0 android.location.HIGH_POWER_REQUEST_CHANGE}]
03-25 00:09:26.376  3256  3758 D PowerController.RecogA: handleMessage(MSG_REPORT_EVENT)
03-25 00:09:26.377  3256  3560 I GnssLocationProvider: WakeLock acquired by sendMessage(SET_REQUEST, 0, com.android.server.location.GnssLocationProvider$GpsRequest@5111542)
03-25 00:09:26.377  3256  3327 I GnssLocationProvider: WakeLock released by handleMessage(SET_REQUEST, 0, com.android.server.location.GnssLocationProvider$GpsRequest@5111542)
03-25 00:09:26.378  3256  3560 V AlarmManager: set(PendingIntent{fcc5953: PendingIntentRecord{66b8290 com.google.android.gms broadcastIntent}}) : type=2 triggerAtTime=517888 win=0 tElapsed=517888 maxElapsed=517888 interval=0 flags=0x5
03-25 00:09:26.378  3256  3560 D AlarmManagerService: set alarm to kernel: 517.888000000, type=2 
03-25 00:09:26.382  3256  3566 D BroadcastQueue: Add broadcast <BroadcastRecord{8eea789 u0 android.location.HIGH_POWER_REQUEST_CHANGE}> into [parallel | background], pending size 0
03-25 00:09:26.382  3256  3328 D BroadcastQueue: Done with parallel broadcast [background] [BroadcastRecord{8eea789 u0 android.location.HIGH_POWER_REQUEST_CHANGE}]
03-25 00:09:26.389  3256  3758 D PowerController.RecogA: handleMessage(MSG_REPORT_EVENT)
03-25 00:09:26.390  3256  3560 I GnssLocationProvider: WakeLock acquired by sendMessage(SET_REQUEST, 0, com.android.server.location.GnssLocationProvider$GpsRequest@53937af)
03-25 00:09:26.390  3256  3327 I GnssLocationProvider: WakeLock released by handleMessage(SET_REQUEST, 0, com.android.server.location.GnssLocationProvider$GpsRequest@53937af)
03-25 00:09:26.392  3256  5886 I GnssLocationProvider: WakeLock acquired by sendMessage(SET_REQUEST, 0, com.android.server.location.GnssLocationProvider$GpsRequest@8ae37bc)
03-25 00:09:26.392  3256  3327 I GnssLocationProvider: WakeLock released by handleMessage(SET_REQUEST, 0, com.android.server.location.GnssLocationProvider$GpsRequest@8ae37bc)
03-25 00:09:26.391  3256  3758 D PowerController.RecogA: handleMessage(MSG_REPORT_EVENT)
03-25 00:09:26.399  3256  3815 V AlarmManager: set(PendingIntent{e0513a8: PendingIntentRecord{16bec1 com.google.android.gms broadcastIntent}}) : type=2 triggerAtTime=488262 win=0 tElapsed=492913 maxElapsed=492913 interval=0 flags=0x5
03-25 00:09:26.400  3256  3815 D AlarmManagerService: set alarm to kernel: 492.913000000, type=2 
03-25 00:09:26.401  3985  4869 I ActivityScheduler: nextTriggerTime: 499124, in 11209ms, detectorType: 39, FULL_TYPE alarmWindowMillis: 10000
03-25 00:09:26.402  3256  3815 V AlarmManager: set(PendingIntent{2143666: PendingIntentRecord{60dbe51 com.google.android.gms broadcastIntent}}) : type=2 triggerAtTime=499124 win=10000 tElapsed=499124 maxElapsed=509124 interval=0 flags=0x0
03-25 00:09:26.402  3256  3815 V AlarmManager: remove(operation) changed bounds; rebatching
03-25 00:09:26.403  3256  3815 D AlarmManagerService: set alarm to kernel: 488.262000000, type=2 
03-25 00:09:26.409  3256  3815 D AlarmManagerService: set alarm to kernel: 499.124000000, type=2 
03-25 00:09:26.411  3985  4869 I ActivityScheduler: nextTriggerTime: 499124, in 11199ms, detectorType: 39, FULL_TYPE alarmWindowMillis: 10000
03-25 00:09:26.414  3256  3815 I WifiService: getWifiEnabledState uid=10014
03-25 00:09:26.414  3985  4869 W Settings: Setting airplane_mode_on has moved from android.provider.Settings.System to android.provider.Settings.Global, returning read-only value.
03-25 00:09:26.013  3495  4873 I chatty  : uid=1001(radio) Binder:3495_C identical 1 line
03-25 00:09:26.020  3495  4873 D SubscriptionController: [getDefaultDataSubId] subId= 2
03-25 00:09:26.420  3495  4873 D RILJ    : [4204]> RIL_REQUEST_GET_CELL_INFO_LIST [SUB0]
03-25 00:09:26.420  3366  3366 D RILC    : getCellInfoList: serial 556
03-25 00:09:26.420  3366  3909 D RIL     : onRequest: GET_CELL_INFO_LIST radioState=4
03-25 00:09:26.420  3366  3909 D REQ_THDS: get Channel1
03-25 00:09:26.423  3366  3909 D RILC    : RequestComplete, RIL_SOCKET_1
03-25 00:09:26.423  3366  3909 E RILC    : Calling responseFunction() for token 556
03-25 00:09:26.423  3366  3909 D RILC    : getCellInfoListResponse: serial 556
03-25 00:09:26.423  3366  3909 D REQ_THDS: put Channel1
03-25 00:09:26.423  3366  3909 I REQ_THDS: -->CommandThread [3909] free one command
03-25 00:09:26.424  3627  3627 D wpa_supplicant: nl80211: Ignored event (cmd=33) for foreign interface (ifindex 14 wdev 0x0)
03-25 00:09:26.425  3627  3627 D wpa_supplicant: nl80211: Drv Event 33 (NL80211_CMD_TRIGGER_SCAN) received for wlan0
03-25 00:09:26.425  3627  3627 D wpa_supplicant: wlan0: nl80211: Scan trigger
03-25 00:09:26.425  3627  3627 D wpa_supplicant: wlan0: Event SCAN_STARTED (47) received
03-25 00:09:26.409  3256  3815 V AlarmManager: remove(operation) changed bounds; rebatching
03-25 00:09:26.425  3256  3465 V AlarmManager: set(null) : type=2 triggerAtTime=502939 win=11250 tElapsed=502939 maxElapsed=514189 interval=0 flags=0x8
03-25 00:09:26.425  3627  3627 D wpa_supplicant: wlan0: External program started a scan
03-25 00:09:26.425  3256  3465 D AlarmManagerService: set alarm to kernel: 502.939000000, type=2 
03-25 00:09:26.425  3495  3651 D RILJ    : [4204]< RIL_REQUEST_GET_CELL_INFO_LIST [CellInfoLte:{mRegistered=YES mTimeStampType=oem_ril mTimeStamp=487937629188ns CellIdentityLte:{ mMcc=722 mMnc=7 mCi=213908225 mPci=326 mTac=1866 mEarfcn=2000} CellSignalStrengthLte: ss=42 rsrp=-98 rsrq=-14 rssnr=2147483647 cqi=2147483647 ta=2147483647}, CellInfoLte:{mRegistered=NO mTimeStampType=oem_ril mTimeStamp=2147483647ns CellIdentityLte:{ mMcc=2147483647 mMnc=2147483647 mCi=2147483647 mPci=49 mTac=2147483647 mEarfcn=2000} CellSignalStrengthLte: ss=40 rsrp=-100 rsrq=-17 rssnr=2147483647 cqi=2147483647 ta=2147483647}, CellInfoLte:{mRegistered=NO mTimeStampType=oem_ril mTimeStamp=2147483647ns CellIdentityLte:{ mMcc=2147483647 mMnc=2147483647 mCi=2147483647 mPci=129 mTac=2147483647 mEarfcn=2000} CellSignalStrengthLte: ss=39 rsrp=-101 rsrq=-16 rssnr=2147483647 cqi=2147483647 ta=2147483647}, CellInfoLte:{mRegistered=NO mTimeStampType=oem_ril mTimeStamp=2147483647ns CellIdentityLte:{ mMcc=2147483647 mMnc=2147483647 mCi=2147483647 mPci=190 mTac=2147483647 mEarfcn=2850} CellSignalStrengthLte: ss=27 rsrp=-113 rsrq=-11 rssnr=2147483647 cqi=2147483647 ta=2147483647}, CellInfoLte:{mRegistered=NO mTimeStampType=oem_ril mTimeStamp=2147483647ns CellIdentityLte:{ mMcc=2147483647 mMnc=2147483647 mCi=2147483647 mPci=143 mTac=2147483647 mEarfcn=2850} CellSignalStrengthLte: ss=12 rsrp=-128 rsrq=-21 rssnr=2147483647 cqi=2147483647 ta=2147483647}] [SUB0]
03-25 00:09:26.503  3926  3972 I CPVoiceAgent: select: retrun 0
03-25 00:09:26.999  3627  3627 D wpa_supplicant: nl80211: Ignored event (cmd=34) for foreign interface (ifindex 14 wdev 0x0)
03-25 00:09:26.999  3627  3627 D wpa_supplicant: nl80211: Drv Event 34 (NL80211_CMD_NEW_SCAN_RESULTS) received for wlan0
03-25 00:09:26.999  3627  3627 D wpa_supplicant: wlan0: nl80211: New scan results available
03-25 00:09:26.999  3627  3627 D wpa_supplicant: nl80211: Scan probed for SSID ''
03-25 00:09:26.999  3627  3627 D wpa_supplicant: nl80211: Scan included frequencies: 2412 2417 2422 2427 2432 2437 2442 2447 2452 2457 2462 2467 2472
03-25 00:09:26.999  3627  3627 D wpa_supplicant: wlan0: Event SCAN_RESULTS (3) received
03-25 00:09:26.999  3256  3815 D WificondControl: Scan result ready event
03-25 00:09:26.999  3627  3627 D wpa_supplicant: nl80211: Received scan results (8 BSSes)
03-25 00:09:27.000  3627  3627 D wpa_supplicant: nl80211: Scan results indicate BSS status with 14:eb:b6:dd:08:e4 as associated
03-25 00:09:27.000  3627  3627 D wpa_supplicant: wlan0: BSS: Start scan result update 28
03-25 00:09:27.000  3627  3627 D wpa_supplicant: wlan0: BSS: Add new id 30 BSSID c0:2e:5f:d7:a9:11 SSID 'Zyxel_A911' freq 2427
03-25 00:09:27.000  3627  3627 D wpa_supplicant: wlan0: BSS: Add new id 31 BSSID c0:c9:e3:0a:05:d7 SSID 'Privado' freq 2442
03-25 00:09:27.000  3256  3465 V AlarmManager: remove(operation) changed bounds; rebatching
03-25 00:09:27.000  3627  3627 D wpa_supplicant: wlan0: BSS: Add new id 32 BSSID 34:53:d2:98:53:d6 SSID 'Personal-dpto5 2.4GHz' freq 2412
03-25 00:09:27.000  3627  3627 D wpa_supplicant: wlan0: BSS: Add new id 33 BSSID 44:65:7f:62:79:9c SSID 'Negroni 2024' freq 2437
03-25 00:09:27.000  3627  3627 D wpa_supplicant: wlan0: BSS: Add new id 34 BSSID 34:60:f9:a8:ca:f8 SSID 'Caracol 3 ' freq 2457
03-25 00:09:27.000  3627  3627 D wpa_supplicant: wlan0: BSS: Add new id 35 BSSID fa:92:bf:14:a0:b5 SSID '' freq 2437
03-25 00:09:27.000  3627  3627 D wpa_supplicant: wlan0: BSS: Remove id 28 BSSID 76:83:c2:2a:21:05 SSID '' due to no match in scan
03-25 00:09:27.000  3627  3627 D wpa_supplicant: wlan0: BSS: Remove id 29 BSSID cc:c2:e0:29:49:90 SSID 'Depto4f' due to no match in scan
03-25 00:09:27.000  3627  3627 D wpa_supplicant: BSS: last_scan_res_used=8/32
03-25 00:09:27.000  3627  3627 D wpa_supplicant: wlan0: New scan results available (own=0 ext=1)
03-25 00:09:27.000  3627  3627 D wpa_supplicant: wlan0: Do not use results from externally requested scan operation for network selection
03-25 00:09:27.001  3627  3627 D wpa_supplicant: p2p-dev-wlan0: Updating scan results from sibling
03-25 00:09:27.001  3256  3465 D AlarmManagerService: set alarm to kernel: 499.124000000, type=2 
03-25 00:09:27.001  3627  3627 D wpa_supplicant: nl80211: Received scan results (8 BSSes)
03-25 00:09:27.001  3627  3627 D wpa_supplicant: p2p-dev-wlan0: BSS: Start scan result update 28
03-25 00:09:27.001  3627  3627 D wpa_supplicant: p2p-dev-wlan0: BSS: Add new id 30 BSSID c0:2e:5f:d7:a9:11 SSID 'Zyxel_A911' freq 2427
03-25 00:09:27.001  3627  3627 D wpa_supplicant: p2p-dev-wlan0: BSS: Add new id 31 BSSID c0:c9:e3:0a:05:d7 SSID 'Privado' freq 2442
03-25 00:09:27.001  3627  3627 D wpa_supplicant: p2p-dev-wlan0: BSS: Add new id 32 BSSID 34:53:d2:98:53:d6 SSID 'Personal-dpto5 2.4GHz' freq 2412
03-25 00:09:27.001  3627  3627 D wpa_supplicant: p2p-dev-wlan0: BSS: Add new id 33 BSSID 44:65:7f:62:79:9c SSID 'Negroni 2024' freq 2437
03-25 00:09:27.001  3627  3627 D wpa_supplicant: p2p-dev-wlan0: BSS: Add new id 34 BSSID 34:60:f9:a8:ca:f8 SSID 'Caracol 3 ' freq 2457
03-25 00:09:27.001  3627  3627 D wpa_supplicant: p2p-dev-wlan0: BSS: Add new id 35 BSSID fa:92:bf:14:a0:b5 SSID '' freq 2437
03-25 00:09:27.002  3627  3627 D wpa_supplicant: p2p-dev-wlan0: BSS: Remove id 28 BSSID 76:83:c2:2a:21:05 SSID '' due to no match in scan
03-25 00:09:27.002  3627  3627 D wpa_supplicant: p2p-dev-wlan0: BSS: Remove id 29 BSSID cc:c2:e0:29:49:90 SSID 'Depto4f' due to no match in scan
03-25 00:09:27.002  3627  3627 D wpa_supplicant: BSS: last_scan_res_used=8/32
03-25 00:09:27.002  3627  3627 D wpa_supplicant: p2p-dev-wlan0: New scan results available (own=0 ext=1)
03-25 00:09:27.002  3627  3627 D wpa_supplicant: p2p-dev-wlan0: Do not use results from externally requested scan operation for network selection
03-25 00:09:27.008  3366  3377 D RIL     : rxlev[0]=99, rscp[0]=255, rsrp[0]=99
03-25 00:09:27.008  3366  3377 D RILC    : currentSignalStrengthInd
03-25 00:09:27.008  3366  3377 I RILC    : RIL_SOCKET_1 UNSOLICITED: UNSOL_SIGNAL_STRENGTH length:56
03-25 00:09:27.012  3495  4873 D SubscriptionController: [getDefaultDataSubId] subId= 2
03-25 00:09:27.013  3256  5886 I WifiService: getConnectionInfo uid=10082
03-25 00:09:27.013  3256  3459 D PasspointManager: Match not found for Zyxel_A911
03-25 00:09:27.025  3985  8822 I FrewleTileCacheManagerV: (REDACTED) Fetched %d AP models from cache
03-25 00:09:27.041  3256  3815 I am_create_service: [0,68316583,.PersistentIntentOperationService,10014,3985]
03-25 00:09:27.050  3256  3566 V AlarmManager: set(PendingIntent{f6bc254: PendingIntentRecord{70f85fd com.google.android.gms startService}}) : type=3 triggerAtTime=315360488563 win=236519999999 tElapsed=315360488563 maxElapsed=551880488562 interval=0 flags=0x0
03-25 00:09:27.058  6871  6871 D LocationService: 2026-03-25T03:09:27.057Z: getCurrentLocation#27: Location[fused -37.118326,-56.856491 hAcc=16 et=+8m7s947ms alt=24.80000114440918 vel=0.06172632 vAcc=1 sAcc=2 bAcc=??? {Bundle[mParcelledData.dataSize=776]}]
03-25 00:09:27.060  3256  8568 D BroadcastQueue: Add broadcast <BroadcastRecord{b1d52f2 u0 android.location.HIGH_POWER_REQUEST_CHANGE}> into [parallel | background], pending size 0
03-25 00:09:27.061  3256  3328 D BroadcastQueue: Done with parallel broadcast [background] [BroadcastRecord{b1d52f2 u0 android.location.HIGH_POWER_REQUEST_CHANGE}]
03-25 00:09:27.061  3013  3727 E LIBGPS  : send agps cmd to server
03-25 00:09:27.061  6871  6871 D LocationService: 2026-03-25T03:09:27.060Z: Window#27 threshold met (goodCount=2, mode=GPS), finishing in 1500ms
03-25 00:09:27.063  3013  3727 E LIBGPS  : begin save flash data,subtype is 31,lenth is 88
03-25 00:09:27.068  3256  5886 V AlarmManager: set(PendingIntent{d29ac3e: PendingIntentRecord{32d6a9f com.google.android.gms broadcastIntent}}) : type=2 triggerAtTime=493355 win=0 tElapsed=493582 maxElapsed=493582 interval=0 flags=0x5
03-25 00:09:27.068  3256  5886 D AlarmManagerService: set alarm to kernel: 493.582000000, type=2 
03-25 00:09:27.071  3985  4869 I ActivityScheduler: nextTriggerTime: 499124, in 10539ms, detectorType: 39, FULL_TYPE alarmWindowMillis: 10000
03-25 00:09:27.077  3256  3560 V AlarmManager: remove(operation) changed bounds; rebatching
03-25 00:09:27.077  3256  3560 D AlarmManagerService: set alarm to kernel: 493.355000000, type=2 
03-25 00:09:27.079  3256  3758 D PowerController.RecogA: handleMessage(MSG_REPORT_EVENT)
03-25 00:09:27.080  3256  3560 I GnssLocationProvider: WakeLock acquired by sendMessage(SET_REQUEST, 0, com.android.server.location.GnssLocationProvider$GpsRequest@a3e77b5)
03-25 00:09:27.080  3256  3327 I GnssLocationProvider: WakeLock released by handleMessage(SET_REQUEST, 0, com.android.server.location.GnssLocationProvider$GpsRequest@a3e77b5)
03-25 00:09:27.081  3256  3560 I GnssLocationProvider: WakeLock acquired by sendMessage(SET_REQUEST, 0, com.android.server.location.GnssLocationProvider$GpsRequest@104e4a)
03-25 00:09:27.081  3256  3327 I GnssLocationProvider: WakeLock released by handleMessage(SET_REQUEST, 0, com.android.server.location.GnssLocationProvider$GpsRequest@104e4a)
03-25 00:09:27.080  3256  3758 D PowerController.RecogA: handleMessage(MSG_REPORT_EVENT)
03-25 00:09:27.094  3256  3566 V AlarmManager: remove(operation) changed bounds; rebatching
03-25 00:09:27.094  3256  3566 D AlarmManagerService: set alarm to kernel: 499.124000000, type=2 
03-25 00:09:27.097  3985  4869 I force_gc: Binder
03-25 00:09:27.100  3256  3566 V AlarmManager: set(PendingIntent{d0516: PendingIntentRecord{21c0e97 com.google.android.gms broadcastIntent}}) : type=2 triggerAtTime=503355 win=0 tElapsed=503355 maxElapsed=503355 interval=0 flags=0x5
03-25 00:09:27.101  3985  4869 I ActivityScheduler: nextTriggerTime: 499124, in 10509ms, detectorType: 39, FULL_TYPE alarmWindowMillis: 10000
03-25 00:09:27.269  3985  3996 I zygote64: Background concurrent copying GC freed 124474(5MB) AllocSpace objects, 20(592KB) LOS objects, 49% free, 12MB/24MB, paused 91us total 172.236ms
03-25 00:09:27.841  3256  3463 D WifiNetworkMonitor: EVENT_WIFI_RSSI_CHANGED
03-25 00:09:27.841  3256  3463 E WifiNetworkMonitor: Not any Obervers!!!
03-25 00:09:28.005  3926  3972 I CPVoiceAgent: select: retrun 0
03-25 00:09:27.013  3495  4873 I chatty  : uid=1001(radio) Binder:3495_C identical 1 line
03-25 00:09:27.023  3495  4873 D SubscriptionController: [getDefaultDataSubId] subId= 2
03-25 00:09:28.009  3366  3377 D RIL     : rxlev[0]=99, rscp[0]=255, rsrp[0]=98
03-25 00:09:28.009  3366  3377 D RILC    : currentSignalStrengthInd
03-25 00:09:28.009  3366  3377 I RILC    : RIL_SOCKET_1 UNSOLICITED: UNSOL_SIGNAL_STRENGTH length:56
03-25 00:09:28.012  3495  4873 D SubscriptionController: [getDefaultDataSubId] subId= 2
03-25 00:09:28.013  3256  5886 I WifiService: getConnectionInfo uid=10082
03-25 00:09:28.033  6871  6871 D ConnectivityObserver: 2026-03-25T03:09:28.033Z: [id=1] State changed after 22ms: WiFi=true/3, Online=true, Cell=4G/4, SIM=PRESENT | changes=cellLevel:3->4
03-25 00:09:28.072  3013  3727 E LIBGPS  : send agps cmd to server
03-25 00:09:28.073  3013  3727 E LIBGPS  : begin save flash data,subtype is 31,lenth is 88
03-25 00:09:28.416  3256  3756 D PowerController.AppState: - reportAppProcStateInfo() E -
03-25 00:09:28.416  3256  3756 D PowerController.AppState: - reportAppProcStateInfo() E -
03-25 00:09:28.416  3256  3758 D PowerController.RecogA: handleMessage(MSG_REPORT_EVENT)
03-25 00:09:28.564  6871  6871 D LocationService: 2026-03-25T03:09:28.563Z: Window#27 finish signal received or interval reached
03-25 00:09:28.565  6871  6871 D LocationService: 2026-03-25T03:09:28.565Z: Window#27 early processing starting
03-25 00:09:28.567  6871  6871 D LocationService: 2026-03-25T03:09:28.567Z: Early finish triggered for window#27, removed updates, callbackId=117987388
03-25 00:09:28.570  6871  6871 D LocationService: 2026-03-25T03:09:28.570Z: Window#27 early summary: count=1, bestAcc=16.436, locations=[age=2s, acc=16.436]
03-25 00:09:28.572  6871  7015 D LocationService: 2026-03-25T03:09:28.571Z: Saving Location: lat=-37.1183258, lon=-56.856491, acc=16.436, battery=100%, charging=false, mode=HIGH_ACCURACY
03-25 00:09:28.417  3256  3758 D PowerController.RecogA: handleMessage(MSG_REPORT_EVENT)
03-25 00:09:28.573  3256  3815 D BroadcastQueue: Add broadcast <BroadcastRecord{22e6884 u0 android.location.HIGH_POWER_REQUEST_CHANGE}> into [parallel | background], pending size 0
03-25 00:09:28.573  3256  3328 D BroadcastQueue: Done with parallel broadcast [background] [BroadcastRecord{22e6884 u0 android.location.HIGH_POWER_REQUEST_CHANGE}]
03-25 00:09:28.574  6871  6871 D LocationService: 2026-03-25T03:09:28.574Z: Window#27 already processed early, skipping final processing
03-25 00:09:28.578  3256  3815 I GnssLocationProvider: WakeLock acquired by sendMessage(SET_REQUEST, 0, com.android.server.location.GnssLocationProvider$GpsRequest@bb2e86d)
03-25 00:09:28.578  3256  3758 D PowerController.RecogA: handleMessage(MSG_REPORT_EVENT)
03-25 00:09:28.578  3256  3327 I GnssLocationProvider: WakeLock released by handleMessage(SET_REQUEST, 0, com.android.server.location.GnssLocationProvider$GpsRequest@bb2e86d)
03-25 00:09:28.581  6871  6871 D LocationService: 2026-03-25T03:09:28.580Z: getLocationInterval: source=Unplugged, plugged=false, interval=15s
03-25 00:09:28.581  6871  6871 D LocationService: 2026-03-25T03:09:28.581Z: Window#27 will schedule next interval=15000ms
03-25 00:09:28.582  6871  7015 D LocationService: 2026-03-25T03:09:28.582Z: Location saved to repository (uuid=e792de82-91af-48a7-af61-13ae094b106a)
03-25 00:09:28.582  6871  6871 D LocationService: 2026-03-25T03:09:28.582Z: Updates already removed early for window#27, skipping removal
03-25 00:09:28.584  6871  6871 D LocationService: 2026-03-25T03:09:28.584Z: Scheduling next window via AlarmManager, cycle interval=15000ms, remaining wait=12775ms
03-25 00:09:28.588  6871  6871 D LocationService: 2026-03-25T03:09:28.587Z: scheduleNextAlarm: using inexact alarm in 12775ms for Unplugged
03-25 00:09:28.588  3256  8568 V AlarmManager: set(PendingIntent{f4c5ca2: PendingIntentRecord{6e9bb7f com.urbetrack.sweeptracker startService}}) : type=0 triggerAtTime=1774408181362 win=9580 tElapsed=502876 maxElapsed=512456 interval=0 flags=0x8
03-25 00:09:28.590  3256  8568 D AlarmManagerService: set alarm to kernel: 502.876000000, type=2 
03-25 00:09:28.591  6871  6871 D LocationService: 2026-03-25T03:09:28.591Z: Released WakeLock for window#27
03-25 00:09:28.598  3256  5886 V AlarmManager: remove(operation) changed bounds; rebatching
03-25 00:09:28.600  3985  4869 I ActivityScheduler: nextTriggerTime: 9223372036854775806, in 9223372036854285692ms, detectorType: 32, SLEEP alarmWindowMillis: 3074457345618258602
03-25 00:09:28.600  3256  5886 W AlarmManager: Window length 3074457345618258602ms suspiciously long; limiting to 1 hour
03-25 00:09:28.600  3256  5886 V AlarmManager: set(PendingIntent{f08fd33: PendingIntentRecord{60dbe51 com.google.android.gms broadcastIntent}}) : type=2 triggerAtTime=9223372036854775806 win=3600000 tElapsed=9223372036854775806 maxElapsed=-9223372036851175810 interval=0 flags=0x0
03-25 00:09:28.600  3256  5886 V AlarmManager: remove(operation) changed bounds; rebatching
03-25 00:09:28.601  3256  5886 D AlarmManagerService: set alarm to kernel: 502.877000000, type=2 
03-25 00:09:28.015  3495  4873 I chatty  : uid=1001(radio) Binder:3495_C identical 1 line
03-25 00:09:28.023  3495  4873 D SubscriptionController: [getDefaultDataSubId] subId= 2
03-25 00:09:29.009  3366  3377 D RIL     : rxlev[0]=99, rscp[0]=255, rsrp[0]=98
03-25 00:09:29.009  3366  3377 D RILC    : currentSignalStrengthInd
03-25 00:09:29.009  3366  3377 I RILC    : RIL_SOCKET_1 UNSOLICITED: UNSOL_SIGNAL_STRENGTH length:56
03-25 00:09:29.013  3495  4873 D SubscriptionController: [getDefaultDataSubId] subId= 2
03-25 00:09:29.014  3256  5886 I WifiService: getConnectionInfo uid=10082
03-25 00:09:29.015  3529  3753 I sysui_multi_action: [757,1093,758,4,793,6181,1094,604504577,1095,5]
03-25 00:09:29.074  3013  3727 E LIBGPS  : send agps cmd to server
03-25 00:09:29.076  3013  3727 E LIBGPS  : begin save flash data,subtype is 31,lenth is 88
03-25 00:09:29.507  3926  3972 I CPVoiceAgent: select: retrun 0
03-25 00:09:29.508  3985  3985 D BoundBrokerSvc: onUnbind: Intent { act=com.google.android.gms.presencemanager.service.START dat=chimera-action: cmp=com.google.android.gms/.chimera.PersistentApiService }
03-25 00:09:29.510  2929  2929 D memtrack_sprd: sprd_get_memory, pid:8661, type:1, allocated_records:0, num records:2
03-25 00:09:29.510  2929  2929 D memtrack_sprd: sprd_get_memory, pid:8661, type:1, allocated_records:2, num records:2
03-25 00:09:29.511  2929  2929 D memtrack_sprd: sprd_get_memory, pid:8661, type:2, allocated_records:0, num records:2
03-25 00:09:29.511  2929  2929 D memtrack_sprd: sprd_get_memory, pid:8661, type:2, allocated_records:2, num records:2
03-25 00:09:29.513  3985  3985 D BoundBrokerSvc: onUnbind: Intent { act=com.google.android.gms.presencemanager.service.INTERNAL_IDENTITY dat=chimera-action: cmp=com.google.android.gms/.chimera.PersistentApiService }
03-25 00:09:29.522  3985  3985 D BoundBrokerSvc: onRebind: Intent { act=com.google.android.gms.libs.gmscorelogger.service.START dat=chimera-action: cmp=com.google.android.gms/.chimera.PersistentDirectBootAwareApiService }
03-25 00:09:29.597  3256  3327 I am_pss  : [8661,10084,com.chartcross.gpstest,99420160,53510144,143360]
03-25 00:09:29.014  3495  4873 I chatty  : uid=1001(radio) Binder:3495_C identical 1 line
03-25 00:09:29.023  3495  4873 D SubscriptionController: [getDefaultDataSubId] subId= 2
03-25 00:09:30.010  3366  3377 D RIL     : rxlev[0]=99, rscp[0]=255, rsrp[0]=98
03-25 00:09:30.010  3366  3377 D RILC    : currentSignalStrengthInd
03-25 00:09:30.010  3366  3377 I RILC    : RIL_SOCKET_1 UNSOLICITED: UNSOL_SIGNAL_STRENGTH length:56
03-25 00:09:30.013  3495  4873 D SubscriptionController: [getDefaultDataSubId] subId= 2
03-25 00:09:30.015  3256  3566 I WifiService: getConnectionInfo uid=10082
03-25 00:09:30.071  3013  3727 E LIBGPS  : send agps cmd to server
03-25 00:09:30.072  3013  3727 E LIBGPS  : begin save flash data,subtype is 31,lenth is 88
03-25 00:09:30.736  3026  3172 D WCND    : is_cp2_alive_ok: open polling interface: /proc/mdbg/loopcheck, fd = 13
03-25 00:09:30.837  3026  3172 D WCND    : is_cp2_alive_ok: loop: /proc/mdbg/loopcheck is OK
03-25 00:09:30.851  3256  3463 D WifiNetworkMonitor: EVENT_WIFI_RSSI_CHANGED
03-25 00:09:30.851  3256  3463 E WifiNetworkMonitor: Not any Obervers!!!
03-25 00:09:31.009  3926  3972 I CPVoiceAgent: select: retrun 0
03-25 00:09:30.015  3495  4873 I chatty  : uid=1001(radio) Binder:3495_C identical 1 line
03-25 00:09:30.023  3495  4873 D SubscriptionController: [getDefaultDataSubId] subId= 2
03-25 00:09:31.010  3366  3377 D RIL     : rxlev[0]=99, rscp[0]=255, rsrp[0]=98
03-25 00:09:31.010  3366  3377 D RILC    : currentSignalStrengthInd
03-25 00:09:31.010  3366  3377 I RILC    : RIL_SOCKET_1 UNSOLICITED: UNSOL_SIGNAL_STRENGTH length:56
03-25 00:09:31.014  3495  4873 D SubscriptionController: [getDefaultDataSubId] subId= 2
03-25 00:09:31.015  3256  3566 I WifiService: getConnectionInfo uid=10082
03-25 00:09:31.062  3013  3727 E LIBGPS  : send agps cmd to server
03-25 00:09:31.063  3013  3727 E LIBGPS  : begin save flash data,subtype is 31,lenth is 88
03-25 00:09:31.203  3256  3566 I am_destroy_service: [0,202572622,4304]
03-25 00:09:31.203  4304  4304 D BoundBrokerSvc: onUnbind: Intent { act=com.google.android.gms.measurement.START pkg=com.google.android.gms }
03-25 00:09:31.207  2929  2929 D memtrack_sprd: sprd_get_memory, pid:8738, type:1, allocated_records:0, num records:2
03-25 00:09:31.207  2929  2929 D memtrack_sprd: sprd_get_memory, pid:8738, type:1, allocated_records:2, num records:2
03-25 00:09:31.208  2929  2929 D memtrack_sprd: sprd_get_memory, pid:8738, type:2, allocated_records:0, num records:2
03-25 00:09:31.208  2929  2929 D memtrack_sprd: sprd_get_memory, pid:8738, type:2, allocated_records:2, num records:2
03-25 00:09:31.266  3256  3327 I am_pss  : [8738,99002,com.google.android.webview:sandboxed_process0,53908480,18493440,666624]
03-25 00:09:31.015  3495  4873 I chatty  : uid=1001(radio) Binder:3495_C identical 1 line
03-25 00:09:31.025  3495  4873 D SubscriptionController: [getDefaultDataSubId] subId= 2
03-25 00:09:32.011  3366  3377 D RIL     : rxlev[0]=99, rscp[0]=255, rsrp[0]=97
03-25 00:09:32.011  3366  3377 D RILC    : currentSignalStrengthInd
03-25 00:09:32.011  3366  3377 I RILC    : RIL_SOCKET_1 UNSOLICITED: UNSOL_SIGNAL_STRENGTH length:56
03-25 00:09:32.014  3495  4873 D SubscriptionController: [getDefaultDataSubId] subId= 2
03-25 00:09:32.015  3256  3566 I WifiService: getConnectionInfo uid=10082
03-25 00:09:32.070  3013  3727 E LIBGPS  : send agps cmd to server
03-25 00:09:32.071  3013  3727 E LIBGPS  : begin save flash data,subtype is 31,lenth is 88
03-25 00:09:32.510  3926  3972 I CPVoiceAgent: select: retrun 0
03-25 00:09:32.016  3495  4873 I chatty  : uid=1001(radio) Binder:3495_C identical 1 line
03-25 00:09:32.023  3495  4873 D SubscriptionController: [getDefaultDataSubId] subId= 2
03-25 00:09:33.011  3366  3377 D RIL     : rxlev[0]=99, rscp[0]=255, rsrp[0]=97
03-25 00:09:33.011  3366  3377 D RILC    : currentSignalStrengthInd
03-25 00:09:33.012  3366  3377 I RILC    : RIL_SOCKET_1 UNSOLICITED: UNSOL_SIGNAL_STRENGTH length:56
03-25 00:09:33.014  3495  4873 D SubscriptionController: [getDefaultDataSubId] subId= 2
03-25 00:09:33.016  3256  3566 I WifiService: getConnectionInfo uid=10082
03-25 00:09:33.065  3013  3727 E LIBGPS  : send agps cmd to server
03-25 00:09:33.066  3013  3727 E LIBGPS  : begin save flash data,subtype is 31,lenth is 88
03-25 00:09:33.372  3256  3566 I am_destroy_service: [0,50260693,4304]
03-25 00:09:33.374  3256  8568 V AlarmManager: remove(operation) changed bounds; rebatching
03-25 00:09:33.431  2929  2929 D memtrack_sprd: sprd_get_memory, pid:8661, type:1, allocated_records:0, num records:2
03-25 00:09:33.431  2929  2929 D memtrack_sprd: sprd_get_memory, pid:8661, type:1, allocated_records:2, num records:2
03-25 00:09:33.431  2929  2929 D memtrack_sprd: sprd_get_memory, pid:8661, type:2, allocated_records:0, num records:2
03-25 00:09:33.431  2929  2929 D memtrack_sprd: sprd_get_memory, pid:8661, type:2, allocated_records:2, num records:2
03-25 00:09:33.861  3256  3468 D ConnectivityService: notifyType CALLBACK_CAP_CHANGED for NetworkAgentInfo [WIFI () - 101]
03-25 00:09:33.861  3256  3459 D BroadcastQueue: Add broadcast <BroadcastRecord{437a0ee u-1 android.net.wifi.RSSI_CHANGED}> into [parallel | background], pending size 0
03-25 00:09:33.862  3256  3463 D WifiNetworkMonitor: EVENT_WIFI_RSSI_CHANGED
03-25 00:09:33.862  3256  3328 D BroadcastQueue: Done with parallel broadcast [background] [BroadcastRecord{437a0ee u-1 android.net.wifi.RSSI_CHANGED}]
03-25 00:09:33.862  3256  3463 E WifiNetworkMonitor: Not any Obervers!!!
03-25 00:09:33.863  3256  3480 V JobScheduler.Conn: onCapabilitiesChanged() : [ Transports: WIFI Capabilities: NOT_METERED&INTERNET&NOT_RESTRICTED&TRUSTED&NOT_VPN&VALIDATED&FOREGROUND LinkUpBandwidth>=1048576Kbps LinkDnBandwidth>=1048576Kbps SignalStrength: -67]
03-25 00:09:33.863  3256  3480 D JobStatus: isReady()  jobId=2040  mReschedule=true  enable=false
03-25 00:09:33.863  3256  3480 I JobScheduler.Conn: Connectivity unchanged for JobStatus{fce39dd #u0a79/2040 com.google.android.apps.maps/androidx.work.impl.background.systemjob.SystemJobService u=0 s=10079 TIME=+22h14m10s575ms:none NET=1}: usable=true connected=true validated=true metered=false unmetered=true notRoaming=true
03-25 00:09:33.864  3256  3480 D JobStatus: isReady()  jobId=20537  mReschedule=true  enable=false
03-25 00:09:33.864  3256  3480 I JobScheduler.Conn: Connectivity unchanged for JobStatus{db65d04 #1000/20537 android/com.android.server.backup.KeyValueBackupJob u=0 s=1000 TIME=+3h57m22s999ms:+23h52m5s358ms NET=1 CHARGING}: usable=true connected=true validated=true metered=false unmetered=true notRoaming=true
03-25 00:09:33.864  3256  3480 D JobStatus: isReady()  jobId=226  mReschedule=true  enable=false
03-25 00:09:33.864  3256  3480 I JobScheduler.Conn: Connectivity unchanged for JobStatus{da03e86 #u0a76/226 com.google.android.inputmethod.latin/androidx.work.impl.background.systemjob.SystemJobService u=0 s=10076 TIME=+47m54s173ms:none NET=1 CHARGING IDLE}: usable=true connected=true validated=true metered=false unmetered=true notRoaming=true
03-25 00:09:33.865  3256  3480 D JobStatus: isReady()  jobId=9148  mReschedule=true  enable=false
03-25 00:09:33.865  3256  3480 I JobScheduler.Conn: Connectivity unchanged for JobStatus{983c8dc #u0a32/9148 com.android.vending/com.google.android.finsky.scheduler.process.mainimpl.PhoneskyJobServiceMain u=0 s=10032 TIME=+2h34m43s981ms:+7h51m31s143ms NET=1}: usable=true connected=true validated=true metered=false unmetered=true notRoaming=true
03-25 00:09:33.865  3256  3480 D JobStatus: isReady()  jobId=888  mReschedule=true  enable=false
03-25 00:09:33.865  3256  3480 I JobScheduler.Conn: Connectivity unchanged for JobStatus{85e1b29 #1000/888 com.abupdate.fota_demo_iot/com.abupdate.iot_libs.service.JobSchedulerService u=0 s=1000 TIME=+23h52m19s638ms:+1d23h52m19s638ms NET=1 PERIODIC PERSISTED}: usable=true connected=true validated=true metered=false unmetered=true notRoaming=true
03-25 00:09:33.866  3256  3480 D JobStatus: isReady()  jobId=151530822  mReschedule=true  enable=false
03-25 00:09:33.866  3256  3480 I JobScheduler.Conn: Connectivity unchanged for JobStatus{65d38a5 #u0a32/151530822 com.android.vending/com.google.android.finsky.instantapps.InstantAppHygieneService u=0 s=10032 TIME=+16h35m7s417ms:+1d16h35m7s417ms NET=1 IDLE PERIODIC PERSISTED}: usable=true connected=true validated=true metered=false unmetered=true notRoaming=true
03-25 00:09:33.866  3256  3480 D JobStatus: isReady()  jobId=2000  mReschedule=true  enable=false
03-25 00:09:33.867  3256  3480 I JobScheduler.Conn: Connectivity unchanged for JobStatus{5c6c005 #u0a79/2000 com.google.android.apps.maps/com.google.android.apps.gmm.offline.update.OfflineAutoUpdateJobServiceV2 u=0 s=10079 TIME=+2m23s58ms:none NET=2 CHARGING IDLE PERSISTED}: usable=true connected=true validated=true metered=false unmetered=true notRoaming=true
03-25 00:09:33.868  3256  3480 D JobStatus: isReady()  jobId=1  mReschedule=true  enable=false
03-25 00:09:33.869  3256  3480 I JobScheduler.Conn: Connectivity unchanged for JobStatus{4e01716 #u0a14/1 GmsBackupSchedulerChimeraService:com.google.android.gms u=0 s=10014 TIME=+23h52m27s542ms:none NET=2 CHARGING IDLE}: usable=true connected=true validated=true metered=false unmetered=true notRoaming=true
03-25 00:09:33.869  3256  3480 D JobStatus: isReady()  jobId=31  mReschedule=true  enable=false
03-25 00:09:33.869  3256  3480 I JobScheduler.Conn: Connectivity unchanged for JobStatus{33d4ba1 #u0a72/31 com.google.android.tts/androidx.work.impl.background.systemjob.SystemJobService u=0 s=10072 TIME=-7m32s157ms:none NET=2 CHARGING IDLE}: usable=true connected=true validated=true metered=false unmetered=true notRoaming=true
03-25 00:09:33.870  3256  3480 D JobStatus: isReady()  jobId=201  mReschedule=true  enable=false
03-25 00:09:33.870  3256  3480 I JobScheduler.Conn: Connectivity unchanged for JobStatus{2dd41f8 #u0a2/201 com.android.dialer/com.android.voicemail.impl.StatusCheckJobService u=0 s=10002 TIME=+23h52m17s303ms:+1d23h52m17s303ms NET=1 CHARGING PERIODIC}: usable=true connected=true validated=true metered=false unmetered=true notRoaming=true
03-25 00:09:33.870  3256  3480 D JobStatus: isReady()  jobId=35  mReschedule=true  enable=false
03-25 00:09:33.870  3256  3480 I JobScheduler.Conn: Connectivity unchanged for JobStatus{281dcb4 #u0a72/35 com.google.android.tts/androidx.work.impl.background.systemjob.SystemJobService u=0 s=10072 TIME=+47m54s348ms:none NET=1 CHARGING IDLE}: usable=true connected=true validated=true metered=false unmetered=true notRoaming=true
03-25 00:09:33.871  3256  3480 D JobStatus: isReady()  jobId=227  mReschedule=true  enable=false
03-25 00:09:33.871  3256  3480 I JobScheduler.Conn: Connectivity unchanged for JobStatus{1ed6d1 #u0a76/227 com.google.android.inputmethod.latin/androidx.work.impl.background.systemjob.SystemJobService u=0 s=10076 TIME=-7m42s639ms:none NET=2 CHARGING IDLE}: usable=true connected=true validated=true metered=false unmetered=true notRoaming=true
03-25 00:09:33.871  3256  3566 I WifiService: getConnectionInfo uid=10082
03-25 00:09:33.875  3256  3468 D ConnectivityService: updateNetworkScore for NetworkAgentInfo [WIFI () - 101] to 52
03-25 00:09:33.875  3256  3468 D ConnectivityService: rematchNetworkAndRequests: reap = DONT_REAP
03-25 00:09:33.875  3256  3468 D ConnectivityService: rematching NetworkAgentInfo [WIFI () - 101], score is 52
03-25 00:09:33.875  3256  3468 D ConnectivityService:  network has: [ Transports: WIFI Capabilities: NOT_METERED&INTERNET&NOT_RESTRICTED&TRUSTED&NOT_VPN&VALIDATED&FOREGROUND LinkUpBandwidth>=1048576Kbps LinkDnBandwidth>=1048576Kbps SignalStrength: -67]
03-25 00:09:33.875  3256  3468 D ConnectivityService: Network NetworkAgentInfo [WIFI () - 101] was already satisfying request 1. No change.
03-25 00:09:33.875  3256  3468 D ConnectivityService: Network NetworkAgentInfo [WIFI () - 101] was already satisfying request 3. No change.
03-25 00:09:33.875  3256  3468 D ConnectivityService: Network NetworkAgentInfo [WIFI () - 101] was already satisfying request 38. No change.
03-25 00:09:33.875  3256  3468 D ConnectivityService: Network NetworkAgentInfo [WIFI () - 101] was already satisfying request 26. No change.
03-25 00:09:33.876  3256  3468 D ConnectivityService: Network NetworkAgentInfo [WIFI () - 101] was already satisfying request 20. No change.
03-25 00:09:33.876  3256  3468 D ConnectivityService: Network NetworkAgentInfo [WIFI () - 101] was already satisfying request 22. No change.
03-25 00:09:33.876  3256  3468 D ConnectivityService: Network NetworkAgentInfo [WIFI () - 101] was already satisfying request 10. No change.
03-25 00:09:33.876  3256  3468 D ConnectivityService: Network NetworkAgentInfo [WIFI () - 101] was already satisfying request 33. No change.
03-25 00:09:33.876  3256  3468 D ConnectivityService: Network NetworkAgentInfo [WIFI () - 101] was already satisfying request 6. No change.
03-25 00:09:33.876  3256  3468 D ConnectivityService:   checking if request is satisfied: NetworkRequest [ BACKGROUND_REQUEST id=2, [ Transports: CELLULAR Capabilities: INTERNET&NOT_RESTRICTED&TRUSTED&NOT_VPN] ], satisfies = false
03-25 00:09:33.876  3256  3468 D ConnectivityService: Network NetworkAgentInfo [WIFI () - 101] was already satisfying request 19. No change.
03-25 00:09:33.876  3256  3468 D ConnectivityService: Network NetworkAgentInfo [WIFI () - 101] was already satisfying request 39. No change.
03-25 00:09:33.876  3256  3468 D ConnectivityService: isNewDefault = false
03-25 00:09:33.876  3256  3468 D ConnectivityService: keep = true
03-25 00:09:33.876  3256  3468 D ConnectivityService: rematchNetworkAndRequests: reap = REAP
