03-25 00:10:30.045  3366  3377 D RIL     : rxlev[0]=99, rscp[0]=255, rsrp[0]=100
03-25 00:10:30.045  3366  3377 D RILC    : currentSignalStrengthInd
03-25 00:10:30.045  3366  3377 I RILC    : RIL_SOCKET_1 UNSOLICITED: UNSOL_SIGNAL_STRENGTH length:56
03-25 00:10:30.048  3495  3507 D SubscriptionController: [getDefaultDataSubId] subId= 2
03-25 00:10:30.006  3013  3727 I chatty  : uid=1000(system) libgps identical 2 lines
03-25 00:10:30.006  3013  3727 E LIBGPS  : send agps cmd to server
03-25 00:10:30.050  3256  3566 I WifiService: getConnectionInfo uid=10082
03-25 00:10:30.073  3013  3727 E LIBGPS  : send agps cmd to server
03-25 00:10:30.074  3013  3727 E LIBGPS  : send agps cmd to server
03-25 00:10:30.074  3013  3727 E LIBGPS  : begin save flash data,subtype is 31,lenth is 88
03-25 00:10:30.076  3013  3727 E LIBGPS  : ===>>>>set para type
03-25 00:10:30.504  3627  3627 D wpa_supplicant: nl80211: Ignored event (cmd=34) for foreign interface (ifindex 14 wdev 0x0)
03-25 00:10:30.505  3627  3627 D wpa_supplicant: nl80211: Drv Event 34 (NL80211_CMD_NEW_SCAN_RESULTS) received for wlan0
03-25 00:10:30.505  3627  3627 D wpa_supplicant: wlan0: nl80211: New scan results available
03-25 00:10:30.505  3627  3627 D wpa_supplicant: nl80211: Scan probed for SSID ''
03-25 00:10:30.505  3627  3627 D wpa_supplicant: nl80211: Scan included frequencies: 2412 2417 2422 2427 2432 2437 2442 2447 2452 2457 2462 2467 2472
03-25 00:10:30.505  3627  3627 D wpa_supplicant: wlan0: Event SCAN_RESULTS (3) received
03-25 00:10:30.505  3256  3566 D WificondControl: Scan result ready event
03-25 00:10:30.505  3627  3627 D wpa_supplicant: nl80211: Received scan results (2 BSSes)
03-25 00:10:30.505  3627  3627 D wpa_supplicant: nl80211: Scan results indicate BSS status with 14:eb:b6:dd:08:e4 as associated
03-25 00:10:30.505  3627  3627 D wpa_supplicant: wlan0: BSS: Start scan result update 32
03-25 00:10:30.506  3627  3627 D wpa_supplicant: wlan0: BSS: Remove id 32 BSSID 34:53:d2:98:53:d6 SSID 'Personal-dpto5 2.4GHz' due to no match in scan
03-25 00:10:30.506  3627  3627 D wpa_supplicant: wlan0: BSS: Remove id 37 BSSID 64:dd:68:b5:e1:01 SSID 'Zyxel_E101' due to no match in scan
03-25 00:10:30.506  3627  3627 D wpa_supplicant: wlan0: BSS: Remove id 38 BSSID 28:87:ba:30:cd:c2 SSID 'Tobi_EXT' due to no match in scan
03-25 00:10:30.506  3627  3627 D wpa_supplicant: BSS: last_scan_res_used=2/32
03-25 00:10:30.506  3627  3627 D wpa_supplicant: wlan0: New scan results available (own=0 ext=1)
03-25 00:10:30.506  3627  3627 D wpa_supplicant: wlan0: Do not use results from externally requested scan operation for network selection
03-25 00:10:30.506  3627  3627 D wpa_supplicant: p2p-dev-wlan0: Updating scan results from sibling
03-25 00:10:30.506  3627  3627 D wpa_supplicant: nl80211: Received scan results (2 BSSes)
03-25 00:10:30.506  3627  3627 D wpa_supplicant: p2p-dev-wlan0: BSS: Start scan result update 32
03-25 00:10:30.507  3256  3465 V AlarmManager: remove(operation) changed bounds; rebatching
03-25 00:10:30.508  3256  3465 D AlarmManagerService: set alarm to kernel: 581.387000000, type=2 
03-25 00:10:30.508  3627  3627 D wpa_supplicant: p2p-dev-wlan0: BSS: Remove id 32 BSSID 34:53:d2:98:53:d6 SSID 'Personal-dpto5 2.4GHz' due to no match in scan
03-25 00:10:30.508  3627  3627 D wpa_supplicant: p2p-dev-wlan0: BSS: Remove id 37 BSSID 64:dd:68:b5:e1:01 SSID 'Zyxel_E101' due to no match in scan
03-25 00:10:30.509  3627  3627 D wpa_supplicant: p2p-dev-wlan0: BSS: Remove id 38 BSSID 28:87:ba:30:cd:c2 SSID 'Tobi_EXT' due to no match in scan
03-25 00:10:30.509  3627  3627 D wpa_supplicant: BSS: last_scan_res_used=2/32
03-25 00:10:30.509  3627  3627 D wpa_supplicant: p2p-dev-wlan0: New scan results available (own=0 ext=1)
03-25 00:10:30.509  3627  3627 D wpa_supplicant: p2p-dev-wlan0: Do not use results from externally requested scan operation for network selection
03-25 00:10:30.519  3985  8823 I FrewleTileCacheManagerV: (REDACTED) Fetched %d AP models from cache
03-25 00:10:30.531  3256  3566 I am_create_service: [0,259706586,.PersistentIntentOperationService,10014,3985]
03-25 00:10:30.540  3256  8568 V AlarmManager: set(PendingIntent{8ecaf0b: PendingIntentRecord{79e11e8 com.google.android.gms startService}}) : type=3 triggerAtTime=315360552053 win=236519999999 tElapsed=315360552053 maxElapsed=551880552052 interval=0 flags=0x0
03-25 00:10:30.548  6871  6871 D LocationService: 2026-03-25T03:10:30.547Z: getCurrentLocation#31: Location[fused -37.118333,-56.856484 hAcc=26 et=+9m11s726ms alt=24.80000114440918 vel=0.027306668 vAcc=3 sAcc=2 bAcc=??? {Bundle[mParcelledData.dataSize=560]}]
03-25 00:10:30.551  3256  5886 V AlarmManager: set(PendingIntent{e366494: PendingIntentRecord{e461b3d com.google.android.gms broadcastIntent}}) : type=2 triggerAtTime=556751 win=0 tElapsed=557065 maxElapsed=557065 interval=0 flags=0x5
03-25 00:10:30.552  3256  3566 D BroadcastQueue: Add broadcast <BroadcastRecord{e545f32 u0 android.location.HIGH_POWER_REQUEST_CHANGE}> into [parallel | background], pending size 0
03-25 00:10:30.552  3256  3328 D BroadcastQueue: Done with parallel broadcast [background] [BroadcastRecord{e545f32 u0 android.location.HIGH_POWER_REQUEST_CHANGE}]
03-25 00:10:30.553  3256  5886 D AlarmManagerService: set alarm to kernel: 557.065000000, type=2 
03-25 00:10:30.554  3256  3566 V AlarmManager: remove(operation) changed bounds; rebatching
03-25 00:10:30.554  3985  4869 I ActivityScheduler: nextTriggerTime: 716993, in 164925ms, detectorType: 39, FULL_TYPE alarmWindowMillis: 10000
03-25 00:10:30.555  3256  3566 D AlarmManagerService: set alarm to kernel: 556.751000000, type=2 
03-25 00:10:30.559  3256  3758 D PowerController.RecogA: handleMessage(MSG_REPORT_EVENT)
03-25 00:10:30.560  3256  3566 I GnssLocationProvider: WakeLock acquired by sendMessage(SET_REQUEST, 0, com.android.server.location.GnssLocationProvider$GpsRequest@75f3600)
03-25 00:10:30.560  3256  3327 I GnssLocationProvider: WakeLock released by handleMessage(SET_REQUEST, 0, com.android.server.location.GnssLocationProvider$GpsRequest@75f3600)
03-25 00:10:30.561  3256  3566 I GnssLocationProvider: WakeLock acquired by sendMessage(SET_REQUEST, 0, com.android.server.location.GnssLocationProvider$GpsRequest@9fe2e39)
03-25 00:10:30.561  3256  3327 I GnssLocationProvider: WakeLock released by handleMessage(SET_REQUEST, 0, com.android.server.location.GnssLocationProvider$GpsRequest@9fe2e39)
03-25 00:10:30.561  3256  3758 D PowerController.RecogA: handleMessage(MSG_REPORT_EVENT)
03-25 00:10:30.573  3256  5886 V AlarmManager: remove(operation) changed bounds; rebatching
03-25 00:10:30.573  3256  5886 D AlarmManagerService: set alarm to kernel: 617.833000000, type=2 
03-25 00:10:30.577  3256  5886 V AlarmManager: set(PendingIntent{c8a74f5: PendingIntentRecord{114a28a com.google.android.gms broadcastIntent}}) : type=2 triggerAtTime=566751 win=0 tElapsed=566751 maxElapsed=566751 interval=0 flags=0x5
03-25 00:10:30.578  3256  5886 D AlarmManagerService: set alarm to kernel: 566.751000000, type=2 
03-25 00:10:30.579  3985  4869 I ActivityScheduler: nextTriggerTime: 567751, in 15658ms, detectorType: 39, FULL_TYPE alarmWindowMillis: 10000
03-25 00:10:30.579  3256  5886 V AlarmManager: set(PendingIntent{b70fb: PendingIntentRecord{60dbe51 com.google.android.gms broadcastIntent}}) : type=2 triggerAtTime=567751 win=10000 tElapsed=567751 maxElapsed=577751 interval=0 flags=0x0
03-25 00:10:30.580  3256  5886 V AlarmManager: remove(operation) changed bounds; rebatching
03-25 00:10:30.646  2954  3116 D ENGPC   : parse_event: event { 'change', '/devices/virtual/xt_idletimer/timers', 'xt_idletimer', '' }
03-25 00:10:30.648  3256  3340 I WifiService: requestActivityInfo uid=1000
03-25 00:10:30.648  3256  3340 I WifiService: reportActivityInfo uid=1000
03-25 00:10:30.648  3256  3340 I WifiService: getSupportedFeatures uid=1000
03-25 00:10:31.017  3256  3463 D WifiNetworkMonitor: EVENT_WIFI_RSSI_CHANGED
03-25 00:10:31.017  3256  3463 E WifiNetworkMonitor: Not any Obervers!!!
03-25 00:10:30.050  3495  3507 I chatty  : uid=1001(radio) Binder:3495_1 identical 1 line
03-25 00:10:30.058  3495  3507 D SubscriptionController: [getDefaultDataSubId] subId= 2
03-25 00:10:31.045  3366  3377 D RIL     : rxlev[0]=99, rscp[0]=255, rsrp[0]=100
03-25 00:10:31.046  3366  3377 D RILC    : currentSignalStrengthInd
03-25 00:10:31.046  3366  3377 I RILC    : RIL_SOCKET_1 UNSOLICITED: UNSOL_SIGNAL_STRENGTH length:56
03-25 00:10:31.048  3495  3507 D SubscriptionController: [getDefaultDataSubId] subId= 2
03-25 00:10:31.049  3256  5886 I WifiService: getConnectionInfo uid=10082
03-25 00:10:31.071  3013  3727 E LIBGPS  : send agps cmd to server
03-25 00:10:31.072  3013  3727 E LIBGPS  : send agps cmd to server
03-25 00:10:31.075  3013  3727 E LIBGPS  : begin save flash data,subtype is 31,lenth is 88
03-25 00:10:31.075  3013  3727 E LIBGPS  : ===>>>>set para type
03-25 00:10:31.076  3926  3972 I CPVoiceAgent: select: retrun 0
03-25 00:10:31.298  2954  3116 D ENGPC   : parse_event: event { 'change', '/devices/virtual/xt_idletimer/timers', 'xt_idletimer', '' }
03-25 00:10:31.300  3256  3340 I WifiService: requestActivityInfo uid=1000
03-25 00:10:31.300  3256  3340 I WifiService: reportActivityInfo uid=1000
03-25 00:10:31.300  3256  3340 I WifiService: getSupportedFeatures uid=1000
03-25 00:10:32.004  3026  3172 D WCND    : is_cp2_alive_ok: open polling interface: /proc/mdbg/loopcheck, fd = 13
03-25 00:10:31.050  3495  3507 I chatty  : uid=1001(radio) Binder:3495_1 identical 1 line
03-25 00:10:31.058  3495  3507 D SubscriptionController: [getDefaultDataSubId] subId= 2
03-25 00:10:32.046  3366  3377 D RIL     : rxlev[0]=99, rscp[0]=255, rsrp[0]=100
03-25 00:10:32.046  3366  3377 D RILC    : currentSignalStrengthInd
03-25 00:10:32.046  3366  3377 I RILC    : RIL_SOCKET_1 UNSOLICITED: UNSOL_SIGNAL_STRENGTH length:56
03-25 00:10:32.049  3495  3507 D SubscriptionController: [getDefaultDataSubId] subId= 2
03-25 00:10:32.050  3256  5886 I WifiService: getConnectionInfo uid=10082
03-25 00:10:32.070  3013  3727 E LIBGPS  : send agps cmd to server
03-25 00:10:32.071  3013  3727 E LIBGPS  : send agps cmd to server
03-25 00:10:32.071  3013  3727 E LIBGPS  : begin save flash data,subtype is 31,lenth is 88
03-25 00:10:32.074  3013  3727 E LIBGPS  : ===>>>>set para type
03-25 00:10:32.105  3026  3172 D WCND    : is_cp2_alive_ok: loop: /proc/mdbg/loopcheck is OK
03-25 00:10:32.577  3926  3972 I CPVoiceAgent: select: retrun 0
03-25 00:10:32.948  3529  3753 I sysui_multi_action: [757,1093,758,4,793,15013,1094,604504577,1095,5]
03-25 00:10:32.051  3495  3507 I chatty  : uid=1001(radio) Binder:3495_1 identical 1 line
03-25 00:10:32.058  3495  3507 D SubscriptionController: [getDefaultDataSubId] subId= 2
03-25 00:10:33.046  3366  3377 D RIL     : rxlev[0]=99, rscp[0]=255, rsrp[0]=100
03-25 00:10:33.047  3366  3377 D RILC    : currentSignalStrengthInd
03-25 00:10:33.047  3366  3377 I RILC    : RIL_SOCKET_1 UNSOLICITED: UNSOL_SIGNAL_STRENGTH length:56
03-25 00:10:33.050  3495  3507 D SubscriptionController: [getDefaultDataSubId] subId= 2
03-25 00:10:33.051  3256  3560 I WifiService: getConnectionInfo uid=10082
03-25 00:10:33.071  3013  3727 E LIBGPS  : send agps cmd to server
03-25 00:10:33.072  3013  3727 E LIBGPS  : send agps cmd to server
03-25 00:10:33.073  3013  3727 E LIBGPS  : begin save flash data,subtype is 31,lenth is 88
03-25 00:10:33.074  3013  3727 E LIBGPS  : ===>>>>set para type
03-25 00:10:33.955  3529  3753 I sysui_multi_action: [757,1093,758,4,793,1007,1094,604504577,1095,5]
03-25 00:10:34.024  3256  3463 D WifiNetworkMonitor: EVENT_WIFI_RSSI_CHANGED
03-25 00:10:34.024  3256  3463 E WifiNetworkMonitor: Not any Obervers!!!
03-25 00:10:34.025  3256  3468 D ConnectivityService: updateNetworkScore for NetworkAgentInfo [WIFI () - 101] to 52
03-25 00:10:34.026  3256  3468 D ConnectivityService: rematchNetworkAndRequests: reap = DONT_REAP
03-25 00:10:34.026  3256  3468 D ConnectivityService: rematching NetworkAgentInfo [WIFI () - 101], score is 52
03-25 00:10:34.026  3256  3468 D ConnectivityService:  network has: [ Transports: WIFI Capabilities: NOT_METERED&INTERNET&NOT_RESTRICTED&TRUSTED&NOT_VPN&VALIDATED&FOREGROUND LinkUpBandwidth>=1048576Kbps LinkDnBandwidth>=1048576Kbps SignalStrength: -65]
03-25 00:10:34.026  3256  3468 D ConnectivityService: Network NetworkAgentInfo [WIFI () - 101] was already satisfying request 1. No change.
03-25 00:10:34.026  3256  3468 D ConnectivityService: Network NetworkAgentInfo [WIFI () - 101] was already satisfying request 3. No change.
03-25 00:10:34.026  3256  3468 D ConnectivityService: Network NetworkAgentInfo [WIFI () - 101] was already satisfying request 38. No change.
03-25 00:10:34.026  3256  3468 D ConnectivityService: Network NetworkAgentInfo [WIFI () - 101] was already satisfying request 26. No change.
03-25 00:10:34.026  3256  3468 D ConnectivityService: Network NetworkAgentInfo [WIFI () - 101] was already satisfying request 20. No change.
03-25 00:10:34.026  3256  3468 D ConnectivityService: Network NetworkAgentInfo [WIFI () - 101] was already satisfying request 22. No change.
03-25 00:10:34.026  3256  3468 D ConnectivityService: Network NetworkAgentInfo [WIFI () - 101] was already satisfying request 10. No change.
03-25 00:10:34.026  3256  3468 D ConnectivityService: Network NetworkAgentInfo [WIFI () - 101] was already satisfying request 33. No change.
03-25 00:10:34.027  3256  3468 D ConnectivityService: Network NetworkAgentInfo [WIFI () - 101] was already satisfying request 6. No change.
03-25 00:10:34.027  3256  3468 D ConnectivityService:   checking if request is satisfied: NetworkRequest [ BACKGROUND_REQUEST id=2, [ Transports: CELLULAR Capabilities: INTERNET&NOT_RESTRICTED&TRUSTED&NOT_VPN] ], satisfies = false
03-25 00:10:34.027  3256  3468 D ConnectivityService: Network NetworkAgentInfo [WIFI () - 101] was already satisfying request 19. No change.
03-25 00:10:34.027  3256  3468 D ConnectivityService: Network NetworkAgentInfo [WIFI () - 101] was already satisfying request 39. No change.
03-25 00:10:34.027  3256  3468 D ConnectivityService: isNewDefault = false
03-25 00:10:34.027  3256  3468 D ConnectivityService: keep = true
03-25 00:10:34.027  3256  3468 D ConnectivityService: rematchNetworkAndRequests: reap = REAP
03-25 00:10:34.027  3256  3468 D ConnectivityService: rematching NetworkAgentInfo [MOBILE (LTE) - 100], score is 50
03-25 00:10:34.027  3256  3468 D ConnectivityService:  network has: [ Transports: CELLULAR Capabilities: SUPL&XCAP&INTERNET&NOT_RESTRICTED&TRUSTED&NOT_VPN&VALIDATED LinkUpBandwidth>=51200Kbps LinkDnBandwidth>=102400Kbps Specifier: <2>]
03-25 00:10:34.027  3256  3468 D ConnectivityService:   checking if request is satisfied: NetworkRequest [ REQUEST id=1, [ Capabilities: INTERNET&NOT_RESTRICTED&TRUSTED&NOT_VPN] ], satisfies = true
03-25 00:10:34.028  3256  3468 D ConnectivityService: currentScore = 52, newScore = 50
03-25 00:10:34.028  3256  3468 D ConnectivityService:   checking if request is satisfied: NetworkRequest [ TRACK_DEFAULT id=3, [ Capabilities: INTERNET&NOT_RESTRICTED&TRUSTED&NOT_VPN] ], satisfies = true
03-25 00:10:34.028  3256  3468 D ConnectivityService: currentScore = 52, newScore = 50
03-25 00:10:34.028  3256  3468 D ConnectivityService:   checking if request is satisfied: NetworkRequest [ TRACK_DEFAULT id=38, [ Capabilities: INTERNET&NOT_RESTRICTED&TRUSTED&NOT_VPN] ], satisfies = true
03-25 00:10:34.028  3256  3468 D ConnectivityService: currentScore = 52, newScore = 50
03-25 00:10:34.028  3256  3468 D ConnectivityService:   checking if request is satisfied: NetworkRequest [ TRACK_DEFAULT id=26, [ Capabilities: INTERNET&NOT_RESTRICTED&TRUSTED&NOT_VPN] ], satisfies = true
03-25 00:10:34.028  3256  3468 D ConnectivityService: currentScore = 52, newScore = 50
03-25 00:10:34.028  3256  3468 D ConnectivityService:   checking if request is satisfied: NetworkRequest [ TRACK_DEFAULT id=20, [ Capabilities: INTERNET&NOT_RESTRICTED&TRUSTED&NOT_VPN] ], satisfies = true
03-25 00:10:34.028  3256  3468 D ConnectivityService: currentScore = 52, newScore = 50
03-25 00:10:34.028  3256  3468 D ConnectivityService:   checking if request is satisfied: NetworkRequest [ TRACK_DEFAULT id=22, [ Capabilities: INTERNET&NOT_RESTRICTED&TRUSTED&NOT_VPN] ], satisfies = true
03-25 00:10:34.028  3256  3468 D ConnectivityService: currentScore = 52, newScore = 50
03-25 00:10:34.029  3256  3468 D ConnectivityService:   checking if request is satisfied: NetworkRequest [ TRACK_DEFAULT id=10, [ Capabilities: INTERNET&NOT_RESTRICTED&TRUSTED&NOT_VPN] ], satisfies = true
03-25 00:10:34.029  3256  3468 D ConnectivityService: currentScore = 52, newScore = 50
03-25 00:10:34.029  3256  3468 D ConnectivityService:   checking if request is satisfied: NetworkRequest [ TRACK_DEFAULT id=33, [ Capabilities: INTERNET&NOT_RESTRICTED&TRUSTED&NOT_VPN] ], satisfies = true
03-25 00:10:34.029  3256  3468 D ConnectivityService: currentScore = 52, newScore = 50
03-25 00:10:34.029  3256  3468 D ConnectivityService:   checking if request is satisfied: NetworkRequest [ TRACK_DEFAULT id=6, [ Capabilities: INTERNET&NOT_RESTRICTED&TRUSTED&NOT_VPN] ], satisfies = true
03-25 00:10:34.029  3256  3468 D ConnectivityService: currentScore = 52, newScore = 50
03-25 00:10:34.029  3256  3468 D ConnectivityService: Network NetworkAgentInfo [MOBILE (LTE) - 100] was already satisfying request 2. No change.
03-25 00:10:34.029  3256  3468 D ConnectivityService:   checking if request is satisfied: NetworkRequest [ TRACK_DEFAULT id=19, [ Capabilities: INTERNET&NOT_RESTRICTED&TRUSTED&NOT_VPN] ], satisfies = true
03-25 00:10:34.029  3256  3468 D ConnectivityService: currentScore = 52, newScore = 50
03-25 00:10:34.029  3256  3468 D ConnectivityService:   checking if request is satisfied: NetworkRequest [ TRACK_DEFAULT id=39, [ Capabilities: INTERNET&NOT_RESTRICTED&TRUSTED&NOT_VPN] ], satisfies = true
03-25 00:10:34.029  3256  3468 D ConnectivityService: currentScore = 52, newScore = 50
03-25 00:10:34.029  3256  3468 D ConnectivityService: isNewDefault = false
03-25 00:10:34.030  3256  3468 D ConnectivityService: keep = true
03-25 00:10:34.030  3256  3468 D ConnectivityService: sending new Min Network Score(52): NetworkRequest [ REQUEST id=1, [ Capabilities: INTERNET&NOT_RESTRICTED&TRUSTED&NOT_VPN] ]
03-25 00:10:34.031  3256  3468 D ConnectivityService: sending new Min Network Score(52): NetworkRequest [ TRACK_DEFAULT id=3, [ Capabilities: INTERNET&NOT_RESTRICTED&TRUSTED&NOT_VPN] ]
03-25 00:10:34.032  3256  3468 D ConnectivityService: sending new Min Network Score(52): NetworkRequest [ TRACK_DEFAULT id=6, [ Capabilities: INTERNET&NOT_RESTRICTED&TRUSTED&NOT_VPN] ]
03-25 00:10:34.032  3256  3468 D ConnectivityService: sending new Min Network Score(52): NetworkRequest [ TRACK_DEFAULT id=10, [ Capabilities: INTERNET&NOT_RESTRICTED&TRUSTED&NOT_VPN] ]
03-25 00:10:34.033  3256  3468 D ConnectivityService: sending new Min Network Score(52): NetworkRequest [ TRACK_DEFAULT id=19, [ Capabilities: INTERNET&NOT_RESTRICTED&TRUSTED&NOT_VPN] ]
03-25 00:10:34.034  3256  3468 D ConnectivityService: sending new Min Network Score(52): NetworkRequest [ TRACK_DEFAULT id=20, [ Capabilities: INTERNET&NOT_RESTRICTED&TRUSTED&NOT_VPN] ]
03-25 00:10:34.035  3256  3468 D ConnectivityService: sending new Min Network Score(52): NetworkRequest [ TRACK_DEFAULT id=22, [ Capabilities: INTERNET&NOT_RESTRICTED&TRUSTED&NOT_VPN] ]
03-25 00:10:34.036  3256  3468 D ConnectivityService: sending new Min Network Score(52): NetworkRequest [ TRACK_DEFAULT id=26, [ Capabilities: INTERNET&NOT_RESTRICTED&TRUSTED&NOT_VPN] ]
03-25 00:10:34.036  3256  3468 D ConnectivityService: sending new Min Network Score(52): NetworkRequest [ TRACK_DEFAULT id=33, [ Capabilities: INTERNET&NOT_RESTRICTED&TRUSTED&NOT_VPN] ]
03-25 00:10:34.037  3256  3468 D ConnectivityService: sending new Min Network Score(52): NetworkRequest [ TRACK_DEFAULT id=38, [ Capabilities: INTERNET&NOT_RESTRICTED&TRUSTED&NOT_VPN] ]
03-25 00:10:34.037  3256  3468 D ConnectivityService: sending new Min Network Score(52): NetworkRequest [ TRACK_DEFAULT id=39, [ Capabilities: INTERNET&NOT_RESTRICTED&TRUSTED&NOT_VPN] ]
03-25 00:10:33.051  3495  3507 I chatty  : uid=1001(radio) Binder:3495_1 identical 1 line
03-25 00:10:33.058  3495  3507 D SubscriptionController: [getDefaultDataSubId] subId= 2
03-25 00:10:34.047  3366  3377 D RIL     : rxlev[0]=99, rscp[0]=255, rsrp[0]=100
03-25 00:10:34.047  3366  3377 D RILC    : currentSignalStrengthInd
03-25 00:10:34.047  3366  3377 I RILC    : RIL_SOCKET_1 UNSOLICITED: UNSOL_SIGNAL_STRENGTH length:56
03-25 00:10:34.049  3495  4873 D SubscriptionController: [getDefaultDataSubId] subId= 2
03-25 00:10:34.050  3256  3566 I WifiService: getConnectionInfo uid=10082
03-25 00:10:34.073  3013  3727 E LIBGPS  : send agps cmd to server
03-25 00:10:34.074  3013  3727 E LIBGPS  : send agps cmd to server
03-25 00:10:34.075  3013  3727 E LIBGPS  : begin save flash data,subtype is 31,lenth is 88
03-25 00:10:34.076  3013  3727 E LIBGPS  : ===>>>>set para type
03-25 00:10:34.079  3926  3972 I CPVoiceAgent: select: retrun 0
03-25 00:10:34.050  3495  4873 I chatty  : uid=1001(radio) Binder:3495_C identical 1 line
03-25 00:10:34.056  3495  4873 D SubscriptionController: [getDefaultDataSubId] subId= 2
03-25 00:10:35.047  3366  3377 D RIL     : rxlev[0]=99, rscp[0]=255, rsrp[0]=100
03-25 00:10:35.048  3366  3377 D RILC    : currentSignalStrengthInd
03-25 00:10:35.048  3366  3377 I RILC    : RIL_SOCKET_1 UNSOLICITED: UNSOL_SIGNAL_STRENGTH length:56
03-25 00:10:35.050  3495  4873 D SubscriptionController: [getDefaultDataSubId] subId= 2
03-25 00:10:35.052  3256  5886 I WifiService: getConnectionInfo uid=10082
03-25 00:10:35.073  3013  3727 E LIBGPS  : send agps cmd to server
03-25 00:10:35.074  3013  3727 E LIBGPS  : send agps cmd to server
03-25 00:10:35.076  3013  3727 E LIBGPS  : begin save flash data,subtype is 31,lenth is 88
03-25 00:10:35.076  3013  3727 E LIBGPS  : ===>>>>set para type
03-25 00:10:35.581  3926  3972 I CPVoiceAgent: select: retrun 0
03-25 00:10:36.003  3013  3727 E LIBGPS  : send agps cmd to server
03-25 00:10:35.052  3495  4873 I chatty  : uid=1001(radio) Binder:3495_C identical 1 line
03-25 00:10:35.059  3495  4873 D SubscriptionController: [getDefaultDataSubId] subId= 2
03-25 00:10:36.048  3366  3377 D RIL     : rxlev[0]=99, rscp[0]=255, rsrp[0]=101
03-25 00:10:36.048  3366  3377 D RILC    : currentSignalStrengthInd
03-25 00:10:36.048  3366  3377 I RILC    : RIL_SOCKET_1 UNSOLICITED: UNSOL_SIGNAL_STRENGTH length:56
03-25 00:10:36.053  3495  4873 D SubscriptionController: [getDefaultDataSubId] subId= 2
03-25 00:10:36.054  3256  3566 I WifiService: getConnectionInfo uid=10082
03-25 00:10:36.073  3013  3727 E LIBGPS  : send agps cmd to server
03-25 00:10:36.073  3013  3727 E LIBGPS  : send agps cmd to server
03-25 00:10:36.074  3013  3727 E LIBGPS  : begin save flash data,subtype is 31,lenth is 88
03-25 00:10:36.076  3013  3727 E LIBGPS  : ===>>>>set para type
03-25 00:10:37.032  3256  3463 D WifiNetworkMonitor: EVENT_WIFI_RSSI_CHANGED
03-25 00:10:37.032  3256  3463 E WifiNetworkMonitor: Not any Obervers!!!
03-25 00:10:36.055  3495  4873 I chatty  : uid=1001(radio) Binder:3495_C identical 1 line
03-25 00:10:36.062  3495  4873 D SubscriptionController: [getDefaultDataSubId] subId= 2
03-25 00:10:37.049  3366  3377 D RIL     : rxlev[0]=99, rscp[0]=255, rsrp[0]=101
03-25 00:10:37.049  3366  3377 D RILC    : currentSignalStrengthInd
03-25 00:10:37.049  3366  3377 I RILC    : RIL_SOCKET_1 UNSOLICITED: UNSOL_SIGNAL_STRENGTH length:56
03-25 00:10:37.052  3495  4873 D SubscriptionController: [getDefaultDataSubId] subId= 2
03-25 00:10:37.053  3256  3560 I WifiService: getConnectionInfo uid=10082
03-25 00:10:37.071  3013  3727 E LIBGPS  : send agps cmd to server
03-25 00:10:37.072  3013  3727 E LIBGPS  : send agps cmd to server
03-25 00:10:37.074  3013  3727 E LIBGPS  : begin save flash data,subtype is 31,lenth is 88
03-25 00:10:37.074  3013  3727 E LIBGPS  : ===>>>>set para type
03-25 00:10:37.082  3926  3972 I CPVoiceAgent: select: retrun 0
03-25 00:10:37.110  3026  3172 D WCND    : is_cp2_alive_ok: open polling interface: /proc/mdbg/loopcheck, fd = 13
03-25 00:10:37.210  3026  3172 D WCND    : is_cp2_alive_ok: loop: /proc/mdbg/loopcheck is OK
03-25 00:10:37.560  3256  3560 I am_destroy_service: [0,259706586,3985]
03-25 00:10:37.563  3256  3560 V AlarmManager: remove(operation) changed bounds; rebatching
03-25 00:10:37.873  8874  8874 D ip_monitor-2989: 192.168.1.1 dev wlan0 lladdr b8:d5:26:d6:ed:b0 STALE
03-25 00:10:37.054  3495  4873 I chatty  : uid=1001(radio) Binder:3495_C identical 1 line
03-25 00:10:37.061  3495  4873 D SubscriptionController: [getDefaultDataSubId] subId= 2
03-25 00:10:38.049  3366  3377 D RIL     : rxlev[0]=99, rscp[0]=255, rsrp[0]=101
03-25 00:10:38.049  3366  3377 D RILC    : currentSignalStrengthInd
03-25 00:10:38.050  3366  3377 I RILC    : RIL_SOCKET_1 UNSOLICITED: UNSOL_SIGNAL_STRENGTH length:56
03-25 00:10:38.052  3495  4873 D SubscriptionController: [getDefaultDataSubId] subId= 2
03-25 00:10:38.053  3256  5886 I WifiService: getConnectionInfo uid=10082
03-25 00:10:38.075  3013  3727 E LIBGPS  : send agps cmd to server
03-25 00:10:38.076  3013  3727 E LIBGPS  : send agps cmd to server
03-25 00:10:38.078  3013  3727 E LIBGPS  : begin save flash data,subtype is 31,lenth is 88
03-25 00:10:38.078  3013  3727 E LIBGPS  : ===>>>>set para type
03-25 00:10:38.584  3926  3972 I CPVoiceAgent: select: retrun 0
03-25 00:10:38.054  3495  4873 I chatty  : uid=1001(radio) Binder:3495_C identical 1 line
03-25 00:10:38.062  3495  4873 D SubscriptionController: [getDefaultDataSubId] subId= 2
03-25 00:10:39.050  3366  3377 D RIL     : rxlev[0]=99, rscp[0]=255, rsrp[0]=101
03-25 00:10:39.050  3366  3377 D RILC    : currentSignalStrengthInd
03-25 00:10:39.050  3366  3377 I RILC    : RIL_SOCKET_1 UNSOLICITED: UNSOL_SIGNAL_STRENGTH length:56
03-25 00:10:39.053  3495  4873 D SubscriptionController: [getDefaultDataSubId] subId= 2
03-25 00:10:39.054  3256  3560 I WifiService: getConnectionInfo uid=10082
03-25 00:10:39.076  3013  3727 E LIBGPS  : send agps cmd to server
03-25 00:10:39.077  3013  3727 E LIBGPS  : send agps cmd to server
03-25 00:10:39.078  3013  3727 E LIBGPS  : begin save flash data,subtype is 31,lenth is 88
03-25 00:10:40.040  3256  3463 D WifiNetworkMonitor: EVENT_WIFI_RSSI_CHANGED
03-25 00:10:40.040  3256  3463 E WifiNetworkMonitor: Not any Obervers!!!
03-25 00:10:40.042  3256  3468 D ConnectivityService: updateNetworkScore for NetworkAgentInfo [WIFI () - 101] to 57
03-25 00:10:40.042  3256  3468 D ConnectivityService: rematchAllNetworksAndRequests: oldScore = 52, currentScore = 57
03-25 00:10:40.042  3256  3468 D ConnectivityService: rematchNetworkAndRequests: reap = REAP
03-25 00:10:40.042  3256  3468 D ConnectivityService: rematching NetworkAgentInfo [WIFI () - 101], score is 57
03-25 00:10:40.042  3256  3468 D ConnectivityService:  network has: [ Transports: WIFI Capabilities: NOT_METERED&INTERNET&NOT_RESTRICTED&TRUSTED&NOT_VPN&VALIDATED&FOREGROUND LinkUpBandwidth>=1048576Kbps LinkDnBandwidth>=1048576Kbps SignalStrength: -65]
03-25 00:10:40.042  3256  3468 D ConnectivityService: Network NetworkAgentInfo [WIFI () - 101] was already satisfying request 1. No change.
03-25 00:10:40.042  3256  3468 D ConnectivityService: Network NetworkAgentInfo [WIFI () - 101] was already satisfying request 3. No change.
03-25 00:10:40.042  3256  3468 D ConnectivityService: Network NetworkAgentInfo [WIFI () - 101] was already satisfying request 38. No change.
03-25 00:10:40.042  3256  3468 D ConnectivityService: Network NetworkAgentInfo [WIFI () - 101] was already satisfying request 26. No change.
03-25 00:10:40.042  3256  3468 D ConnectivityService: Network NetworkAgentInfo [WIFI () - 101] was already satisfying request 20. No change.
03-25 00:10:40.043  3256  3468 D ConnectivityService: Network NetworkAgentInfo [WIFI () - 101] was already satisfying request 22. No change.
03-25 00:10:40.043  3256  3468 D ConnectivityService: Network NetworkAgentInfo [WIFI () - 101] was already satisfying request 10. No change.
03-25 00:10:40.043  3256  3468 D ConnectivityService: Network NetworkAgentInfo [WIFI () - 101] was already satisfying request 33. No change.
03-25 00:10:40.043  3256  3468 D ConnectivityService: Network NetworkAgentInfo [WIFI () - 101] was already satisfying request 6. No change.
03-25 00:10:40.043  3256  3468 D ConnectivityService:   checking if request is satisfied: NetworkRequest [ BACKGROUND_REQUEST id=2, [ Transports: CELLULAR Capabilities: INTERNET&NOT_RESTRICTED&TRUSTED&NOT_VPN] ], satisfies = false
03-25 00:10:40.043  3256  3468 D ConnectivityService: Network NetworkAgentInfo [WIFI () - 101] was already satisfying request 19. No change.
03-25 00:10:40.043  3256  3468 D ConnectivityService: Network NetworkAgentInfo [WIFI () - 101] was already satisfying request 39. No change.
03-25 00:10:40.043  3256  3468 D ConnectivityService: isNewDefault = false
03-25 00:10:40.043  3256  3468 D ConnectivityService: keep = true
03-25 00:10:40.043  3256  3468 D ConnectivityService: sending new Min Network Score(57): NetworkRequest [ REQUEST id=1, [ Capabilities: INTERNET&NOT_RESTRICTED&TRUSTED&NOT_VPN] ]
03-25 00:10:40.044  3256  3468 D ConnectivityService: sending new Min Network Score(57): NetworkRequest [ TRACK_DEFAULT id=3, [ Capabilities: INTERNET&NOT_RESTRICTED&TRUSTED&NOT_VPN] ]
03-25 00:10:40.045  3256  3468 D ConnectivityService: sending new Min Network Score(57): NetworkRequest [ TRACK_DEFAULT id=6, [ Capabilities: INTERNET&NOT_RESTRICTED&TRUSTED&NOT_VPN] ]
03-25 00:10:40.046  3256  3468 D ConnectivityService: sending new Min Network Score(57): NetworkRequest [ TRACK_DEFAULT id=10, [ Capabilities: INTERNET&NOT_RESTRICTED&TRUSTED&NOT_VPN] ]
03-25 00:10:40.047  3256  3468 D ConnectivityService: sending new Min Network Score(57): NetworkRequest [ TRACK_DEFAULT id=19, [ Capabilities: INTERNET&NOT_RESTRICTED&TRUSTED&NOT_VPN] ]
03-25 00:10:40.047  3256  3468 D ConnectivityService: sending new Min Network Score(57): NetworkRequest [ TRACK_DEFAULT id=20, [ Capabilities: INTERNET&NOT_RESTRICTED&TRUSTED&NOT_VPN] ]
03-25 00:10:40.048  3256  3468 D ConnectivityService: sending new Min Network Score(57): NetworkRequest [ TRACK_DEFAULT id=22, [ Capabilities: INTERNET&NOT_RESTRICTED&TRUSTED&NOT_VPN] ]
03-25 00:10:40.049  3256  3468 D ConnectivityService: sending new Min Network Score(57): NetworkRequest [ TRACK_DEFAULT id=26, [ Capabilities: INTERNET&NOT_RESTRICTED&TRUSTED&NOT_VPN] ]
03-25 00:10:40.049  3256  3468 D ConnectivityService: sending new Min Network Score(57): NetworkRequest [ TRACK_DEFAULT id=33, [ Capabilities: INTERNET&NOT_RESTRICTED&TRUSTED&NOT_VPN] ]
03-25 00:10:40.050  3256  3468 D ConnectivityService: sending new Min Network Score(57): NetworkRequest [ TRACK_DEFAULT id=38, [ Capabilities: INTERNET&NOT_RESTRICTED&TRUSTED&NOT_VPN] ]
03-25 00:10:40.050  3256  3468 D ConnectivityService: sending new Min Network Score(57): NetworkRequest [ TRACK_DEFAULT id=39, [ Capabilities: INTERNET&NOT_RESTRICTED&TRUSTED&NOT_VPN] ]
03-25 00:10:39.055  3495  4873 I chatty  : uid=1001(radio) Binder:3495_C identical 1 line
03-25 00:10:39.062  3495  4873 D SubscriptionController: [getDefaultDataSubId] subId= 2
03-25 00:10:40.050  3366  3377 D RIL     : rxlev[0]=99, rscp[0]=255, rsrp[0]=101
03-25 00:10:40.050  3366  3377 D RILC    : currentSignalStrengthInd
03-25 00:10:40.050  3366  3377 I RILC    : RIL_SOCKET_1 UNSOLICITED: UNSOL_SIGNAL_STRENGTH length:56
03-25 00:10:40.053  3495  3507 D SubscriptionController: [getDefaultDataSubId] subId= 2
03-25 00:10:40.054  3256  5886 I WifiService: getConnectionInfo uid=10082
03-25 00:10:40.074  3013  3727 E LIBGPS  : send agps cmd to server
03-25 00:10:40.075  3013  3727 E LIBGPS  : send agps cmd to server
03-25 00:10:40.077  3013  3727 E LIBGPS  : begin save flash data,subtype is 31,lenth is 88
03-25 00:10:40.077  3013  3727 E LIBGPS  : ===>>>>set para type
03-25 00:10:40.086  3926  3972 I CPVoiceAgent: select: retrun 0
03-25 00:10:40.054  3495  3507 I chatty  : uid=1001(radio) Binder:3495_1 identical 1 line
03-25 00:10:40.061  3495  3507 D SubscriptionController: [getDefaultDataSubId] subId= 2
03-25 00:10:41.051  3366  3377 D RIL     : rxlev[0]=99, rscp[0]=255, rsrp[0]=99
03-25 00:10:41.051  3366  3377 D RILC    : currentSignalStrengthInd
03-25 00:10:41.051  3366  3377 I RILC    : RIL_SOCKET_1 UNSOLICITED: UNSOL_SIGNAL_STRENGTH length:56
03-25 00:10:41.054  3495  3507 D SubscriptionController: [getDefaultDataSubId] subId= 2
03-25 00:10:41.055  3256  5886 I WifiService: getConnectionInfo uid=10082
03-25 00:10:41.076  3013  3727 E LIBGPS  : send agps cmd to server
03-25 00:10:41.077  3013  3727 E LIBGPS  : send agps cmd to server
03-25 00:10:41.077  3013  3727 E LIBGPS  : begin save flash data,subtype is 31,lenth is 88
03-25 00:10:41.078  3013  3727 E LIBGPS  : ===>>>>set para type
03-25 00:10:41.587  3926  3972 I CPVoiceAgent: select: retrun 0
03-25 00:10:42.003  3013  3727 E LIBGPS  : send agps cmd to server
03-25 00:10:41.056  3495  3507 I chatty  : uid=1001(radio) Binder:3495_1 identical 1 line
03-25 00:10:41.064  3495  3507 D SubscriptionController: [getDefaultDataSubId] subId= 2
03-25 00:10:42.051  3366  3377 D RIL     : rxlev[0]=99, rscp[0]=255, rsrp[0]=99
03-25 00:10:42.052  3366  3377 D RILC    : currentSignalStrengthInd
03-25 00:10:42.052  3366  3377 I RILC    : RIL_SOCKET_1 UNSOLICITED: UNSOL_SIGNAL_STRENGTH length:56
03-25 00:10:42.054  3495  3507 D SubscriptionController: [getDefaultDataSubId] subId= 2
03-25 00:10:42.004  3013  3727 I chatty  : uid=1000(system) libgps identical 2 lines
03-25 00:10:42.008  3013  3727 E LIBGPS  : send agps cmd to server
03-25 00:10:42.056  3256  3566 I WifiService: getConnectionInfo uid=10082
03-25 00:10:42.074  3013  3727 E LIBGPS  : send agps cmd to server
03-25 00:10:42.075  3013  3727 E LIBGPS  : send agps cmd to server
03-25 00:10:42.076  3013  3727 E LIBGPS  : begin save flash data,subtype is 31,lenth is 88
03-25 00:10:42.077  3013  3727 E LIBGPS  : ===>>>>set para type
03-25 00:10:42.216  3026  3172 D WCND    : is_cp2_alive_ok: open polling interface: /proc/mdbg/loopcheck, fd = 13
03-25 00:10:42.316  3026  3172 D WCND    : is_cp2_alive_ok: loop: /proc/mdbg/loopcheck is OK
03-25 00:10:43.050  3256  3463 D WifiNetworkMonitor: EVENT_WIFI_RSSI_CHANGED
03-25 00:10:43.050  3256  3463 E WifiNetworkMonitor: Not any Obervers!!!
03-25 00:10:42.056  3495  3507 I chatty  : uid=1001(radio) Binder:3495_1 identical 1 line
03-25 00:10:42.063  3495  3507 D SubscriptionController: [getDefaultDataSubId] subId= 2
03-25 00:10:43.052  3366  3377 D RIL     : rxlev[0]=99, rscp[0]=255, rsrp[0]=99
03-25 00:10:43.052  3366  3377 D RILC    : currentSignalStrengthInd
03-25 00:10:43.052  3366  3377 I RILC    : RIL_SOCKET_1 UNSOLICITED: UNSOL_SIGNAL_STRENGTH length:56
03-25 00:10:43.055  3495  3507 D SubscriptionController: [getDefaultDataSubId] subId= 2
03-25 00:10:43.056  3256  5886 I WifiService: getConnectionInfo uid=10082
03-25 00:10:43.072  3013  3727 E LIBGPS  : send agps cmd to server
03-25 00:10:43.073  3013  3727 E LIBGPS  : send agps cmd to server
03-25 00:10:43.073  3013  3727 E LIBGPS  : begin save flash data,subtype is 31,lenth is 88
03-25 00:10:43.075  3013  3727 E LIBGPS  : ===>>>>set para type
03-25 00:10:43.089  3926  3972 I CPVoiceAgent: select: retrun 0
03-25 00:10:43.056  3495  3507 I chatty  : uid=1001(radio) Binder:3495_1 identical 1 line
03-25 00:10:43.063  3495  3507 D SubscriptionController: [getDefaultDataSubId] subId= 2
03-25 00:10:44.053  3366  3377 D RIL     : rxlev[0]=99, rscp[0]=255, rsrp[0]=99
03-25 00:10:44.053  3366  3377 D RILC    : currentSignalStrengthInd
03-25 00:10:44.053  3366  3377 I RILC    : RIL_SOCKET_1 UNSOLICITED: UNSOL_SIGNAL_STRENGTH length:56
03-25 00:10:44.056  3495  3507 D SubscriptionController: [getDefaultDataSubId] subId= 2
03-25 00:10:44.057  3256  5886 I WifiService: getConnectionInfo uid=10082
03-25 00:10:44.078  3013  3727 E LIBGPS  : send agps cmd to server
03-25 00:10:44.079  3013  3727 E LIBGPS  : send agps cmd to server
03-25 00:10:44.079  3013  3727 E LIBGPS  : begin save flash data,subtype is 6,lenth is 1820
03-25 00:10:44.080  3013  3727 E LIBGPS  : begin save flash data,subtype is 29,lenth is 1032
03-25 00:10:44.081  3013  3727 E LIBGPS  : ===>>>>set para type
03-25 00:10:44.591  3926  3972 I CPVoiceAgent: select: retrun 0
03-25 00:10:44.869  6871  6871 D LocationService: 2026-03-25T03:10:44.868Z: Window#31 finish signal received or interval reached
03-25 00:10:44.870  6871  6871 D LocationService: 2026-03-25T03:10:44.870Z: Window#31 closing with buffered=2
03-25 00:10:44.872  6871  6871 D LocationService: 2026-03-25T03:10:44.871Z: Window#31 selected uniqueLocations=1 from candidates=2
03-25 00:10:44.873  6871  6871 D LocationService: 2026-03-25T03:10:44.873Z: Window#31 summary: count=1, bestAcc=26.4, locations=[age=14s, acc=26.4]
03-25 00:10:44.875  6871  7032 D LocationService: 2026-03-25T03:10:44.875Z: Saving Location: lat=-37.1183328, lon=-56.8564842, acc=26.4, battery=100%, charging=false, mode=HIGH_ACCURACY
03-25 00:10:44.877  6871  6871 D LocationService: 2026-03-25T03:10:44.876Z: getLocationInterval: source=Unplugged, plugged=false, interval=15s
03-25 00:10:44.878  6871  6871 D LocationService: 2026-03-25T03:10:44.878Z: Window#31 will schedule next interval=15000ms
03-25 00:10:44.880  6871  6871 D LocationService: 2026-03-25T03:10:44.879Z: Removed location updates for window#31, callbackId=35296121
03-25 00:10:44.882  6871  6871 D LocationService: 2026-03-25T03:10:44.881Z: Scheduling next window via AlarmManager, cycle interval=15000ms, remaining wait=0ms
03-25 00:10:44.883  3256  5886 D BroadcastQueue: Add broadcast <BroadcastRecord{a25d56 u0 android.location.HIGH_POWER_REQUEST_CHANGE}> into [parallel | background], pending size 0
03-25 00:10:44.885  6871  7032 D LocationService: 2026-03-25T03:10:44.884Z: Location saved to repository (uuid=1795185b-5395-44b4-81ad-82a9b1afbd64)
03-25 00:10:44.886  6871  6871 D LocationService: 2026-03-25T03:10:44.885Z: scheduleNextAlarm: using inexact alarm in 0ms for Unplugged
03-25 00:10:44.886  3256  3328 D BroadcastQueue: Done with parallel broadcast [background] [BroadcastRecord{a25d56 u0 android.location.HIGH_POWER_REQUEST_CHANGE}]
03-25 00:10:44.887  3256  3566 V AlarmManager: set(PendingIntent{41621d7: PendingIntentRecord{6e9bb7f com.urbetrack.sweeptracker startService}}) : type=0 triggerAtTime=1774408244885 win=0 tElapsed=571401 maxElapsed=571401 interval=0 flags=0x8
03-25 00:10:44.889  3256  3758 D PowerController.RecogA: handleMessage(MSG_REPORT_EVENT)
03-25 00:10:44.890  3256  3566 I GnssLocationProvider: WakeLock acquired by sendMessage(SET_REQUEST, 0, com.android.server.location.GnssLocationProvider$GpsRequest@f061ac4)
03-25 00:10:44.890  3256  3327 I GnssLocationProvider: WakeLock released by handleMessage(SET_REQUEST, 0, com.android.server.location.GnssLocationProvider$GpsRequest@f061ac4)
03-25 00:10:44.891  6871  6871 D LocationService: 2026-03-25T03:10:44.890Z: Released WakeLock for window#31
03-25 00:10:44.904  3256  5886 V AlarmManager: remove(operation) changed bounds; rebatching
03-25 00:10:44.905  3256  5886 D AlarmManagerService: set alarm to kernel: 566.399000000, type=2 
03-25 00:10:44.905  3256  3440 D AlarmManager: waitForAlarm result:4currentTime=1774408244905, elapsedRealtime=566419
03-25 00:10:44.905  3256  3440 D AlarmManager: triggerList.size = 1, hasWakeup = true
03-25 00:10:44.906  3256  3440 D AlarmManagerService: set alarm to kernel: 567.751000000, type=2 
03-25 00:10:44.906  3256  3440 V AlarmManager: sending alarm Alarm{9594dad type 0 when 1774408244885 com.urbetrack.sweeptracker}
03-25 00:10:44.907  3985  4869 I ActivityScheduler: nextTriggerTime: 9223372036854775806, in 9223372036854209385ms, detectorType: 32, SLEEP alarmWindowMillis: 3074457345618258602
03-25 00:10:44.907  6871  6871 D LocationService: 2026-03-25T03:10:44.907Z: onStartCommand: Received ACTION_START_WINDOW alarm
03-25 00:10:44.908  3256  5886 W AlarmManager: Window length 3074457345618258602ms suspiciously long; limiting to 1 hour
03-25 00:10:44.908  3256  5886 V AlarmManager: set(PendingIntent{17ef8e2: PendingIntentRecord{60dbe51 com.google.android.gms broadcastIntent}}) : type=2 triggerAtTime=9223372036854775806 win=3600000 tElapsed=9223372036854775806 maxElapsed=-9223372036851175810 interval=0 flags=0x0
03-25 00:10:44.908  6871  6871 D LocationService: 2026-03-25T03:10:44.908Z: getLocationInterval: source=Unplugged, plugged=false, interval=15s
03-25 00:10:44.908  3256  5886 V AlarmManager: remove(operation) changed bounds; rebatching
03-25 00:10:44.909  3256  5886 D AlarmManagerService: set alarm to kernel: 617.833000000, type=2 
03-25 00:10:44.909  6871  6871 D LocationService: 2026-03-25T03:10:44.909Z: safeStartNewWindow depth=1 interval=15000ms
03-25 00:10:44.912  6871  6871 D LocationService: 2026-03-25T03:10:44.911Z: Attempting to start location window, interval=15000ms, mutex=false
03-25 00:10:44.913  6871  6871 D LocationService: 2026-03-25T03:10:44.912Z: Location window starting, interval=15000ms, mutex=true
03-25 00:10:44.914  6871  6871 D LocationService: 2026-03-25T03:10:44.913Z: Location window setup complete, releasing mutex, interval=15000ms, mutex=true
03-25 00:10:44.916  6871  6871 D LocationService: 2026-03-25T03:10:44.916Z: buildLocationRequest: batterySaving=false, priority=100, interval=15000ms, minUpdate=2000ms, window=15000ms
03-25 00:10:44.917  6871  6871 D LocationService: 2026-03-25T03:10:44.917Z: Window#32 started: method=GPS, interval=15000ms, priority=100, callback=170936428
03-25 00:10:44.922  3256  5886 D BroadcastQueue: Add broadcast <BroadcastRecord{3b10473 u0 android.location.HIGH_POWER_REQUEST_CHANGE}> into [parallel | background], pending size 0
03-25 00:10:44.922  3256  3328 D BroadcastQueue: Done with parallel broadcast [background] [BroadcastRecord{3b10473 u0 android.location.HIGH_POWER_REQUEST_CHANGE}]
03-25 00:10:44.926  3256  3758 D PowerController.RecogA: handleMessage(MSG_REPORT_EVENT)
03-25 00:10:44.926  3256  5886 I GnssLocationProvider: WakeLock acquired by sendMessage(SET_REQUEST, 0, com.android.server.location.GnssLocationProvider$GpsRequest@da38565)
03-25 00:10:44.927  3256  3327 I GnssLocationProvider: WakeLock released by handleMessage(SET_REQUEST, 0, com.android.server.location.GnssLocationProvider$GpsRequest@da38565)
03-25 00:10:44.927  3256  5886 V AlarmManager: set(PendingIntent{262c23a: PendingIntentRecord{e168eeb com.google.android.gms broadcastIntent}}) : type=2 triggerAtTime=596438 win=0 tElapsed=596438 maxElapsed=596438 interval=0 flags=0x5
03-25 00:10:44.928  3256  5886 D AlarmManagerService: set alarm to kernel: 596.438000000, type=2 
03-25 00:10:44.932  3256  8568 D BroadcastQueue: Add broadcast <BroadcastRecord{3e8a448 u0 android.location.HIGH_POWER_REQUEST_CHANGE}> into [parallel | background], pending size 0
03-25 00:10:44.932  3256  3328 D BroadcastQueue: Done with parallel broadcast [background] [BroadcastRecord{3e8a448 u0 android.location.HIGH_POWER_REQUEST_CHANGE}]
03-25 00:10:44.938  3256  3758 D PowerController.RecogA: handleMessage(MSG_REPORT_EVENT)
03-25 00:10:44.938  3256  3560 I GnssLocationProvider: WakeLock acquired by sendMessage(SET_REQUEST, 0, com.android.server.location.GnssLocationProvider$GpsRequest@6aac806)
03-25 00:10:44.939  3256  3327 I GnssLocationProvider: WakeLock released by handleMessage(SET_REQUEST, 0, com.android.server.location.GnssLocationProvider$GpsRequest@6aac806)
03-25 00:10:44.940  3256  3560 I GnssLocationProvider: WakeLock acquired by sendMessage(SET_REQUEST, 0, com.android.server.location.GnssLocationProvider$GpsRequest@a4d2ec7)
03-25 00:10:44.941  3256  3327 I GnssLocationProvider: WakeLock released by handleMessage(SET_REQUEST, 0, com.android.server.location.GnssLocationProvider$GpsRequest@a4d2ec7)
03-25 00:10:44.940  3256  3758 D PowerController.RecogA: handleMessage(MSG_REPORT_EVENT)
03-25 00:10:44.946  3256  5886 V AlarmManager: set(PendingIntent{a63f063: PendingIntentRecord{f5db460 com.google.android.gms broadcastIntent}}) : type=2 triggerAtTime=566751 win=0 tElapsed=571460 maxElapsed=571460 interval=0 flags=0x5
03-25 00:10:44.946  3256  5886 D AlarmManagerService: set alarm to kernel: 571.460000000, type=2 
03-25 00:10:44.948  3985  4869 I ActivityScheduler: nextTriggerTime: 567751, in 1289ms, detectorType: 39, FULL_TYPE alarmWindowMillis: 10000
03-25 00:10:44.948  3256  5886 V AlarmManager: set(PendingIntent{a1b3d19: PendingIntentRecord{60dbe51 com.google.android.gms broadcastIntent}}) : type=2 triggerAtTime=567751 win=10000 tElapsed=571462 maxElapsed=581462 interval=0 flags=0x0
03-25 00:10:44.949  3256  5886 V AlarmManager: remove(operation) changed bounds; rebatching
03-25 00:10:44.949  3256  5886 D AlarmManagerService: set alarm to kernel: 566.751000000, type=2 
03-25 00:10:44.957  3256  5886 D AlarmManagerService: set alarm to kernel: 567.751000000, type=2 
03-25 00:10:44.958  3985  4869 I ActivityScheduler: nextTriggerTime: 567469, in 997ms, detectorType: 39, FULL_TYPE alarmWindowMillis: 10000
03-25 00:10:44.956  3256  5886 V AlarmManager: remove(operation) changed bounds; rebatching
03-25 00:10:44.959  3256  5886 V AlarmManager: set(PendingIntent{48cd1de: PendingIntentRecord{60dbe51 com.google.android.gms broadcastIntent}}) : type=2 triggerAtTime=567469 win=10000 tElapsed=571473 maxElapsed=581473 interval=0 flags=0x0
03-25 00:10:44.959  3256  5886 V AlarmManager: remove(operation) changed bounds; rebatching
03-25 00:10:44.960  3256  5886 D AlarmManagerService: set alarm to kernel: 596.438000000, type=2 
03-25 00:10:44.960  3256  5886 D AlarmManagerService: set alarm to kernel: 571.473000000, type=2 
03-25 00:10:44.962  3256  5886 I WifiService: getWifiEnabledState uid=10014
03-25 00:10:44.962  3985  4869 W Settings: Setting airplane_mode_on has moved from android.provider.Settings.System to android.provider.Settings.Global, returning read-only value.
03-25 00:10:44.964  3256  5886 D AlarmManagerService: set alarm to kernel: 596.438000000, type=2 
03-25 00:10:44.057  3495  3507 I chatty  : uid=1001(radio) Binder:3495_1 identical 1 line
03-25 00:10:44.065  3495  3507 D SubscriptionController: [getDefaultDataSubId] subId= 2
03-25 00:10:44.968  3495  3507 D RILJ    : [4209]> RIL_REQUEST_GET_CELL_INFO_LIST [SUB0]
03-25 00:10:44.969  3366  3366 D RILC    : getCellInfoList: serial 561
03-25 00:10:44.969  3366  3661 D RIL     : onRequest: GET_CELL_INFO_LIST radioState=4
03-25 00:10:44.969  3366  3661 D REQ_THDS: get Channel1
03-25 00:10:44.970  2930  2930 D sensor  : poll__batch handle=0 sampling_period_ns=20ms, max_report_latency_ns=0ms
03-25 00:10:44.970  2930  2930 E sensor  : AccSensor: mDelay(66667000) delay_ns(20000000)
03-25 00:10:44.970  2930  2930 E sensor  : AccSensor: ms(50) 
03-25 00:10:44.971  2930  2930 D sensor  : poll__flush handle=0
03-25 00:10:44.971  2930  3432 E sensor  : reading flush event from pipe
03-25 00:10:44.972  3366  3661 D RILC    : RequestComplete, RIL_SOCKET_1
03-25 00:10:44.972  3366  3661 E RILC    : Calling responseFunction() for token 561
03-25 00:10:44.972  3366  3661 D RILC    : getCellInfoListResponse: serial 561
03-25 00:10:44.972  3366  3661 D REQ_THDS: put Channel1
03-25 00:10:44.973  3366  3661 I REQ_THDS: -->CommandThread [3661] free one command
03-25 00:10:44.973  3627  3627 D wpa_supplicant: nl80211: Ignored event (cmd=33) for foreign interface (ifindex 14 wdev 0x0)
03-25 00:10:44.973  3627  3627 D wpa_supplicant: nl80211: Drv Event 33 (NL80211_CMD_TRIGGER_SCAN) received for wlan0
03-25 00:10:44.973  3627  3627 D wpa_supplicant: wlan0: nl80211: Scan trigger
03-25 00:10:44.964  3256  5886 V AlarmManager: remove(operation) changed bounds; rebatching
03-25 00:10:44.973  3256  3465 V AlarmManager: set(null) : type=2 triggerAtTime=581487 win=11250 tElapsed=581487 maxElapsed=592737 interval=0 flags=0x8
03-25 00:10:44.973  3627  3627 D wpa_supplicant: wlan0: Event SCAN_STARTED (47) received
03-25 00:10:44.973  3627  3627 D wpa_supplicant: wlan0: External program started a scan
03-25 00:10:44.974  3256  3465 D AlarmManagerService: set alarm to kernel: 581.487000000, type=2 
03-25 00:10:44.974  3495  3651 D RILJ    : [4209]< RIL_REQUEST_GET_CELL_INFO_LIST [CellInfoLte:{mRegistered=YES mTimeStampType=oem_ril mTimeStamp=566486500862ns CellIdentityLte:{ mMcc=722 mMnc=7 mCi=213908225 mPci=326 mTac=1866 mEarfcn=2000} CellSignalStrengthLte: ss=41 rsrp=-99 rsrq=-15 rssnr=2147483647 cqi=2147483647 ta=2147483647}, CellInfoLte:{mRegistered=NO mTimeStampType=oem_ril mTimeStamp=2147483647ns CellIdentityLte:{ mMcc=2147483647 mMnc=2147483647 mCi=2147483647 mPci=49 mTac=2147483647 mEarfcn=2000} CellSignalStrengthLte: ss=40 rsrp=-100 rsrq=-16 rssnr=2147483647 cqi=2147483647 ta=2147483647}, CellInfoLte:{mRegistered=NO mTimeStampType=oem_ril mTimeStamp=2147483647ns CellIdentityLte:{ mMcc=2147483647 mMnc=2147483647 mCi=2147483647 mPci=129 mTac=2147483647 mEarfcn=2000} CellSignalStrengthLte: ss=38 rsrp=-102 rsrq=-18 rssnr=2147483647 cqi=2147483647 ta=2147483647}, CellInfoLte:{mRegistered=NO mTimeStampType=oem_ril mTimeStamp=2147483647ns CellIdentityLte:{ mMcc=2147483647 mMnc=2147483647 mCi=2147483647 mPci=190 mTac=2147483647 mEarfcn=2850} CellSignalStrengthLte: ss=24 rsrp=-116 rsrq=-9 rssnr=2147483647 cqi=2147483647 ta=2147483647}, CellInfoLte:{mRegistered=NO mTimeStampType=oem_ril mTimeStamp=2147483647ns CellIdentityLte:{ mMcc=2147483647 mMnc=2147483647 mCi=2147483647 mPci=493 mTac=2147483647 mEarfcn=2850} CellSignalStrengthLte: ss=3 rsrp=-137 rsrq=-22 rssnr=2147483647 cqi=2147483647 ta=2147483647}] [SUB0]
03-25 00:10:45.053  3366  3377 D RIL     : rxlev[0]=99, rscp[0]=255, rsrp[0]=100
03-25 00:10:45.053  3366  3377 D RILC    : currentSignalStrengthInd
03-25 00:10:45.053  3366  3377 I RILC    : RIL_SOCKET_1 UNSOLICITED: UNSOL_SIGNAL_STRENGTH length:56
03-25 00:10:45.056  3495  3507 D SubscriptionController: [getDefaultDataSubId] subId= 2
