03-25 00:10:45.057  3256  5886 I WifiService: getConnectionInfo uid=10082
03-25 00:10:45.071  3013  3727 E LIBGPS  : send agps cmd to server
03-25 00:10:45.072  3013  3727 E LIBGPS  : send agps cmd to server
03-25 00:10:45.073  3013  3727 E LIBGPS  : begin save flash data,subtype is 7,lenth is 1820
03-25 00:10:45.073  3013  3727 E LIBGPS  : begin save flash data,subtype is 29,lenth is 1032
03-25 00:10:45.074  3013  3727 E LIBGPS  : ===>>>>set para type
03-25 00:10:45.520  2930  3432 D sensor  : poll__batch handle=0 sampling_period_ns=66ms, max_report_latency_ns=0ms
03-25 00:10:45.520  2930  3432 E sensor  : AccSensor: mDelay(20000000) delay_ns(66667000)
03-25 00:10:45.520  2930  3432 E sensor  : AccSensor: ms(50) 
03-25 00:10:45.529  3256  5886 I am_create_service: [0,127610815,.PersistentIntentOperationService,10014,3985]
03-25 00:10:45.530  3256  5886 I force_gc: Binder
03-25 00:10:45.540  3256  3560 V AlarmManager: set(PendingIntent{259b68c: PendingIntentRecord{21991d5 com.google.android.gms startService}}) : type=3 triggerAtTime=315360567054 win=236520000000 tElapsed=315360567054 maxElapsed=551880567054 interval=0 flags=0x0
03-25 00:10:45.545  3985  4869 I ActivityScheduler: nextTriggerTime: 747059, in 180000ms, detectorType: 39, FULL_TYPE alarmWindowMillis: 10000
03-25 00:10:45.550  3256  3815 V AlarmManager: set(PendingIntent{f31af78: PendingIntentRecord{60dbe51 com.google.android.gms broadcastIntent}}) : type=2 triggerAtTime=747059 win=10000 tElapsed=747059 maxElapsed=757059 interval=0 flags=0x0
03-25 00:10:45.553  3627  3627 D wpa_supplicant: nl80211: Ignored event (cmd=34) for foreign interface (ifindex 14 wdev 0x0)
03-25 00:10:45.553  3627  3627 D wpa_supplicant: nl80211: Drv Event 34 (NL80211_CMD_NEW_SCAN_RESULTS) received for wlan0
03-25 00:10:45.553  3627  3627 D wpa_supplicant: wlan0: nl80211: New scan results available
03-25 00:10:45.553  3627  3627 D wpa_supplicant: nl80211: Scan probed for SSID ''
03-25 00:10:45.553  3627  3627 D wpa_supplicant: nl80211: Scan included frequencies: 2412 2417 2422 2427 2432 2437 2442 2447 2452 2457 2462 2467 2472
03-25 00:10:45.553  3256  3815 D WificondControl: Scan result ready event
03-25 00:10:45.553  3627  3627 D wpa_supplicant: wlan0: Event SCAN_RESULTS (3) received
03-25 00:10:45.553  3627  3627 D wpa_supplicant: nl80211: Received scan results (4 BSSes)
03-25 00:10:45.553  3627  3627 D wpa_supplicant: nl80211: Scan results indicate BSS status with 14:eb:b6:dd:08:e4 as associated
03-25 00:10:45.553  3627  3627 D wpa_supplicant: wlan0: BSS: Start scan result update 33
03-25 00:10:45.553  3627  3627 D wpa_supplicant: wlan0: BSS: Add new id 40 BSSID 34:53:d2:98:53:d6 SSID 'Personal-dpto5 2.4GHz' freq 2412
03-25 00:10:45.554  3627  3627 D wpa_supplicant: wlan0: BSS: Remove id 39 BSSID 54:76:b2:c6:11:42 SSID 'USER_C61143' due to no match in scan
03-25 00:10:45.554  3627  3627 D wpa_supplicant: BSS: last_scan_res_used=4/32
03-25 00:10:45.554  3627  3627 D wpa_supplicant: wlan0: New scan results available (own=0 ext=1)
03-25 00:10:45.554  3627  3627 D wpa_supplicant: wlan0: Do not use results from externally requested scan operation for network selection
03-25 00:10:45.554  3256  3465 V AlarmManager: remove(operation) changed bounds; rebatching
03-25 00:10:45.554  3627  3627 D wpa_supplicant: p2p-dev-wlan0: Updating scan results from sibling
03-25 00:10:45.554  3627  3627 D wpa_supplicant: nl80211: Received scan results (4 BSSes)
03-25 00:10:45.554  3627  3627 D wpa_supplicant: p2p-dev-wlan0: BSS: Start scan result update 33
03-25 00:10:45.554  3627  3627 D wpa_supplicant: p2p-dev-wlan0: BSS: Add new id 40 BSSID 34:53:d2:98:53:d6 SSID 'Personal-dpto5 2.4GHz' freq 2412
03-25 00:10:45.554  3627  3627 D wpa_supplicant: p2p-dev-wlan0: BSS: Remove id 39 BSSID 54:76:b2:c6:11:42 SSID 'USER_C61143' due to no match in scan
03-25 00:10:45.554  3627  3627 D wpa_supplicant: BSS: last_scan_res_used=4/32
03-25 00:10:45.554  3627  3627 D wpa_supplicant: p2p-dev-wlan0: New scan results available (own=0 ext=1)
03-25 00:10:45.554  3627  3627 D wpa_supplicant: p2p-dev-wlan0: Do not use results from externally requested scan operation for network selection
03-25 00:10:45.555  3256  3465 D AlarmManagerService: set alarm to kernel: 596.438000000, type=2 
03-25 00:10:45.569  3985  8822 I FrewleTileCacheManagerV: (REDACTED) Fetched %d AP models from cache
03-25 00:10:45.593  6871  6871 D LocationService: 2026-03-25T03:10:45.593Z: getCurrentLocation#32: Location[fused -37.118337,-56.856478 hAcc=17 et=+9m26s528ms alt=24.80000114440918 vel=0.04860613 vAcc=2 sAcc=2 bAcc=??? {Bundle[mParcelledData.dataSize=728]}]
03-25 00:10:45.597  6871  6871 D LocationService: 2026-03-25T03:10:45.595Z: Window#32 threshold met (goodCount=2, mode=GPS), finishing in 1500ms
03-25 00:10:45.598  3256  5886 D BroadcastQueue: Add broadcast <BroadcastRecord{a6e7651 u0 android.location.HIGH_POWER_REQUEST_CHANGE}> into [parallel | background], pending size 0
03-25 00:10:45.599  3256  3328 D BroadcastQueue: Done with parallel broadcast [background] [BroadcastRecord{a6e7651 u0 android.location.HIGH_POWER_REQUEST_CHANGE}]
03-25 00:10:45.600  3256  3566 V AlarmManager: remove(operation) changed bounds; rebatching
03-25 00:10:45.600  3256  3566 D AlarmManagerService: set alarm to kernel: 617.833000000, type=2 
03-25 00:10:45.606  3256  3758 D PowerController.RecogA: handleMessage(MSG_REPORT_EVENT)
03-25 00:10:45.606  3256  3815 I GnssLocationProvider: WakeLock acquired by sendMessage(SET_REQUEST, 0, com.android.server.location.GnssLocationProvider$GpsRequest@f9957b7)
03-25 00:10:45.607  3256  3327 I GnssLocationProvider: WakeLock released by handleMessage(SET_REQUEST, 0, com.android.server.location.GnssLocationProvider$GpsRequest@f9957b7)
03-25 00:10:45.607  3256  3815 I GnssLocationProvider: WakeLock acquired by sendMessage(SET_REQUEST, 0, com.android.server.location.GnssLocationProvider$GpsRequest@b8e4b24)
03-25 00:10:45.608  3256  3327 I GnssLocationProvider: WakeLock released by handleMessage(SET_REQUEST, 0, com.android.server.location.GnssLocationProvider$GpsRequest@b8e4b24)
03-25 00:10:45.607  3256  3758 D PowerController.RecogA: handleMessage(MSG_REPORT_EVENT)
03-25 00:10:45.609  3256  3815 V AlarmManager: set(PendingIntent{cf6f590: PendingIntentRecord{1589e89 com.google.android.gms broadcastIntent}}) : type=2 triggerAtTime=571805 win=0 tElapsed=572123 maxElapsed=572123 interval=0 flags=0x5
03-25 00:10:45.611  3256  3815 D AlarmManagerService: set alarm to kernel: 572.123000000, type=2 
03-25 00:10:45.613  3985  4869 I ActivityScheduler: nextTriggerTime: 747059, in 179932ms, detectorType: 39, FULL_TYPE alarmWindowMillis: 10000
03-25 00:10:45.619  3256  3560 V AlarmManager: remove(operation) changed bounds; rebatching
03-25 00:10:45.619  3256  3560 D AlarmManagerService: set alarm to kernel: 617.833000000, type=2 
03-25 00:10:45.623  3256  3560 V AlarmManager: set(PendingIntent{9239a45: PendingIntentRecord{387e59a com.google.android.gms broadcastIntent}}) : type=2 triggerAtTime=581805 win=0 tElapsed=581805 maxElapsed=581805 interval=0 flags=0x5
03-25 00:10:45.623  3256  3560 D AlarmManagerService: set alarm to kernel: 581.805000000, type=2 
03-25 00:10:45.624  3985  4869 I ActivityScheduler: nextTriggerTime: 747059, in 179921ms, detectorType: 39, FULL_TYPE alarmWindowMillis: 10000
03-25 00:10:45.692  3256  3269 I zygote64: Background concurrent copying GC freed 62153(3MB) AllocSpace objects, 0(0B) LOS objects, 42% free, 11MB/20MB, paused 303us total 161.720ms
03-25 00:10:45.058  3495  3507 I chatty  : uid=1001(radio) Binder:3495_1 identical 1 line
03-25 00:10:45.065  3495  3507 D SubscriptionController: [getDefaultDataSubId] subId= 2
03-25 00:10:46.054  3366  3377 D RIL     : rxlev[0]=99, rscp[0]=255, rsrp[0]=100
03-25 00:10:46.054  3366  3377 D RILC    : currentSignalStrengthInd
03-25 00:10:46.054  3366  3377 I RILC    : RIL_SOCKET_1 UNSOLICITED: UNSOL_SIGNAL_STRENGTH length:56
03-25 00:10:46.058  3256  3463 D WifiNetworkMonitor: EVENT_WIFI_RSSI_CHANGED
03-25 00:10:46.058  3495  3507 D SubscriptionController: [getDefaultDataSubId] subId= 2
03-25 00:10:46.058  3256  3463 E WifiNetworkMonitor: Not any Obervers!!!
03-25 00:10:46.059  3256  5886 I WifiService: getConnectionInfo uid=10082
03-25 00:10:46.070  3013  3727 E LIBGPS  : send agps cmd to server
03-25 00:10:46.071  3013  3727 E LIBGPS  : send agps cmd to server
03-25 00:10:46.072  3013  3727 E LIBGPS  : begin save flash data,subtype is 8,lenth is 1820
03-25 00:10:46.072  3013  3727 E LIBGPS  : begin save flash data,subtype is 29,lenth is 1032
03-25 00:10:46.073  3013  3727 E LIBGPS  : ===>>>>set para type
03-25 00:10:46.092  3926  3972 I CPVoiceAgent: select: retrun 0
03-25 00:10:46.326  2954  3116 D ENGPC   : parse_event: event { 'change', '/devices/virtual/xt_idletimer/timers', 'xt_idletimer', '' }
03-25 00:10:46.328  3256  3340 I WifiService: requestActivityInfo uid=1000
03-25 00:10:46.328  3256  3340 I WifiService: reportActivityInfo uid=1000
03-25 00:10:46.329  3256  3340 I WifiService: getSupportedFeatures uid=1000
03-25 00:10:47.004  3013  3727 E LIBGPS  : send agps cmd to server
03-25 00:10:46.060  3495  3507 I chatty  : uid=1001(radio) Binder:3495_1 identical 1 line
03-25 00:10:46.068  3495  3507 D SubscriptionController: [getDefaultDataSubId] subId= 2
03-25 00:10:47.054  3366  3377 D RIL     : rxlev[0]=99, rscp[0]=255, rsrp[0]=99
03-25 00:10:47.055  3366  3377 D RILC    : currentSignalStrengthInd
03-25 00:10:47.055  3366  3377 I RILC    : RIL_SOCKET_1 UNSOLICITED: UNSOL_SIGNAL_STRENGTH length:56
03-25 00:10:47.058  3495  3507 D SubscriptionController: [getDefaultDataSubId] subId= 2
03-25 00:10:47.059  3256  3560 I WifiService: getConnectionInfo uid=10082
03-25 00:10:47.073  3013  3727 E LIBGPS  : send agps cmd to server
03-25 00:10:47.074  3013  3727 E LIBGPS  : send agps cmd to server
03-25 00:10:47.076  3013  3727 E LIBGPS_LTE: we will trigger gen lte,svid is 12
03-25 00:10:47.077  3013  3727 E LIBGPS_LTE: sv 12 get new obs, toe 273600
03-25 00:10:47.077  3013  3727 E LIBGPS_LTE:  
03-25 00:10:47.077  3013  3727 E LIBGPS_LTE: SF_saveObs enter,path is /data/gnss/lte/raw.obs
03-25 00:10:47.077  3013  3726 E LIBGPS_LTE: after sem wait,g_SF_newSvMask:2048
03-25 00:10:47.078  3013  3726 E LIBGPS_LTE: XEOD_Init before enter,pDataPath:0x7c661cae08
03-25 00:10:47.078  3013  3726 E LIBGPS_LTE: XEOD_CG Init Done!
03-25 00:10:47.078  3013  3726 E LIBGPS_LTE: Processing SV: 12...
03-25 00:10:47.079  3013  3727 E LIBGPS_LTE: save file success
03-25 00:10:47.080  3013  3727 E LIBGPS  : ===>>>>set para type
03-25 00:10:47.097  6871  6871 D LocationService: 2026-03-25T03:10:47.097Z: Window#32 finish signal received or interval reached
03-25 00:10:47.099  6871  6871 D LocationService: 2026-03-25T03:10:47.098Z: Window#32 early processing starting
03-25 00:10:47.100  6871  6871 D LocationService: 2026-03-25T03:10:47.099Z: Early finish triggered for window#32, removed updates, callbackId=170936428
03-25 00:10:47.101  6871  6871 D LocationService: 2026-03-25T03:10:47.101Z: Window#32 early summary: count=1, bestAcc=17.163, locations=[age=2s, acc=17.163]
03-25 00:10:47.103  6871  6871 D LocationService: 2026-03-25T03:10:47.102Z: Window#32 already processed early, skipping final processing
03-25 00:10:47.103  6871  7032 D LocationService: 2026-03-25T03:10:47.102Z: Saving Location: lat=-37.1183371, lon=-56.8564781, acc=17.163, battery=100%, charging=false, mode=HIGH_ACCURACY
03-25 00:10:47.103  3256  5886 D BroadcastQueue: Add broadcast <BroadcastRecord{7eddecb u0 android.location.HIGH_POWER_REQUEST_CHANGE}> into [parallel | background], pending size 0
03-25 00:10:47.108  3256  3328 D BroadcastQueue: Done with parallel broadcast [background] [BroadcastRecord{7eddecb u0 android.location.HIGH_POWER_REQUEST_CHANGE}]
03-25 00:10:47.108  6871  6871 D LocationService: 2026-03-25T03:10:47.104Z: getLocationInterval: source=Unplugged, plugged=false, interval=15s
03-25 00:10:47.110  6871  7032 D LocationService: 2026-03-25T03:10:47.109Z: Location saved to repository (uuid=60872b13-af63-4966-8085-3f6051c23bdd)
03-25 00:10:47.111  6871  6871 D LocationService: 2026-03-25T03:10:47.111Z: Window#32 will schedule next interval=15000ms
03-25 00:10:47.112  3256  5886 I GnssLocationProvider: WakeLock acquired by sendMessage(SET_REQUEST, 0, com.android.server.location.GnssLocationProvider$GpsRequest@62be6a8)
03-25 00:10:47.112  3256  3327 I GnssLocationProvider: WakeLock released by handleMessage(SET_REQUEST, 0, com.android.server.location.GnssLocationProvider$GpsRequest@62be6a8)
03-25 00:10:47.112  6871  6871 D LocationService: 2026-03-25T03:10:47.112Z: Updates already removed early for window#32, skipping removal
03-25 00:10:47.112  3256  3758 D PowerController.RecogA: handleMessage(MSG_REPORT_EVENT)
03-25 00:10:47.113  6871  6871 D LocationService: 2026-03-25T03:10:47.113Z: Scheduling next window via AlarmManager, cycle interval=15000ms, remaining wait=12800ms
03-25 00:10:47.115  6871  6871 D LocationService: 2026-03-25T03:10:47.115Z: scheduleNextAlarm: using inexact alarm in 12800ms for Unplugged
03-25 00:10:47.116  3256  3815 V AlarmManager: set(PendingIntent{ee895c1: PendingIntentRecord{6e9bb7f com.urbetrack.sweeptracker startService}}) : type=0 triggerAtTime=1774408259915 win=9599 tElapsed=581429 maxElapsed=591028 interval=0 flags=0x8
03-25 00:10:47.116  3256  3815 D AlarmManagerService: set alarm to kernel: 581.429000000, type=2 
03-25 00:10:47.118  6871  6871 D LocationService: 2026-03-25T03:10:47.117Z: Released WakeLock for window#32
03-25 00:10:47.124  3256  3815 V AlarmManager: remove(operation) changed bounds; rebatching
03-25 00:10:47.124  3256  3815 D AlarmManagerService: set alarm to kernel: 581.547000000, type=2 
03-25 00:10:47.125  3985  4869 I ActivityScheduler: nextTriggerTime: 747059, in 178420ms, detectorType: 39, FULL_TYPE alarmWindowMillis: 10000
03-25 00:10:47.322  3026  3172 D WCND    : is_cp2_alive_ok: open polling interface: /proc/mdbg/loopcheck, fd = 13
03-25 00:10:47.422  3026  3172 D WCND    : is_cp2_alive_ok: loop: /proc/mdbg/loopcheck is OK
03-25 00:10:47.477  3013  3726 E LIBGPS_LTE: GeneratePredEph Done!
03-25 00:10:47.477  3013  3726 E LIBGPS_LTE: SF_saveEph: svid=12
03-25 00:10:47.478  3013  3726 E LIBGPS_LTE: save EPH file success
03-25 00:10:47.594  3926  3972 I CPVoiceAgent: select: retrun 0
03-25 00:10:48.004  3013  3727 E LIBGPS  : send agps cmd to server
03-25 00:10:48.043  2954  3116 D ENGPC   : parse_event: event { 'change', '/devices/virtual/xt_idletimer/timers', 'xt_idletimer', '' }
03-25 00:10:48.044  3256  3340 I WifiService: requestActivityInfo uid=1000
03-25 00:10:48.044  3256  3340 I WifiService: reportActivityInfo uid=1000
03-25 00:10:48.045  3256  3340 I WifiService: getSupportedFeatures uid=1000
03-25 00:10:48.051  3256  3560 V AlarmManager: remove(operation) changed bounds; rebatching
03-25 00:10:48.052  3985  8823 I AlarmManager: setExactAndAllowWhileIdle [name: GCM_HB_ALARM type: 2 triggerAtMillis: 1169566]
03-25 00:10:48.053  3256  3560 V AlarmManager: set(PendingIntent{aeec166: PendingIntentRecord{524f9ad com.google.android.gms broadcastIntent}}) : type=2 triggerAtTime=1169566 win=0 tElapsed=1169566 maxElapsed=1169566 interval=0 flags=0x5
03-25 00:10:48.054  3256  3560 V AlarmManager: remove(operation) changed bounds; rebatching
03-25 00:10:47.060  3495  3507 I chatty  : uid=1001(radio) Binder:3495_1 identical 1 line
03-25 00:10:47.067  3495  3507 D SubscriptionController: [getDefaultDataSubId] subId= 2
03-25 00:10:48.055  3366  3377 D RIL     : rxlev[0]=99, rscp[0]=255, rsrp[0]=99
03-25 00:10:48.055  3366  3377 D RILC    : currentSignalStrengthInd
03-25 00:10:48.055  3366  3377 I RILC    : RIL_SOCKET_1 UNSOLICITED: UNSOL_SIGNAL_STRENGTH length:56
03-25 00:10:48.056  3985  8823 I AlarmManager: setExactAndAllowWhileIdle [name: GCM_HB_ALARM type: 2 triggerAtMillis: 1169570]
03-25 00:10:48.057  3256  5886 V AlarmManager: set(PendingIntent{6a7ccfd: PendingIntentRecord{524f9ad com.google.android.gms broadcastIntent}}) : type=2 triggerAtTime=1169570 win=0 tElapsed=1169570 maxElapsed=1169570 interval=0 flags=0x5
03-25 00:10:48.057  3495  3507 D SubscriptionController: [getDefaultDataSubId] subId= 2
03-25 00:10:48.058  3495  4873 D SubscriptionController: [getDefaultDataSubId] subId= 2
03-25 00:10:48.060  3256  3560 I WifiService: getConnectionInfo uid=10082
03-25 00:10:48.064  3985  8823 I c2dm    : [-1,,3,2]
03-25 00:10:48.068  3495  3507 D SubscriptionController: [getDefaultDataSubId] subId= 2
03-25 00:10:48.069  3013  3727 E LIBGPS  : send agps cmd to server
03-25 00:10:48.070  3013  3727 E LIBGPS  : send agps cmd to server
03-25 00:10:48.072  3013  3727 E LIBGPS  : begin save flash data,subtype is 2,lenth is 996
03-25 00:10:48.073  3013  3727 E LIBGPS  : begin save flash data,subtype is 3,lenth is 996
03-25 00:10:48.073  3013  3727 E LIBGPS  : begin save flash data,subtype is 4,lenth is 996
03-25 00:10:48.073  3013  3727 E LIBGPS  : ===>>>>set para type
03-25 00:10:49.003  3013  3727 E LIBGPS  : send agps cmd to server
03-25 00:10:49.056  3366  3377 D RIL     : rxlev[0]=99, rscp[0]=255, rsrp[0]=99
03-25 00:10:49.056  3366  3377 D RILC    : currentSignalStrengthInd
03-25 00:10:49.056  3366  3377 I RILC    : RIL_SOCKET_1 UNSOLICITED: UNSOL_SIGNAL_STRENGTH length:56
03-25 00:10:49.059  3495  3507 D SubscriptionController: [getDefaultDataSubId] subId= 2
03-25 00:10:49.004  3013  3727 I chatty  : uid=1000(system) libgps identical 1 line
03-25 00:10:49.005  3013  3727 E LIBGPS  : send agps cmd to server
03-25 00:10:49.059  3256  3560 I WifiService: getConnectionInfo uid=10082
03-25 00:10:49.064  3256  3468 D ConnectivityService: notifyType CALLBACK_CAP_CHANGED for NetworkAgentInfo [WIFI () - 101]
03-25 00:10:49.064  3256  3459 D BroadcastQueue: Add broadcast <BroadcastRecord{e958df2 u-1 android.net.wifi.RSSI_CHANGED}> into [parallel | background], pending size 0
03-25 00:10:49.065  3256  3480 V JobScheduler.Conn: onCapabilitiesChanged() : [ Transports: WIFI Capabilities: NOT_METERED&INTERNET&NOT_RESTRICTED&TRUSTED&NOT_VPN&VALIDATED&FOREGROUND LinkUpBandwidth>=1048576Kbps LinkDnBandwidth>=1048576Kbps SignalStrength: -67]
03-25 00:10:49.065  3256  3328 D BroadcastQueue: Done with parallel broadcast [background] [BroadcastRecord{e958df2 u-1 android.net.wifi.RSSI_CHANGED}]
03-25 00:10:49.065  3256  3480 D JobStatus: isReady()  jobId=2040  mReschedule=true  enable=false
03-25 00:10:49.065  3256  3480 I JobScheduler.Conn: Connectivity unchanged for JobStatus{fce39dd #u0a79/2040 com.google.android.apps.maps/androidx.work.impl.background.systemjob.SystemJobService u=0 s=10079 TIME=+22h12m55s373ms:none NET=1}: usable=true connected=true validated=true metered=false unmetered=true notRoaming=true
03-25 00:10:49.065  3256  3480 D JobStatus: isReady()  jobId=20537  mReschedule=true  enable=false
03-25 00:10:49.065  3256  3480 I JobScheduler.Conn: Connectivity unchanged for JobStatus{db65d04 #1000/20537 android/com.android.server.backup.KeyValueBackupJob u=0 s=1000 TIME=+3h56m7s798ms:+23h50m50s157ms NET=1 CHARGING}: usable=true connected=true validated=true metered=false unmetered=true notRoaming=true
03-25 00:10:49.066  3256  3463 D WifiNetworkMonitor: EVENT_WIFI_RSSI_CHANGED
03-25 00:10:49.066  3256  3480 D JobStatus: isReady()  jobId=226  mReschedule=true  enable=false
03-25 00:10:49.066  3256  3463 E WifiNetworkMonitor: Not any Obervers!!!
03-25 00:10:49.066  3256  3480 I JobScheduler.Conn: Connectivity unchanged for JobStatus{da03e86 #u0a76/226 com.google.android.inputmethod.latin/androidx.work.impl.background.systemjob.SystemJobService u=0 s=10076 TIME=+46m38s971ms:none NET=1 CHARGING IDLE}: usable=true connected=true validated=true metered=false unmetered=true notRoaming=true
03-25 00:10:49.066  3256  3480 D JobStatus: isReady()  jobId=9148  mReschedule=true  enable=false
03-25 00:10:49.066  3256  3480 I JobScheduler.Conn: Connectivity unchanged for JobStatus{983c8dc #u0a32/9148 com.android.vending/com.google.android.finsky.scheduler.process.mainimpl.PhoneskyJobServiceMain u=0 s=10032 TIME=+2h33m28s780ms:+7h50m15s942ms NET=1}: usable=true connected=true validated=true metered=false unmetered=true notRoaming=true
03-25 00:10:49.067  3256  3480 D JobStatus: isReady()  jobId=888  mReschedule=true  enable=false
03-25 00:10:49.067  3256  3480 I JobScheduler.Conn: Connectivity unchanged for JobStatus{85e1b29 #1000/888 com.abupdate.fota_demo_iot/com.abupdate.iot_libs.service.JobSchedulerService u=0 s=1000 TIME=+23h51m4s437ms:+1d23h51m4s437ms NET=1 PERIODIC PERSISTED}: usable=true connected=true validated=true metered=false unmetered=true notRoaming=true
03-25 00:10:49.068  3256  3480 D JobStatus: isReady()  jobId=151530822  mReschedule=true  enable=false
03-25 00:10:49.068  3256  3480 I JobScheduler.Conn: Connectivity unchanged for JobStatus{65d38a5 #u0a32/151530822 com.android.vending/com.google.android.finsky.instantapps.InstantAppHygieneService u=0 s=10032 TIME=+16h33m52s215ms:+1d16h33m52s215ms NET=1 IDLE PERIODIC PERSISTED}: usable=true connected=true validated=true metered=false unmetered=true notRoaming=true
03-25 00:10:49.068  3256  3480 D JobStatus: isReady()  jobId=2000  mReschedule=true  enable=false
03-25 00:10:49.068  3256  3480 I JobScheduler.Conn: Connectivity unchanged for JobStatus{5c6c005 #u0a79/2000 com.google.android.apps.maps/com.google.android.apps.gmm.offline.update.OfflineAutoUpdateJobServiceV2 u=0 s=10079 TIME=+1m7s856ms:none NET=2 CHARGING IDLE PERSISTED}: usable=true connected=true validated=true metered=false unmetered=true notRoaming=true
03-25 00:10:49.069  3256  3480 D JobStatus: isReady()  jobId=1  mReschedule=true  enable=false
03-25 00:10:49.069  3256  3480 I JobScheduler.Conn: Connectivity unchanged for JobStatus{4e01716 #u0a14/1 GmsBackupSchedulerChimeraService:com.google.android.gms u=0 s=10014 TIME=+23h51m12s341ms:none NET=2 CHARGING IDLE}: usable=true connected=true validated=true metered=false unmetered=true notRoaming=true
03-25 00:10:49.069  3256  3480 D JobStatus: isReady()  jobId=31  mReschedule=true  enable=false
03-25 00:10:49.069  3256  3480 I JobScheduler.Conn: Connectivity unchanged for JobStatus{33d4ba1 #u0a72/31 com.google.android.tts/androidx.work.impl.background.systemjob.SystemJobService u=0 s=10072 TIME=-8m47s357ms:none NET=2 CHARGING IDLE}: usable=true connected=true validated=true metered=false unmetered=true notRoaming=true
03-25 00:10:49.069  3256  3480 D JobStatus: isReady()  jobId=201  mReschedule=true  enable=false
03-25 00:10:49.070  3256  3480 I JobScheduler.Conn: Connectivity unchanged for JobStatus{2dd41f8 #u0a2/201 com.android.dialer/com.android.voicemail.impl.StatusCheckJobService u=0 s=10002 TIME=+23h51m2s104ms:+1d23h51m2s104ms NET=1 CHARGING PERIODIC}: usable=true connected=true validated=true metered=false unmetered=true notRoaming=true
03-25 00:10:49.070  3256  3480 D JobStatus: isReady()  jobId=35  mReschedule=true  enable=false
03-25 00:10:49.071  3256  3566 I WifiService: getConnectionInfo uid=10082
03-25 00:10:49.071  3256  3480 I JobScheduler.Conn: Connectivity unchanged for JobStatus{281dcb4 #u0a72/35 com.google.android.tts/androidx.work.impl.background.systemjob.SystemJobService u=0 s=10072 TIME=+46m39s148ms:none NET=1 CHARGING IDLE}: usable=true connected=true validated=true metered=false unmetered=true notRoaming=true
03-25 00:10:49.071  3256  3480 D JobStatus: isReady()  jobId=227  mReschedule=true  enable=false
03-25 00:10:49.071  3256  3480 I JobScheduler.Conn: Connectivity unchanged for JobStatus{1ed6d1 #u0a76/227 com.google.android.inputmethod.latin/androidx.work.impl.background.systemjob.SystemJobService u=0 s=10076 TIME=-8m57s839ms:none NET=2 CHARGING IDLE}: usable=true connected=true validated=true metered=false unmetered=true notRoaming=true
03-25 00:10:49.072  3013  3727 E LIBGPS  : send agps cmd to server
03-25 00:10:49.061  3495  3507 D SubscriptionController: [getDefaultDataSubId] subId= 2
03-25 00:10:49.076  3495  4873 D SubscriptionController: [getDefaultDataSubId] subId= 2
03-25 00:10:49.073  3013  3727 E LIBGPS  : send agps cmd to server
03-25 00:10:49.077  3013  3727 E LIBGPS  : begin save flash data,subtype is 9,lenth is 1820
03-25 00:10:49.077  3013  3727 E LIBGPS  : begin save flash data,subtype is 29,lenth is 1032
03-25 00:10:49.077  3013  3727 E LIBGPS  : ===>>>>set para type
03-25 00:10:49.078  3256  3468 D ConnectivityService: updateNetworkScore for NetworkAgentInfo [WIFI () - 101] to 52
03-25 00:10:49.079  3256  3468 D ConnectivityService: rematchNetworkAndRequests: reap = DONT_REAP
03-25 00:10:49.079  3256  3468 D ConnectivityService: rematching NetworkAgentInfo [WIFI () - 101], score is 52
03-25 00:10:49.079  3256  3468 D ConnectivityService:  network has: [ Transports: WIFI Capabilities: NOT_METERED&INTERNET&NOT_RESTRICTED&TRUSTED&NOT_VPN&VALIDATED&FOREGROUND LinkUpBandwidth>=1048576Kbps LinkDnBandwidth>=1048576Kbps SignalStrength: -67]
03-25 00:10:49.079  3256  3468 D ConnectivityService: Network NetworkAgentInfo [WIFI () - 101] was already satisfying request 1. No change.
03-25 00:10:49.079  3256  3468 D ConnectivityService: Network NetworkAgentInfo [WIFI () - 101] was already satisfying request 3. No change.
03-25 00:10:49.079  3256  3468 D ConnectivityService: Network NetworkAgentInfo [WIFI () - 101] was already satisfying request 38. No change.
03-25 00:10:49.080  3256  3468 D ConnectivityService: Network NetworkAgentInfo [WIFI () - 101] was already satisfying request 26. No change.
03-25 00:10:49.080  3256  3468 D ConnectivityService: Network NetworkAgentInfo [WIFI () - 101] was already satisfying request 20. No change.
03-25 00:10:49.080  3256  3468 D ConnectivityService: Network NetworkAgentInfo [WIFI () - 101] was already satisfying request 22. No change.
03-25 00:10:49.080  3256  3468 D ConnectivityService: Network NetworkAgentInfo [WIFI () - 101] was already satisfying request 10. No change.
03-25 00:10:49.080  3256  3468 D ConnectivityService: Network NetworkAgentInfo [WIFI () - 101] was already satisfying request 33. No change.
03-25 00:10:49.080  3256  3468 D ConnectivityService: Network NetworkAgentInfo [WIFI () - 101] was already satisfying request 6. No change.
03-25 00:10:49.081  3256  3468 D ConnectivityService:   checking if request is satisfied: NetworkRequest [ BACKGROUND_REQUEST id=2, [ Transports: CELLULAR Capabilities: INTERNET&NOT_RESTRICTED&TRUSTED&NOT_VPN] ], satisfies = false
03-25 00:10:49.081  3256  3468 D ConnectivityService: Network NetworkAgentInfo [WIFI () - 101] was already satisfying request 19. No change.
03-25 00:10:49.081  3256  3468 D ConnectivityService: Network NetworkAgentInfo [WIFI () - 101] was already satisfying request 39. No change.
03-25 00:10:49.081  3256  3468 D ConnectivityService: isNewDefault = false
03-25 00:10:49.081  3256  3468 D ConnectivityService: keep = true
03-25 00:10:49.081  3256  3468 D ConnectivityService: rematchNetworkAndRequests: reap = REAP
03-25 00:10:49.081  3256  3468 D ConnectivityService: rematching NetworkAgentInfo [MOBILE (LTE) - 100], score is 50
03-25 00:10:49.081  3256  3468 D ConnectivityService:  network has: [ Transports: CELLULAR Capabilities: SUPL&XCAP&INTERNET&NOT_RESTRICTED&TRUSTED&NOT_VPN&VALIDATED LinkUpBandwidth>=51200Kbps LinkDnBandwidth>=102400Kbps Specifier: <2>]
03-25 00:10:49.082  3256  3468 D ConnectivityService:   checking if request is satisfied: NetworkRequest [ REQUEST id=1, [ Capabilities: INTERNET&NOT_RESTRICTED&TRUSTED&NOT_VPN] ], satisfies = true
03-25 00:10:49.082  3256  3468 D ConnectivityService: currentScore = 52, newScore = 50
03-25 00:10:49.082  3256  3468 D ConnectivityService:   checking if request is satisfied: NetworkRequest [ TRACK_DEFAULT id=3, [ Capabilities: INTERNET&NOT_RESTRICTED&TRUSTED&NOT_VPN] ], satisfies = true
03-25 00:10:49.082  3256  3468 D ConnectivityService: currentScore = 52, newScore = 50
03-25 00:10:49.082  3256  3468 D ConnectivityService:   checking if request is satisfied: NetworkRequest [ TRACK_DEFAULT id=38, [ Capabilities: INTERNET&NOT_RESTRICTED&TRUSTED&NOT_VPN] ], satisfies = true
03-25 00:10:49.083  3256  3468 D ConnectivityService: currentScore = 52, newScore = 50
03-25 00:10:49.083  3256  3468 D ConnectivityService:   checking if request is satisfied: NetworkRequest [ TRACK_DEFAULT id=26, [ Capabilities: INTERNET&NOT_RESTRICTED&TRUSTED&NOT_VPN] ], satisfies = true
03-25 00:10:49.083  3256  3468 D ConnectivityService: currentScore = 52, newScore = 50
03-25 00:10:49.083  3256  3468 D ConnectivityService:   checking if request is satisfied: NetworkRequest [ TRACK_DEFAULT id=20, [ Capabilities: INTERNET&NOT_RESTRICTED&TRUSTED&NOT_VPN] ], satisfies = true
03-25 00:10:49.083  3256  3468 D ConnectivityService: currentScore = 52, newScore = 50
03-25 00:10:49.083  3256  3468 D ConnectivityService:   checking if request is satisfied: NetworkRequest [ TRACK_DEFAULT id=22, [ Capabilities: INTERNET&NOT_RESTRICTED&TRUSTED&NOT_VPN] ], satisfies = true
03-25 00:10:49.083  3256  3468 D ConnectivityService: currentScore = 52, newScore = 50
03-25 00:10:49.083  3256  3468 D ConnectivityService:   checking if request is satisfied: NetworkRequest [ TRACK_DEFAULT id=10, [ Capabilities: INTERNET&NOT_RESTRICTED&TRUSTED&NOT_VPN] ], satisfies = true
03-25 00:10:49.083  3256  3468 D ConnectivityService: currentScore = 52, newScore = 50
03-25 00:10:49.083  3256  3468 D ConnectivityService:   checking if request is satisfied: NetworkRequest [ TRACK_DEFAULT id=33, [ Capabilities: INTERNET&NOT_RESTRICTED&TRUSTED&NOT_VPN] ], satisfies = true
03-25 00:10:49.084  3256  3468 D ConnectivityService: currentScore = 52, newScore = 50
03-25 00:10:49.084  3256  3468 D ConnectivityService:   checking if request is satisfied: NetworkRequest [ TRACK_DEFAULT id=6, [ Capabilities: INTERNET&NOT_RESTRICTED&TRUSTED&NOT_VPN] ], satisfies = true
03-25 00:10:49.084  3256  3468 D ConnectivityService: currentScore = 52, newScore = 50
03-25 00:10:49.084  3256  3468 D ConnectivityService: Network NetworkAgentInfo [MOBILE (LTE) - 100] was already satisfying request 2. No change.
03-25 00:10:49.084  3256  3468 D ConnectivityService:   checking if request is satisfied: NetworkRequest [ TRACK_DEFAULT id=19, [ Capabilities: INTERNET&NOT_RESTRICTED&TRUSTED&NOT_VPN] ], satisfies = true
03-25 00:10:49.084  3256  3468 D ConnectivityService: currentScore = 52, newScore = 50
03-25 00:10:49.084  3256  3468 D ConnectivityService:   checking if request is satisfied: NetworkRequest [ TRACK_DEFAULT id=39, [ Capabilities: INTERNET&NOT_RESTRICTED&TRUSTED&NOT_VPN] ], satisfies = true
03-25 00:10:49.085  3256  3468 D ConnectivityService: currentScore = 52, newScore = 50
03-25 00:10:49.085  3256  3468 D ConnectivityService: isNewDefault = false
03-25 00:10:49.085  3256  3468 D ConnectivityService: keep = true
03-25 00:10:49.085  3256  3468 D ConnectivityService: sending new Min Network Score(52): NetworkRequest [ REQUEST id=1, [ Capabilities: INTERNET&NOT_RESTRICTED&TRUSTED&NOT_VPN] ]
03-25 00:10:49.086  3256  3468 D ConnectivityService: sending new Min Network Score(52): NetworkRequest [ TRACK_DEFAULT id=3, [ Capabilities: INTERNET&NOT_RESTRICTED&TRUSTED&NOT_VPN] ]
03-25 00:10:49.086  3256  3468 D ConnectivityService: sending new Min Network Score(52): NetworkRequest [ TRACK_DEFAULT id=6, [ Capabilities: INTERNET&NOT_RESTRICTED&TRUSTED&NOT_VPN] ]
03-25 00:10:49.087  3256  3468 D ConnectivityService: sending new Min Network Score(52): NetworkRequest [ TRACK_DEFAULT id=10, [ Capabilities: INTERNET&NOT_RESTRICTED&TRUSTED&NOT_VPN] ]
03-25 00:10:49.088  3256  3468 D ConnectivityService: sending new Min Network Score(52): NetworkRequest [ TRACK_DEFAULT id=19, [ Capabilities: INTERNET&NOT_RESTRICTED&TRUSTED&NOT_VPN] ]
03-25 00:10:49.088  3256  3468 D ConnectivityService: sending new Min Network Score(52): NetworkRequest [ TRACK_DEFAULT id=20, [ Capabilities: INTERNET&NOT_RESTRICTED&TRUSTED&NOT_VPN] ]
03-25 00:10:49.088  3256  3468 D ConnectivityService: sending new Min Network Score(52): NetworkRequest [ TRACK_DEFAULT id=22, [ Capabilities: INTERNET&NOT_RESTRICTED&TRUSTED&NOT_VPN] ]
03-25 00:10:49.089  3256  3468 D ConnectivityService: sending new Min Network Score(52): NetworkRequest [ TRACK_DEFAULT id=26, [ Capabilities: INTERNET&NOT_RESTRICTED&TRUSTED&NOT_VPN] ]
03-25 00:10:49.089  3256  3468 D ConnectivityService: sending new Min Network Score(52): NetworkRequest [ TRACK_DEFAULT id=33, [ Capabilities: INTERNET&NOT_RESTRICTED&TRUSTED&NOT_VPN] ]
03-25 00:10:49.089  3256  3468 D ConnectivityService: sending new Min Network Score(52): NetworkRequest [ TRACK_DEFAULT id=38, [ Capabilities: INTERNET&NOT_RESTRICTED&TRUSTED&NOT_VPN] ]
03-25 00:10:49.089  3256  3468 D ConnectivityService: sending new Min Network Score(52): NetworkRequest [ TRACK_DEFAULT id=39, [ Capabilities: INTERNET&NOT_RESTRICTED&TRUSTED&NOT_VPN] ]
03-25 00:10:49.095  3926  3972 I CPVoiceAgent: select: retrun 0
03-25 00:10:49.099  6871  7121 D ConnectivityObserver: 2026-03-25T03:10:49.099Z: [id=1] State changed after 30ms: WiFi=true/2, Online=true, Cell=4G/3, SIM=PRESENT | changes=wifiLevel:3->2
03-25 00:10:49.981  3529  3753 I sysui_multi_action: [757,1093,758,4,793,16026,1094,604504577,1095,5]
03-25 00:10:50.003  3013  3727 E LIBGPS  : send agps cmd to server
03-25 00:10:49.083  3495  4873 D SubscriptionController: [getDefaultDataSubId] subId= 2
03-25 00:10:50.056  3366  3377 D RIL     : rxlev[0]=99, rscp[0]=255, rsrp[0]=99
03-25 00:10:50.056  3366  3377 D RILC    : currentSignalStrengthInd
03-25 00:10:50.056  3366  3377 I RILC    : RIL_SOCKET_1 UNSOLICITED: UNSOL_SIGNAL_STRENGTH length:56
03-25 00:10:50.058  3495  3507 D SubscriptionController: [getDefaultDataSubId] subId= 2
03-25 00:10:50.003  3013  3727 I chatty  : uid=1000(system) libgps identical 1 line
03-25 00:10:50.005  3013  3727 E LIBGPS  : send agps cmd to server
03-25 00:10:50.059  3256  3560 I WifiService: getConnectionInfo uid=10082
03-25 00:10:50.069  3013  3727 E LIBGPS  : send agps cmd to server
03-25 00:10:50.070  3013  3727 E LIBGPS  : send agps cmd to server
03-25 00:10:50.072  3013  3727 E LIBGPS  : begin save flash data,subtype is 31,lenth is 88
03-25 00:10:50.073  3013  3727 E LIBGPS  : ===>>>>set para type
03-25 00:10:50.596  3926  3972 I CPVoiceAgent: select: retrun 0
03-25 00:10:50.996  3529  3753 I sysui_multi_action: [757,1093,758,4,793,1014,1094,604504577,1095,5]
03-25 00:10:51.003  3013  3727 E LIBGPS  : send agps cmd to server
03-25 00:10:50.059  3495  3507 I chatty  : uid=1001(radio) Binder:3495_1 identical 1 line
03-25 00:10:50.066  3495  3507 D SubscriptionController: [getDefaultDataSubId] subId= 2
03-25 00:10:51.056  3366  3377 D RIL     : rxlev[0]=99, rscp[0]=255, rsrp[0]=99
03-25 00:10:51.057  3366  3377 D RILC    : currentSignalStrengthInd
03-25 00:10:51.057  3366  3377 I RILC    : RIL_SOCKET_1 UNSOLICITED: UNSOL_SIGNAL_STRENGTH length:56
03-25 00:10:51.060  3495  3507 D SubscriptionController: [getDefaultDataSubId] subId= 2
03-25 00:10:51.005  3013  3727 I chatty  : uid=1000(system) libgps identical 4 lines
03-25 00:10:51.005  3013  3727 E LIBGPS  : send agps cmd to server
03-25 00:10:51.061  3256  5886 I WifiService: getConnectionInfo uid=10082
03-25 00:10:51.072  3013  3727 E LIBGPS  : send agps cmd to server
03-25 00:10:51.073  3013  3727 E LIBGPS  : send agps cmd to server
03-25 00:10:51.073  3013  3727 E LIBGPS  : begin save flash data,subtype is 31,lenth is 88
03-25 00:10:51.074  3013  3727 E LIBGPS  : ===>>>>set para type
03-25 00:10:52.003  3013  3727 E LIBGPS  : send agps cmd to server
03-25 00:10:51.062  3495  3507 I chatty  : uid=1001(radio) Binder:3495_1 identical 1 line
03-25 00:10:51.070  3495  3507 D SubscriptionController: [getDefaultDataSubId] subId= 2
03-25 00:10:52.057  3366  3377 D RIL     : rxlev[0]=99, rscp[0]=255, rsrp[0]=99
03-25 00:10:52.057  3366  3377 D RILC    : currentSignalStrengthInd
03-25 00:10:52.057  3366  3377 I RILC    : RIL_SOCKET_1 UNSOLICITED: UNSOL_SIGNAL_STRENGTH length:56
03-25 00:10:52.060  3495  3507 D SubscriptionController: [getDefaultDataSubId] subId= 2
03-25 00:10:52.005  3013  3727 I chatty  : uid=1000(system) libgps identical 4 lines
03-25 00:10:52.006  3013  3727 E LIBGPS  : send agps cmd to server
03-25 00:10:52.061  3256  3560 I WifiService: getConnectionInfo uid=10082
03-25 00:10:52.072  3013  3727 E LIBGPS  : send agps cmd to server
03-25 00:10:52.073  3013  3727 E LIBGPS  : send agps cmd to server
03-25 00:10:52.074  3256  3463 D WifiNetworkMonitor: EVENT_WIFI_RSSI_CHANGED
03-25 00:10:52.074  3013  3727 E LIBGPS  : begin save flash data,subtype is 31,lenth is 88
03-25 00:10:52.074  3256  3463 E WifiNetworkMonitor: Not any Obervers!!!
03-25 00:10:52.075  3013  3727 E LIBGPS  : ===>>>>set para type
03-25 00:10:52.097  3926  3972 I CPVoiceAgent: select: retrun 0
03-25 00:10:52.290  2954  3116 D ENGPC   : parse_event: event { 'change', '/devices/platform/battery/power_supply/battery', 'power_supply', '' }
03-25 00:10:52.290  3012  3077 I ThermalChargeDetect: charge status: Discharging
03-25 00:10:52.293  3256  3256 D BroadcastQueue: Add broadcast <BroadcastRecord{2195c43 u-1 android.intent.action.BATTERY_CHANGED}> into [parallel | background], pending size 0
03-25 00:10:52.062  3495  3507 I chatty  : uid=1001(radio) Binder:3495_1 identical 1 line
03-25 00:10:52.069  3495  3507 D SubscriptionController: [getDefaultDataSubId] subId= 2
03-25 00:10:52.296  3495  3495 D DctEx   : [0]onReceive() action=android.intent.action.BATTERY_CHANGED
03-25 00:10:52.296  3256  3756 D PowerController: updatePowerSaveMode(), set to MODECONFIG_USER
03-25 00:10:52.296  3256  3756 D PowerController: isInVideoCallOrNormalCall:mModeConfigIndex:2,preModeConfigIndex = 2
03-25 00:10:52.296  3256  3756 D PowerController: updatePowerSaveModeInternal(), no change, return true
03-25 00:10:52.297  3529  3529 D BatteryMeterDrawable: onBatteryLevelChanged level=100,pluggedIn=false,charging=false
03-25 00:10:52.297  3256  3328 D BroadcastQueue: Done with parallel broadcast [background] [BroadcastRecord{2195c43 u-1 android.intent.action.BATTERY_CHANGED}]
03-25 00:10:52.297  3529  3529 I chatty  : uid=10030(com.android.systemui) identical 1 line
03-25 00:10:52.298  3529  3529 D BatteryMeterDrawable: onBatteryLevelChanged level=100,pluggedIn=false,charging=false
03-25 00:10:52.299  6871  6871 D BatteryObserver: 2026-03-25T03:10:52.298Z: [id=1] ACTION_BATTERY_CHANGED received; extras=technology,icon-small,max_charging_voltage,health,max_charging_current,status,plugged,present,seq,charge_counter,level,scale,temperature,voltage,invalid_charger
03-25 00:10:52.299  3529  3529 D PowerUI : buckets   .....0 .. 0 .. 0
03-25 00:10:52.299  3529  3529 D PowerUI : level          100 --> 100
03-25 00:10:52.299  3529  3529 D PowerUI : status         3 --> 3
03-25 00:10:52.299  3529  3529 D PowerUI : plugType       0 --> 0
03-25 00:10:52.299  3529  3529 D PowerUI : invalidCharger 0 --> 0
03-25 00:10:52.299  3529  3529 D PowerUI : bucket         1 --> 1
03-25 00:10:52.299  3529  3529 D PowerUI : plugged        false --> false
03-25 00:10:52.299  3529  3529 D PowerUI : health         2 --> 2
03-25 00:10:52.300  3529  3529 E wy      : onReceive= 111100000===100
03-25 00:10:52.300  6871  6871 D BatteryObserver: 2026-03-25T03:10:52.300Z: State: charging=false/NONE, level=100%, temp=23.9C
03-25 00:10:52.301  3529  3529 D BatteryMeterDrawable: onReceive action=android.intent.action.BATTERY_CHANGED
03-25 00:10:52.301  3529  3529 D BatteryMeterDrawable: onReceive level=100,plugType=0,status=3
03-25 00:10:52.302  3529  3529 D BatteryMeterDrawable: BatteryMeterViewAnimationShow level should be =100
03-25 00:10:52.302  3529  3529 D BatteryMeterDrawable: onReceive action=android.intent.action.BATTERY_CHANGED
03-25 00:10:52.302  3529  3529 D BatteryMeterDrawable: onReceive level=100,plugType=0,status=3
03-25 00:10:52.302  3529  3529 D BatteryMeterDrawable: BatteryMeterViewAnimationShow level should be =100
03-25 00:10:52.302  3529  3529 D BatteryMeterDrawable: onReceive action=android.intent.action.BATTERY_CHANGED
03-25 00:10:52.302  3529  3529 D BatteryMeterDrawable: onReceive level=100,plugType=0,status=3
03-25 00:10:52.302  3529  3529 D BatteryMeterDrawable: BatteryMeterViewAnimationShow level should be =100
03-25 00:10:52.428  3026  3172 D WCND    : is_cp2_alive_ok: open polling interface: /proc/mdbg/loopcheck, fd = 13
03-25 00:10:52.528  3026  3172 D WCND    : is_cp2_alive_ok: loop: /proc/mdbg/loopcheck is OK
03-25 00:10:52.596  3256  5886 I am_destroy_service: [0,127610815,3985]
03-25 00:10:52.599  3256  3560 V AlarmManager: remove(operation) changed bounds; rebatching
03-25 00:10:53.003  3013  3727 E LIBGPS  : send agps cmd to server
03-25 00:10:53.057  3366  3377 D RIL     : rxlev[0]=99, rscp[0]=255, rsrp[0]=99
03-25 00:10:53.058  3366  3377 D RILC    : currentSignalStrengthInd
03-25 00:10:53.058  3366  3377 I RILC    : RIL_SOCKET_1 UNSOLICITED: UNSOL_SIGNAL_STRENGTH length:56
03-25 00:10:53.063  3495  3507 D SubscriptionController: [getDefaultDataSubId] subId= 2
03-25 00:10:53.003  3013  3727 E LIBGPS  : send agps cmd to server
03-25 00:10:53.063  3256  3560 I WifiService: getConnectionInfo uid=10082
03-25 00:10:53.071  3013  3727 E LIBGPS  : send agps cmd to server
03-25 00:10:53.072  3013  3727 E LIBGPS  : send agps cmd to server
03-25 00:10:53.072  3013  3727 E LIBGPS  : begin save flash data,subtype is 31,lenth is 88
03-25 00:10:53.073  3013  3727 E LIBGPS  : ===>>>>set para type
03-25 00:10:53.077  8885  8885 D ip_monitor-2989: 192.168.1.1 dev wlan0 lladdr b8:d5:26:d6:ed:b0 PROBE
03-25 00:10:53.099  8886  8886 D ip_monitor-2989: 192.168.1.1 dev wlan0 lladdr b8:d5:26:d6:ed:b0 REACHABLE
03-25 00:10:53.313  3529  3753 I sysui_multi_action: [757,1093,758,4,793,2317,1094,604504577,1095,5]
03-25 00:10:53.599  3926  3972 I CPVoiceAgent: select: retrun 0
03-25 00:10:54.003  3013  3727 E LIBGPS  : send agps cmd to server
03-25 00:10:53.067  3495  3507 I chatty  : uid=1001(radio) Binder:3495_1 identical 1 line
03-25 00:10:53.072  3495  3507 D SubscriptionController: [getDefaultDataSubId] subId= 2
03-25 00:10:54.058  3366  3377 D RIL     : rxlev[0]=99, rscp[0]=255, rsrp[0]=99
03-25 00:10:54.058  3366  3377 D RILC    : currentSignalStrengthInd
03-25 00:10:54.058  3366  3377 I RILC    : RIL_SOCKET_1 UNSOLICITED: UNSOL_SIGNAL_STRENGTH length:56
03-25 00:10:54.061  3495  3827 D SubscriptionController: [getDefaultDataSubId] subId= 2
03-25 00:10:54.003  3013  3727 I chatty  : uid=1000(system) libgps identical 2 lines
03-25 00:10:54.003  3013  3727 E LIBGPS  : send agps cmd to server
03-25 00:10:54.062  3256  3560 I WifiService: getConnectionInfo uid=10082
03-25 00:10:54.071  3013  3727 E LIBGPS  : send agps cmd to server
03-25 00:10:54.072  3013  3727 E LIBGPS  : send agps cmd to server
03-25 00:10:54.073  3013  3727 E LIBGPS  : begin save flash data,subtype is 31,lenth is 88
03-25 00:10:54.074  3013  3727 E LIBGPS  : ===>>>>set para type
03-25 00:10:55.003  3013  3727 E LIBGPS  : send agps cmd to server
03-25 00:10:54.063  3495  3827 I chatty  : uid=1001(radio) Binder:3495_4 identical 1 line
03-25 00:10:54.070  3495  3827 D SubscriptionController: [getDefaultDataSubId] subId= 2
03-25 00:10:55.059  3366  3377 D RIL     : rxlev[0]=99, rscp[0]=255, rsrp[0]=99
03-25 00:10:55.059  3366  3377 D RILC    : currentSignalStrengthInd
03-25 00:10:55.059  3366  3377 I RILC    : RIL_SOCKET_1 UNSOLICITED: UNSOL_SIGNAL_STRENGTH length:56
03-25 00:10:55.062  3495  3827 D SubscriptionController: [getDefaultDataSubId] subId= 2
03-25 00:10:55.003  3013  3727 I chatty  : uid=1000(system) libgps identical 2 lines
03-25 00:10:55.004  3013  3727 E LIBGPS  : send agps cmd to server
03-25 00:10:55.062  3256  3560 I WifiService: getConnectionInfo uid=10082
03-25 00:10:55.071  3013  3727 E LIBGPS  : send agps cmd to server
03-25 00:10:55.072  3013  3727 E LIBGPS  : send agps cmd to server
03-25 00:10:55.074  3013  3727 E LIBGPS  : begin save flash data,subtype is 31,lenth is 88
03-25 00:10:55.074  3013  3727 E LIBGPS  : ===>>>>set para type
03-25 00:10:55.080  3256  3463 D WifiNetworkMonitor: EVENT_WIFI_RSSI_CHANGED
03-25 00:10:55.080  3256  3463 E WifiNetworkMonitor: Not any Obervers!!!
03-25 00:10:55.101  3926  3972 I CPVoiceAgent: select: retrun 0
03-25 00:10:56.003  3013  3727 E LIBGPS  : send agps cmd to server
03-25 00:10:55.063  3495  3827 I chatty  : uid=1001(radio) Binder:3495_4 identical 1 line
03-25 00:10:55.070  3495  3827 D SubscriptionController: [getDefaultDataSubId] subId= 2
03-25 00:10:56.059  3366  3377 D RIL     : rxlev[0]=99, rscp[0]=255, rsrp[0]=99
03-25 00:10:56.059  3366  3377 D RILC    : currentSignalStrengthInd
03-25 00:10:56.059  3366  3377 I RILC    : RIL_SOCKET_1 UNSOLICITED: UNSOL_SIGNAL_STRENGTH length:56
03-25 00:10:56.062  3495  3827 D SubscriptionController: [getDefaultDataSubId] subId= 2
03-25 00:10:56.003  3013  3727 E LIBGPS  : send agps cmd to server
03-25 00:10:56.064  3256  3560 I WifiService: getConnectionInfo uid=10082
03-25 00:10:56.072  3013  3727 E LIBGPS  : send agps cmd to server
03-25 00:10:56.073  3013  3727 E LIBGPS  : send agps cmd to server
03-25 00:10:56.075  3013  3727 E LIBGPS  : begin save flash data,subtype is 5,lenth is 1736
03-25 00:10:56.075  3013  3727 E LIBGPS  : ===>>>>set para type
03-25 00:10:56.603  3926  3972 I CPVoiceAgent: select: retrun 0
03-25 00:10:57.003  3013  3727 E LIBGPS  : send agps cmd to server
03-25 00:10:57.072  3013  3727 I chatty  : uid=1000(system) libgps identical 4 lines
03-25 00:10:57.073  3013  3727 E LIBGPS  : send agps cmd to server
03-25 00:10:57.075  3013  3727 E LIBGPS  : begin save flash data,subtype is 31,lenth is 88
03-25 00:10:57.075  3013  3727 E LIBGPS  : ===>>>>set para type
03-25 00:10:57.534  3026  3172 D WCND    : is_cp2_alive_ok: open polling interface: /proc/mdbg/loopcheck, fd = 13
03-25 00:10:57.634  3026  3172 D WCND    : is_cp2_alive_ok: loop: /proc/mdbg/loopcheck is OK
03-25 00:10:58.002  3013  3727 E LIBGPS  : send agps cmd to server
03-25 00:10:58.074  3013  3727 I chatty  : uid=1000(system) libgps identical 6 lines
03-25 00:10:58.075  3013  3727 E LIBGPS  : send agps cmd to server
03-25 00:10:58.076  3013  3727 E LIBGPS  : begin save flash data,subtype is 31,lenth is 88
03-25 00:10:58.078  3013  3727 E LIBGPS  : ===>>>>set para type
03-25 00:10:58.087  3256  3468 D ConnectivityService: notifyType CALLBACK_CAP_CHANGED for NetworkAgentInfo [WIFI () - 101]
03-25 00:10:58.087  3256  3480 V JobScheduler.Conn: onCapabilitiesChanged() : [ Transports: WIFI Capabilities: NOT_METERED&INTERNET&NOT_RESTRICTED&TRUSTED&NOT_VPN&VALIDATED&FOREGROUND LinkUpBandwidth>=1048576Kbps LinkDnBandwidth>=1048576Kbps SignalStrength: -64]
03-25 00:10:58.087  3256  3480 D JobStatus: isReady()  jobId=2040  mReschedule=true  enable=false
03-25 00:10:58.088  3256  3480 I JobScheduler.Conn: Connectivity unchanged for JobStatus{fce39dd #u0a79/2040 com.google.android.apps.maps/androidx.work.impl.background.systemjob.SystemJobService u=0 s=10079 TIME=+22h12m46s350ms:none NET=1}: usable=true connected=true validated=true metered=false unmetered=true notRoaming=true
03-25 00:10:58.088  3256  3480 D JobStatus: isReady()  jobId=20537  mReschedule=true  enable=false
03-25 00:10:58.088  3256  3480 I JobScheduler.Conn: Connectivity unchanged for JobStatus{db65d04 #1000/20537 android/com.android.server.backup.KeyValueBackupJob u=0 s=1000 TIME=+3h55m58s775ms:+23h50m41s134ms NET=1 CHARGING}: usable=true connected=true validated=true metered=false unmetered=true notRoaming=true
03-25 00:10:58.088  3256  3480 D JobStatus: isReady()  jobId=226  mReschedule=true  enable=false
03-25 00:10:58.088  3256  3480 I JobScheduler.Conn: Connectivity unchanged for JobStatus{da03e86 #u0a76/226 com.google.android.inputmethod.latin/androidx.work.impl.background.systemjob.SystemJobService u=0 s=10076 TIME=+46m29s949ms:none NET=1 CHARGING IDLE}: usable=true connected=true validated=true metered=false unmetered=true notRoaming=true
03-25 00:10:58.088  3256  3480 D JobStatus: isReady()  jobId=9148  mReschedule=true  enable=false
03-25 00:10:58.088  3256  3480 I JobScheduler.Conn: Connectivity unchanged for JobStatus{983c8dc #u0a32/9148 com.android.vending/com.google.android.finsky.scheduler.process.mainimpl.PhoneskyJobServiceMain u=0 s=10032 TIME=+2h33m19s758ms:+7h50m6s920ms NET=1}: usable=true connected=true validated=true metered=false unmetered=true notRoaming=true
03-25 00:10:58.089  3256  3480 D JobStatus: isReady()  jobId=888  mReschedule=true  enable=false
03-25 00:10:58.089  3256  3480 I JobScheduler.Conn: Connectivity unchanged for JobStatus{85e1b29 #1000/888 com.abupdate.fota_demo_iot/com.abupdate.iot_libs.service.JobSchedulerService u=0 s=1000 TIME=+23h50m55s414ms:+1d23h50m55s414ms NET=1 PERIODIC PERSISTED}: usable=true connected=true validated=true metered=false unmetered=true notRoaming=true
03-25 00:10:58.089  3256  3480 D JobStatus: isReady()  jobId=151530822  mReschedule=true  enable=false
03-25 00:10:58.089  3256  3480 I JobScheduler.Conn: Connectivity unchanged for JobStatus{65d38a5 #u0a32/151530822 com.android.vending/com.google.android.finsky.instantapps.InstantAppHygieneService u=0 s=10032 TIME=+16h33m43s194ms:+1d16h33m43s194ms NET=1 IDLE PERIODIC PERSISTED}: usable=true connected=true validated=true metered=false unmetered=true notRoaming=true
03-25 00:10:58.089  3256  3480 D JobStatus: isReady()  jobId=2000  mReschedule=true  enable=false
03-25 00:10:58.089  3256  3480 I JobScheduler.Conn: Connectivity unchanged for JobStatus{5c6c005 #u0a79/2000 com.google.android.apps.maps/com.google.android.apps.gmm.offline.update.OfflineAutoUpdateJobServiceV2 u=0 s=10079 TIME=+58s835ms:none NET=2 CHARGING IDLE PERSISTED}: usable=true connected=true validated=true metered=false unmetered=true notRoaming=true
03-25 00:10:58.089  3256  3480 D JobStatus: isReady()  jobId=1  mReschedule=true  enable=false
