03-25 00:36:05.260  2925  6493 I gralloc : gralloc=>free hnd=0x7b7e420300, share_fd=12, share_attr_fd=13, magic=51647890, format=1, internal_format=1, byte_stride=1664, flags=4, usage=2816, size=83200, width=410, height=50, internalWidth=410, internalHeight=50, stride=416, base=0x7b817da000, writeOwner=0, attr_base=0xffffffffffffffff, yuv_info=1, fd=-1, buf_idx=0, offset=0, min_pgsz=4096, phyaddr=0
03-25 00:36:05.260  3531  3531 D KeyguardAffordanceView: updateIconColor:color=0
03-25 00:36:05.260  3531  3531 D KeyguardAffordanceView: updateIconColor:color=0
03-25 00:36:05.260  3531  3531 D LockIcon: updateIconColor:color=0
03-25 00:36:05.261  2958  3292 I gralloc : gralloc_register_buffer hnd=0x6fc4f81b40, share_fd=73, share_attr_fd=74, magic=51647890, format=1, internal_format=1, byte_stride=1664, flags=4, usage=0xb00, size=83200, width=410, height=50, internalWidth=410, internalHeight=50, stride=416, base=0x6fca68b000, writeOwner=0, attr_base=0xffffffffffffffff, yuv_info=1, fd=-1, buf_idx=0, offset=0, min_pgsz=4096, phyaddr=0
03-25 00:36:05.264  2991  2991 D keystore: start attest key!
03-25 00:36:05.266  3531  3750 D Tile.DataConnectionTile: setListening subid : 2; mDataSetting : com.android.systemui.qs.tiles.DataConnectionTile$2@eb6f761; listening :false
03-25 00:36:05.267  3531  3831 I gralloc : gralloc_register_buffer hnd=0x716919d800, share_fd=95, share_attr_fd=96, magic=51647890, format=1, internal_format=1, byte_stride=1664, flags=4, usage=0xb00, size=83200, width=410, height=50, internalWidth=410, internalHeight=50, stride=416, base=0x718886e000, writeOwner=0, attr_base=0xffffffffffffffff, yuv_info=1, fd=-1, buf_idx=0, offset=0, min_pgsz=4096, phyaddr=0
03-25 00:36:05.269  3531  3531 D KeyguardAffordanceView: updateIconColor:color=0
03-25 00:36:05.270  3531  3531 D KeyguardAffordanceView: updateIconColor:color=0
03-25 00:36:05.270  3531  3531 D LockIcon: updateIconColor:color=0
03-25 00:36:05.270  2958  2958 I gralloc : gralloc_unregister_buffer hnd=0x6fc802e080, share_fd=96, share_attr_fd=99, magic=51647890, format=1, internal_format=1, byte_stride=1664, flags=4, usage=0xb00, size=835328, width=410, height=502, internalWidth=410, internalHeight=502, stride=416, base=0x6fc3b42000, writeOwner=0, attr_base=0xffffffffffffffff, yuv_info=1, fd=-1, buf_idx=0, offset=0, min_pgsz=4096, phyaddr=0
03-25 00:36:05.271  2925  6493 I gralloc : mali_gralloc_select_format, AFBC is disabled now
03-25 00:36:05.271  2925  6493 I gralloc : mali_gralloc_select_format: req_format=0x00000001 req_fmt_mapped=0x0 internal_format=0x1 usage=0xb00
03-25 00:36:05.272  2925  6493 I gralloc : gralloc=>alloc, share_fd=12, share_attr_fd=13, magic=51647890, format=1, internal_format=1, byte_stride=1664, flags=4, usage=0x2816, size=83200, width=410, height=50, internalWidth=410, internalHeight=50, stride=416, ADP_VSTRIDE=0,base=0x7b817da000, writeOwner=0, attr_base=0xffffffffffffffff, yuv_info=1, fd=-1, buf_idx=0, offset=0, min_pgsz=4096, phyaddr=0
03-25 00:36:05.272  2925  6493 I gralloc : gralloc=>free hnd=0x7b7e420300, share_fd=12, share_attr_fd=13, magic=51647890, format=1, internal_format=1, byte_stride=1664, flags=4, usage=2816, size=83200, width=410, height=50, internalWidth=410, internalHeight=50, stride=416, base=0x7b817da000, writeOwner=0, attr_base=0xffffffffffffffff, yuv_info=1, fd=-1, buf_idx=0, offset=0, min_pgsz=4096, phyaddr=0
03-25 00:36:05.273  2958  3292 I gralloc : gralloc_register_buffer hnd=0x6fc8a9cb00, share_fd=62, share_attr_fd=78, magic=51647890, format=1, internal_format=1, byte_stride=1664, flags=4, usage=0xb00, size=83200, width=410, height=50, internalWidth=410, internalHeight=50, stride=416, base=0x6fca676000, writeOwner=0, attr_base=0xffffffffffffffff, yuv_info=1, fd=-1, buf_idx=0, offset=0, min_pgsz=4096, phyaddr=0
03-25 00:36:05.274  3531  3831 I gralloc : gralloc_register_buffer hnd=0x716907ca40, share_fd=97, share_attr_fd=98, magic=51647890, format=1, internal_format=1, byte_stride=1664, flags=4, usage=0xb00, size=83200, width=410, height=50, internalWidth=410, internalHeight=50, stride=416, base=0x71887d7000, writeOwner=0, attr_base=0xffffffffffffffff, yuv_info=1, fd=-1, buf_idx=0, offset=0, min_pgsz=4096, phyaddr=0
03-25 00:36:05.294  2991  2991 D keystore: finish attest key, rc = 1 
03-25 00:36:05.297  2991  2991 D keystore: fsync ret 0
03-25 00:36:05.301  2991  2991 D keystore: fsync ret 0
03-25 00:36:05.304  7280  7366 W AndroidKeyStore: Couldn't parse certificate in keystore
03-25 00:36:05.304  7280  7366 W AndroidKeyStore: java.security.cert.CertificateException: com.google.android.gms.org.conscrypt.OpenSSLX509CertificateFactory$ParsingException: com.google.android.gms.org.conscrypt.OpenSSLX509CertificateFactory$ParsingException: java.lang.RuntimeException: error:0c00006d:ASN.1 encoding routines:OPENSSL_internal:DECODE_ERROR
03-25 00:36:05.304  7280  7366 W AndroidKeyStore: 	at com.google.android.gms.org.conscrypt.OpenSSLX509CertificateFactory.engineGenerateCertificate(:com.google.android.gms@261133004@26.11.33 (040400-887465546):13)
03-25 00:36:05.304  7280  7366 W AndroidKeyStore: 	at java.security.cert.CertificateFactory.generateCertificate(CertificateFactory.java:362)
03-25 00:36:05.304  7280  7366 W AndroidKeyStore: 	at android.security.keystore.AndroidKeyStoreSpi.toCertificate(AndroidKeyStoreSpi.java:218)
03-25 00:36:05.304  7280  7366 W AndroidKeyStore: 	at android.security.keystore.AndroidKeyStoreSpi.getCertificateForPrivateKeyEntry(AndroidKeyStoreSpi.java:180)
03-25 00:36:05.304  7280  7366 W AndroidKeyStore: 	at android.security.keystore.AndroidKeyStoreSpi.engineGetCertificate(AndroidKeyStoreSpi.java:147)
03-25 00:36:05.304  7280  7366 W AndroidKeyStore: 	at android.security.keystore.AndroidKeyStoreSpi.engineGetCertificateChain(AndroidKeyStoreSpi.java:112)
03-25 00:36:05.304  7280  7366 W AndroidKeyStore: 	at java.security.KeyStore.getCertificateChain(KeyStore.java:1087)
03-25 00:36:05.304  7280  7366 W AndroidKeyStore: 	at com.google.ccc.abuse.droidguard.DroidGuard.initNative(Native Method)
03-25 00:36:05.304  7280  7366 W AndroidKeyStore: 	at com.google.ccc.abuse.droidguard.DroidGuard.init(PG:44)
03-25 00:36:05.304  7280  7366 W AndroidKeyStore: 	at java.lang.reflect.Method.invoke(Native Method)
03-25 00:36:05.304  7280  7366 W AndroidKeyStore: 	at bkbr.b(:com.google.android.gms@261133004@26.11.33 (040400-887465546):14)
03-25 00:36:05.304  7280  7366 W AndroidKeyStore: 	at bjxh.f(:com.google.android.gms@261133004@26.11.33 (040400-887465546):112)
03-25 00:36:05.304  7280  7366 W AndroidKeyStore: 	at bjxh.a(:com.google.android.gms@261133004@26.11.33 (040400-887465546):14)
03-25 00:36:05.304  7280  7366 W AndroidKeyStore: 	at bjzn.fl(:com.google.android.gms@261133004@26.11.33 (040400-887465546):30)
03-25 00:36:05.304  7280  7366 W AndroidKeyStore: 	at waq.onTransact(:com.google.android.gms@261133004@26.11.33 (040400-887465546):96)
03-25 00:36:05.304  7280  7366 W AndroidKeyStore: 	at android.os.Binder.transact(Binder.java:653)
03-25 00:36:05.304  7280  7366 W AndroidKeyStore: 	at btzn.onTransact(:com.google.android.gms@261133004@26.11.33 (040400-887465546):161)
03-25 00:36:05.304  7280  7366 W AndroidKeyStore: 	at android.os.Binder.execTransact(Binder.java:723)
03-25 00:36:05.304  7280  7366 W AndroidKeyStore: Caused by: com.google.android.gms.org.conscrypt.OpenSSLX509CertificateFactory$ParsingException: com.google.android.gms.org.conscrypt.OpenSSLX509CertificateFactory$ParsingException: java.lang.RuntimeException: error:0c00006d:ASN.1 encoding routines:OPENSSL_internal:DECODE_ERROR
03-25 00:36:05.304  7280  7366 W AndroidKeyStore: 	at com.google.android.gms.org.conscrypt.OpenSSLX509CertificateFactory$Parser.generateItem(:com.google.android.gms@261133004@26.11.33 (040400-887465546):169)
03-25 00:36:05.304  7280  7366 W AndroidKeyStore: 	at com.google.android.gms.org.conscrypt.OpenSSLX509CertificateFactory.engineGenerateCertificate(:com.google.android.gms@261133004@26.11.33 (040400-887465546):3)
03-25 00:36:05.304  7280  7366 W AndroidKeyStore: 	... 17 more
03-25 00:36:05.304  7280  7366 W AndroidKeyStore: Caused by: com.google.android.gms.org.conscrypt.OpenSSLX509CertificateFactory$ParsingException: java.lang.RuntimeException: error:0c00006d:ASN.1 encoding routines:OPENSSL_internal:DECODE_ERROR
03-25 00:36:05.304  7280  7366 W AndroidKeyStore: 	at com.google.android.gms.org.conscrypt.OpenSSLX509Certificate.fromX509DerInputStream(:com.google.android.gms@261133004@26.11.33 (040400-887465546):37)
03-25 00:36:05.304  7280  7366 W AndroidKeyStore: 	at com.google.android.gms.org.conscrypt.OpenSSLX509CertificateFactory$1.fromX509DerInputStream(:com.google.android.gms@261133004@26.11.33 (040400-887465546):1)
03-25 00:36:05.304  7280  7366 W AndroidKeyStore: 	at com.google.android.gms.org.conscrypt.OpenSSLX509CertificateFactory$1.fromX509DerInputStream(:com.google.android.gms@261133004@26.11.33 (040400-887465546):6)
03-25 00:36:05.304  7280  7366 W AndroidKeyStore: 	at com.google.android.gms.org.conscrypt.OpenSSLX509CertificateFactory$Parser.generateItem(:com.google.android.gms@261133004@26.11.33 (040400-887465546):81)
03-25 00:36:05.304  7280  7366 W AndroidKeyStore: 	... 18 more
03-25 00:36:05.304  7280  7366 W AndroidKeyStore: Caused by: java.lang.RuntimeException: error:0c00006d:ASN.1 encoding routines:OPENSSL_internal:DECODE_ERROR
03-25 00:36:05.304  7280  7366 W AndroidKeyStore: 	at com.google.android.gms.org.conscrypt.NativeCrypto.d2i_X509_bio(Native Method)
03-25 00:36:05.304  7280  7366 W AndroidKeyStore: 	at com.google.android.gms.org.conscrypt.OpenSSLX509Certificate.fromX509DerInputStream(:com.google.android.gms@261133004@26.11.33 (040400-887465546):11)
03-25 00:36:05.304  7280  7366 W AndroidKeyStore: 	... 21 more
03-25 00:36:05.305  2991  2991 I keystore: del USRPKEY_unstable.c7202ece89390c490b1b94d5b71225e1.A1461703161617237816 10014
03-25 00:36:05.305  2991  2991 D keystore: start del key!
03-25 00:36:05.306  2991  2991 D keystore: finish del key, rc = 0 
03-25 00:36:05.306  2991  2991 I keystore: del USRSKEY_unstable.c7202ece89390c490b1b94d5b71225e1.A1461703161617237816 10014
03-25 00:36:05.307  2991  2991 I keystore: del USRCERT_unstable.c7202ece89390c490b1b94d5b71225e1.A1461703161617237816 10014
03-25 00:36:05.308  2991  2991 I keystore: del CACERT_unstable.c7202ece89390c490b1b94d5b71225e1.A1461703161617237816 10014
03-25 00:36:05.308  2991  2991 I keystore: del USRPKEY_unstable.c7202ece89390c490b1b94d5b71225e1.B1461703161617237816 10014
03-25 00:36:05.309  2991  2991 I keystore: del USRSKEY_unstable.c7202ece89390c490b1b94d5b71225e1.B1461703161617237816 10014
03-25 00:36:05.309  2991  2991 I keystore: del USRCERT_unstable.c7202ece89390c490b1b94d5b71225e1.B1461703161617237816 10014
03-25 00:36:05.310  2991  2991 I keystore: del CACERT_unstable.c7202ece89390c490b1b94d5b71225e1.B1461703161617237816 10014
03-25 00:36:05.452  4265  4265 D BoundBrokerSvc: onBind: Intent { act=com.google.android.gms.safetynet.service.START dat=chimera-action: cmp=com.google.android.gms/.chimera.GmsBoundBrokerService }
03-25 00:36:05.452  4265  4265 D BoundBrokerSvc: Loading bound service for intent: Intent { act=com.google.android.gms.safetynet.service.START dat=chimera-action: cmp=com.google.android.gms/.chimera.GmsBoundBrokerService }
03-25 00:36:05.497  7280  7366 I com.google.android.gms.unstable: android::hardware::configstore::V1_0::ISurfaceFlingerConfigs::hasWideColorDisplay retrieved: 0
03-25 00:36:05.524  7473  7478 I zygote64: Do partial code cache collection, code=28KB, data=18KB
03-25 00:36:05.525  7473  7478 I zygote64: After code cache collection, code=28KB, data=18KB
03-25 00:36:05.525  7473  7478 I zygote64: Increasing code cache capacity to 128KB
03-25 00:36:05.572  2951  3054 D PowerHAL: ##Timing deboost
03-25 00:36:05.572  2951  3054 D PowerHAL: Enter common_set: enable:0, duration: 0, /sys/devices/system/cpu/cpuhotplug/cluster0_core_min_limit: 
03-25 00:36:05.572  2951  3054 D PowerHAL: Enter common_clear: 
03-25 00:36:05.572  2951  3054 D PowerHAL: ##Timing deboost
03-25 00:36:05.572  2951  3054 D PowerHAL: Enter common_set: enable:0, duration: 0, /sys/devices/system/cpu/cpuhotplug/cluster0_core_max_limit: 
03-25 00:36:05.572  2951  3054 D PowerHAL: Enter common_clear: 
03-25 00:36:05.684  7473  7478 I zygote64: Do partial code cache collection, code=54KB, data=37KB
03-25 00:36:05.684  7473  7478 I zygote64: After code cache collection, code=49KB, data=36KB
03-25 00:36:05.684  7473  7478 I zygote64: Increasing code cache capacity to 256KB
03-25 00:36:05.830  3979  3979 D BoundBrokerSvc: onUnbind: Intent { act=com.google.android.gms.auth.proximity.START dat=chimera-action: cmp=com.google.android.gms/.chimera.PersistentBoundBrokerService }
03-25 00:36:06.008  2951  3054 D PowerHAL: ##Timing deboost
03-25 00:36:06.008  2951  3054 D PowerHAL: Enter common_subsys_set: enable:0, duration: 0, subsys:cpufreq: 
03-25 00:36:06.008  2951  3054 D PowerHAL: Enter common_subsys_clear: cpufreq
03-25 00:36:06.030  3267  3440 D InputReader: processEventsLocked: type=3 Count=8 code=57 value=0 deviceId=9
03-25 00:36:06.032  2951  5513 D PowerHAL: POWER_HINT_INTERACTION: data=0x00, subtype=0, duration=500
03-25 00:36:06.032  2951  5513 D PowerHAL: ###Enter interaction_other scene bgn###
03-25 00:36:06.032  2951  5513 D PowerHAL: Enter common_set: enable:1, duration: 500, /sys/devices/system/cpu/cpuhotplug/cluster0_core_min_limit: 4
03-25 00:36:06.032  2951  5513 D PowerHAL: Enter common_set: enable:1, duration: 500, /sys/devices/system/cpu/cpuhotplug/cluster0_core_max_limit: 4
03-25 00:36:06.032  2951  5513 D PowerHAL: Enter common_subsys_set: enable:1, duration: 500, subsys:cpufreq: conf_2:5
03-25 00:36:06.032  2951  5513 D PowerHAL: Enter common_subsys_set_current_config: 
03-25 00:36:06.033  2951  5513 D PowerHAL: ###Enter interaction_other scene end###
03-25 00:36:06.033  2951  5513 D PowerHAL: POWER_HINT_INTERACTION: data=0x10000, subtype=1, duration=500
03-25 00:36:06.033  2951  5513 D PowerHAL: ###Enter interaction_touch scene bgn###
03-25 00:36:06.033  2951  5513 D PowerHAL: Enter common_subsys_set: enable:1, duration: 500, subsys:cpufreq: conf_2:5
03-25 00:36:06.033  2951  5513 D PowerHAL: ###Enter interaction_touch scene end###
03-25 00:36:06.036  3011  3735 E LIBGPS  : begin save flash data,subtype is 31,lenth is 88
03-25 00:36:06.051  3267  3440 D InputReader: processEventsLocked: type=3 Count=7 code=57 value=0 deviceId=9
03-25 00:36:06.067  7031  7099 D bt_osi_semaphore: semaphore_post ret:0
03-25 00:36:06.067  7031  7101 D bt_osi_semaphore: semaphore_wait ret:0
03-25 00:36:06.070  3267  3440 D InputReader: processEventsLocked: type=1 Count=3 code=330 value=0 deviceId=9
03-25 00:36:06.073  2958  3292 I gralloc : gralloc_unregister_buffer hnd=0x6fc8a9c5c0, share_fd=88, share_attr_fd=89, magic=51647890, format=1, internal_format=1, byte_stride=1664, flags=4, usage=0x900, size=835328, width=410, height=502, internalWidth=410, internalHeight=502, stride=416, base=0x6fc41d3000, writeOwner=0, attr_base=0xffffffffffffffff, yuv_info=1, fd=-1, buf_idx=0, offset=0, min_pgsz=4096, phyaddr=0
03-25 00:36:06.075  2925  6493 I gralloc : mali_gralloc_select_format, AFBC is disabled now
03-25 00:36:06.075  2925  6493 I gralloc : mali_gralloc_select_format: req_format=0x00000001 req_fmt_mapped=0x0 internal_format=0x1 usage=0xb00
03-25 00:36:06.075  2925  6493 I gralloc : gralloc=>alloc, share_fd=12, share_attr_fd=13, magic=51647890, format=1, internal_format=1, byte_stride=1664, flags=4, usage=0x2816, size=835328, width=410, height=502, internalWidth=410, internalHeight=502, stride=416, ADP_VSTRIDE=0,base=0x7b804ce000, writeOwner=0, attr_base=0xffffffffffffffff, yuv_info=1, fd=-1, buf_idx=0, offset=0, min_pgsz=4096, phyaddr=0
03-25 00:36:06.076  2925  6493 I gralloc : gralloc=>free hnd=0x7b7e420300, share_fd=12, share_attr_fd=13, magic=51647890, format=1, internal_format=1, byte_stride=1664, flags=4, usage=2816, size=835328, width=410, height=502, internalWidth=410, internalHeight=502, stride=416, base=0x7b804ce000, writeOwner=0, attr_base=0xffffffffffffffff, yuv_info=1, fd=-1, buf_idx=0, offset=0, min_pgsz=4096, phyaddr=0
03-25 00:36:06.078  2958  3292 I gralloc : gralloc_register_buffer hnd=0x6fc8a9c5c0, share_fd=77, share_attr_fd=84, magic=51647890, format=1, internal_format=1, byte_stride=1664, flags=4, usage=0xb00, size=835328, width=410, height=502, internalWidth=410, internalHeight=502, stride=416, base=0x6fc4468000, writeOwner=0, attr_base=0xffffffffffffffff, yuv_info=1, fd=-1, buf_idx=0, offset=0, min_pgsz=4096, phyaddr=0
03-25 00:36:06.080  3267  3486 I gralloc : gralloc_register_buffer hnd=0x715c82cb00, share_fd=279, share_attr_fd=280, magic=51647890, format=1, internal_format=1, byte_stride=1664, flags=4, usage=0xb00, size=835328, width=410, height=502, internalWidth=410, internalHeight=502, stride=416, base=0x7160486000, writeOwner=0, attr_base=0xffffffffffffffff, yuv_info=1, fd=-1, buf_idx=0, offset=0, min_pgsz=4096, phyaddr=0
03-25 00:36:06.090  2934  3137 D vndksupport: Loading /vendor/lib64/hw/gralloc.sp9832e.so from current namespace instead of sphal namespace.
03-25 00:36:06.090  2934  3137 I gralloc : gralloc_register_buffer hnd=0x7ab400ef80, share_fd=50, share_attr_fd=51, magic=51647890, format=1, internal_format=1, byte_stride=1664, flags=4, usage=0xb00, size=835328, width=410, height=502, internalWidth=410, internalHeight=502, stride=416, base=0x7ab3668000, writeOwner=0, attr_base=0xffffffffffffffff, yuv_info=1, fd=-1, buf_idx=0, offset=0, min_pgsz=4096, phyaddr=0
03-25 00:36:06.098  3267  3348 V PackageManager: Sending package changed: package=com.google.android.gms components=[com.google.android.gms.location.geocode.GeocodeService]
03-25 00:36:06.101  3267  3348 D BroadcastQueue: Add broadcast <BroadcastRecord{1e2c4ca u0 android.intent.action.PACKAGE_CHANGED}> into [parallel | background], pending size 0
03-25 00:36:06.103  3491  3491 D ImsResolver: maybeAddedImsService, packageName: com.google.android.gms
03-25 00:36:06.109  3267  3320 D BroadcastQueue: Done with parallel broadcast [background] [BroadcastRecord{1e2c4ca u0 android.intent.action.PACKAGE_CHANGED}]
03-25 00:36:06.116  4265  4265 D BoundBrokerSvc: onUnbind: Intent { act=com.google.android.gms.auth.cryptauth.cryptauthservice.START dat=chimera-action: cmp=com.google.android.gms/.chimera.GmsBoundBrokerService }
03-25 00:36:06.118  3267  3267 W ResourceType: ResTable_typeSpec entry count inconsistent: given 107, previously 110
03-25 00:36:06.120  3267  3267 W ResourceType: ResTable_typeSpec entry count inconsistent: given 4755, previously 5382
03-25 00:36:06.120  3267  3267 W ResourceType: ResTable_typeSpec entry count inconsistent: given 3523, previously 3544
03-25 00:36:06.120  3267  3267 W ResourceType: ResTable_typeSpec entry count inconsistent: given 234, previously 238
03-25 00:36:06.120  3267  3267 W ResourceType: ResTable_typeSpec entry count inconsistent: given 508, previously 5671
03-25 00:36:06.124  3267  3319 D ShortcutService: Package com.google.android.gms has 0 manifest shortcut(s)
03-25 00:36:06.127  4062  4062 D ApplicationLock: Service ACTION_PACKAGE_...packageName:com.google.android.gms
03-25 00:36:06.129  4062  4062 D ApplicationLock: Service package is changed and is SystemApp...
03-25 00:36:05.266  3491  5205 D SubscriptionController: [getDefaultDataSubId] subId= 2
03-25 00:36:06.174  3491  3491 E SmsApplication: com.sprd.preload does not have system signature
03-25 00:36:06.188  3491  3491 D CarrierSvcBindHelper: No carrier app for: 0
03-25 00:36:06.202  3267  3267 I Telecom : DefaultDialerCache: Refreshing default dialer for user 0: now com.android.dialer: DDC.oR@AIk
03-25 00:36:06.207  4265  5210 W PeoplePU: getComponentEnabledSetting failed.
03-25 00:36:06.207  4265  5210 W PeoplePU: java.lang.IllegalArgumentException: Unknown component: ComponentInfo{com.google.android.syncadapters.contacts/com.google.android.syncadapters.contacts.ProxyGalProvider}
03-25 00:36:06.207  4265  5210 W PeoplePU: 	at android.os.Parcel.readException(Parcel.java:2017)
03-25 00:36:06.207  4265  5210 W PeoplePU: 	at android.os.Parcel.readException(Parcel.java:1959)
03-25 00:36:06.207  4265  5210 W PeoplePU: 	at android.content.pm.IPackageManager$Stub$Proxy.getComponentEnabledSetting(IPackageManager.java:4918)
03-25 00:36:06.207  4265  5210 W PeoplePU: 	at android.app.ApplicationPackageManager.getComponentEnabledSetting(ApplicationPackageManager.java:2427)
03-25 00:36:06.207  4265  5210 W PeoplePU: 	at dpfm.a(:com.google.android.gms@261133004@26.11.33 (040400-887465546):4)
03-25 00:36:06.207  4265  5210 W PeoplePU: 	at doeb.b(:com.google.android.gms@261133004@26.11.33 (040400-887465546):11)
03-25 00:36:06.207  4265  5210 W PeoplePU: 	at com.google.android.gms.people.service.galprovider.PeopleGalChimeraProvider.query(:com.google.android.gms@261133004@26.11.33 (040400-887465546):44)
03-25 00:36:06.207  4265  5210 W PeoplePU: 	at ayti.query(:com.google.android.gms@261133004@26.11.33 (040400-887465546):84)
03-25 00:36:06.207  4265  5210 W PeoplePU: 	at android.content.ContentProvider.query(ContentProvider.java:1059)
03-25 00:36:06.207  4265  5210 W PeoplePU: 	at wzm.superQuery(:com.google.android.gms@261133004@26.11.33 (040400-887465546):6)
03-25 00:36:06.207  4265  5210 W PeoplePU: 	at com.google.android.chimera.ContentProvider.query(:com.google.android.gms@261133004@26.11.33 (040400-887465546):8)
03-25 00:36:06.207  4265  5210 W PeoplePU: 	at ayti.query(:com.google.android.gms@261133004@26.11.33 (040400-887465546):21)
03-25 00:36:06.207  4265  5210 W PeoplePU: 	at android.content.ContentProvider.query(ContentProvider.java:1151)
03-25 00:36:06.207  4265  5210 W PeoplePU: 	at wzm.superQuery(:com.google.android.gms@261133004@26.11.33 (040400-887465546):1)
03-25 00:36:06.207  4265  5210 W PeoplePU: 	at com.google.android.chimera.ContentProvider.query(:com.google.android.gms@261133004@26.11.33 (040400-887465546):3)
03-25 00:36:06.207  4265  5210 W PeoplePU: 	at wzm.query(:com.google.android.gms@261133004@26.11.33 (040400-887465546):64)
03-25 00:36:06.207  4265  5210 W PeoplePU: 	at android.content.ContentProvider$Transport.query(ContentProvider.java:242)
03-25 00:36:06.207  4265  5210 W PeoplePU: 	at android.content.ContentProviderNative.onTransact(ContentProviderNative.java:124)
03-25 00:36:06.207  4265  5210 W PeoplePU: 	at android.os.Binder.execTransact(Binder.java:723)
03-25 00:36:06.208  4265  5210 W PeoplePU: Exceptions when checking package
03-25 00:36:06.208  4265  5210 W PeoplePU: android.content.pm.PackageManager$NameNotFoundException: com.google.android.syncadapters.contacts
03-25 00:36:06.208  4265  5210 W PeoplePU: 	at android.app.ApplicationPackageManager.getApplicationInfoAsUser(ApplicationPackageManager.java:384)
03-25 00:36:06.208  4265  5210 W PeoplePU: 	at android.app.ApplicationPackageManager.getApplicationInfo(ApplicationPackageManager.java:366)
03-25 00:36:06.208  4265  5210 W PeoplePU: 	at dpfm.b(:com.google.android.gms@261133004@26.11.33 (040400-887465546):4)
03-25 00:36:06.208  4265  5210 W PeoplePU: 	at doeb.e(:com.google.android.gms@261133004@26.11.33 (040400-887465546):1)
03-25 00:36:06.208  4265  5210 W PeoplePU: 	at doeb.b(:com.google.android.gms@261133004@26.11.33 (040400-887465546):15)
03-25 00:36:06.208  4265  5210 W PeoplePU: 	at com.google.android.gms.people.service.galprovider.PeopleGalChimeraProvider.query(:com.google.android.gms@261133004@26.11.33 (040400-887465546):44)
03-25 00:36:06.208  4265  5210 W PeoplePU: 	at ayti.query(:com.google.android.gms@261133004@26.11.33 (040400-887465546):84)
03-25 00:36:06.208  4265  5210 W PeoplePU: 	at android.content.ContentProvider.query(ContentProvider.java:1059)
03-25 00:36:06.208  4265  5210 W PeoplePU: 	at wzm.superQuery(:com.google.android.gms@261133004@26.11.33 (040400-887465546):6)
03-25 00:36:06.208  4265  5210 W PeoplePU: 	at com.google.android.chimera.ContentProvider.query(:com.google.android.gms@261133004@26.11.33 (040400-887465546):8)
03-25 00:36:06.208  4265  5210 W PeoplePU: 	at ayti.query(:com.google.android.gms@261133004@26.11.33 (040400-887465546):21)
03-25 00:36:06.208  4265  5210 W PeoplePU: 	at android.content.ContentProvider.query(ContentProvider.java:1151)
03-25 00:36:06.208  4265  5210 W PeoplePU: 	at wzm.superQuery(:com.google.android.gms@261133004@26.11.33 (040400-887465546):1)
03-25 00:36:06.208  4265  5210 W PeoplePU: 	at com.google.android.chimera.ContentProvider.query(:com.google.android.gms@261133004@26.11.33 (040400-887465546):3)
03-25 00:36:06.208  4265  5210 W PeoplePU: 	at wzm.query(:com.google.android.gms@261133004@26.11.33 (040400-887465546):64)
03-25 00:36:06.208  4265  5210 W PeoplePU: 	at android.content.ContentProvider$Transport.query(ContentProvider.java:242)
03-25 00:36:06.208  4265  5210 W PeoplePU: 	at android.content.ContentProviderNative.onTransact(ContentProviderNative.java:124)
03-25 00:36:06.208  4265  5210 W PeoplePU: 	at android.os.Binder.execTransact(Binder.java:723)
03-25 00:36:06.209  4265  5210 W GalProviderController: Should not enable GmsCore GAL when Proxy doesn't exist at all
03-25 00:36:06.209  4265  5210 W PeopleGalProvider: Not support GmsCore GAL because of GAL1 non-existence
03-25 00:36:06.210  3383  3393 D RIL     : rxlev[0]=99, rscp[0]=255, rsrp[0]=92
03-25 00:36:06.210  3383  3393 D RILC    : currentSignalStrengthInd
03-25 00:36:06.210  3383  3393 I RILC    : RIL_SOCKET_1 UNSOLICITED: UNSOL_SIGNAL_STRENGTH length:56
03-25 00:36:06.212  3491  4370 D SubscriptionController: [getDefaultDataSubId] subId= 2
03-25 00:36:06.213  3267  5761 I WifiService: getConnectionInfo uid=10082
03-25 00:36:06.216  4265  5210 I PeopleGalProvider: Method 0 completed.
03-25 00:36:06.220  4964  7583 I ContactDirectoryManager: Directory provider com.google.android.gms(com.google.android.gms.people.gal.provider) returned a NULL cursor.
03-25 00:36:06.215  3491  4370 D SubscriptionController: [getDefaultDataSubId] subId= 2
03-25 00:36:06.229  3491  5205 D SubscriptionController: [getDefaultDataSubId] subId= 2
03-25 00:36:06.231  3531  3750 I sysui_multi_action: [757,1093,758,4,793,2215,1094,604504577,1095,5]
03-25 00:36:06.242  2956  2968 D lowmemorykiller: received lmk:10065,7003,906
03-25 00:36:06.242  2956  2968 D lowmemorykiller: handle killing  7003 done
03-25 00:36:06.251  3267  3489 D LmKillerTracker: doLmkForceStop pid=7003
03-25 00:36:06.251  3267  3489 I LmKillerTracker: Skipped process pkgName:com.android.messaging, pid:7003, is system app !
03-25 00:36:06.260  3923  3967 I CPVoiceAgent: select: retrun 0
03-25 00:36:06.269  3267  3319 W SearchableInfo: Invalid searchable metadata for com.android.mmsfolderview/.ui.SearchActivity: Search label must be a resource reference.
03-25 00:36:06.272  3267  3319 W ResourceType: ResTable_typeSpec entry count inconsistent: given 107, previously 110
03-25 00:36:06.272  3267  3319 W ResourceType: ResTable_typeSpec entry count inconsistent: given 4755, previously 5382
03-25 00:36:06.272  3267  3319 W ResourceType: ResTable_typeSpec entry count inconsistent: given 3523, previously 3544
03-25 00:36:06.272  3267  3319 W ResourceType: ResTable_typeSpec entry count inconsistent: given 234, previously 238
03-25 00:36:06.272  3267  3319 W ResourceType: ResTable_typeSpec entry count inconsistent: given 508, previously 5671
03-25 00:36:06.275  3267  3319 W Searchables: No global search activity found
03-25 00:36:06.282  3267  5578 I ActivityManager: Process com.android.messaging (pid 7003) has died: cch+6CEM 
03-25 00:36:06.282  3267  5578 I am_proc_died: [0,7003,com.android.messaging,906,17]
03-25 00:36:06.283  3267  5578 I am_uid_stopped: 10065
03-25 00:36:06.283  3267  3322 W system_server: kill(-7003, 9) failed: No such process
03-25 00:36:06.283  3267  5578 I am_uid_running: 10065
03-25 00:36:06.283  3267  3322 I system_server: Successfully killed process cgroup uid 10065 pid 7003 in 0ms
03-25 00:36:06.298  3267  5578 I am_proc_start: [0,7584,10065,com.android.messaging,restart,com.android.messaging]
03-25 00:36:06.298  3267  5578 I ActivityManager: Start proc 7584:com.android.messaging/u0a65 for restart com.android.messaging
03-25 00:36:06.299  3267  3342 W ResourceType: ResTable_typeSpec entry count inconsistent: given 1746, previously 1870
03-25 00:36:06.299  3267  3342 W ResourceType: ResTable_typeSpec entry count inconsistent: given 263, previously 277
03-25 00:36:06.299  3267  3342 W ResourceType: ResTable_typeSpec entry count inconsistent: given 376, previously 4334
03-25 00:36:06.302  3267  3767 D PowerController.AppState: - reportAppProcStateInfo() E -
03-25 00:36:06.302  3267  3770 D PowerController.RecogA: handleMessage(MSG_REPORT_EVENT)
03-25 00:36:06.304  4265  4265 D BoundBrokerSvc: onUnbind: Intent { act=com.google.android.gms.onboardingconsent.api.ConsentManagerApiService.START dat=chimera-action: cmp=com.google.android.gms/.chimera.GmsApiService }
03-25 00:36:06.313  3267  3440 I InputReader: Reconfiguring input devices.  changes=0x00000010
03-25 00:36:06.317  7584  7584 E zygote64: setrlimit(RLIMIT_CORE) failed for pid 7584: Operation not permitted
03-25 00:36:06.318  7584  7584 I auditd  : type=1400 audit(0.0:2264): avc: denied { connectto } for comm="JDWP" path=006A6477702D636F6E74726F6C scontext=u:r:platform_app:s0:c512,c768 tcontext=u:r:su:s0 tclass=unix_stream_socket permissive=1
03-25 00:36:06.318  7584  7584 I JDWP    : type=1400 audit(0.0:2264): avc: denied { connectto } for path=006A6477702D636F6E74726F6C scontext=u:r:platform_app:s0:c512,c768 tcontext=u:r:su:s0 tclass=unix_stream_socket permissive=1
03-25 00:36:06.328  3267  3319 W VoiceInteractionManagerService: no available voice interaction services found for user 0
03-25 00:36:06.329  3267  3319 I am_destroy_service: [0,238644321,3979]
03-25 00:36:06.333  3267  5578 I am_proc_bound: [0,7584,com.android.messaging]
03-25 00:36:06.343  3267  3319 I am_create_service: [0,88250578,.NetworkLocationService,10014,3979]
03-25 00:36:06.354  3267  3319 I am_destroy_service: [0,222260637,3979]
03-25 00:36:06.358  3267  3319 I am_create_service: [0,98462809,.FusedLocationService,10014,3979]
03-25 00:36:06.367  3267  3319 I am_destroy_service: [0,32861708,3979]
03-25 00:36:06.370  3267  3319 I am_create_service: [0,206380748,.GeocodeService,10014,3979]
03-25 00:36:06.372  2956  2968 D lowmemorykiller: received lmk:10079,7173,904
03-25 00:36:06.373  2956  2968 D lowmemorykiller: handle killing  7173 done
03-25 00:36:06.373  3267  3489 D LmKillerTracker: doLmkForceStop pid=7173
03-25 00:36:06.373  3267  3489 I LmKillerTracker: Skipped process pkgName:com.google.android.apps.maps, pid:7173, is system app !
03-25 00:36:06.385  3267  3319 I am_destroy_service: [0,26637864,3979]
03-25 00:36:06.388  3267  3319 I am_create_service: [0,184449892,.HardwareArProviderService,10014,3979]
03-25 00:36:06.403  7584  7584 W zygote64: Class android.support.v4.util.SimpleArrayMap failed lock verification and will run slower.
03-25 00:36:06.403  7584  7584 W zygote64: Common causes for lock verification issues are non-optimized dex code
03-25 00:36:06.403  7584  7584 W zygote64: and incorrect proguard optimizations.
03-25 00:36:06.410  7584  7584 D PhaserProvider: /data/user/0/com.android.messaging/databases/pharser.db  ;  sLocale:en_US
03-25 00:36:06.415  3979  3979 I ChimeraSrvcProxy: com.google.android.location.internal.server.HardwareArProviderService returning NullBinder for action com.android.location.service.ActivityRecognitionProvider
03-25 00:36:06.430  7584  7584 E TechainBaseParameter: Enter [class com.android.messaging.util.operater.TechainBaseParameter]
03-25 00:36:06.430  7584  7584 E AbsOperaterFactory: szProductName = []
03-25 00:36:06.430  7584  7584 E AbsOperaterFactory: Product Name =[]
03-25 00:36:06.431  7584  7584 E TechainBaseParameter:  Invoke Base getBundle()
03-25 00:36:06.431  7584  7584 E TechainBaseParameter: java.lang.Exception: Base Get Bundle
03-25 00:36:06.431  7584  7584 E TechainBaseParameter: 	at com.android.messaging.util.operater.TechainBaseParameter.getBundle(TechainBaseParameter.java:23)
03-25 00:36:06.431  7584  7584 E TechainBaseParameter: 	at com.android.messaging.util.operater.TechainBaseParameter.setParameter(TechainBaseParameter.java:19)
03-25 00:36:06.431  7584  7584 E TechainBaseParameter: 	at com.android.messaging.sms.MmsConfig.<init>(MmsConfig.java:248)
03-25 00:36:06.431  7584  7584 E TechainBaseParameter: 	at com.android.messaging.sms.MmsConfig.<clinit>(MmsConfig.java:179)
03-25 00:36:06.431  7584  7584 E TechainBaseParameter: 	at com.android.messaging.sms.MmsConfig.checkAndSetCmccSdkEnabled(MmsConfig.java:329)
03-25 00:36:06.431  7584  7584 E TechainBaseParameter: 	at com.android.messaging.BugleApplication.onCreate(BugleApplication.java:101)
03-25 00:36:06.431  7584  7584 E TechainBaseParameter: 	at android.app.Instrumentation.callApplicationOnCreate(Instrumentation.java:1120)
03-25 00:36:06.431  7584  7584 E TechainBaseParameter: 	at android.app.ActivityThread.handleBindApplication(ActivityThread.java:5926)
03-25 00:36:06.431  7584  7584 E TechainBaseParameter: 	at android.app.ActivityThread.-wrap2(Unknown Source:0)
03-25 00:36:06.431  7584  7584 E TechainBaseParameter: 	at android.app.ActivityThread$H.handleMessage(ActivityThread.java:1717)
03-25 00:36:06.431  7584  7584 E TechainBaseParameter: 	at android.os.Handler.dispatchMessage(Handler.java:106)
03-25 00:36:06.431  7584  7584 E TechainBaseParameter: 	at android.os.Looper.loop(Looper.java:164)
03-25 00:36:06.431  7584  7584 E TechainBaseParameter: 	at android.app.ActivityThread.main(ActivityThread.java:6747)
03-25 00:36:06.431  7584  7584 E TechainBaseParameter: 	at java.lang.reflect.Method.invoke(Native Method)
03-25 00:36:06.431  7584  7584 E TechainBaseParameter: 	at com.android.internal.os.RuntimeInit$MethodAndArgsCaller.run(RuntimeInit.java:449)
03-25 00:36:06.431  7584  7584 E TechainBaseParameter: 	at com.android.internal.os.ZygoteInit.main(ZygoteInit.java:807)
03-25 00:36:06.432  7584  7584 E TechainBaseParameter: seBundle b = [null] getParameter() = [com.android.messaging.sms.MmsConfig@140a164]
03-25 00:36:06.443  3267  3319 E Parcel  : Reading a NULL string not supported here.
03-25 00:36:06.444  3267  3319 E ActivityRecognitionProxy: Invalid descriptor found on connection: 
03-25 00:36:06.446  3267  5364 D PackageManager: setEnabledSetting: packageName = com.android.messaging, className = com.android.messaging.receiver.SmsReceiver, newState = 2 ,flags = 1 ,userId = 0 ,callingPackage = null
03-25 00:36:06.446  3267  5364 D PackageManager: setEnabledSetting: packageName = com.android.messaging, className = com.android.messaging.receiver.MmsWapPushReceiver, newState = 2 ,flags = 1 ,userId = 0 ,callingPackage = null
03-25 00:36:06.447  3267  5364 D PackageManager: setEnabledSetting: packageName = com.android.messaging, className = com.android.messaging.receiver.AbortSmsReceiver, newState = 2 ,flags = 1 ,userId = 0 ,callingPackage = null
03-25 00:36:06.449  3267  5578 D PackageManager: setEnabledSetting: packageName = com.android.messaging, className = com.android.messaging.receiver.AbortMmsWapPushReceiver, newState = 2 ,flags = 1 ,userId = 0 ,callingPackage = null
03-25 00:36:06.449  3267  5578 D PackageManager: setEnabledSetting: packageName = com.android.messaging, className = com.android.messaging.datamodel.NoConfirmationSmsSendService, newState = 1 ,flags = 1 ,userId = 0 ,callingPackage = null
03-25 00:36:06.452  4265  4560 I DynamiteModule: Considering local module com.google.android.gms.cronet_dynamite:0 and remote module com.google.android.gms.cronet_dynamite:4311
03-25 00:36:06.452  4265  4560 I DynamiteModule: Selected remote version of com.google.android.gms.cronet_dynamite, version >= 4311
03-25 00:36:06.455  4265  4560 W ResourceType: ResTable_typeSpec entry count inconsistent: given 107, previously 110
03-25 00:36:06.455  4265  4560 W ResourceType: ResTable_typeSpec entry count inconsistent: given 4755, previously 5382
03-25 00:36:06.455  4265  4560 W ResourceType: ResTable_typeSpec entry count inconsistent: given 3523, previously 3544
03-25 00:36:06.455  4265  4560 W ResourceType: ResTable_typeSpec entry count inconsistent: given 234, previously 238
03-25 00:36:06.455  4265  4560 W ResourceType: ResTable_typeSpec entry count inconsistent: given 508, previously 5671
03-25 00:36:06.459  3267  5364 D PowerManagerService: wake lock:bugle_datamodel_service_wakelock from com.android.messaging(10065) is disabled: false
03-25 00:36:06.459  3267  5364 I am_create_service: [0,189477325,.ActionServiceImpl,10065,7584]
03-25 00:36:06.460  3267  3767 D PowerController.AppState: - reportAppProcStateInfo() E -
03-25 00:36:06.460  3267  3770 D PowerController.RecogA: handleMessage(MSG_REPORT_EVENT)
03-25 00:36:06.462  4265  4560 W zygote64: Unsupported class loader
03-25 00:36:06.463  3979  6013 I NullBinder: NullBinder for com.android.location.service.GeofenceProvider triggering remote TransactionTooLargeException due to Service without Chimera impl, calling uid: 1000, calling pid: 0
03-25 00:36:06.465  4265  4560 W zygote64: Skipping duplicate class check due to unsupported classloader
03-25 00:36:06.469  2956  2956 E lowmemorykiller: Error writing /proc/7173/oom_score_adj; errno=22
03-25 00:36:06.493  3267  5578 D BroadcastQueue: Add broadcast <BroadcastRecord{f5b37ef u-1 android.telephony.action.CARRIER_CONFIG_CHANGED}> into [parallel | background], pending size 0
03-25 00:36:06.493  3267  3320 D BroadcastQueue: Done with parallel broadcast [background] [BroadcastRecord{f5b37ef u-1 android.telephony.action.CARRIER_CONFIG_CHANGED}]
03-25 00:36:06.500  7584  7603 E IDPT MsgApp: *-*-*-*getApplicationContext()=com.android.messaging.BugleApplication@1bc7082
03-25 00:36:06.521  7584  7602 D IDPT MsgApp: [PhoneUtils]==getDefaultSmsSubscriptionId==systemDefaultSubId:2
03-25 00:36:06.524  3491  5205 D SubscriptionController: [getPhoneId] asked for default subId=2
03-25 00:36:06.529  7584  7584 I IDPT MsgApp: Carrier config changed. Reloading MMS config.
03-25 00:36:06.530  7584  7603 D PluginsManager: initPluginsManager: search plugins'size: 2
03-25 00:36:06.531  7584  7605 D IDPT MsgAppDataModel: acton:com.android.messaging.datamodel.action.FixupMessageStatusOnStartupAction
03-25 00:36:06.531  2951  3054 D PowerHAL: ##Timing deboost
03-25 00:36:06.531  2951  3054 D PowerHAL: Enter common_set: enable:0, duration: 0, /sys/devices/system/cpu/cpuhotplug/cluster0_core_min_limit: 
03-25 00:36:06.531  2951  3054 D PowerHAL: Enter common_clear: 
03-25 00:36:06.532  2951  3054 D PowerHAL: ##Timing deboost
03-25 00:36:06.532  2951  3054 D PowerHAL: Enter common_set: enable:0, duration: 0, /sys/devices/system/cpu/cpuhotplug/cluster0_core_max_limit: 
03-25 00:36:06.532  2951  3054 D PowerHAL: Enter common_clear: 
03-25 00:36:06.532  2951  3054 D PowerHAL: ##Timing deboost
03-25 00:36:06.532  2951  3054 D PowerHAL: Enter common_subsys_set: enable:0, duration: 0, subsys:cpufreq: 
03-25 00:36:06.532  2951  3054 D PowerHAL: Enter common_subsys_clear: cpufreq
03-25 00:36:06.542  3267  5364 D MmsServiceBroker: getCarrierConfigValues() by com.android.messaging
03-25 00:36:06.542  3491  4370 D MmsService: getCarrierConfigValues
03-25 00:36:06.543  3491  4370 I MmsService: mms config for sub 2: Bundle[{httpSocketTimeout=60000, aliasMinChars=2, smsToMmsTextThreshold=-1, enableSMSDeliveryReports=true, maxMessageTextSize=-1, supportMmsContentDisposition=true, enabledTransID=false, aliasEnabled=false, supportHttpCharsetHeader=false, allowAttachAudio=true, smsToMmsTextLengthThreshold=-1, recipientLimit=2147483647, uaProfTagName=x-wap-profile, aliasMaxChars=48, maxImageHeight=480, enableMMSDeliveryReports=false, userAgent=, mmsCloseConnection=false, config_cellBroadcastAppLinks=true, maxSubjectLength=40, httpParams=, enableGroupMms=true, emailGatewayNumber=, maxMessageSize=307200, naiSuffix=, enableMMSReadReports=false, maxImageWidth=640, uaProfUrl=, enabledMMS=true, enabledNotifyWapMMSC=false, sendMultipartSmsAsSeparateMessages=false, enableMultipartSMS=true}]
03-25 00:36:06.545  4265  4560 W linker  : "/data/user_de/0/com.google.android.gms/app_chimera/m/0000001f/n/arm64-v8a/libcronet.145.0.7582.0.so" unused DT entry: type 0x70000001 arg 0x0
03-25 00:36:06.547  3491  5205 D SubscriptionController: [getActiveSubscriptionInfo]+ subId=2 subInfo={id=2, iccId=8954079900014284365f simSlotIndex=0 displayName=Movistar carrierName=Movistar nameSource=0 iconTint=-16746133 dataRoaming=0 iconBitmap=android.graphics.Bitmap@6361293 mcc 722 mnc 7 isEmbedded false accessRules null}
03-25 00:36:06.554  7584  7602 W IDPT MsgApp: canonicalizeMccMnc: invalid mccmnc:null ,null
03-25 00:36:06.555  7584  7602 I IDPT MsgApp: Carrier configs loaded: Bundle[{httpSocketTimeout=60000, aliasMinChars=2, smsToMmsTextThreshold=10, enableSMSDeliveryReports=true, maxMessageTextSize=-1, supportMmsContentDisposition=true, enabledTransID=false, aliasEnabled=false, supportHttpCharsetHeader=false, allowAttachAudio=true, smsToMmsTextLengthThreshold=-1, recipientLimit=-1, uaProfTagName=x-wap-profile, aliasMaxChars=48, maxImageHeight=480, select_mms_size=false, content_edit_enabled=false, enableMMSDeliveryReports=false, send_empty_message=0, userAgent=, mmsCloseConnection=false, config_cellBroadcastAppLinks=true, maxSubjectLength=40, httpParams=, enableGroupMms=true, emailGatewayNumber=, maxMessageSize=307200, naiSuffix=, enableMMSReadReports=false, maxImageWidth=640, uaProfUrl=, enabledMMS=true, enabledNotifyWapMMSC=false, sendMultipartSmsAsSeparateMessages=false, enableMultipartSMS=true}] from resources+system for subId=2
03-25 00:36:06.555  7584  7602 D IDPT MsgApp:  load addMmsConfigBundle[{httpSocketTimeout=60000, aliasMinChars=2, smsToMmsTextThreshold=10, enableSMSDeliveryReports=true, maxMessageTextSize=-1, supportMmsContentDisposition=true, enabledTransID=false, aliasEnabled=false, supportHttpCharsetHeader=false, allowAttachAudio=true, smsToMmsTextLengthThreshold=-1, recipientLimit=-1, uaProfTagName=x-wap-profile, aliasMaxChars=48, maxImageHeight=480, select_mms_size=false, content_edit_enabled=false, enableMMSDeliveryReports=false, send_empty_message=0, userAgent=, mmsCloseConnection=false, config_cellBroadcastAppLinks=true, maxSubjectLength=40, httpParams=, enableGroupMms=true, emailGatewayNumber=, maxMessageSize=307200, naiSuffix=, enableMMSReadReports=false, maxImageWidth=640, uaProfUrl=, enabledMMS=true, enabledNotifyWapMMSC=false, sendMultipartSmsAsSeparateMessages=false, enableMultipartSMS=true}]
03-25 00:36:06.555  7584  7602 E AbsOperaterFactory: szProductName = []
03-25 00:36:06.555  7584  7602 E AbsOperaterFactory: Product Name =[]
03-25 00:36:06.555  7584  7602 E TechainBaseParameter:  Invoke Base getBundle()
03-25 00:36:06.555  7584  7602 E TechainBaseParameter: java.lang.Exception: Base Get Bundle
03-25 00:36:06.555  7584  7602 E TechainBaseParameter: 	at com.android.messaging.util.operater.TechainBaseParameter.getBundle(TechainBaseParameter.java:23)
03-25 00:36:06.555  7584  7602 E TechainBaseParameter: 	at com.android.messaging.util.operater.TechainBaseParameter.setParameter(TechainBaseParameter.java:19)
03-25 00:36:06.555  7584  7602 E TechainBaseParameter: 	at com.android.messaging.sms.MmsConfig.<init>(MmsConfig.java:248)
03-25 00:36:06.555  7584  7602 E TechainBaseParameter: 	at com.android.messaging.sms.MmsConfig.load(MmsConfig.java:279)
03-25 00:36:06.555  7584  7602 E TechainBaseParameter: 	at com.android.messaging.BugleApplication.initializeAsync(BugleApplication.java:255)
03-25 00:36:06.555  7584  7602 E TechainBaseParameter: 	at com.android.messaging.FactoryImpl$1.run(FactoryImpl.java:127)
03-25 00:36:06.555  7584  7602 E TechainBaseParameter: seBundle b = [null] getParameter() = [com.android.messaging.sms.MmsConfig@c458b01]
03-25 00:36:06.556  7584  7602 D IDPT MsgApp:  OsUtil.isAtLeastL_MR1 load addMmsConfigBundle[{httpSocketTimeout=60000, aliasMinChars=2, smsToMmsTextThreshold=10, enableSMSDeliveryReports=true, maxMessageTextSize=-1, supportMmsContentDisposition=true, enabledTransID=false, aliasEnabled=false, supportHttpCharsetHeader=false, allowAttachAudio=true, smsToMmsTextLengthThreshold=-1, recipientLimit=-1, uaProfTagName=x-wap-profile, aliasMaxChars=48, maxImageHeight=480, select_mms_size=false, content_edit_enabled=false, enableMMSDeliveryReports=false, send_empty_message=0, userAgent=, mmsCloseConnection=false, config_cellBroadcastAppLinks=true, maxSubjectLength=40, httpParams=, enableGroupMms=true, emailGatewayNumber=, maxMessageSize=307200, naiSuffix=, enableMMSReadReports=false, maxImageWidth=640, uaProfUrl=, enabledMMS=true, enabledNotifyWapMMSC=false, sendMultipartSmsAsSeparateMessages=false, enableMultipartSMS=true}]
03-25 00:36:06.556  7584  7602 E AbsOperaterFactory: szProductName = []
03-25 00:36:06.556  7584  7602 E AbsOperaterFactory: Product Name =[]
03-25 00:36:06.556  7584  7602 E TechainBaseParameter:  Invoke Base getBundle()
03-25 00:36:06.556  7584  7602 E TechainBaseParameter: java.lang.Exception: Base Get Bundle
03-25 00:36:06.556  7584  7602 E TechainBaseParameter: 	at com.android.messaging.util.operater.TechainBaseParameter.getBundle(TechainBaseParameter.java:23)
03-25 00:36:06.556  7584  7602 E TechainBaseParameter: 	at com.android.messaging.util.operater.TechainBaseParameter.setParameter(TechainBaseParameter.java:19)
03-25 00:36:06.556  7584  7602 E TechainBaseParameter: 	at com.android.messaging.sms.MmsConfig.<init>(MmsConfig.java:248)
03-25 00:36:06.556  7584  7602 E TechainBaseParameter: 	at com.android.messaging.sms.MmsConfig.load(MmsConfig.java:286)
03-25 00:36:06.556  7584  7602 E TechainBaseParameter: 	at com.android.messaging.BugleApplication.initializeAsync(BugleApplication.java:255)
03-25 00:36:06.556  7584  7602 E TechainBaseParameter: 	at com.android.messaging.FactoryImpl$1.run(FactoryImpl.java:127)
03-25 00:36:06.556  7584  7602 E TechainBaseParameter: seBundle b = [null] getParameter() = [com.android.messaging.sms.MmsConfig@aa2b3e7]
03-25 00:36:06.562  3491  5205 D MmsService: getCarrierConfigValues
03-25 00:36:06.562  3491  5205 I MmsService: mms config for sub 2: Bundle[{httpSocketTimeout=60000, aliasMinChars=2, smsToMmsTextThreshold=-1, enableSMSDeliveryReports=true, maxMessageTextSize=-1, supportMmsContentDisposition=true, enabledTransID=false, aliasEnabled=false, supportHttpCharsetHeader=false, allowAttachAudio=true, smsToMmsTextLengthThreshold=-1, recipientLimit=2147483647, uaProfTagName=x-wap-profile, aliasMaxChars=48, maxImageHeight=480, enableMMSDeliveryReports=false, userAgent=, mmsCloseConnection=false, config_cellBroadcastAppLinks=true, maxSubjectLength=40, httpParams=, enableGroupMms=true, emailGatewayNumber=, maxMessageSize=307200, naiSuffix=, enableMMSReadReports=false, maxImageWidth=640, uaProfUrl=, enabledMMS=true, enabledNotifyWapMMSC=false, sendMultipartSmsAsSeparateMessages=false, enableMultipartSMS=true}]
03-25 00:36:06.565  7584  7606 W IDPT MsgApp: canonicalizeMccMnc: invalid mccmnc:null ,null
03-25 00:36:06.566  7584  7606 I IDPT MsgApp: Carrier configs loaded: Bundle[{httpSocketTimeout=60000, aliasMinChars=2, smsToMmsTextThreshold=10, enableSMSDeliveryReports=true, maxMessageTextSize=-1, supportMmsContentDisposition=true, enabledTransID=false, aliasEnabled=false, supportHttpCharsetHeader=false, allowAttachAudio=true, smsToMmsTextLengthThreshold=-1, recipientLimit=-1, uaProfTagName=x-wap-profile, aliasMaxChars=48, maxImageHeight=480, select_mms_size=false, content_edit_enabled=false, enableMMSDeliveryReports=false, send_empty_message=0, userAgent=, mmsCloseConnection=false, config_cellBroadcastAppLinks=true, maxSubjectLength=40, httpParams=, enableGroupMms=true, emailGatewayNumber=, maxMessageSize=307200, naiSuffix=, enableMMSReadReports=false, maxImageWidth=640, uaProfUrl=, enabledMMS=true, enabledNotifyWapMMSC=false, sendMultipartSmsAsSeparateMessages=false, enableMultipartSMS=true}] from resources+system for subId=2
03-25 00:36:06.566  7584  7606 D IDPT MsgApp:  load addMmsConfigBundle[{httpSocketTimeout=60000, aliasMinChars=2, smsToMmsTextThreshold=10, enableSMSDeliveryReports=true, maxMessageTextSize=-1, supportMmsContentDisposition=true, enabledTransID=false, aliasEnabled=false, supportHttpCharsetHeader=false, allowAttachAudio=true, smsToMmsTextLengthThreshold=-1, recipientLimit=-1, uaProfTagName=x-wap-profile, aliasMaxChars=48, maxImageHeight=480, select_mms_size=false, content_edit_enabled=false, enableMMSDeliveryReports=false, send_empty_message=0, userAgent=, mmsCloseConnection=false, config_cellBroadcastAppLinks=true, maxSubjectLength=40, httpParams=, enableGroupMms=true, emailGatewayNumber=, maxMessageSize=307200, naiSuffix=, enableMMSReadReports=false, maxImageWidth=640, uaProfUrl=, enabledMMS=true, enabledNotifyWapMMSC=false, sendMultipartSmsAsSeparateMessages=false, enableMultipartSMS=true}]
03-25 00:36:06.566  7584  7606 E AbsOperaterFactory: szProductName = []
03-25 00:36:06.566  7584  7606 E AbsOperaterFactory: Product Name =[]
03-25 00:36:06.567  7584  7606 E TechainBaseParameter:  Invoke Base getBundle()
03-25 00:36:06.567  7584  7606 E TechainBaseParameter: java.lang.Exception: Base Get Bundle
03-25 00:36:06.567  7584  7606 E TechainBaseParameter: 	at com.android.messaging.util.operater.TechainBaseParameter.getBundle(TechainBaseParameter.java:23)
03-25 00:36:06.567  7584  7606 E TechainBaseParameter: 	at com.android.messaging.util.operater.TechainBaseParameter.setParameter(TechainBaseParameter.java:19)
03-25 00:36:06.567  7584  7606 E TechainBaseParameter: 	at com.android.messaging.sms.MmsConfig.<init>(MmsConfig.java:248)
03-25 00:36:06.567  7584  7606 E TechainBaseParameter: 	at com.android.messaging.sms.MmsConfig.load(MmsConfig.java:279)
03-25 00:36:06.567  7584  7606 E TechainBaseParameter: 	at com.android.messaging.sms.MmsConfig$1.run(MmsConfig.java:258)
03-25 00:36:06.567  7584  7606 E TechainBaseParameter: 	at java.util.concurrent.ThreadPoolExecutor.runWorker(ThreadPoolExecutor.java:1162)
