03-25 00:03:25.288  3013  3727 E LIBGPS  : send agps cmd to server
03-25 00:03:25.289  3013  3727 E LIBGPS  : send agps cmd to server
03-25 00:03:25.290  3013  3727 E LIBGPS  : begin save flash data,subtype is 31,lenth is 88
03-25 00:03:26.066  3926  3972 I CPVoiceAgent: select: retrun 0
03-25 00:03:26.238  3256  3463 D WifiNetworkMonitor: EVENT_WIFI_RSSI_CHANGED
03-25 00:03:26.238  3256  3463 E WifiNetworkMonitor: Not any Obervers!!!
03-25 00:03:26.286  3013  3727 E LIBGPS  : send agps cmd to server
03-25 00:03:26.287  3013  3727 E LIBGPS  : send agps cmd to server
03-25 00:03:26.288  3013  3727 E LIBGPS  : begin save flash data,subtype is 31,lenth is 88
03-25 00:03:26.426  3256  3328 I am_uid_idle: 10081
03-25 00:03:27.289  3013  3727 E LIBGPS  : send agps cmd to server
03-25 00:03:27.290  3013  3727 E LIBGPS  : send agps cmd to server
03-25 00:03:27.291  3013  3727 E LIBGPS  : begin save flash data,subtype is 31,lenth is 88
03-25 00:03:27.442  3256  3328 I am_uid_idle: 10077
03-25 00:03:27.568  3926  3972 I CPVoiceAgent: select: retrun 0
03-25 00:03:28.229  3026  3172 D WCND    : is_cp2_alive_ok: open polling interface: /proc/mdbg/loopcheck, fd = 13
03-25 00:03:28.314  3013  3727 E LIBGPS  : send agps cmd to server
03-25 00:03:28.315  3013  3727 E LIBGPS  : send agps cmd to server
03-25 00:03:28.317  3013  3727 E LIBGPS_LTE: we will trigger gen lte,svid is 29
03-25 00:03:28.317  3013  3727 E LIBGPS_LTE: sv 29 get new obs, toe 273600
03-25 00:03:28.317  3013  3727 E LIBGPS_LTE:  
03-25 00:03:28.317  3013  3726 E LIBGPS_LTE: after sem wait,g_SF_newSvMask:268435456
03-25 00:03:28.317  3013  3727 E LIBGPS_LTE: SF_saveObs enter,path is /data/gnss/lte/raw.obs
03-25 00:03:28.317  3013  3726 E LIBGPS_LTE: XEOD_Init before enter,pDataPath:0x7c661cae08
03-25 00:03:28.317  3013  3726 E LIBGPS_LTE: XEOD_CG Init Done!
03-25 00:03:28.317  3013  3726 E LIBGPS_LTE: Processing SV: 29...
03-25 00:03:28.320  3013  3727 E LIBGPS_LTE: save file success
03-25 00:03:28.330  3026  3172 D WCND    : is_cp2_alive_ok: loop: /proc/mdbg/loopcheck is OK
03-25 00:03:28.335  3256  4778 V AlarmManager: set(null) : type=3 triggerAtTime=151838 win=0 tElapsed=151838 maxElapsed=151838 interval=0 flags=0x1
03-25 00:03:28.714  3013  3726 E LIBGPS_LTE: GeneratePredEph Done!
03-25 00:03:28.714  3013  3726 E LIBGPS_LTE: SF_saveEph: svid=29
03-25 00:03:28.715  3013  3726 E LIBGPS_LTE: save EPH file success
03-25 00:03:29.070  3926  3972 I CPVoiceAgent: select: retrun 0
03-25 00:03:29.128  3013  3727 E LIBGPS  : send agps cmd to server
03-25 00:03:29.205  3013  3727 I chatty  : uid=1000(system) libgps identical 4 lines
03-25 00:03:29.206  3013  3727 E LIBGPS  : send agps cmd to server
03-25 00:03:29.208  3013  3727 E LIBGPS  : ===>>>>set para type
03-25 00:03:29.217  3256  4778 V AlarmManager: remove(operation) changed bounds; rebatching
03-25 00:03:29.219  3256  4778 V AlarmManager: set(null) : type=3 triggerAtTime=152723 win=0 tElapsed=152723 maxElapsed=152723 interval=0 flags=0x1
03-25 00:03:29.246  3256  3463 D WifiNetworkMonitor: EVENT_WIFI_RSSI_CHANGED
03-25 00:03:29.246  3256  3463 E WifiNetworkMonitor: Not any Obervers!!!
03-25 00:03:30.098  3013  3727 E LIBGPS  : send agps cmd to server
03-25 00:03:30.098  3013  3727 E LIBGPS  : send agps cmd to server
03-25 00:03:30.099  3013  3727 E LIBGPS  : begin save flash data,subtype is 0,lenth is 128
03-25 00:03:30.101  3013  3727 E LIBGPS  : ===>>>>set para type
03-25 00:03:30.109  3256  5886 V AlarmManager: remove(operation) changed bounds; rebatching
03-25 00:03:30.112  3256  5886 V AlarmManager: set(null) : type=3 triggerAtTime=153617 win=0 tElapsed=153617 maxElapsed=153617 interval=0 flags=0x1
03-25 00:03:30.572  3926  3972 I CPVoiceAgent: select: retrun 0
03-25 00:03:31.045  3013  3727 E LIBGPS  : send agps cmd to server
03-25 00:03:31.046  3013  3727 E LIBGPS  : send agps cmd to server
03-25 00:03:31.048  3013  3727 E LIBGPS  : begin save flash data,subtype is 4,lenth is 996
03-25 00:03:31.049  3013  3727 E LIBGPS  : ===>>>>set para type
03-25 00:03:31.058  3256  5886 V AlarmManager: remove(operation) changed bounds; rebatching
03-25 00:03:31.060  3256  5886 V AlarmManager: set(null) : type=3 triggerAtTime=154564 win=0 tElapsed=154564 maxElapsed=154564 interval=0 flags=0x1
03-25 00:03:31.493  3366  3377 D RIL     : rxlev[0]=99, rscp[0]=255, rsrp[0]=103
03-25 00:03:31.493  3366  3377 D RILC    : currentSignalStrengthInd
03-25 00:03:31.493  3366  3377 I RILC    : RIL_SOCKET_1 UNSOLICITED: UNSOL_SIGNAL_STRENGTH length:56
03-25 00:03:31.497  3495  3507 D SubscriptionController: [getDefaultDataSubId] subId= 2
03-25 00:03:31.498  3256  5886 I WifiService: getConnectionInfo uid=10082
03-25 00:03:32.047  3013  3727 E LIBGPS  : send agps cmd to server
03-25 00:03:32.048  3013  3727 E LIBGPS  : send agps cmd to server
03-25 00:03:32.050  3013  3727 E LIBGPS  : begin save flash data,subtype is 31,lenth is 88
03-25 00:03:32.050  3013  3727 E LIBGPS  : ===>>>>set para type
03-25 00:03:32.057  3256  5886 V AlarmManager: remove(operation) changed bounds; rebatching
03-25 00:03:32.062  3256  5886 V AlarmManager: set(null) : type=3 triggerAtTime=155566 win=0 tElapsed=155566 maxElapsed=155566 interval=0 flags=0x1
03-25 00:03:32.074  3926  3972 I CPVoiceAgent: select: retrun 0
03-25 00:03:32.140  3256  3440 D AlarmManager: waitForAlarm result:4currentTime=1774407812139, elapsedRealtime=133654
03-25 00:03:32.140  3256  3440 D AlarmManager: triggerList.size = 1, hasWakeup = true
03-25 00:03:32.140  3256  3440 D AlarmManagerService: set alarm to kernel: 180.900000000, type=2 
03-25 00:03:32.140  3256  3440 D AlarmManagerService: set alarm to kernel: 155.566000000, type=3 
03-25 00:03:32.140  3256  3440 V AlarmManager: sending alarm Alarm{e888606 type 0 when 1774407812140 com.urbetrack.sweeptracker}
03-25 00:03:32.142  6871  6871 D LocationService: 2026-03-25T03:03:32.142Z: onStartCommand: Received ACTION_START_WINDOW alarm
03-25 00:03:32.144  6871  6871 D LocationService: 2026-03-25T03:03:32.144Z: getLocationInterval: source=Unplugged, plugged=false, interval=15s
03-25 00:03:32.146  6871  6871 D LocationService: 2026-03-25T03:03:32.145Z: safeStartNewWindow depth=1 interval=15000ms
03-25 00:03:32.154  6871  6871 D LocationService: 2026-03-25T03:03:32.154Z: Attempting to start location window, interval=15000ms, mutex=false
03-25 00:03:32.156  6871  6871 D LocationService: 2026-03-25T03:03:32.155Z: Location window starting, interval=15000ms, mutex=true
03-25 00:03:32.157  6871  6871 D LocationService: 2026-03-25T03:03:32.157Z: Location window setup complete, releasing mutex, interval=15000ms, mutex=true
03-25 00:03:32.160  6871  6871 D LocationService: 2026-03-25T03:03:32.159Z: buildLocationRequest: batterySaving=false, priority=100, interval=15000ms, minUpdate=2000ms, window=15000ms
03-25 00:03:32.161  6871  6871 D LocationService: 2026-03-25T03:03:32.161Z: Window#6 started: method=GPS, interval=15000ms, priority=100, callback=164845490
03-25 00:03:32.168  3256  5886 D BroadcastQueue: Add broadcast <BroadcastRecord{79b14c7 u0 android.location.HIGH_POWER_REQUEST_CHANGE}> into [parallel | background], pending size 0
03-25 00:03:32.168  3256  3328 D BroadcastQueue: Done with parallel broadcast [background] [BroadcastRecord{79b14c7 u0 android.location.HIGH_POWER_REQUEST_CHANGE}]
03-25 00:03:32.172  3256  3758 D PowerController.RecogA: handleMessage(MSG_REPORT_EVENT)
03-25 00:03:32.172  3256  5886 I GnssLocationProvider: WakeLock acquired by sendMessage(SET_REQUEST, 0, com.android.server.location.GnssLocationProvider$GpsRequest@c09f319)
03-25 00:03:32.173  3256  3327 I GnssLocationProvider: WakeLock released by handleMessage(SET_REQUEST, 0, com.android.server.location.GnssLocationProvider$GpsRequest@c09f319)
03-25 00:03:32.174  3256  5886 V AlarmManager: set(PendingIntent{6a44fde: PendingIntentRecord{7ffd5bf com.google.android.gms broadcastIntent}}) : type=2 triggerAtTime=163684 win=0 tElapsed=163684 maxElapsed=163684 interval=0 flags=0x5
03-25 00:03:32.175  3256  5886 D AlarmManagerService: set alarm to kernel: 163.684000000, type=2 
03-25 00:03:32.182  3256  4778 D BroadcastQueue: Add broadcast <BroadcastRecord{bc8648c u0 android.location.HIGH_POWER_REQUEST_CHANGE}> into [parallel | background], pending size 0
03-25 00:03:32.182  3256  3328 D BroadcastQueue: Done with parallel broadcast [background] [BroadcastRecord{bc8648c u0 android.location.HIGH_POWER_REQUEST_CHANGE}]
03-25 00:03:32.188  3256  3758 D PowerController.RecogA: handleMessage(MSG_REPORT_EVENT)
03-25 00:03:32.188  3256  4778 I GnssLocationProvider: WakeLock acquired by sendMessage(SET_REQUEST, 0, com.android.server.location.GnssLocationProvider$GpsRequest@e218bea)
03-25 00:03:32.188  3256  3327 I GnssLocationProvider: WakeLock released by handleMessage(SET_REQUEST, 0, com.android.server.location.GnssLocationProvider$GpsRequest@e218bea)
03-25 00:03:32.189  3256  5886 I GnssLocationProvider: WakeLock acquired by sendMessage(SET_REQUEST, 0, com.android.server.location.GnssLocationProvider$GpsRequest@de60edb)
03-25 00:03:32.190  3256  3327 I GnssLocationProvider: WakeLock released by handleMessage(SET_REQUEST, 0, com.android.server.location.GnssLocationProvider$GpsRequest@de60edb)
03-25 00:03:32.189  3256  3758 D PowerController.RecogA: handleMessage(MSG_REPORT_EVENT)
03-25 00:03:32.193  3256  5886 V AlarmManager: set(PendingIntent{72cbdb7: PendingIntentRecord{264b924 com.google.android.gms broadcastIntent}}) : type=2 triggerAtTime=134139 win=0 tElapsed=138707 maxElapsed=138707 interval=0 flags=0x5
03-25 00:03:32.194  3256  5886 D AlarmManagerService: set alarm to kernel: 138.707000000, type=2 
03-25 00:03:32.194  3985  4869 I ActivityScheduler: nextTriggerTime: 299209, in 165501ms, detectorType: 39, FULL_TYPE alarmWindowMillis: 10000
03-25 00:03:32.196  3256  5886 V AlarmManager: set(PendingIntent{b23fc8d: PendingIntentRecord{60dbe51 com.google.android.gms broadcastIntent}}) : type=2 triggerAtTime=299209 win=10000 tElapsed=299209 maxElapsed=309209 interval=0 flags=0x0
03-25 00:03:32.196  3256  5886 V AlarmManager: remove(operation) changed bounds; rebatching
03-25 00:03:32.197  3256  5886 D AlarmManagerService: set alarm to kernel: 134.139000000, type=2 
03-25 00:03:32.203  3256  5886 D AlarmManagerService: set alarm to kernel: 163.684000000, type=2 
03-25 00:03:32.204  3985  4869 I ActivityScheduler: nextTriggerTime: 299209, in 165491ms, detectorType: 39, FULL_TYPE alarmWindowMillis: 10000
03-25 00:03:32.206  3256  5886 I WifiService: getWifiEnabledState uid=10014
03-25 00:03:32.207  3985  4869 W Settings: Setting airplane_mode_on has moved from android.provider.Settings.System to android.provider.Settings.Global, returning read-only value.
03-25 00:03:31.499  3495  3507 I chatty  : uid=1001(radio) Binder:3495_1 identical 1 line
03-25 00:03:31.506  3495  3507 D SubscriptionController: [getDefaultDataSubId] subId= 2
03-25 00:03:32.210  3495  3507 D RILJ    : [4158]> RIL_REQUEST_GET_CELL_INFO_LIST [SUB0]
03-25 00:03:32.210  3366  3366 D RILC    : getCellInfoList: serial 510
03-25 00:03:32.210  3366  3908 D RIL     : onRequest: GET_CELL_INFO_LIST radioState=4
03-25 00:03:32.210  3366  3908 D REQ_THDS: get Channel1
03-25 00:03:32.213  3366  3908 D RILC    : RequestComplete, RIL_SOCKET_1
03-25 00:03:32.213  3366  3908 E RILC    : Calling responseFunction() for token 510
03-25 00:03:32.213  3366  3908 D RILC    : getCellInfoListResponse: serial 510
03-25 00:03:32.213  3366  3908 D REQ_THDS: put Channel1
03-25 00:03:32.213  3366  3908 I REQ_THDS: -->CommandThread [3908] free one command
03-25 00:03:32.214  3495  3651 D RILJ    : [4158]< RIL_REQUEST_GET_CELL_INFO_LIST [CellInfoLte:{mRegistered=YES mTimeStampType=oem_ril mTimeStamp=133727320210ns CellIdentityLte:{ mMcc=722 mMnc=7 mCi=213798698 mPci=37 mTac=1866 mEarfcn=2850} CellSignalStrengthLte: ss=39 rsrp=-101 rsrq=-6 rssnr=2147483647 cqi=2147483647 ta=2147483647}, CellInfoLte:{mRegistered=NO mTimeStampType=oem_ril mTimeStamp=2147483647ns CellIdentityLte:{ mMcc=2147483647 mMnc=2147483647 mCi=2147483647 mPci=190 mTac=2147483647 mEarfcn=2850} CellSignalStrengthLte: ss=14 rsrp=-126 rsrq=-19 rssnr=2147483647 cqi=2147483647 ta=2147483647}] [SUB0]
03-25 00:03:32.215  3627  3627 D wpa_supplicant: nl80211: Ignored event (cmd=33) for foreign interface (ifindex 14 wdev 0x0)
03-25 00:03:32.215  3627  3627 D wpa_supplicant: nl80211: Drv Event 33 (NL80211_CMD_TRIGGER_SCAN) received for wlan0
03-25 00:03:32.215  3627  3627 D wpa_supplicant: wlan0: nl80211: Scan trigger
03-25 00:03:32.215  3627  3627 D wpa_supplicant: wlan0: Event SCAN_STARTED (47) received
03-25 00:03:32.215  3627  3627 D wpa_supplicant: wlan0: External program started a scan
03-25 00:03:32.202  3256  5886 V AlarmManager: remove(operation) changed bounds; rebatching
03-25 00:03:32.215  3256  3465 V AlarmManager: set(null) : type=2 triggerAtTime=148729 win=11250 tElapsed=148729 maxElapsed=159979 interval=0 flags=0x8
03-25 00:03:32.216  3256  3465 D AlarmManagerService: set alarm to kernel: 148.729000000, type=2 
03-25 00:03:32.253  3256  3463 D WifiNetworkMonitor: EVENT_WIFI_RSSI_CHANGED
03-25 00:03:32.253  3256  3463 E WifiNetworkMonitor: Not any Obervers!!!
03-25 00:03:32.307  6871  6888 I zygote64: Background concurrent copying GC freed 80999(3MB) AllocSpace objects, 14(536KB) LOS objects, 49% free, 3MB/7MB, paused 213us total 161.980ms
03-25 00:03:32.494  3366  3377 D RIL     : rxlev[0]=99, rscp[0]=255, rsrp[0]=102
03-25 00:03:32.494  3366  3377 D RILC    : currentSignalStrengthInd
03-25 00:03:32.494  3366  3377 I RILC    : RIL_SOCKET_1 UNSOLICITED: UNSOL_SIGNAL_STRENGTH length:56
03-25 00:03:32.497  3495  3507 D SubscriptionController: [getDefaultDataSubId] subId= 2
03-25 00:03:32.499  3256  5886 I WifiService: getConnectionInfo uid=10082
03-25 00:03:32.792  3627  3627 D wpa_supplicant: nl80211: Ignored event (cmd=34) for foreign interface (ifindex 14 wdev 0x0)
03-25 00:03:32.792  3627  3627 D wpa_supplicant: nl80211: Drv Event 34 (NL80211_CMD_NEW_SCAN_RESULTS) received for wlan0
03-25 00:03:32.792  3627  3627 D wpa_supplicant: wlan0: nl80211: New scan results available
03-25 00:03:32.792  3627  3627 D wpa_supplicant: nl80211: Scan probed for SSID ''
03-25 00:03:32.792  3627  3627 D wpa_supplicant: nl80211: Scan included frequencies: 2412 2417 2422 2427 2432 2437 2442 2447 2452 2457 2462 2467 2472
03-25 00:03:32.792  3627  3627 D wpa_supplicant: wlan0: Event SCAN_RESULTS (3) received
03-25 00:03:32.792  3256  5886 D WificondControl: Scan result ready event
03-25 00:03:32.793  3627  3627 D wpa_supplicant: nl80211: Received scan results (1 BSSes)
03-25 00:03:32.793  3627  3627 D wpa_supplicant: nl80211: Scan results indicate BSS status with 14:eb:b6:dd:08:e4 as associated
03-25 00:03:32.793  3627  3627 D wpa_supplicant: wlan0: BSS: Start scan result update 8
03-25 00:03:32.793  3627  3627 D wpa_supplicant: wlan0: BSS: Remove id 7 BSSID 10:71:b3:57:00:61 SSID 'Beto' due to no match in scan
03-25 00:03:32.793  3627  3627 D wpa_supplicant: wlan0: BSS: Remove id 8 BSSID e6:8b:42:26:4a:0a SSID '' due to no match in scan
03-25 00:03:32.793  3627  3627 D wpa_supplicant: BSS: last_scan_res_used=1/32
03-25 00:03:32.793  3627  3627 D wpa_supplicant: wlan0: New scan results available (own=0 ext=1)
03-25 00:03:32.793  3627  3627 D wpa_supplicant: wlan0: Do not use results from externally requested scan operation for network selection
03-25 00:03:32.793  3627  3627 D wpa_supplicant: p2p-dev-wlan0: Updating scan results from sibling
03-25 00:03:32.793  3627  3627 D wpa_supplicant: nl80211: Received scan results (1 BSSes)
03-25 00:03:32.794  3627  3627 D wpa_supplicant: p2p-dev-wlan0: BSS: Start scan result update 8
03-25 00:03:32.794  3627  3627 D wpa_supplicant: p2p-dev-wlan0: BSS: Remove id 7 BSSID 10:71:b3:57:00:61 SSID 'Beto' due to no match in scan
03-25 00:03:32.794  3627  3627 D wpa_supplicant: p2p-dev-wlan0: BSS: Remove id 8 BSSID e6:8b:42:26:4a:0a SSID '' due to no match in scan
03-25 00:03:32.794  3627  3627 D wpa_supplicant: BSS: last_scan_res_used=1/32
03-25 00:03:32.794  3627  3627 D wpa_supplicant: p2p-dev-wlan0: New scan results available (own=0 ext=1)
03-25 00:03:32.794  3627  3627 D wpa_supplicant: p2p-dev-wlan0: Do not use results from externally requested scan operation for network selection
03-25 00:03:32.794  3256  3465 V AlarmManager: remove(operation) changed bounds; rebatching
03-25 00:03:32.795  3256  3465 D AlarmManagerService: set alarm to kernel: 163.684000000, type=2 
03-25 00:03:32.797  3256  3465 D WificondScannerImpl: Filtering out 1 scan results.
03-25 00:03:32.812  3256  3296 I am_create_service: [0,122924610,.PersistentIntentOperationService,10014,3985]
03-25 00:03:32.820  3256  4778 V AlarmManager: set(PendingIntent{6c57e53: PendingIntentRecord{5c64390 com.google.android.gms startService}}) : type=3 triggerAtTime=315360134334 win=236520000000 tElapsed=315360134334 maxElapsed=551880134334 interval=0 flags=0x0
03-25 00:03:32.831  6871  6871 D LocationService: 2026-03-25T03:03:32.831Z: getCurrentLocation#6: Location[fused -37.118363,-56.856512 hAcc=47 et=+2m13s721ms alt=25.5 vel=0.0 vAcc=1 sAcc=2 bAcc=??? {Bundle[mParcelledData.dataSize=488]}]
03-25 00:03:32.834  3256  3296 D BroadcastQueue: Add broadcast <BroadcastRecord{f60d489 u0 android.location.HIGH_POWER_REQUEST_CHANGE}> into [parallel | background], pending size 0
03-25 00:03:32.834  3256  3328 D BroadcastQueue: Done with parallel broadcast [background] [BroadcastRecord{f60d489 u0 android.location.HIGH_POWER_REQUEST_CHANGE}]
03-25 00:03:32.836  3256  3296 V AlarmManager: set(PendingIntent{e793045: PendingIntentRecord{acc39a com.google.android.gms broadcastIntent}}) : type=2 triggerAtTime=139313 win=0 tElapsed=139351 maxElapsed=139351 interval=0 flags=0x5
03-25 00:03:32.837  3256  3296 D AlarmManagerService: set alarm to kernel: 139.351000000, type=2 
03-25 00:03:32.838  3256  3296 V AlarmManager: remove(operation) changed bounds; rebatching
03-25 00:03:32.838  3985  4869 I ActivityScheduler: nextTriggerTime: 299209, in 164857ms, detectorType: 39, FULL_TYPE alarmWindowMillis: 10000
03-25 00:03:32.838  3256  3296 D AlarmManagerService: set alarm to kernel: 139.313000000, type=2 
03-25 00:03:32.844  3256  3758 D PowerController.RecogA: handleMessage(MSG_REPORT_EVENT)
03-25 00:03:32.844  3256  3296 I GnssLocationProvider: WakeLock acquired by sendMessage(SET_REQUEST, 0, com.android.server.location.GnssLocationProvider$GpsRequest@3d6f4a8)
03-25 00:03:32.844  3256  3327 I GnssLocationProvider: WakeLock released by handleMessage(SET_REQUEST, 0, com.android.server.location.GnssLocationProvider$GpsRequest@3d6f4a8)
03-25 00:03:32.846  3256  3296 I GnssLocationProvider: WakeLock acquired by sendMessage(SET_REQUEST, 0, com.android.server.location.GnssLocationProvider$GpsRequest@3018bc1)
03-25 00:03:32.846  3256  3327 I GnssLocationProvider: WakeLock released by handleMessage(SET_REQUEST, 0, com.android.server.location.GnssLocationProvider$GpsRequest@3018bc1)
03-25 00:03:32.845  3256  3758 D PowerController.RecogA: handleMessage(MSG_REPORT_EVENT)
03-25 00:03:32.860  3256  4778 V AlarmManager: remove(operation) changed bounds; rebatching
03-25 00:03:32.860  3256  4778 D AlarmManagerService: set alarm to kernel: 180.900000000, type=2 
03-25 00:03:32.864  3256  4778 V AlarmManager: set(PendingIntent{25a22fd: PendingIntentRecord{3b82bf2 com.google.android.gms broadcastIntent}}) : type=2 triggerAtTime=149313 win=0 tElapsed=149313 maxElapsed=149313 interval=0 flags=0x5
03-25 00:03:32.864  3256  4778 D AlarmManagerService: set alarm to kernel: 149.313000000, type=2 
03-25 00:03:32.865  3985  4869 I ActivityScheduler: nextTriggerTime: 150313, in 15934ms, detectorType: 39, FULL_TYPE alarmWindowMillis: 10000
03-25 00:03:32.866  3256  4778 V AlarmManager: set(PendingIntent{1faa243: PendingIntentRecord{60dbe51 com.google.android.gms broadcastIntent}}) : type=2 triggerAtTime=150313 win=10000 tElapsed=150313 maxElapsed=160313 interval=0 flags=0x0
03-25 00:03:32.866  3256  4778 V AlarmManager: remove(operation) changed bounds; rebatching
03-25 00:03:33.047  3013  3727 E LIBGPS  : send agps cmd to server
03-25 00:03:33.048  3013  3727 E LIBGPS  : send agps cmd to server
03-25 00:03:33.049  3013  3727 E LIBGPS  : begin save flash data,subtype is 31,lenth is 88
03-25 00:03:33.050  3013  3727 E LIBGPS  : ===>>>>set para type
03-25 00:03:33.062  3256  5886 V AlarmManager: remove(operation) changed bounds; rebatching
03-25 00:03:33.063  3256  5886 V AlarmManager: set(null) : type=3 triggerAtTime=156565 win=0 tElapsed=156565 maxElapsed=156565 interval=0 flags=0x1
03-25 00:03:33.074  3985  4646 I FusedLocation: (REDACTED) location delivery to %s blocked - too fast
03-25 00:03:33.336  3026  3172 D WCND    : is_cp2_alive_ok: open polling interface: /proc/mdbg/loopcheck, fd = 13
03-25 00:03:33.436  3026  3172 D WCND    : is_cp2_alive_ok: loop: /proc/mdbg/loopcheck is OK
03-25 00:03:32.499  3495  3507 I chatty  : uid=1001(radio) Binder:3495_1 identical 1 line
03-25 00:03:32.508  3495  3507 D SubscriptionController: [getDefaultDataSubId] subId= 2
03-25 00:03:33.495  3366  3377 D RIL     : rxlev[0]=99, rscp[0]=255, rsrp[0]=102
03-25 00:03:33.495  3366  3377 D RILC    : currentSignalStrengthInd
03-25 00:03:33.495  3366  3377 I RILC    : RIL_SOCKET_1 UNSOLICITED: UNSOL_SIGNAL_STRENGTH length:56
03-25 00:03:33.498  3495  3507 D SubscriptionController: [getDefaultDataSubId] subId= 2
03-25 00:03:33.500  3256  4778 I WifiService: getConnectionInfo uid=10082
03-25 00:03:33.575  3926  3972 I CPVoiceAgent: select: retrun 0
03-25 00:03:34.047  3013  3727 E LIBGPS  : send agps cmd to server
03-25 00:03:34.048  3013  3727 E LIBGPS  : send agps cmd to server
03-25 00:03:34.049  3013  3727 E LIBGPS  : begin save flash data,subtype is 31,lenth is 88
03-25 00:03:34.050  3013  3727 E LIBGPS  : ===>>>>set para type
03-25 00:03:34.058  3256  4778 V AlarmManager: remove(operation) changed bounds; rebatching
03-25 00:03:34.060  3256  4778 V AlarmManager: set(null) : type=3 triggerAtTime=157566 win=0 tElapsed=157566 maxElapsed=157566 interval=0 flags=0x1
03-25 00:03:34.130  2929  2929 D memtrack_sprd: sprd_get_memory, pid:3256, type:1, allocated_records:0, num records:2
03-25 00:03:34.130  2929  2929 D memtrack_sprd: sprd_get_memory, pid:3256, type:1, allocated_records:2, num records:2
03-25 00:03:34.130  2929  2929 D memtrack_sprd: sprd_get_memory, pid:3256, type:2, allocated_records:0, num records:2
03-25 00:03:34.130  2929  2929 D memtrack_sprd: sprd_get_memory, pid:3256, type:2, allocated_records:2, num records:2
03-25 00:03:34.133  3256  3756 D PowerController.AppState: - reportAppProcStateInfo() E -
03-25 00:03:34.133  3256  3756 D PowerController.AppState: - reportAppProcStateInfo() E -
03-25 00:03:34.133  3256  3758 D PowerController.RecogA: handleMessage(MSG_REPORT_EVENT)
03-25 00:03:34.227  3256  3327 I am_pss  : [3256,1000,system,81852416,67342336,4368384]
03-25 00:03:34.486  2954  3116 D ENGPC   : parse_event: event { 'change', '/devices/virtual/xt_idletimer/timers', 'xt_idletimer', '' }
03-25 00:03:34.488  3256  3340 I WifiService: requestActivityInfo uid=1000
03-25 00:03:34.488  3256  3340 I WifiService: reportActivityInfo uid=1000
03-25 00:03:34.488  3256  3340 I WifiService: getSupportedFeatures uid=1000
03-25 00:03:33.500  3495  3507 I chatty  : uid=1001(radio) Binder:3495_1 identical 1 line
03-25 00:03:33.508  3495  3507 D SubscriptionController: [getDefaultDataSubId] subId= 2
03-25 00:03:34.495  3366  3377 D RIL     : rxlev[0]=99, rscp[0]=255, rsrp[0]=102
03-25 00:03:34.495  3366  3377 D RILC    : currentSignalStrengthInd
03-25 00:03:34.495  3366  3377 I RILC    : RIL_SOCKET_1 UNSOLICITED: UNSOL_SIGNAL_STRENGTH length:56
03-25 00:03:34.498  3495  3507 D SubscriptionController: [getDefaultDataSubId] subId= 2
03-25 00:03:34.499  3256  4778 I WifiService: getConnectionInfo uid=10082
03-25 00:03:35.046  3013  3727 E LIBGPS  : send agps cmd to server
03-25 00:03:35.047  3013  3727 E LIBGPS  : send agps cmd to server
03-25 00:03:35.049  3013  3727 E LIBGPS  : begin save flash data,subtype is 31,lenth is 88
03-25 00:03:35.051  3013  3727 E LIBGPS  : ===>>>>set para type
03-25 00:03:34.133  3256  3758 D PowerController.RecogA: handleMessage(MSG_REPORT_EVENT)
03-25 00:03:35.058  3256  4778 V AlarmManager: remove(operation) changed bounds; rebatching
03-25 00:03:35.060  3256  4778 V AlarmManager: set(null) : type=3 triggerAtTime=158566 win=0 tElapsed=158566 maxElapsed=158566 interval=0 flags=0x1
03-25 00:03:35.077  3926  3972 I CPVoiceAgent: select: retrun 0
03-25 00:03:35.260  3256  3463 D WifiNetworkMonitor: EVENT_WIFI_RSSI_CHANGED
03-25 00:03:35.260  3256  3463 E WifiNetworkMonitor: Not any Obervers!!!
03-25 00:03:34.499  3495  3507 I chatty  : uid=1001(radio) Binder:3495_1 identical 1 line
03-25 00:03:34.505  3495  3507 D SubscriptionController: [getDefaultDataSubId] subId= 2
03-25 00:03:35.496  3366  3377 D RIL     : rxlev[0]=99, rscp[0]=255, rsrp[0]=102
03-25 00:03:35.496  3366  3377 D RILC    : currentSignalStrengthInd
03-25 00:03:35.497  3366  3377 I RILC    : RIL_SOCKET_1 UNSOLICITED: UNSOL_SIGNAL_STRENGTH length:56
03-25 00:03:35.500  3495  3507 D SubscriptionController: [getDefaultDataSubId] subId= 2
03-25 00:03:35.501  3256  4778 I WifiService: getConnectionInfo uid=10082
03-25 00:03:36.047  3013  3727 E LIBGPS  : send agps cmd to server
03-25 00:03:36.048  3013  3727 E LIBGPS  : send agps cmd to server
03-25 00:03:36.050  3013  3727 E LIBGPS  : begin save flash data,subtype is 31,lenth is 88
03-25 00:03:36.051  3013  3727 E LIBGPS  : ===>>>>set para type
03-25 00:03:36.057  3256  5886 V AlarmManager: remove(operation) changed bounds; rebatching
03-25 00:03:36.059  3256  5886 V AlarmManager: set(null) : type=3 triggerAtTime=159566 win=0 tElapsed=159566 maxElapsed=159566 interval=0 flags=0x1
03-25 00:03:35.502  3495  3507 I chatty  : uid=1001(radio) Binder:3495_1 identical 1 line
03-25 00:03:35.510  3495  3507 D SubscriptionController: [getDefaultDataSubId] subId= 2
03-25 00:03:36.497  3366  3377 D RIL     : rxlev[0]=99, rscp[0]=255, rsrp[0]=102
03-25 00:03:36.497  3366  3377 D RILC    : currentSignalStrengthInd
03-25 00:03:36.497  3366  3377 I RILC    : RIL_SOCKET_1 UNSOLICITED: UNSOL_SIGNAL_STRENGTH length:56
03-25 00:03:36.501  3495  3507 D SubscriptionController: [getDefaultDataSubId] subId= 2
03-25 00:03:36.502  3256  3296 I WifiService: getConnectionInfo uid=10082
03-25 00:03:36.579  3926  3972 I CPVoiceAgent: select: retrun 0
03-25 00:03:37.048  3013  3727 E LIBGPS  : send agps cmd to server
03-25 00:03:37.049  3013  3727 E LIBGPS  : send agps cmd to server
03-25 00:03:37.049  3013  3727 E LIBGPS  : begin save flash data,subtype is 31,lenth is 88
03-25 00:03:37.051  3013  3727 E LIBGPS  : ===>>>>set para type
03-25 00:03:37.062  3256  3296 V AlarmManager: remove(operation) changed bounds; rebatching
03-25 00:03:37.064  3256  3296 V AlarmManager: set(null) : type=3 triggerAtTime=160567 win=0 tElapsed=160567 maxElapsed=160567 interval=0 flags=0x1
03-25 00:03:36.503  3495  3507 I chatty  : uid=1001(radio) Binder:3495_1 identical 1 line
03-25 00:03:36.512  3495  3507 D SubscriptionController: [getDefaultDataSubId] subId= 2
03-25 00:03:37.498  3366  3377 D RIL     : rxlev[0]=99, rscp[0]=255, rsrp[0]=102
03-25 00:03:37.498  3366  3377 D RILC    : currentSignalStrengthInd
03-25 00:03:37.498  3366  3377 I RILC    : RIL_SOCKET_1 UNSOLICITED: UNSOL_SIGNAL_STRENGTH length:56
03-25 00:03:37.501  3495  3507 D SubscriptionController: [getDefaultDataSubId] subId= 2
03-25 00:03:37.502  3256  3296 I WifiService: getConnectionInfo uid=10082
03-25 00:03:38.046  3013  3727 E LIBGPS  : send agps cmd to server
03-25 00:03:38.047  3013  3727 E LIBGPS  : send agps cmd to server
03-25 00:03:38.049  3013  3727 E LIBGPS  : begin save flash data,subtype is 31,lenth is 88
03-25 00:03:38.049  3013  3727 E LIBGPS  : ===>>>>set para type
03-25 00:03:38.060  3256  5886 V AlarmManager: remove(operation) changed bounds; rebatching
03-25 00:03:38.062  3256  5886 V AlarmManager: set(null) : type=3 triggerAtTime=161564 win=0 tElapsed=161564 maxElapsed=161564 interval=0 flags=0x1
03-25 00:03:38.081  3926  3972 I CPVoiceAgent: select: retrun 0
03-25 00:03:38.166  2954  3116 D ENGPC   : parse_event: event { 'change', '/devices/virtual/xt_idletimer/timers', 'xt_idletimer', '' }
03-25 00:03:38.168  3256  3340 I WifiService: requestActivityInfo uid=1000
03-25 00:03:38.168  3256  3340 I WifiService: reportActivityInfo uid=1000
03-25 00:03:38.168  3256  3340 I WifiService: getSupportedFeatures uid=1000
03-25 00:03:38.264  3256  3463 D WifiNetworkMonitor: EVENT_WIFI_RSSI_CHANGED
03-25 00:03:38.264  3256  3463 E WifiNetworkMonitor: Not any Obervers!!!
03-25 00:03:38.441  3026  3172 D WCND    : is_cp2_alive_ok: open polling interface: /proc/mdbg/loopcheck, fd = 13
03-25 00:03:37.502  3495  3507 I chatty  : uid=1001(radio) Binder:3495_1 identical 1 line
03-25 00:03:37.509  3495  3507 D SubscriptionController: [getDefaultDataSubId] subId= 2
03-25 00:03:38.498  3366  3377 D RIL     : rxlev[0]=99, rscp[0]=255, rsrp[0]=102
03-25 00:03:38.499  3366  3377 D RILC    : currentSignalStrengthInd
03-25 00:03:38.499  3366  3377 I RILC    : RIL_SOCKET_1 UNSOLICITED: UNSOL_SIGNAL_STRENGTH length:56
03-25 00:03:38.502  3495  3507 D SubscriptionController: [getDefaultDataSubId] subId= 2
03-25 00:03:38.503  3256  3296 I WifiService: getConnectionInfo uid=10082
03-25 00:03:38.542  3026  3172 D WCND    : is_cp2_alive_ok: loop: /proc/mdbg/loopcheck is OK
03-25 00:03:39.046  3013  3727 E LIBGPS  : send agps cmd to server
03-25 00:03:39.047  3013  3727 E LIBGPS  : send agps cmd to server
03-25 00:03:39.048  3013  3727 E LIBGPS  : begin save flash data,subtype is 31,lenth is 88
03-25 00:03:39.049  3013  3727 E LIBGPS  : ===>>>>set para type
03-25 00:03:39.058  3256  5886 V AlarmManager: remove(operation) changed bounds; rebatching
03-25 00:03:39.060  3256  5886 V AlarmManager: set(null) : type=3 triggerAtTime=162565 win=0 tElapsed=162565 maxElapsed=162565 interval=0 flags=0x1
03-25 00:03:38.503  3495  3507 I chatty  : uid=1001(radio) Binder:3495_1 identical 1 line
03-25 00:03:38.511  3495  3507 D SubscriptionController: [getDefaultDataSubId] subId= 2
03-25 00:03:39.499  3366  3377 D RIL     : rxlev[0]=99, rscp[0]=255, rsrp[0]=102
03-25 00:03:39.499  3366  3377 D RILC    : currentSignalStrengthInd
03-25 00:03:39.500  3366  3377 I RILC    : RIL_SOCKET_1 UNSOLICITED: UNSOL_SIGNAL_STRENGTH length:56
03-25 00:03:39.503  3495  3507 D SubscriptionController: [getDefaultDataSubId] subId= 2
03-25 00:03:39.503  3256  3296 I WifiService: getConnectionInfo uid=10082
03-25 00:03:39.583  3926  3972 I CPVoiceAgent: select: retrun 0
03-25 00:03:39.831  3256  3296 I am_destroy_service: [0,122924610,3985]
03-25 00:03:39.834  3256  3296 V AlarmManager: remove(operation) changed bounds; rebatching
03-25 00:03:40.067  3013  3727 E LIBGPS  : send agps cmd to server
03-25 00:03:40.068  3013  3727 E LIBGPS  : send agps cmd to server
03-25 00:03:40.070  3013  3727 E LIBGPS  : begin save flash data,subtype is 31,lenth is 88
03-25 00:03:40.071  3013  3727 E LIBGPS  : ===>>>>set para type
03-25 00:03:40.078  3256  3296 V AlarmManager: remove(operation) changed bounds; rebatching
03-25 00:03:40.079  3256  3296 V AlarmManager: set(null) : type=3 triggerAtTime=163586 win=0 tElapsed=163586 maxElapsed=163586 interval=0 flags=0x1
03-25 00:03:40.207  3529  3753 I sysui_multi_action: [757,1093,758,4,793,18086,1094,604504577,1095,5]
03-25 00:03:39.504  3495  3507 I chatty  : uid=1001(radio) Binder:3495_1 identical 1 line
03-25 00:03:39.512  3495  3507 D SubscriptionController: [getDefaultDataSubId] subId= 2
03-25 00:03:40.500  3366  3377 D RIL     : rxlev[0]=99, rscp[0]=255, rsrp[0]=102
03-25 00:03:40.500  3366  3377 D RILC    : currentSignalStrengthInd
03-25 00:03:40.500  3366  3377 I RILC    : RIL_SOCKET_1 UNSOLICITED: UNSOL_SIGNAL_STRENGTH length:56
03-25 00:03:40.503  3495  3507 D SubscriptionController: [getDefaultDataSubId] subId= 2
03-25 00:03:40.504  3256  3296 I WifiService: getConnectionInfo uid=10082
03-25 00:03:41.068  3013  3727 E LIBGPS  : send agps cmd to server
03-25 00:03:41.069  3013  3727 E LIBGPS  : send agps cmd to server
03-25 00:03:41.070  3013  3727 E LIBGPS  : begin save flash data,subtype is 31,lenth is 88
03-25 00:03:41.071  3013  3727 E LIBGPS  : ===>>>>set para type
03-25 00:03:41.081  3256  4778 V AlarmManager: remove(operation) changed bounds; rebatching
03-25 00:03:41.085  3256  3296 V AlarmManager: set(null) : type=3 triggerAtTime=164588 win=0 tElapsed=164588 maxElapsed=164588 interval=0 flags=0x1
03-25 00:03:41.086  3926  3972 I CPVoiceAgent: select: retrun 0
03-25 00:03:41.273  3256  3463 D WifiNetworkMonitor: EVENT_WIFI_RSSI_CHANGED
03-25 00:03:41.273  3256  3463 E WifiNetworkMonitor: Not any Obervers!!!
03-25 00:03:40.504  3495  3507 I chatty  : uid=1001(radio) Binder:3495_1 identical 1 line
03-25 00:03:40.512  3495  3507 D SubscriptionController: [getDefaultDataSubId] subId= 2
03-25 00:03:41.500  3366  3377 D RIL     : rxlev[0]=99, rscp[0]=255, rsrp[0]=102
03-25 00:03:41.500  3366  3377 D RILC    : currentSignalStrengthInd
03-25 00:03:41.501  3366  3377 I RILC    : RIL_SOCKET_1 UNSOLICITED: UNSOL_SIGNAL_STRENGTH length:56
03-25 00:03:41.503  3495  3507 D SubscriptionController: [getDefaultDataSubId] subId= 2
03-25 00:03:41.504  3256  3296 I WifiService: getConnectionInfo uid=10082
03-25 00:03:41.638  7990  7990 D ip_monitor-2989: 192.168.1.1 dev wlan0 lladdr b8:d5:26:d6:ed:b0 STALE
03-25 00:03:41.978  3013  3727 E LIBGPS  : send agps cmd to server
03-25 00:03:42.074  3013  3727 I chatty  : uid=1000(system) libgps identical 5 lines
03-25 00:03:42.075  3013  3727 E LIBGPS  : send agps cmd to server
03-25 00:03:42.077  3013  3727 E LIBGPS  : begin save flash data,subtype is 31,lenth is 88
03-25 00:03:42.079  3013  3727 E LIBGPS  : ===>>>>set para type
03-25 00:03:42.085  3256  3296 V AlarmManager: remove(operation) changed bounds; rebatching
03-25 00:03:42.088  3256  3296 V AlarmManager: set(null) : type=3 triggerAtTime=165594 win=0 tElapsed=165594 maxElapsed=165594 interval=0 flags=0x1
03-25 00:03:42.588  3926  3972 I CPVoiceAgent: select: retrun 0
03-25 00:03:42.978  3013  3727 E LIBGPS  : send agps cmd to server
03-25 00:03:43.073  3013  3727 I chatty  : uid=1000(system) libgps identical 3 lines
03-25 00:03:43.074  3013  3727 E LIBGPS  : send agps cmd to server
03-25 00:03:43.076  3013  3727 E LIBGPS  : begin save flash data,subtype is 31,lenth is 88
03-25 00:03:43.077  3013  3727 E LIBGPS  : ===>>>>set para type
03-25 00:03:43.086  3256  3296 V AlarmManager: remove(operation) changed bounds; rebatching
03-25 00:03:43.088  3256  3296 V AlarmManager: set(null) : type=3 triggerAtTime=166593 win=0 tElapsed=166593 maxElapsed=166593 interval=0 flags=0x1
03-25 00:03:43.547  3026  3172 D WCND    : is_cp2_alive_ok: open polling interface: /proc/mdbg/loopcheck, fd = 13
03-25 00:03:43.648  3026  3172 D WCND    : is_cp2_alive_ok: loop: /proc/mdbg/loopcheck is OK
03-25 00:03:43.978  3013  3727 E LIBGPS  : send agps cmd to server
03-25 00:03:44.071  3013  3727 I chatty  : uid=1000(system) libgps identical 1 line
03-25 00:03:44.071  3013  3727 E LIBGPS  : send agps cmd to server
03-25 00:03:44.072  3013  3727 E LIBGPS  : begin save flash data,subtype is 31,lenth is 88
03-25 00:03:44.074  3013  3727 E LIBGPS  : ===>>>>set para type
03-25 00:03:44.084  3256  4778 V AlarmManager: remove(operation) changed bounds; rebatching
03-25 00:03:44.089  3926  3972 I CPVoiceAgent: select: retrun 0
03-25 00:03:44.095  3256  4778 V AlarmManager: set(null) : type=3 triggerAtTime=167589 win=0 tElapsed=167589 maxElapsed=167589 interval=0 flags=0x1
03-25 00:03:44.283  3256  3463 D WifiNetworkMonitor: EVENT_WIFI_RSSI_CHANGED
03-25 00:03:44.283  3256  3463 E WifiNetworkMonitor: Not any Obervers!!!
03-25 00:03:44.978  3013  3727 E LIBGPS  : send agps cmd to server
03-25 00:03:45.071  3013  3727 I chatty  : uid=1000(system) libgps identical 2 lines
03-25 00:03:45.072  3013  3727 E LIBGPS  : send agps cmd to server
03-25 00:03:45.073  3013  3727 E LIBGPS  : begin save flash data,subtype is 31,lenth is 88
03-25 00:03:45.073  3013  3727 E LIBGPS  : ===>>>>set para type
03-25 00:03:45.082  3256  3296 V AlarmManager: remove(operation) changed bounds; rebatching
03-25 00:03:45.084  3256  3296 V AlarmManager: set(null) : type=3 triggerAtTime=168589 win=0 tElapsed=168589 maxElapsed=168589 interval=0 flags=0x1
03-25 00:03:45.591  3926  3972 I CPVoiceAgent: select: retrun 0
03-25 00:03:45.978  3013  3727 E LIBGPS  : send agps cmd to server
03-25 00:03:46.071  3013  3727 I chatty  : uid=1000(system) libgps identical 2 lines
03-25 00:03:46.072  3013  3727 E LIBGPS  : send agps cmd to server
03-25 00:03:46.072  3013  3727 E LIBGPS  : begin save flash data,subtype is 31,lenth is 88
03-25 00:03:46.074  3013  3727 E LIBGPS  : ===>>>>set para type
03-25 00:03:46.082  3256  4778 V AlarmManager: remove(operation) changed bounds; rebatching
03-25 00:03:46.084  3256  4778 V AlarmManager: set(null) : type=3 triggerAtTime=169589 win=0 tElapsed=169589 maxElapsed=169589 interval=0 flags=0x1
03-25 00:03:46.208  3529  3753 I sysui_multi_action: [757,1093,758,4,793,6001,1094,604504577,1095,5]
03-25 00:03:46.978  3013  3727 E LIBGPS  : send agps cmd to server
03-25 00:03:47.075  3013  3727 I chatty  : uid=1000(system) libgps identical 1 line
03-25 00:03:47.076  3013  3727 E LIBGPS  : send agps cmd to server
03-25 00:03:47.078  3013  3727 E LIBGPS  : ===>>>>set para type
03-25 00:03:47.087  3256  5886 V AlarmManager: remove(operation) changed bounds; rebatching
03-25 00:03:47.089  3256  5886 V AlarmManager: set(null) : type=3 triggerAtTime=170593 win=0 tElapsed=170593 maxElapsed=170593 interval=0 flags=0x1
03-25 00:03:47.093  3926  3972 I CPVoiceAgent: select: retrun 0
03-25 00:03:47.167  6871  6871 D LocationService: 2026-03-25T03:03:47.166Z: Window#6 finish signal received or interval reached
03-25 00:03:47.168  6871  6871 D LocationService: 2026-03-25T03:03:47.167Z: Window#6 closing with buffered=2
03-25 00:03:47.169  6871  6871 D LocationService: 2026-03-25T03:03:47.169Z: Window#6 selected uniqueLocations=1 from candidates=2
03-25 00:03:47.170  6871  6871 D LocationService: 2026-03-25T03:03:47.170Z: Window#6 summary: count=1, bestAcc=46.776, locations=[age=14s, acc=46.776]
03-25 00:03:47.172  6871  7015 D LocationService: 2026-03-25T03:03:47.172Z: Saving Location: lat=-37.1183632, lon=-56.8565117, acc=46.776, battery=100%, charging=false, mode=HIGH_ACCURACY
03-25 00:03:47.173  6871  6871 D LocationService: 2026-03-25T03:03:47.173Z: getLocationInterval: source=Unplugged, plugged=false, interval=15s
03-25 00:03:47.175  6871  6871 D LocationService: 2026-03-25T03:03:47.174Z: Window#6 will schedule next interval=15000ms
03-25 00:03:47.176  6871  6871 D LocationService: 2026-03-25T03:03:47.176Z: Removed location updates for window#6, callbackId=164845490
03-25 00:03:47.178  6871  6871 D LocationService: 2026-03-25T03:03:47.178Z: Scheduling next window via AlarmManager, cycle interval=15000ms, remaining wait=0ms
03-25 00:03:47.181  3256  5886 D BroadcastQueue: Add broadcast <BroadcastRecord{7f9b0c0 u0 android.location.HIGH_POWER_REQUEST_CHANGE}> into [parallel | background], pending size 0
03-25 00:03:47.181  3256  3328 D BroadcastQueue: Done with parallel broadcast [background] [BroadcastRecord{7f9b0c0 u0 android.location.HIGH_POWER_REQUEST_CHANGE}]
03-25 00:03:47.182  6871  6871 D LocationService: 2026-03-25T03:03:47.181Z: scheduleNextAlarm: using inexact alarm in 0ms for Unplugged
03-25 00:03:47.183  3256  4778 V AlarmManager: set(PendingIntent{daaf1f9: PendingIntentRecord{6e9bb7f com.urbetrack.sweeptracker startService}}) : type=0 triggerAtTime=1774407827180 win=0 tElapsed=153697 maxElapsed=153697 interval=0 flags=0x8
03-25 00:03:47.184  6871  7015 D LocationService: 2026-03-25T03:03:47.184Z: Location saved to repository (uuid=55af873d-c269-4f2b-8fad-801922e92a7f)
03-25 00:03:47.186  3256  3758 D PowerController.RecogA: handleMessage(MSG_REPORT_EVENT)
03-25 00:03:47.186  3256  4778 I GnssLocationProvider: WakeLock acquired by sendMessage(SET_REQUEST, 0, com.android.server.location.GnssLocationProvider$GpsRequest@719153e)
03-25 00:03:47.187  3256  3327 I GnssLocationProvider: WakeLock released by handleMessage(SET_REQUEST, 0, com.android.server.location.GnssLocationProvider$GpsRequest@719153e)
03-25 00:03:47.187  6871  6871 D LocationService: 2026-03-25T03:03:47.187Z: Released WakeLock for window#6
03-25 00:03:47.202  3256  5886 V AlarmManager: remove(operation) changed bounds; rebatching
03-25 00:03:47.202  3256  5886 D AlarmManagerService: set alarm to kernel: 148.694000000, type=2 
03-25 00:03:47.203  3256  3440 D AlarmManager: waitForAlarm result:4currentTime=1774407827203, elapsedRealtime=148717
03-25 00:03:47.203  3256  3440 D AlarmManager: triggerList.size = 1, hasWakeup = true
03-25 00:03:47.203  3256  3440 D AlarmManagerService: set alarm to kernel: 150.313000000, type=2 
03-25 00:03:47.203  3256  3440 V AlarmManager: sending alarm Alarm{61b1f9f type 0 when 1774407827180 com.urbetrack.sweeptracker}
03-25 00:03:47.204  3985  4869 I ActivityScheduler: nextTriggerTime: 9223372036854775806, in 9223372036854627088ms, detectorType: 32, SLEEP alarmWindowMillis: 3074457345618258602
03-25 00:03:47.204  6871  6871 D LocationService: 2026-03-25T03:03:47.204Z: onStartCommand: Received ACTION_START_WINDOW alarm
03-25 00:03:47.205  3256  5886 W AlarmManager: Window length 3074457345618258602ms suspiciously long; limiting to 1 hour
03-25 00:03:47.205  3256  5886 V AlarmManager: set(PendingIntent{12918ec: PendingIntentRecord{60dbe51 com.google.android.gms broadcastIntent}}) : type=2 triggerAtTime=9223372036854775806 win=3600000 tElapsed=9223372036854775806 maxElapsed=-9223372036851175810 interval=0 flags=0x0
03-25 00:03:47.205  6871  6871 D LocationService: 2026-03-25T03:03:47.205Z: getLocationInterval: source=Unplugged, plugged=false, interval=15s
03-25 00:03:47.206  3256  5886 V AlarmManager: remove(operation) changed bounds; rebatching
03-25 00:03:47.206  3256  5886 D AlarmManagerService: set alarm to kernel: 180.900000000, type=2 
03-25 00:03:47.206  6871  6871 D LocationService: 2026-03-25T03:03:47.206Z: safeStartNewWindow depth=1 interval=15000ms
03-25 00:03:47.207  3256  5886 D AlarmManagerService: set alarm to kernel: 161.514000000, type=3 
03-25 00:03:47.210  6871  6871 D LocationService: 2026-03-25T03:03:47.210Z: Attempting to start location window, interval=15000ms, mutex=false
03-25 00:03:47.211  6871  6871 D LocationService: 2026-03-25T03:03:47.211Z: Location window starting, interval=15000ms, mutex=true
03-25 00:03:47.212  6871  6871 D LocationService: 2026-03-25T03:03:47.212Z: Location window setup complete, releasing mutex, interval=15000ms, mutex=true
03-25 00:03:47.215  6871  6871 D LocationService: 2026-03-25T03:03:47.214Z: buildLocationRequest: batterySaving=false, priority=100, interval=15000ms, minUpdate=2000ms, window=15000ms
03-25 00:03:47.216  6871  6871 D LocationService: 2026-03-25T03:03:47.215Z: Window#7 started: method=GPS, interval=15000ms, priority=100, callback=264364217
03-25 00:03:47.220  3256  4778 D BroadcastQueue: Add broadcast <BroadcastRecord{69fb4b5 u0 android.location.HIGH_POWER_REQUEST_CHANGE}> into [parallel | background], pending size 0
03-25 00:03:47.221  3256  3328 D BroadcastQueue: Done with parallel broadcast [background] [BroadcastRecord{69fb4b5 u0 android.location.HIGH_POWER_REQUEST_CHANGE}]
03-25 00:03:47.226  3256  3758 D PowerController.RecogA: handleMessage(MSG_REPORT_EVENT)
03-25 00:03:47.227  3256  5886 I GnssLocationProvider: WakeLock acquired by sendMessage(SET_REQUEST, 0, com.android.server.location.GnssLocationProvider$GpsRequest@46b6397)
03-25 00:03:47.227  3256  3327 I GnssLocationProvider: WakeLock released by handleMessage(SET_REQUEST, 0, com.android.server.location.GnssLocationProvider$GpsRequest@46b6397)
03-25 00:03:47.228  3256  4778 V AlarmManager: set(PendingIntent{7db9984: PendingIntentRecord{15ec56d com.google.android.gms broadcastIntent}}) : type=2 triggerAtTime=178738 win=0 tElapsed=178738 maxElapsed=178738 interval=0 flags=0x5
03-25 00:03:47.228  3256  4778 D AlarmManagerService: set alarm to kernel: 178.738000000, type=2 
03-25 00:03:47.231  3256  5886 D BroadcastQueue: Add broadcast <BroadcastRecord{4cf75a2 u0 android.location.HIGH_POWER_REQUEST_CHANGE}> into [parallel | background], pending size 0
03-25 00:03:47.232  3256  3328 D BroadcastQueue: Done with parallel broadcast [background] [BroadcastRecord{4cf75a2 u0 android.location.HIGH_POWER_REQUEST_CHANGE}]
03-25 00:03:47.240  3256  3758 D PowerController.RecogA: handleMessage(MSG_REPORT_EVENT)
03-25 00:03:47.240  3256  5886 I GnssLocationProvider: WakeLock acquired by sendMessage(SET_REQUEST, 0, com.android.server.location.GnssLocationProvider$GpsRequest@e3ac9f0)
03-25 00:03:47.241  3256  3327 I GnssLocationProvider: WakeLock released by handleMessage(SET_REQUEST, 0, com.android.server.location.GnssLocationProvider$GpsRequest@e3ac9f0)
03-25 00:03:47.242  3256  5886 I GnssLocationProvider: WakeLock acquired by sendMessage(SET_REQUEST, 0, com.android.server.location.GnssLocationProvider$GpsRequest@82f4b69)
03-25 00:03:47.243  3256  3327 I GnssLocationProvider: WakeLock released by handleMessage(SET_REQUEST, 0, com.android.server.location.GnssLocationProvider$GpsRequest@82f4b69)
03-25 00:03:47.242  3256  3758 D PowerController.RecogA: handleMessage(MSG_REPORT_EVENT)
03-25 00:03:47.253  3256  3296 V AlarmManager: set(PendingIntent{a683525: PendingIntentRecord{e2e16fa com.google.android.gms broadcastIntent}}) : type=2 triggerAtTime=149313 win=0 tElapsed=153767 maxElapsed=153767 interval=0 flags=0x5
03-25 00:03:47.253  3256  3296 D AlarmManagerService: set alarm to kernel: 153.767000000, type=2 
03-25 00:03:47.254  3985  4869 I ActivityScheduler: nextTriggerTime: 150313, in 1545ms, detectorType: 39, FULL_TYPE alarmWindowMillis: 10000
03-25 00:03:47.255  3256  3296 V AlarmManager: set(PendingIntent{3fc24ab: PendingIntentRecord{60dbe51 com.google.android.gms broadcastIntent}}) : type=2 triggerAtTime=150313 win=10000 tElapsed=153769 maxElapsed=163769 interval=0 flags=0x0
03-25 00:03:47.255  3256  3296 V AlarmManager: remove(operation) changed bounds; rebatching
03-25 00:03:47.256  3256  3296 D AlarmManagerService: set alarm to kernel: 149.313000000, type=2 
03-25 00:03:47.264  3256  4778 V AlarmManager: remove(operation) changed bounds; rebatching
03-25 00:03:47.264  3256  4778 D AlarmManagerService: set alarm to kernel: 150.313000000, type=2 
03-25 00:03:47.266  3985  4869 I ActivityScheduler: nextTriggerTime: 149776, in 996ms, detectorType: 39, FULL_TYPE alarmWindowMillis: 10000
03-25 00:03:47.267  3256  4778 V AlarmManager: set(PendingIntent{cc9e708: PendingIntentRecord{60dbe51 com.google.android.gms broadcastIntent}}) : type=2 triggerAtTime=149776 win=10000 tElapsed=153781 maxElapsed=163781 interval=0 flags=0x0
03-25 00:03:47.267  3256  4778 V AlarmManager: remove(operation) changed bounds; rebatching
03-25 00:03:47.268  3256  4778 D AlarmManagerService: set alarm to kernel: 178.738000000, type=2 
03-25 00:03:47.268  3256  4778 D AlarmManagerService: set alarm to kernel: 153.781000000, type=2 
03-25 00:03:47.270  3256  4778 I WifiService: getWifiEnabledState uid=10014
03-25 00:03:47.271  3985  4869 W Settings: Setting airplane_mode_on has moved from android.provider.Settings.System to android.provider.Settings.Global, returning read-only value.
03-25 00:03:47.273  3256  4778 D AlarmManagerService: set alarm to kernel: 178.738000000, type=2 
03-25 00:03:47.277  3495  3507 D RILJ    : [4159]> RIL_REQUEST_GET_CELL_INFO_LIST [SUB0]
03-25 00:03:47.277  3366  3366 D RILC    : getCellInfoList: serial 511
03-25 00:03:47.277  3366  3661 D RIL     : onRequest: GET_CELL_INFO_LIST radioState=4
03-25 00:03:47.277  3366  3661 D REQ_THDS: get Channel1
03-25 00:03:47.280  2930  3432 D sensor  : poll__batch handle=0 sampling_period_ns=20ms, max_report_latency_ns=0ms
03-25 00:03:47.280  2930  3432 E sensor  : AccSensor: mDelay(66667000) delay_ns(20000000)
03-25 00:03:47.280  2930  3432 E sensor  : AccSensor: ms(50) 
03-25 00:03:47.280  3366  3661 D RILC    : RequestComplete, RIL_SOCKET_1
03-25 00:03:47.280  3366  3661 E RILC    : Calling responseFunction() for token 511
03-25 00:03:47.280  3366  3661 D RILC    : getCellInfoListResponse: serial 511
03-25 00:03:47.280  3366  3661 D REQ_THDS: put Channel1
03-25 00:03:47.281  3366  3661 I REQ_THDS: -->CommandThread [3661] free one command
03-25 00:03:47.281  3627  3627 D wpa_supplicant: nl80211: Ignored event (cmd=33) for foreign interface (ifindex 14 wdev 0x0)
03-25 00:03:47.281  3627  3627 D wpa_supplicant: nl80211: Drv Event 33 (NL80211_CMD_TRIGGER_SCAN) received for wlan0
03-25 00:03:47.272  3256  4778 V AlarmManager: remove(operation) changed bounds; rebatching
03-25 00:03:47.281  3256  3465 V AlarmManager: set(null) : type=2 triggerAtTime=163795 win=11250 tElapsed=163795 maxElapsed=175045 interval=0 flags=0x8
03-25 00:03:47.281  3627  3627 D wpa_supplicant: wlan0: nl80211: Scan trigger
03-25 00:03:47.281  2930  3432 D sensor  : poll__flush handle=0
03-25 00:03:47.281  3627  3627 D wpa_supplicant: wlan0: Event SCAN_STARTED (47) received
03-25 00:03:47.281  3627  3627 D wpa_supplicant: wlan0: External program started a scan
03-25 00:03:47.281  2930  2930 E sensor  : reading flush event from pipe
03-25 00:03:47.282  3256  3465 D AlarmManagerService: set alarm to kernel: 163.795000000, type=2 
