03-28 01:20:50.566  6798  6798 D LocationService: 2026-03-28T04:20:50.565Z: safeStartNewWindow depth=1 interval=15000ms
03-28 01:20:50.570  3469  7840 D EmBootNetService: mTmpinfo.packageName:com.chartcross.gpstest stop:false
03-28 01:20:50.571  6798  6798 D LocationService: 2026-03-28T04:20:50.570Z: Attempting to start location window, interval=15000ms, mutex=false
03-28 01:20:50.574  6798  6798 D LocationService: 2026-03-28T04:20:50.573Z: Location window starting, interval=15000ms, mutex=true
03-28 01:20:50.575  3258  4019 I ActivityManager: Force stopping com.chartcross.gpstest appid=10083 user=0: from pid 3469
03-28 01:20:50.577  6798  6798 D LocationService: 2026-03-28T04:20:50.576Z: Location window setup complete, releasing mutex, interval=15000ms, mutex=true
03-28 01:20:50.579  3258  4019 D BroadcastQueue: Add broadcast <BroadcastRecord{f6bb7b2 u0 android.intent.action.PACKAGE_RESTARTED}> into [parallel | background], pending size 0
03-28 01:20:50.579  3469  7840 D EmBootNetService: forceStopPackage:  com.chartcross.gpstest
03-28 01:20:50.582  6798  6798 D LocationService: 2026-03-28T04:20:50.581Z: buildLocationRequest: batterySaving=false, priority=100, interval=15000ms, minUpdate=2000ms, window=15000ms
03-28 01:20:50.583  3258  3258 I notification_cancel_all: [1000,3258,com.chartcross.gpstest,0,0,0,5,NULL]
03-28 01:20:50.586  6798  6798 D LocationService: 2026-03-28T04:20:50.585Z: GPS high-accuracy session started
03-28 01:20:50.588  6798  6798 D LocationService: 2026-03-28T04:20:50.587Z: Window#15 started: method=GPS, interval=15000ms, priority=100, callback=19013120
03-28 01:20:50.589  3258  3277 D BroadcastQueue: Done with parallel broadcast [background] [BroadcastRecord{f6bb7b2 u0 android.intent.action.PACKAGE_RESTARTED}]
03-28 01:20:50.591  3431  3431 D CarrierSvcBindHelper: No carrier app for: 0
03-28 01:20:50.597  3258  4018 D BroadcastQueue: Add broadcast <BroadcastRecord{881a303 u0 android.location.HIGH_POWER_REQUEST_CHANGE}> into [parallel | background], pending size 0
03-28 01:20:50.598  3258  3277 D BroadcastQueue: Done with parallel broadcast [background] [BroadcastRecord{881a303 u0 android.location.HIGH_POWER_REQUEST_CHANGE}]
03-28 01:20:50.601  3258  3654 D PowerController.RecogA: handleMessage(MSG_REPORT_EVENT)
03-28 01:20:50.602  3258  4018 I GnssLocationProvider: WakeLock acquired by sendMessage(SET_REQUEST, 0, com.android.server.location.GnssLocationProvider$GpsRequest@6d99cfe)
03-28 01:20:50.602  3007  3007 E LIBGPS  : agps data will not send,for gps is close
03-28 01:20:50.603  3007  3007 E LIBGPS  : xml mode is msb
03-28 01:20:50.603  3007  3007 E LIBGPS  : note:set mode from framwork is not equel xml set!
03-28 01:20:50.603  3007  3007 D LCS_MGT : [MGT_execute]: recv instr(0xe108) of domain 'UP(0x01)' sid(200) from GNSS!
03-28 01:20:50.603  3007  3007 D LCS_MGT : [LCSMGT_getDomain]: LCS supported domain is 'UP|CP(0x03)'
03-28 01:20:50.603  3007  3007 D LCS_MGT : [MGT_execute]: executing instr 'LCS_INSTR_SET_POS_METHOD(0xe108)' of domain 'UP(0x01)'
03-28 01:20:50.603  3007  3007 D LCS_MGT : [UPINSTR_execSetPosMethod]: Entry point
03-28 01:20:50.603  3007  3007 D LCS_MGT : [LCSMGT_sendAsyncEvent]: send event(0xa109), body maxsize(4)
03-28 01:20:50.603  3007  3007 D LCS_MGT : LCSMGT Version:AGNSS_W24.33.2_V18.5.3, android:V8.1.0(64bit), gcc:V4.2.1 Compatible Android Clang 5.0.300080 , build time:Aug 13 2024, 16:40:36
03-28 01:20:50.603  3007  3007 D LCS_MGT : [INSTR_encapSetPosMethod]: Entry point
03-28 01:20:50.603  3007  3590 D LCS_MGT : [LCSMGT_recvMBoxEvents]: recv event(0xa109)
03-28 01:20:50.603  3007  3590 D LCS_MGT : [UPEVT_recvSetPosMethod]: Entry point
03-28 01:20:50.603  3007  3590 D LCS_UP  : enter supl_RXN_setPosMode, setted posMode=1(2:MSA, 1:MSB, 0: standlone GPS)
03-28 01:20:50.603  3007  3638 D LCS_UP  : enter supl_handleNormalMsg
03-28 01:20:50.603  3007  3638 D LCS_UP  : [supl_handleNormalMsg]: receive mbox msg(0x1001)
03-28 01:20:50.603  3007  3638 D LCS_UP  : supl_SessionRunning result 0 index 6
03-28 01:20:50.604  3007  3638 D LCS_UP  : enter supl_setPosMode, isSessionRunning=0, pMsg->aPosMethod=1
03-28 01:20:50.604  3007  3007 E LIBGPS  : LIBGPS_W20.40.2_V1.6.1 Version:64bit, gcc:V4.2.1 Compatible Android Clang 5.0.300080 , build time:Jan 20 2026, 23:16:45
03-28 01:20:50.604  3007  3638 D LCS_UP  : supl_setPosMode:set postionMode = MSB
03-28 01:20:50.604  3007  3638 D LCS_UP  : enter supl_handleNetworkOrSETCapChange
03-28 01:20:50.604  3007  3638 D LCS_UP  : enter supl_handleTlsRpt
03-28 01:20:50.605  3007  3627 I GnssHAL_AGnssInterfaceExt: updateWakelock: GNSS HAL Wakelock acquired due to gps: 1, fused: 0
03-28 01:20:50.605  3007  3627 E LIBGPS  : size is 1343
03-28 01:20:50.605  3258  3276 I GnssLocationProvider: WakeLock released by handleMessage(SET_REQUEST, 0, com.android.server.location.GnssLocationProvider$GpsRequest@6d99cfe)
03-28 01:20:50.621  3258  4019 V AlarmManager: set(PendingIntent{1ae8b0a: PendingIntentRecord{96a6f7b com.google.android.gms broadcastIntent}}) : type=2 triggerAtTime=89386188 win=0 tElapsed=89386188 maxElapsed=89386188 interval=0 flags=0x5
03-28 01:20:50.622  9831  9903 I ActivityScheduler: nextTriggerTime: 89517682, in 161472ms, detectorType: 39, FULL_TYPE alarmWindowMillis: 10000
03-28 01:20:50.622  3258  4019 V AlarmManager: set(PendingIntent{46b2198: PendingIntentRecord{960be41 com.google.android.gms broadcastIntent}}) : type=2 triggerAtTime=89517682 win=10000 tElapsed=89517682 maxElapsed=89527682 interval=0 flags=0x0
03-28 01:20:50.623  3258  4019 V AlarmManager: remove(operation) changed bounds; rebatching
03-28 01:20:50.626  3258  4019 I WifiService: getWifiEnabledState uid=10014
03-28 01:20:50.626  9831  9903 W Settings: Setting airplane_mode_on has moved from android.provider.Settings.System to android.provider.Settings.Global, returning read-only value.
03-28 01:20:50.628  3258  7739 D BroadcastQueue: Add broadcast <BroadcastRecord{969cdf1 u0 android.location.HIGH_POWER_REQUEST_CHANGE}> into [parallel | background], pending size 0
03-28 01:20:50.628  3258  3277 D BroadcastQueue: Done with parallel broadcast [background] [BroadcastRecord{969cdf1 u0 android.location.HIGH_POWER_REQUEST_CHANGE}]
03-28 01:20:50.630  3258  3654 D PowerController.RecogA: handleMessage(MSG_REPORT_EVENT)
03-28 01:20:50.631  3258  4019 I GnssLocationProvider: WakeLock acquired by sendMessage(SET_REQUEST, 0, com.android.server.location.GnssLocationProvider$GpsRequest@8324dd6)
03-28 01:20:50.631  3258  3276 I GnssLocationProvider: WakeLock released by handleMessage(SET_REQUEST, 0, com.android.server.location.GnssLocationProvider$GpsRequest@8324dd6)
03-28 01:20:50.636  3553  3553 D wpa_supplicant: nl80211: Ignored event (cmd=33) for foreign interface (ifindex 14 wdev 0x0)
03-28 01:20:50.636  3553  3553 D wpa_supplicant: nl80211: Drv Event 33 (NL80211_CMD_TRIGGER_SCAN) received for wlan0
03-28 01:20:50.636  3553  3553 D wpa_supplicant: wlan0: nl80211: Scan trigger
03-28 01:20:50.636  3553  3553 D wpa_supplicant: wlan0: Event SCAN_STARTED (47) received
03-28 01:20:50.636  3553  3553 D wpa_supplicant: wlan0: External program started a scan
03-28 01:20:50.630  3258  3654 D PowerController.RecogA: handleMessage(MSG_REPORT_EVENT)
03-28 01:20:50.636  3258  3403 V AlarmManager: set(null) : type=2 triggerAtTime=89371224 win=11250 tElapsed=89371224 maxElapsed=89382474 interval=0 flags=0x8
03-28 01:20:50.636  3258  3403 D AlarmManagerService: set alarm to kernel: 89371.224000000, type=2 
03-28 01:20:50.357  3431  3741 I chatty  : uid=1001(radio) Binder:3431_5 identical 1 line
03-28 01:20:50.367  3431  3741 D SubscriptionController: [getDefaultDataSubId] subId= 1
03-28 01:20:50.642  3431  3812 D RILJ    : [8715]> RIL_REQUEST_GET_CELL_INFO_LIST [SUB0]
03-28 01:20:50.642  3306  3306 D RILC    : getCellInfoList: serial 5067
03-28 01:20:50.643  3306  3536 D RIL     : onRequest: GET_CELL_INFO_LIST radioState=4
03-28 01:20:50.643  3306  3536 D REQ_THDS: get Channel1
03-28 01:20:50.645  3306  3536 D RILC    : RequestComplete, RIL_SOCKET_1
03-28 01:20:50.645  3306  3536 E RILC    : Calling responseFunction() for token 5067
03-28 01:20:50.645  3306  3536 D RILC    : getCellInfoListResponse: serial 5067
03-28 01:20:50.645  3306  3536 D REQ_THDS: put Channel1
03-28 01:20:50.645  3306  3536 I REQ_THDS: -->CommandThread [3536] free one command
03-28 01:20:50.646  3431  3525 D RILJ    : [8715]< RIL_REQUEST_GET_CELL_INFO_LIST [CellInfoLte:{mRegistered=YES mTimeStampType=oem_ril mTimeStamp=49164734425103ns CellIdentityLte:{ mMcc=722 mMnc=34 mCi=213908387 mPci=502 mTac=1866 mEarfcn=2225} CellSignalStrengthLte: ss=46 rsrp=-94 rsrq=-8 rssnr=2147483647 cqi=2147483647 ta=2147483647}, CellInfoLte:{mRegistered=NO mTimeStampType=oem_ril mTimeStamp=2147483647ns CellIdentityLte:{ mMcc=2147483647 mMnc=2147483647 mCi=2147483647 mPci=502 mTac=2147483647 mEarfcn=2225} CellSignalStrengthLte: ss=45 rsrp=-95 rsrq=-10 rssnr=2147483647 cqi=2147483647 ta=2147483647}, CellInfoLte:{mRegistered=NO mTimeStampType=oem_ril mTimeStamp=2147483647ns CellIdentityLte:{ mMcc=2147483647 mMnc=2147483647 mCi=2147483647 mPci=321 mTac=2147483647 mEarfcn=2225} CellSignalStrengthLte: ss=38 rsrp=-102 rsrq=-13 rssnr=2147483647 cqi=2147483647 ta=2147483647}] [SUB0]
03-28 01:20:50.670  3469  7840 D EmBootNetService: mTmpinfo.packageName:com.chartcross.gpstest stop:false
03-28 01:20:50.675  3258  4018 I ActivityManager: Force stopping com.chartcross.gpstest appid=10083 user=0: from pid 3469
03-28 01:20:50.678  3258  4018 D BroadcastQueue: Add broadcast <BroadcastRecord{aa68857 u0 android.intent.action.PACKAGE_RESTARTED}> into [parallel | background], pending size 0
03-28 01:20:50.679  3469  7840 D EmBootNetService: forceStopPackage:  com.chartcross.gpstest
03-28 01:20:50.684  3258  3277 D BroadcastQueue: Done with parallel broadcast [background] [BroadcastRecord{aa68857 u0 android.intent.action.PACKAGE_RESTARTED}]
03-28 01:20:50.687  3431  3431 D CarrierSvcBindHelper: No carrier app for: 0
03-28 01:20:50.771  3469  7840 D EmBootNetService: mTmpinfo.packageName:com.chartcross.gpstest stop:false
03-28 01:20:50.776  3258  4018 I ActivityManager: Force stopping com.chartcross.gpstest appid=10083 user=0: from pid 3469
03-28 01:20:50.780  3258  4018 D BroadcastQueue: Add broadcast <BroadcastRecord{bcbf44 u0 android.intent.action.PACKAGE_RESTARTED}> into [parallel | background], pending size 0
03-28 01:20:50.782  3469  7840 D EmBootNetService: forceStopPackage:  com.chartcross.gpstest
03-28 01:20:50.788  3258  3277 D BroadcastQueue: Done with parallel broadcast [background] [BroadcastRecord{bcbf44 u0 android.intent.action.PACKAGE_RESTARTED}]
03-28 01:20:50.790  3431  3431 D CarrierSvcBindHelper: No carrier app for: 0
03-28 01:20:50.832  3007  3626 E LIBGPS  : getresponse subtype is 1
03-28 01:20:50.832  3007  3626 E LIBGPS  : size is 1343
03-28 01:20:50.832  3007  3626 E LIBGPS  : get val is GPS_GLO GNSS_17A_W19.37.4 GE2-AA
03-28 01:20:50.833  3007  3626 E LIBGPS  : size is 1343
03-28 01:20:50.833  3007  3626 E LIBGPS  : size is 1343
03-28 01:20:50.833  3007  3627 E LIBGPS  : GNSS STATE :GE2 CP IDLED, should not set: GE2 CP IDLED
03-28 01:20:50.833  3007  3627 E LIBGPS  : size is 1343
03-28 01:20:50.843  3007  3627 E LIBGPS  : ephemeris is too old
03-28 01:20:50.844  3007  3627 I chatty  : uid=1000(system) libgps_daemon identical 3 lines
03-28 01:20:50.844  3007  3627 E LIBGPS  : ephemeris is too old
03-28 01:20:50.871  3469  7840 D EmBootNetService: mTmpinfo.packageName:com.chartcross.gpstest stop:false
03-28 01:20:50.874  3258  4019 I ActivityManager: Force stopping com.chartcross.gpstest appid=10083 user=0: from pid 3469
03-28 01:20:50.877  3258  4019 D BroadcastQueue: Add broadcast <BroadcastRecord{53c582d u0 android.intent.action.PACKAGE_RESTARTED}> into [parallel | background], pending size 0
03-28 01:20:50.878  3469  7840 D EmBootNetService: forceStopPackage:  com.chartcross.gpstest
03-28 01:20:50.883  3258  3277 D BroadcastQueue: Done with parallel broadcast [background] [BroadcastRecord{53c582d u0 android.intent.action.PACKAGE_RESTARTED}]
03-28 01:20:50.887  3431  3431 D CarrierSvcBindHelper: No carrier app for: 0
03-28 01:20:50.971  3469  7840 D EmBootNetService: mTmpinfo.packageName:com.chartcross.gpstest stop:false
03-28 01:20:50.975  3258  4018 I ActivityManager: Force stopping com.chartcross.gpstest appid=10083 user=0: from pid 3469
03-28 01:20:50.980  3258  4018 D BroadcastQueue: Add broadcast <BroadcastRecord{d5d7162 u0 android.intent.action.PACKAGE_RESTARTED}> into [parallel | background], pending size 0
03-28 01:20:50.981  3469  7840 D EmBootNetService: forceStopPackage:  com.chartcross.gpstest
03-28 01:20:50.988  3258  3277 D BroadcastQueue: Done with parallel broadcast [background] [BroadcastRecord{d5d7162 u0 android.intent.action.PACKAGE_RESTARTED}]
03-28 01:20:50.994  3431  3431 D CarrierSvcBindHelper: No carrier app for: 0
03-28 01:20:51.058  3007  3627 E LIBGPS  : size is 1343
03-28 01:20:51.058  3007  3627 I chatty  : uid=1000(system) libgps_daemon identical 3 lines
03-28 01:20:51.058  3007  3627 E LIBGPS  : size is 1343
03-28 01:20:51.070  3469  7840 D EmBootNetService: mTmpinfo.packageName:com.chartcross.gpstest stop:false
03-28 01:20:51.075  3258  7739 I ActivityManager: Force stopping com.chartcross.gpstest appid=10083 user=0: from pid 3469
03-28 01:20:51.079  3258  7739 D BroadcastQueue: Add broadcast <BroadcastRecord{d2152f3 u0 android.intent.action.PACKAGE_RESTARTED}> into [parallel | background], pending size 0
03-28 01:20:51.080  3469  7840 D EmBootNetService: forceStopPackage:  com.chartcross.gpstest
03-28 01:20:51.087  3258  3277 D BroadcastQueue: Done with parallel broadcast [background] [BroadcastRecord{d2152f3 u0 android.intent.action.PACKAGE_RESTARTED}]
03-28 01:20:51.088  3431  3431 D CarrierSvcBindHelper: No carrier app for: 0
03-28 01:20:50.986  3258  3258 I chatty  : uid=1000 system_server identical 4 lines
03-28 01:20:51.084  3258  3258 I notification_cancel_all: [1000,3258,com.chartcross.gpstest,0,0,0,5,NULL]
03-28 01:20:51.090  7622  7622 I auditd  : type=1400 audit(0.0:14696): avc: denied { search } for comm="process-tracker" name="7864" dev="proc" ino=483989 scontext=u:r:su:s0 tcontext=u:r:kernel:s0 tclass=dir permissive=1
03-28 01:20:51.090  7622  7622 I process-tracker: type=1400 audit(0.0:14696): avc: denied { search } for name="7864" dev="proc" ino=483989 scontext=u:r:su:s0 tcontext=u:r:kernel:s0 tclass=dir permissive=1
03-28 01:20:51.096  3007  3626 E LIBGPS  : agps aiding data received
03-28 01:20:51.096  3007  3626 E LIBGPS  : assist request flag invalid
03-28 01:20:51.096  3007  3626 E LIBGPS  : send agps cmd to server
03-28 01:20:51.170  3469  7840 D EmBootNetService: forceStopPackage finish 
03-28 01:20:51.195  2936  3131 D ENGPC   : parse_event: event { 'change', '/devices/platform/battery/power_supply/battery', 'power_supply', '' }
03-28 01:20:51.195  3006  3071 I ThermalChargeDetect: charge status: Full
03-28 01:20:51.199  3258  3258 D BroadcastQueue: Add broadcast <BroadcastRecord{9688bb0 u-1 android.intent.action.BATTERY_CHANGED}> into [parallel | background], pending size 0
03-28 01:20:51.201  3258  3651 D PowerController: updatePowerSaveMode(), set to MODECONFIG_USER
03-28 01:20:51.202  3431  3431 D DctEx   : [0]onReceive() action=android.intent.action.BATTERY_CHANGED
03-28 01:20:51.202  3258  3651 D PowerController: isInVideoCallOrNormalCall:mModeConfigIndex:2,preModeConfigIndex = 2
03-28 01:20:51.202  3258  3651 D PowerController: updatePowerSaveModeInternal(), no change, return true
03-28 01:20:51.204  3258  3277 D BroadcastQueue: Done with parallel broadcast [background] [BroadcastRecord{9688bb0 u-1 android.intent.action.BATTERY_CHANGED}]
03-28 01:20:51.204  3469  3469 D BatteryMeterDrawable: onBatteryLevelChanged level=100,pluggedIn=true,charging=true
03-28 01:20:51.206  3469  3469 D PowerUI : buckets   .....0 .. 0 .. 0
03-28 01:20:51.206  3469  3469 D PowerUI : level          100 --> 100
03-28 01:20:51.206  3469  3469 D PowerUI : status         5 --> 5
03-28 01:20:51.206  3469  3469 D PowerUI : plugType       2 --> 2
03-28 01:20:51.206  3469  3469 D PowerUI : invalidCharger 0 --> 0
03-28 01:20:51.206  3469  3469 D PowerUI : bucket         1 --> 1
03-28 01:20:51.206  3469  3469 D PowerUI : plugged        true --> true
03-28 01:20:51.206  3469  3469 D PowerUI : health         2 --> 2
03-28 01:20:51.204  3469  3469 I chatty  : uid=10030(com.android.systemui) identical 1 line
03-28 01:20:51.205  3469  3469 D BatteryMeterDrawable: onBatteryLevelChanged level=100,pluggedIn=true,charging=true
03-28 01:20:51.206  6798  6798 D BatteryObserver: 2026-03-28T04:20:51.205Z: [id=1] ACTION_BATTERY_CHANGED received; extras=technology,icon-small,max_charging_voltage,health,max_charging_current,status,plugged,present,seq,charge_counter,level,scale,temperature,voltage,invalid_charger
03-28 01:20:51.209  3553  3553 D wpa_supplicant: nl80211: Ignored event (cmd=34) for foreign interface (ifindex 14 wdev 0x0)
03-28 01:20:51.209  3553  3553 D wpa_supplicant: nl80211: Drv Event 34 (NL80211_CMD_NEW_SCAN_RESULTS) received for wlan0
03-28 01:20:51.209  3553  3553 D wpa_supplicant: wlan0: nl80211: New scan results available
03-28 01:20:51.209  3553  3553 D wpa_supplicant: nl80211: Scan probed for SSID ''
03-28 01:20:51.209  3469  3469 D BatteryMeterDrawable: onReceive action=android.intent.action.BATTERY_CHANGED
03-28 01:20:51.209  3553  3553 D wpa_supplicant: nl80211: Scan included frequencies: 2412 2417 2422 2427 2432 2437 2442 2447 2452 2457 2462 2467 2472
03-28 01:20:51.209  3553  3553 D wpa_supplicant: wlan0: Event SCAN_RESULTS (3) received
03-28 01:20:51.209  3469  3469 D BatteryMeterDrawable: onReceive level=100,plugType=2,status=5
03-28 01:20:51.209  3469  3469 D BatteryMeterDrawable: Screen is off, stop charging anim
03-28 01:20:51.209  3553  3553 D wpa_supplicant: nl80211: Received scan results (3 BSSes)
03-28 01:20:51.209  3469  3469 D BatteryMeterDrawable: onReceive action=android.intent.action.BATTERY_CHANGED
03-28 01:20:51.209  3553  3553 D wpa_supplicant: nl80211: Scan results indicate BSS status with b8:d5:26:d6:ed:b1 as associated
03-28 01:20:51.209  3553  3553 D wpa_supplicant: wlan0: BSS: Start scan result update 1888
03-28 01:20:51.209  3469  3469 D BatteryMeterDrawable: onReceive level=100,plugType=2,status=5
03-28 01:20:51.209  3553  3553 D wpa_supplicant: wlan0: BSS: Remove id 2354 BSSID e6:8b:42:26:37:b8 SSID '' due to no match in scan
03-28 01:20:51.209  3469  3469 D BatteryMeterDrawable: Screen is off, stop charging anim
03-28 01:20:51.210  3553  3553 D wpa_supplicant: BSS: last_scan_res_used=3/32
03-28 01:20:51.210  3553  3553 D wpa_supplicant: wlan0: New scan results available (own=0 ext=1)
03-28 01:20:51.210  3553  3553 D wpa_supplicant: wlan0: Do not use results from externally requested scan operation for network selection
03-28 01:20:51.210  3469  3469 D BatteryMeterDrawable: onReceive action=android.intent.action.BATTERY_CHANGED
03-28 01:20:51.210  3553  3553 D wpa_supplicant: p2p-dev-wlan0: Updating scan results from sibling
03-28 01:20:51.210  3469  3469 D BatteryMeterDrawable: onReceive level=100,plugType=2,status=5
03-28 01:20:51.210  3469  3469 D BatteryMeterDrawable: Screen is off, stop charging anim
03-28 01:20:51.210  3553  3553 D wpa_supplicant: nl80211: Received scan results (3 BSSes)
03-28 01:20:51.210  3553  3553 D wpa_supplicant: p2p-dev-wlan0: BSS: Start scan result update 1888
03-28 01:20:51.210  3553  3553 D wpa_supplicant: p2p-dev-wlan0: BSS: Remove id 2430 BSSID e6:8b:42:26:37:b8 SSID '' due to no match in scan
03-28 01:20:51.210  6798  6798 D BatteryObserver: 2026-03-28T04:20:51.209Z: State: charging=true/USB, level=100%, temp=33.3C
03-28 01:20:51.210  3553  3553 D wpa_supplicant: BSS: last_scan_res_used=3/32
03-28 01:20:51.210  3553  3553 D wpa_supplicant: p2p-dev-wlan0: New scan results available (own=0 ext=1)
03-28 01:20:51.210  3553  3553 D wpa_supplicant: p2p-dev-wlan0: Do not use results from externally requested scan operation for network selection
03-28 01:20:51.210  3258  7739 D WificondControl: Scan result ready event
03-28 01:20:51.211  3258  3403 V AlarmManager: remove(operation) changed bounds; rebatching
03-28 01:20:51.212  3258  3403 D AlarmManagerService: set alarm to kernel: 89366.955000000, type=2 
03-28 01:20:51.216  3258  3403 D WificondScannerImpl: Filtering out 1 scan results.
03-28 01:20:51.227  9831  7040 I FrewleTileCacheManagerV: (REDACTED) Fetched %d AP models from cache
03-28 01:20:51.249  6798  6798 D LocationService: 2026-03-28T04:20:51.249Z: getCurrentLocation#15: Location[fused -37.118245,-56.856422 hAcc=65 et=+1d0h49m16s541ms alt=24.80000114440918 vAcc=7 sAcc=??? bAcc=??? {Bundle[mParcelledData.dataSize=608]}]
03-28 01:20:51.250  3258  7739 D BroadcastQueue: Add broadcast <BroadcastRecord{6334a29 u0 android.location.HIGH_POWER_REQUEST_CHANGE}> into [parallel | background], pending size 0
03-28 01:20:51.250  3258  3277 D BroadcastQueue: Done with parallel broadcast [background] [BroadcastRecord{6334a29 u0 android.location.HIGH_POWER_REQUEST_CHANGE}]
03-28 01:20:51.253  3258  4019 V AlarmManager: remove(operation) changed bounds; rebatching
03-28 01:20:51.258  3258  4018 V AlarmManager: remove(operation) changed bounds; rebatching
