03-28 01:20:40.365  3431  3741 D SubscriptionController: [getDefaultDataSubId] subId= 1
03-28 01:20:41.347  3306  3335 D RIL     : rxlev[0]=99, rscp[0]=255, rsrp[0]=96
03-28 01:20:41.347  3306  3335 D RILC    : currentSignalStrengthInd
03-28 01:20:41.347  3306  3335 I RILC    : RIL_SOCKET_1 UNSOLICITED: UNSOL_SIGNAL_STRENGTH length:56
03-28 01:20:41.351  3431  3741 D SubscriptionController: [getDefaultDataSubId] subId= 1
03-28 01:20:41.354  3258  3269 I WifiService: getConnectionInfo uid=10087
03-28 01:20:41.700  7835  7835 I auditd  : type=1400 audit(0.0:14664): avc: denied { getattr } for comm="sh" path="/system/bin/toybox" dev="mmcblk0p33" ino=652 scontext=u:r:su:s0 tcontext=u:object_r:toolbox_exec:s0 tclass=file permissive=1
03-28 01:20:41.700  7835  7835 I sh      : type=1400 audit(0.0:14664): avc: denied { getattr } for path="/system/bin/toybox" dev="mmcblk0p33" ino=652 scontext=u:r:su:s0 tcontext=u:object_r:toolbox_exec:s0 tclass=file permissive=1
03-28 01:20:41.780  7837  7837 I auditd  : type=1400 audit(0.0:14668): avc: denied { dac_override } for comm="sh" capability=1 scontext=u:r:su:s0 tcontext=u:r:su:s0 tclass=capability permissive=1
03-28 01:20:41.780  7837  7837 I sh      : type=1400 audit(0.0:14668): avc: denied { dac_override } for capability=1 scontext=u:r:su:s0 tcontext=u:r:su:s0 tclass=capability permissive=1
03-28 01:20:41.780  7837  7837 I auditd  : type=1400 audit(0.0:14669): avc: denied { read } for comm="sh" name="tmp" dev="mmcblk0p38" ino=50 scontext=u:r:su:s0 tcontext=u:object_r:shell_data_file:s0 tclass=dir permissive=1
03-28 01:20:41.780  7837  7837 I sh      : type=1400 audit(0.0:14669): avc: denied { read } for name="tmp" dev="mmcblk0p38" ino=50 scontext=u:r:su:s0 tcontext=u:object_r:shell_data_file:s0 tclass=dir permissive=1
03-28 01:20:41.810  7839  7839 I auditd  : type=1400 audit(0.0:14671): avc: denied { getattr } for comm="ls" path="/data/local/tmp/boot_log.txt" dev="mmcblk0p38" ino=19772 scontext=u:r:su:s0 tcontext=u:object_r:shell_data_file:s0 tclass=file permissive=1
03-28 01:20:41.810  7839  7839 I ls      : type=1400 audit(0.0:14671): avc: denied { getattr } for path="/data/local/tmp/boot_log.txt" dev="mmcblk0p38" ino=19772 scontext=u:r:su:s0 tcontext=u:object_r:shell_data_file:s0 tclass=file permissive=1
03-28 01:20:42.250  3782  3823 I CPVoiceAgent: select: retrun 0
03-28 01:20:41.353  3431  3741 I chatty  : uid=1001(radio) Binder:3431_5 identical 1 line
03-28 01:20:41.365  3431  3741 D SubscriptionController: [getDefaultDataSubId] subId= 1
03-28 01:20:42.348  3306  3335 D RIL     : rxlev[0]=99, rscp[0]=255, rsrp[0]=96
03-28 01:20:42.348  3306  3335 D RILC    : currentSignalStrengthInd
03-28 01:20:42.348  3306  3335 I RILC    : RIL_SOCKET_1 UNSOLICITED: UNSOL_SIGNAL_STRENGTH length:56
03-28 01:20:42.352  3431  3741 D SubscriptionController: [getDefaultDataSubId] subId= 1
03-28 01:20:42.354  3258  3269 I WifiService: getConnectionInfo uid=10087
03-28 01:20:42.504 11536 11543 I /system/bin/webview_zygote32: Debugger is no longer active
03-28 01:20:42.505  6200  6207 I /system/bin/webview_zygote32: Debugger is no longer active
03-28 01:20:42.354  3431  3741 I chatty  : uid=1001(radio) Binder:3431_5 identical 1 line
03-28 01:20:42.366  3431  3741 D SubscriptionController: [getDefaultDataSubId] subId= 1
03-28 01:20:43.349  3306  3335 D RIL     : rxlev[0]=99, rscp[0]=255, rsrp[0]=96
03-28 01:20:43.349  3306  3335 D RILC    : currentSignalStrengthInd
03-28 01:20:43.349  3306  3335 I RILC    : RIL_SOCKET_1 UNSOLICITED: UNSOL_SIGNAL_STRENGTH length:56
03-28 01:20:43.352  3431  3741 D SubscriptionController: [getDefaultDataSubId] subId= 1
03-28 01:20:43.355  3258  3269 I WifiService: getConnectionInfo uid=10087
03-28 01:20:43.751  3782  3823 I CPVoiceAgent: select: retrun 0
03-28 01:20:44.055  3016  3198 D WCND    : is_cp2_alive_ok: open polling interface: /proc/mdbg/loopcheck, fd = 13
03-28 01:20:44.156  3016  3198 D WCND    : is_cp2_alive_ok: loop: /proc/mdbg/loopcheck is OK
03-28 01:20:43.354  3431  3741 I chatty  : uid=1001(radio) Binder:3431_5 identical 1 line
03-28 01:20:43.367  3431  3741 D SubscriptionController: [getDefaultDataSubId] subId= 1
03-28 01:20:44.349  3306  3335 D RIL     : rxlev[0]=99, rscp[0]=255, rsrp[0]=95
03-28 01:20:44.349  3306  3335 D RILC    : currentSignalStrengthInd
03-28 01:20:44.350  3306  3335 I RILC    : RIL_SOCKET_1 UNSOLICITED: UNSOL_SIGNAL_STRENGTH length:56
03-28 01:20:44.353  3431  3741 D SubscriptionController: [getDefaultDataSubId] subId= 1
03-28 01:20:44.356  3258  3269 I WifiService: getConnectionInfo uid=10087
03-28 01:20:44.513 11536 11543 I /system/bin/webview_zygote32: Debugger is no longer active
03-28 01:20:44.513  6200  6207 I /system/bin/webview_zygote32: Debugger is no longer active
03-28 01:20:45.252  3782  3823 I CPVoiceAgent: select: retrun 0
03-28 01:20:44.355  3431  3741 I chatty  : uid=1001(radio) Binder:3431_5 identical 1 line
03-28 01:20:44.366  3431  3741 D SubscriptionController: [getDefaultDataSubId] subId= 1
03-28 01:20:45.350  3306  3335 D RIL     : rxlev[0]=99, rscp[0]=255, rsrp[0]=95
03-28 01:20:45.350  3306  3335 D RILC    : currentSignalStrengthInd
03-28 01:20:45.350  3306  3335 I RILC    : RIL_SOCKET_1 UNSOLICITED: UNSOL_SIGNAL_STRENGTH length:56
03-28 01:20:45.354  3431  3741 D SubscriptionController: [getDefaultDataSubId] subId= 1
03-28 01:20:45.356  3258  9830 I WifiService: getConnectionInfo uid=10087
03-28 01:20:45.356  3431  3741 I chatty  : uid=1001(radio) Binder:3431_5 identical 1 line
03-28 01:20:45.368  3431  3741 D SubscriptionController: [getDefaultDataSubId] subId= 1
03-28 01:20:46.351  3306  3335 D RIL     : rxlev[0]=99, rscp[0]=255, rsrp[0]=95
03-28 01:20:46.351  3306  3335 D RILC    : currentSignalStrengthInd
03-28 01:20:46.351  3306  3335 I RILC    : RIL_SOCKET_1 UNSOLICITED: UNSOL_SIGNAL_STRENGTH length:56
03-28 01:20:46.354  3431  3741 D SubscriptionController: [getDefaultDataSubId] subId= 1
03-28 01:20:46.357  3258  9830 I WifiService: getConnectionInfo uid=10087
03-28 01:20:46.521 11536 11543 I /system/bin/webview_zygote32: Debugger is no longer active
03-28 01:20:46.521  6200  6207 I /system/bin/webview_zygote32: Debugger is no longer active
03-28 01:20:46.754  3782  3823 I CPVoiceAgent: select: retrun 0
03-28 01:20:46.356  3431  3741 I chatty  : uid=1001(radio) Binder:3431_5 identical 1 line
03-28 01:20:46.368  3431  3741 D SubscriptionController: [getDefaultDataSubId] subId= 1
03-28 01:20:47.351  3306  3335 D RIL     : rxlev[0]=99, rscp[0]=255, rsrp[0]=95
03-28 01:20:47.352  3306  3335 D RILC    : currentSignalStrengthInd
03-28 01:20:47.352  3306  3335 I RILC    : RIL_SOCKET_1 UNSOLICITED: UNSOL_SIGNAL_STRENGTH length:56
03-28 01:20:47.355  3431  3741 D SubscriptionController: [getDefaultDataSubId] subId= 1
03-28 01:20:47.357  3258  9830 I WifiService: getConnectionInfo uid=10087
03-28 01:20:48.256  3782  3823 I CPVoiceAgent: select: retrun 0
03-28 01:20:47.356  3431  3741 I chatty  : uid=1001(radio) Binder:3431_5 identical 1 line
03-28 01:20:47.367  3431  3741 D SubscriptionController: [getDefaultDataSubId] subId= 1
03-28 01:20:48.352  3306  3335 D RIL     : rxlev[0]=99, rscp[0]=255, rsrp[0]=95
03-28 01:20:48.352  3306  3335 D RILC    : currentSignalStrengthInd
03-28 01:20:48.352  3306  3335 I RILC    : RIL_SOCKET_1 UNSOLICITED: UNSOL_SIGNAL_STRENGTH length:56
03-28 01:20:48.356  3431  3741 D SubscriptionController: [getDefaultDataSubId] subId= 1
03-28 01:20:48.358  3258  9830 I WifiService: getConnectionInfo uid=10087
03-28 01:20:48.529  6200  6207 I /system/bin/webview_zygote32: Debugger is no longer active
03-28 01:20:48.530 11536 11543 I /system/bin/webview_zygote32: Debugger is no longer active
03-28 01:20:49.075  3258  3376 D AlarmManager: waitForAlarm result:4currentTime=1774671649075, elapsedRealtime=89354663
03-28 01:20:49.075  3258  3376 D AlarmManager: triggerList.size = 1, hasWakeup = true
03-28 01:20:49.075  3258  3376 D AlarmManagerService: set alarm to kernel: 89356.144000000, type=2 
03-28 01:20:49.075  3258  3376 V AlarmManager: sending alarm Alarm{a7100b4 type 2 when 89354663 com.android.systemui}
03-28 01:20:49.076  3258  3376 D BroadcastQueue: Add broadcast <BroadcastRecord{f8c54dd u0 android.intent.action.dw_clear_apps}> into [ordered | background], pending size 0
03-28 01:20:49.076  3258  3376 D BroadcastQueue: Header is BroadcastRecord{f8c54dd u0 android.intent.action.dw_clear_apps} now
03-28 01:20:49.078  3469  3469 D EmBootNetService: wwwwwwww, EmBootNetService, action:android.intent.action.dw_clear_apps
03-28 01:20:49.078  3469  3469 D EmBootNetService: EmBootNetService-->MSG_DW_KILL_THIRD_APP
03-28 01:20:49.078  3469  3469 D EmBootNetService: clearThirdAppList allKill:false
03-28 01:20:49.079  3258  9830 D BroadcastQueue: Finished with ordered broadcast BroadcastRecord{f8c54dd u0 android.intent.action.dw_clear_apps} receivers:(1) take 3ms in [background], remains 0
03-28 01:20:49.161  3016  3198 D WCND    : is_cp2_alive_ok: open polling interface: /proc/mdbg/loopcheck, fd = 13
03-28 01:20:49.168  3469  3469 D EmBootNetService: applicationInfos size:2
03-28 01:20:49.174  3258  9830 I ActivityManager: Force stopping com.iodvd.stviewer appid=10088 user=0: from pid 3469
03-28 01:20:49.174  3258  9830 I am_uid_stopped: 10088
03-28 01:20:49.174  3258  9830 I ActivityManager: Killing 7051:com.iodvd.stviewer/u0a88 (adj 0): stop com.iodvd.stviewer
03-28 01:20:49.174  3258  9830 I am_kill : [0,7051,com.iodvd.stviewer,0,stop com.iodvd.stviewer]
03-28 01:20:49.177  3258  3279 W system_server: kill(-7051, 9) failed: No such process
03-28 01:20:49.179  3258  9830 I am_uid_running: 10088
03-28 01:20:49.195  3258  9830 I am_proc_start: [0,7841,10088,com.iodvd.stviewer,activity,com.iodvd.stviewer/.MapViewerActivity]
03-28 01:20:49.195  3258  9830 I ActivityManager: Start proc 7841:com.iodvd.stviewer/u0a88 for activity com.iodvd.stviewer/.MapViewerActivity
03-28 01:20:49.200  3258  9830 I ActivityManager:   Force finishing activity ActivityRecord{88f8ab8 u0 com.iodvd.stviewer/.MapViewerActivity t166}
03-28 01:20:49.201  7841  7841 I zygote64: Late-enabling -Xcheck:jni
03-28 01:20:49.202  3258  9830 I am_finish_activity: [0,143624888,166,com.iodvd.stviewer/.MapViewerActivity,force-stop]
03-28 01:20:49.202  7841  7841 E zygote64: setrlimit(RLIMIT_CORE) failed for pid 7841: Operation not permitted
03-28 01:20:49.203  3258  9830 D WindowManager: Input focus has changed to null
03-28 01:20:49.216  9831 29422 I NearbyDiscovery: FastPair: isDestroyable: Scanner is alive. [CONTEXT service_id=265 ]
03-28 01:20:49.217  9831 29422 I NearbyDiscovery: DiscoveryService: Skip stopSelf(), fast pair controller is not destroyable. [CONTEXT service_id=265 ]
03-28 01:20:49.217  3258  9830 I am_set_resumed_activity: [0,com.urbetrack.sweeptracker/.ui.screens.MainActivity,resumeTopActivityInnerLocked]
03-28 01:20:49.220  3258  9830 I am_resume_activity: [0,221051766,165,com.urbetrack.sweeptracker/.ui.screens.MainActivity]
03-28 01:20:49.221  3258  3279 W system_server: kill(-7051, 9) failed: No such process
03-28 01:20:49.221  3258  3651 D PowerController.AppState: - reportAppStateEventInfo() E -
03-28 01:20:49.221  3258  3654 D PowerController.RecogA: handleMessage(MSG_REPORT_EVENT)
03-28 01:20:49.225  3258  9830 I am_pause_activity: [0,221051766,com.urbetrack.sweeptracker/.ui.screens.MainActivity]
03-28 01:20:49.226  3258  9830 D BroadcastQueue: Add broadcast <BroadcastRecord{89a852 u0 android.intent.action.PACKAGE_RESTARTED}> into [parallel | background], pending size 0
03-28 01:20:49.226  3258  3277 I sysui_count: [window_time_0,143]
03-28 01:20:49.226  3258  3277 I sysui_multi_action: [757,803,799,window_time_0,802,143]
03-28 01:20:49.227  3469  7840 D EmBootNetService: forceStopPackage:  com.iodvd.stviewer
03-28 01:20:49.227  3258  3277 I am_destroy_activity: [0,143624888,166,com.iodvd.stviewer/.MapViewerActivity,finish-imm]
03-28 01:20:49.227  3258  3651 D PowerController.AppState: - reportAppStateEventInfo() E -
03-28 01:20:49.227  3258  3651 D PowerController.AppState: - reportAppProcStateInfo() E -
03-28 01:20:49.227  3258  3654 D PowerController.RecogA: handleMessage(MSG_REPORT_EVENT)
03-28 01:20:49.231  3258  3277 I wm_task_removed: [166,removeAppToken: last token]
03-28 01:20:49.233  2939  2939 I gralloc : gralloc_unregister_buffer hnd=0x7dd74f32c0, share_fd=53, share_attr_fd=71, magic=51647890, format=1, internal_format=1, byte_stride=1664, flags=4, usage=0x900, size=835328, width=410, height=502, internalWidth=410, internalHeight=502, stride=416, base=0x7dd7237000, writeOwner=0, attr_base=0xffffffffffffffff, yuv_info=1, fd=-1, buf_idx=0, offset=0, min_pgsz=4096, phyaddr=0
03-28 01:20:49.233  3258  3277 I wm_task_removed: [166,removeTask]
03-28 01:20:49.234  2939  2939 I gralloc : gralloc_unregister_buffer hnd=0x7ddb02dc00, share_fd=92, share_attr_fd=95, magic=51647890, format=1, internal_format=1, byte_stride=1664, flags=4, usage=0xb00, size=835328, width=410, height=502, internalWidth=410, internalHeight=502, stride=416, base=0x7dd709f000, writeOwner=0, attr_base=0xffffffffffffffff, yuv_info=1, fd=-1, buf_idx=0, offset=0, min_pgsz=4096, phyaddr=0
03-28 01:20:49.234  2939  2939 I gralloc : gralloc_unregister_buffer hnd=0x7ddb02d480, share_fd=90, share_attr_fd=97, magic=51647890, format=1, internal_format=1, byte_stride=1664, flags=4, usage=0xb00, size=835328, width=410, height=502, internalWidth=410, internalHeight=502, stride=416, base=0x7dd716b000, writeOwner=0, attr_base=0xffffffffffffffff, yuv_info=1, fd=-1, buf_idx=0, offset=0, min_pgsz=4096, phyaddr=0
03-28 01:20:49.252  6798  6831 D SessionLifecycleClient: Sending lifecycle 1 to service
03-28 01:20:49.252  6798  6886 D SessionLifecycleService: Activity foregrounding at 49163341.
03-28 01:20:49.254  3258  3258 I notification_cancel_all: [1000,3258,com.iodvd.stviewer,0,0,0,5,NULL]
03-28 01:20:49.227  3258  3654 D PowerController.RecogA: handleMessage(MSG_REPORT_EVENT)
03-28 01:20:49.255  3258  3277 D BroadcastQueue: Done with parallel broadcast [background] [BroadcastRecord{89a852 u0 android.intent.action.PACKAGE_RESTARTED}]
03-28 01:20:49.256  3431  3431 D CarrierSvcBindHelper: No carrier app for: 0
03-28 01:20:49.261  3258  3279 W system_server: kill(-7051, 9) failed: No such process
03-28 01:20:49.261  3016  3198 D WCND    : is_cp2_alive_ok: loop: /proc/mdbg/loopcheck is OK
03-28 01:20:49.261  6798  6798 D BatteryObserver: 2026-03-28T04:20:49.259Z: State: charging=true/USB, level=100%, temp=33.4C
03-28 01:20:49.260  7841  7841 I auditd  : type=1400 audit(0.0:14672): avc: denied { connectto } for comm="JDWP" path=006A6477702D636F6E74726F6C scontext=u:r:untrusted_app:s0:c512,c768 tcontext=u:r:su:s0 tclass=unix_stream_socket permissive=1
03-28 01:20:49.260  7841  7841 I JDWP    : type=1400 audit(0.0:14672): avc: denied { connectto } for path=006A6477702D636F6E74726F6C scontext=u:r:untrusted_app:s0:c512,c768 tcontext=u:r:su:s0 tclass=unix_stream_socket permissive=1
03-28 01:20:49.270  3875  3875 I auditd  : type=1400 audit(0.0:14673): avc: denied { read write } for comm="adbd" name="0" dev="devpts" ino=3 scontext=u:r:su:s0 tcontext=u:object_r:devpts:s0 tclass=chr_file permissive=1
03-28 01:20:49.270  3875  3875 I adbd    : type=1400 audit(0.0:14673): avc: denied { read write } for name="0" dev="devpts" ino=3 scontext=u:r:su:s0 tcontext=u:object_r:devpts:s0 tclass=chr_file permissive=1
03-28 01:20:49.270  3875  3875 I auditd  : type=1400 audit(0.0:14674): avc: denied { open } for comm="adbd" path="/dev/pts/0" dev="devpts" ino=3 scontext=u:r:su:s0 tcontext=u:object_r:devpts:s0 tclass=chr_file permissive=1
03-28 01:20:49.270  3875  3875 I adbd    : type=1400 audit(0.0:14674): avc: denied { open } for path="/dev/pts/0" dev="devpts" ino=3 scontext=u:r:su:s0 tcontext=u:object_r:devpts:s0 tclass=chr_file permissive=1
03-28 01:20:49.270  3469  7840 D EmBootNetService: mTmpinfo.packageName:com.iodvd.stviewer stop:true
03-28 01:20:49.273  6798  6798 D MainActivity: 2026-03-28T04:20:49.269Z: startLocationAndSyncServices called: servicesStarted=true, hasPermissions=true
03-28 01:20:49.273  3258  9830 I ActivityManager: Force stopping com.iodvd.stviewer appid=10088 user=0: from pid 3469
03-28 01:20:49.273  3258  9830 I am_uid_stopped: 10088
03-28 01:20:49.273  3258  9830 I ActivityManager: Killing 7841:com.iodvd.stviewer/u0a88 (adj -10000): stop com.iodvd.stviewer
03-28 01:20:49.274  3258  9830 I am_kill : [0,7841,com.iodvd.stviewer,-10000,stop com.iodvd.stviewer]
03-28 01:20:49.270  7855  7855 I auditd  : type=1400 audit(0.0:14675): avc: denied { ioctl } for comm="adbd" path="/dev/pts/0" dev="devpts" ino=3 ioctlcmd=540e scontext=u:r:su:s0 tcontext=u:object_r:devpts:s0 tclass=chr_file permissive=1
03-28 01:20:49.270  7855  7855 I adbd    : type=1400 audit(0.0:14675): avc: denied { ioctl } for path="/dev/pts/0" dev="devpts" ino=3 ioctlcmd=540e scontext=u:r:su:s0 tcontext=u:object_r:devpts:s0 tclass=chr_file permissive=1
03-28 01:20:49.278  3258  9830 D BroadcastQueue: Add broadcast <BroadcastRecord{cafb24c u0 android.intent.action.PACKAGE_RESTARTED}> into [parallel | background], pending size 0
03-28 01:20:49.278  3469  7840 D EmBootNetService: forceStopPackage:  com.iodvd.stviewer
03-28 01:20:49.279  6798  6798 I MainActivity: 2026-03-28T04:20:49.279Z: Services already started, skipping.
03-28 01:20:49.282  3258  3258 I notification_cancel_all: [1000,3258,com.iodvd.stviewer,0,0,0,5,NULL]
03-28 01:20:49.283  3258  3277 D BroadcastQueue: Done with parallel broadcast [background] [BroadcastRecord{cafb24c u0 android.intent.action.PACKAGE_RESTARTED}]
03-28 01:20:49.288  3431  3431 D CarrierSvcBindHelper: No carrier app for: 0
03-28 01:20:49.291  6798  6798 D ConnectivityObserver: 2026-03-28T04:20:49.286Z: [id=1] start() called - active instances=3
03-28 01:20:49.290  7855  7855 I auditd  : type=1400 audit(0.0:14676): avc: denied { getattr } for comm="sh" path="/dev/pts/0" dev="devpts" ino=3 scontext=u:r:su:s0 tcontext=u:object_r:devpts:s0 tclass=chr_file permissive=1
03-28 01:20:49.290  7855  7855 I sh      : type=1400 audit(0.0:14676): avc: denied { getattr } for path="/dev/pts/0" dev="devpts" ino=3 scontext=u:r:su:s0 tcontext=u:object_r:devpts:s0 tclass=chr_file permissive=1
03-28 01:20:49.292  3258  9830 I am_create_service: [0,88672155,.MeasurementBrokerService,10014,9925]
03-28 01:20:49.292  6798  6798 D ConnectivityObserver: 2026-03-28T04:20:49.292Z: start() called but already started; refreshing state
03-28 01:20:49.294  9925  9925 D BoundBrokerSvc: onBind: Intent { act=com.google.android.gms.measurement.START pkg=com.google.android.gms }
03-28 01:20:49.294  9925  9925 D BoundBrokerSvc: Loading bound service for intent: Intent { act=com.google.android.gms.measurement.START pkg=com.google.android.gms }
03-28 01:20:49.295  3258 20019 I WifiService: getConnectionInfo uid=10087
03-28 01:20:49.302  3258  3279 W system_server: kill(-7051, 9) failed: No such process
03-28 01:20:49.310  7859  7859 I auditd  : type=1400 audit(0.0:14677): avc: denied { execute_no_trans } for comm="xargs" path="/system/bin/cmd" dev="mmcblk0p33" ino=401 scontext=u:r:su:s0 tcontext=u:object_r:system_file:s0 tclass=file permissive=1
03-28 01:20:49.310  7859  7859 I xargs   : type=1400 audit(0.0:14677): avc: denied { execute_no_trans } for path="/system/bin/cmd" dev="mmcblk0p33" ino=401 scontext=u:r:su:s0 tcontext=u:object_r:system_file:s0 tclass=file permissive=1
03-28 01:20:49.324  6798  6798 D ConnectivityObserver: 2026-03-28T04:20:49.323Z: Refreshed snapshot: isWifi=true, wifiLevel=2, isOnline=true, carrier=AR PERSONAL, iccid=89543680324007475589
03-28 01:20:49.326  3258 20019 I WifiService: getConnectionInfo uid=10087
03-28 01:20:49.341  3258  3279 W system_server: kill(-7051, 9) failed: No such process
03-28 01:20:49.344  6798  6798 I am_on_resume_called: [0,com.urbetrack.sweeptracker.ui.screens.MainActivity,RESUME_ACTIVITY]
03-28 01:20:49.352  2936  3131 D ENGPC   : parse_event: event { 'change', '/devices/virtual/xt_idletimer/timers', 'xt_idletimer', '' }
03-28 01:20:49.306  3431  3741 I chatty  : uid=1001(radio) Binder:3431_5 identical 3 lines
03-28 01:20:49.333  3431  3741 D SubscriptionController: [getDefaultDataSubId] subId= 1
03-28 01:20:49.353  3306  3335 D RIL     : rxlev[0]=99, rscp[0]=255, rsrp[0]=95
03-28 01:20:49.353  3306  3335 D RILC    : currentSignalStrengthInd
03-28 01:20:49.353  3306  3335 I RILC    : RIL_SOCKET_1 UNSOLICITED: UNSOL_SIGNAL_STRENGTH length:56
03-28 01:20:49.361  3258  3295 W ActivityManager: setHasOverlayUi called on unknown pid: 7051
03-28 01:20:49.362  6798  6798 D ConnectivityObserver: 2026-03-28T04:20:49.361Z: stop() called - remaining active instances=2
03-28 01:20:49.363  6798  6798 D ConnectivityObserver: 2026-03-28T04:20:49.363Z: Other active instances remain; skipping full stop
03-28 01:20:49.364  3431  3741 D SubscriptionController: [getDefaultDataSubId] subId= 1
03-28 01:20:49.364  6798  6798 I am_on_paused_called: [0,com.urbetrack.sweeptracker.ui.screens.MainActivity,handlePauseActivity]
03-28 01:20:49.366  6798  6826 D SessionLifecycleClient: Sending lifecycle 2 to service
03-28 01:20:49.367  3258  3277 I am_stop_activity: [0,221051766,com.urbetrack.sweeptracker/.ui.screens.MainActivity]
03-28 01:20:49.367  6798  6886 D SessionLifecycleService: Activity backgrounding at 49163456
03-28 01:20:49.369  3258  3277 I sysui_count: [window_time_0,0]
03-28 01:20:49.369  3258  3277 I sysui_multi_action: [757,803,799,window_time_0,802,0]
03-28 01:20:49.371  3469  7840 D EmBootNetService: mTmpinfo.packageName:com.iodvd.stviewer stop:false
03-28 01:20:49.374  3258  4001 I ActivityManager: Force stopping com.iodvd.stviewer appid=10088 user=0: from pid 3469
03-28 01:20:49.376  3258  4001 D BroadcastQueue: Add broadcast <BroadcastRecord{3797311 u0 android.intent.action.PACKAGE_RESTARTED}> into [parallel | background], pending size 0
03-28 01:20:49.378  3258  3258 I notification_cancel_all: [1000,3258,com.iodvd.stviewer,0,0,0,5,NULL]
03-28 01:20:49.380  3258  3277 D BroadcastQueue: Done with parallel broadcast [background] [BroadcastRecord{3797311 u0 android.intent.action.PACKAGE_RESTARTED}]
03-28 01:20:49.381  3469  7840 D EmBootNetService: forceStopPackage:  com.iodvd.stviewer
03-28 01:20:49.384  3258  3279 W system_server: kill(-7051, 9) failed: No such process
03-28 01:20:49.380  7859  7859 I auditd  : type=1400 audit(0.0:14678): avc: denied { read write } for comm="cmd" name="binder" dev="tmpfs" ino=90 scontext=u:r:su:s0 tcontext=u:object_r:binder_device:s0 tclass=chr_file permissive=1
03-28 01:20:49.380  7859  7859 I cmd     : type=1400 audit(0.0:14678): avc: denied { read write } for name="binder" dev="tmpfs" ino=90 scontext=u:r:su:s0 tcontext=u:object_r:binder_device:s0 tclass=chr_file permissive=1
03-28 01:20:49.380  7859  7859 I auditd  : type=1400 audit(0.0:14679): avc: denied { open } for comm="cmd" path="/dev/binder" dev="tmpfs" ino=90 scontext=u:r:su:s0 tcontext=u:object_r:binder_device:s0 tclass=chr_file permissive=1
03-28 01:20:49.380  7859  7859 I cmd     : type=1400 audit(0.0:14679): avc: denied { open } for path="/dev/binder" dev="tmpfs" ino=90 scontext=u:r:su:s0 tcontext=u:object_r:binder_device:s0 tclass=chr_file permissive=1
03-28 01:20:49.384  3258  3279 I system_server: Successfully killed process cgroup uid 10088 pid 7051 in 208ms
03-28 01:20:49.384  3258  3279 W system_server: kill(-7841, 9) failed: No such process
03-28 01:20:49.385  3258  3279 I system_server: Successfully killed process cgroup uid 10088 pid 7841 in 0ms
03-28 01:20:49.385  3431  3431 D CarrierSvcBindHelper: No carrier app for: 0
03-28 01:20:49.387  3911  3911 D ApplicationLock: Service mForegroundPkgs.length = 1
03-28 01:20:49.388  3911  3911 D ApplicationLock: Service getAppNameByPID, PID = 6798, processName = com.urbetrack.sweeptracker
03-28 01:20:49.388  3911  3911 D ApplicationLock: Service ForegroundPackageName: com.urbetrack.sweeptracker
03-28 01:20:49.389  3911  3911 D ApplicationLock: Utils isAppNeedLock context = com.sprd.applock.AppLockService@cd53a57 --packageName: com.urbetrack.sweeptracker size = 12
03-28 01:20:49.389  3911  3911 D ApplicationLock: Utils isAppNeedLock needLockedPackage = 
03-28 01:20:49.389  3911  3911 E ApplicationLock: Utils isAppAlreadyUnlocked map not contains this pkgName: com.urbetrack.sweeptracker
03-28 01:20:49.389  3911  3911 D ApplicationLock: Service isAppNeedLock pkg = com.urbetrack.sweeptracker needLock = false alreadyUnlock = false
03-28 01:20:49.414  3258 20019 D WindowManager: Input focus has changed to Window{ddab786 u0 com.urbetrack.sweeptracker/com.urbetrack.sweeptracker.ui.screens.MainActivity}
03-28 01:20:49.422  2919  4669 I gralloc : mali_gralloc_select_format, AFBC is disabled now
03-28 01:20:49.422  2919  4669 I gralloc : mali_gralloc_select_format: req_format=0x00000001 req_fmt_mapped=0x0 internal_format=0x1 usage=0x900
03-28 01:20:49.423  2919  4669 I gralloc : gralloc=>alloc, share_fd=12, share_attr_fd=13, magic=51647890, format=1, internal_format=1, byte_stride=1664, flags=4, usage=0x2304, size=835328, width=410, height=502, internalWidth=410, internalHeight=502, stride=416, ADP_VSTRIDE=0,base=0x7c00934000, writeOwner=0, attr_base=0xffffffffffffffff, yuv_info=1, fd=-1, buf_idx=0, offset=0, min_pgsz=4096, phyaddr=0
03-28 01:20:49.423  2919  4669 I gralloc : gralloc=>free hnd=0x7c00a1f300, share_fd=12, share_attr_fd=13, magic=51647890, format=1, internal_format=1, byte_stride=1664, flags=4, usage=2304, size=835328, width=410, height=502, internalWidth=410, internalHeight=502, stride=416, base=0x7c00934000, writeOwner=0, attr_base=0xffffffffffffffff, yuv_info=1, fd=-1, buf_idx=0, offset=0, min_pgsz=4096, phyaddr=0
03-28 01:20:49.424  2939  4023 I gralloc : gralloc_register_buffer hnd=0x7ddb02d9c0, share_fd=34, share_attr_fd=36, magic=51647890, format=1, internal_format=1, byte_stride=1664, flags=4, usage=0x900, size=835328, width=410, height=502, internalWidth=410, internalHeight=502, stride=416, base=0x7dd7237000, writeOwner=0, attr_base=0xffffffffffffffff, yuv_info=1, fd=-1, buf_idx=0, offset=0, min_pgsz=4096, phyaddr=0
03-28 01:20:49.424  2919  4669 I gralloc : mali_gralloc_select_format, AFBC is disabled now
03-28 01:20:49.424  2919  4669 I gralloc : mali_gralloc_select_format: req_format=0x00000001 req_fmt_mapped=0x0 internal_format=0x1 usage=0x900
03-28 01:20:49.425  2919  4669 I gralloc : gralloc=>alloc, share_fd=12, share_attr_fd=13, magic=51647890, format=1, internal_format=1, byte_stride=1664, flags=4, usage=0x2304, size=835328, width=410, height=502, internalWidth=410, internalHeight=502, stride=416, ADP_VSTRIDE=0,base=0x7c00934000, writeOwner=0, attr_base=0xffffffffffffffff, yuv_info=1, fd=-1, buf_idx=0, offset=0, min_pgsz=4096, phyaddr=0
03-28 01:20:49.425  2919  4669 I gralloc : gralloc=>free hnd=0x7c00a1f300, share_fd=12, share_attr_fd=13, magic=51647890, format=1, internal_format=1, byte_stride=1664, flags=4, usage=2304, size=835328, width=410, height=502, internalWidth=410, internalHeight=502, stride=416, base=0x7c00934000, writeOwner=0, attr_base=0xffffffffffffffff, yuv_info=1, fd=-1, buf_idx=0, offset=0, min_pgsz=4096, phyaddr=0
03-28 01:20:49.426  2939  4023 I gralloc : gralloc_register_buffer hnd=0x7ddb02dfc0, share_fd=37, share_attr_fd=43, magic=51647890, format=1, internal_format=1, byte_stride=1664, flags=4, usage=0x900, size=835328, width=410, height=502, internalWidth=410, internalHeight=502, stride=416, base=0x7dd716b000, writeOwner=0, attr_base=0xffffffffffffffff, yuv_info=1, fd=-1, buf_idx=0, offset=0, min_pgsz=4096, phyaddr=0
03-28 01:20:49.426  2919  4669 I gralloc : mali_gralloc_select_format, AFBC is disabled now
03-28 01:20:49.426  2919  4669 I gralloc : mali_gralloc_select_format: req_format=0x00000001 req_fmt_mapped=0x0 internal_format=0x1 usage=0x900
03-28 01:20:49.426  2919  4669 I gralloc : gralloc=>alloc, share_fd=12, share_attr_fd=13, magic=51647890, format=1, internal_format=1, byte_stride=1664, flags=4, usage=0x2304, size=835328, width=410, height=502, internalWidth=410, internalHeight=502, stride=416, ADP_VSTRIDE=0,base=0x7c00934000, writeOwner=0, attr_base=0xffffffffffffffff, yuv_info=1, fd=-1, buf_idx=0, offset=0, min_pgsz=4096, phyaddr=0
03-28 01:20:49.426  2919  4669 I gralloc : gralloc=>free hnd=0x7c00a1f300, share_fd=12, share_attr_fd=13, magic=51647890, format=1, internal_format=1, byte_stride=1664, flags=4, usage=2304, size=835328, width=410, height=502, internalWidth=410, internalHeight=502, stride=416, base=0x7c00934000, writeOwner=0, attr_base=0xffffffffffffffff, yuv_info=1, fd=-1, buf_idx=0, offset=0, min_pgsz=4096, phyaddr=0
03-28 01:20:49.427  2939  4023 I gralloc : gralloc_register_buffer hnd=0x7ddb02e140, share_fd=53, share_attr_fd=71, magic=51647890, format=1, internal_format=1, byte_stride=1664, flags=4, usage=0x900, size=835328, width=410, height=502, internalWidth=410, internalHeight=502, stride=416, base=0x7dd709f000, writeOwner=0, attr_base=0xffffffffffffffff, yuv_info=1, fd=-1, buf_idx=0, offset=0, min_pgsz=4096, phyaddr=0
03-28 01:20:49.428  6798  6865 D mali_winsys: EGLint new_window_surface(egl_winsys_display *, void *, EGLSurface, EGLConfig, egl_winsys_surface **, egl_color_buffer_format *, EGLBoolean) returns 0x3000, win:0x70f0c98010
03-28 01:20:49.429  6798  6865 I OpenGLRenderer: queryNativeWindowStatus 0x70f0c98010 query=0 dataspace=0
03-28 01:20:49.432  3258 20019 I WifiService: getConnectionInfo uid=10087
03-28 01:20:49.366  3431  3741 D SubscriptionController: [getDefaultDataSubId] subId= 1
03-28 01:20:49.439  3431  3812 D SubscriptionController: [getDefaultDataSubId] subId= 1
03-28 01:20:49.466  6798  6798 I am_on_stop_called: [0,com.urbetrack.sweeptracker.ui.screens.MainActivity,sleeping]
03-28 01:20:49.470  3469  7840 D EmBootNetService: mTmpinfo.packageName:com.iodvd.stviewer stop:false
03-28 01:20:49.473  3258  5202 I ActivityManager: Force stopping com.iodvd.stviewer appid=10088 user=0: from pid 3469
03-28 01:20:49.475  3258  5202 D BroadcastQueue: Add broadcast <BroadcastRecord{beb5c76 u0 android.intent.action.PACKAGE_RESTARTED}> into [parallel | background], pending size 0
03-28 01:20:49.475  3469  7840 D EmBootNetService: forceStopPackage:  com.iodvd.stviewer
03-28 01:20:49.477  3258  3258 I notification_cancel_all: [1000,3258,com.iodvd.stviewer,0,0,0,5,NULL]
03-28 01:20:49.479  3258  3277 D BroadcastQueue: Done with parallel broadcast [background] [BroadcastRecord{beb5c76 u0 android.intent.action.PACKAGE_RESTARTED}]
03-28 01:20:49.485  3431  3431 D CarrierSvcBindHelper: No carrier app for: 0
03-28 01:20:49.571  3469  7840 D EmBootNetService: mTmpinfo.packageName:com.iodvd.stviewer stop:false
03-28 01:20:49.574  3258  5202 I ActivityManager: Force stopping com.iodvd.stviewer appid=10088 user=0: from pid 3469
03-28 01:20:49.577  3258  5202 D BroadcastQueue: Add broadcast <BroadcastRecord{2a68277 u0 android.intent.action.PACKAGE_RESTARTED}> into [parallel | background], pending size 0
03-28 01:20:49.577  2939  4023 I gralloc : gralloc_unregister_buffer hnd=0x7ddb02e140, share_fd=53, share_attr_fd=71, magic=51647890, format=1, internal_format=1, byte_stride=1664, flags=4, usage=0x900, size=835328, width=410, height=502, internalWidth=410, internalHeight=502, stride=416, base=0x7dd709f000, writeOwner=0, attr_base=0xffffffffffffffff, yuv_info=1, fd=-1, buf_idx=0, offset=0, min_pgsz=4096, phyaddr=0
03-28 01:20:49.578  3469  7840 D EmBootNetService: forceStopPackage:  com.iodvd.stviewer
03-28 01:20:49.578  2919  4669 I gralloc : mali_gralloc_select_format, AFBC is disabled now
03-28 01:20:49.578  2919  4669 I gralloc : mali_gralloc_select_format: req_format=0x00000001 req_fmt_mapped=0x0 internal_format=0x1 usage=0xb00
03-28 01:20:49.579  2919  4669 I gralloc : gralloc=>alloc, share_fd=12, share_attr_fd=13, magic=51647890, format=1, internal_format=1, byte_stride=1664, flags=4, usage=0x2816, size=835328, width=410, height=502, internalWidth=410, internalHeight=502, stride=416, ADP_VSTRIDE=0,base=0x7c00934000, writeOwner=0, attr_base=0xffffffffffffffff, yuv_info=1, fd=-1, buf_idx=0, offset=0, min_pgsz=4096, phyaddr=0
03-28 01:20:49.579  2919  4669 I gralloc : gralloc=>free hnd=0x7c00a1f300, share_fd=12, share_attr_fd=13, magic=51647890, format=1, internal_format=1, byte_stride=1664, flags=4, usage=2816, size=835328, width=410, height=502, internalWidth=410, internalHeight=502, stride=416, base=0x7c00934000, writeOwner=0, attr_base=0xffffffffffffffff, yuv_info=1, fd=-1, buf_idx=0, offset=0, min_pgsz=4096, phyaddr=0
03-28 01:20:49.581  3258  3277 D BroadcastQueue: Done with parallel broadcast [background] [BroadcastRecord{2a68277 u0 android.intent.action.PACKAGE_RESTARTED}]
03-28 01:20:49.584  2939  4023 I gralloc : gralloc_register_buffer hnd=0x7ddb02e140, share_fd=53, share_attr_fd=71, magic=51647890, format=1, internal_format=1, byte_stride=1664, flags=4, usage=0xb00, size=835328, width=410, height=502, internalWidth=410, internalHeight=502, stride=416, base=0x7dd709f000, writeOwner=0, attr_base=0xffffffffffffffff, yuv_info=1, fd=-1, buf_idx=0, offset=0, min_pgsz=4096, phyaddr=0
03-28 01:20:49.586  6798  6865 I gralloc : gralloc_register_buffer hnd=0x70f5cfacc0, share_fd=81, share_attr_fd=82, magic=51647890, format=1, internal_format=1, byte_stride=1664, flags=4, usage=0xb00, size=835328, width=410, height=502, internalWidth=410, internalHeight=502, stride=416, base=0x70f6574000, writeOwner=0, attr_base=0xffffffffffffffff, yuv_info=1, fd=-1, buf_idx=0, offset=0, min_pgsz=4096, phyaddr=0
03-28 01:20:49.587  3431  3431 D CarrierSvcBindHelper: No carrier app for: 0
03-28 01:20:49.606  6798  6798 W MainActivity: 2026-03-28T04:20:49.606Z: locations counts collector error: StandaloneCoroutine was cancelled
03-28 01:20:49.670  3469  7840 D EmBootNetService: mTmpinfo.packageName:com.iodvd.stviewer stop:false
03-28 01:20:49.673  3258  5202 I ActivityManager: Force stopping com.iodvd.stviewer appid=10088 user=0: from pid 3469
03-28 01:20:49.676  3258  5202 D BroadcastQueue: Add broadcast <BroadcastRecord{1f12f4d u0 android.intent.action.PACKAGE_RESTARTED}> into [parallel | background], pending size 0
03-28 01:20:49.676  3469  7840 D EmBootNetService: forceStopPackage:  com.iodvd.stviewer
03-28 01:20:49.681  3258  3277 D BroadcastQueue: Done with parallel broadcast [background] [BroadcastRecord{1f12f4d u0 android.intent.action.PACKAGE_RESTARTED}]
03-28 01:20:49.686  3431  3431 D CarrierSvcBindHelper: No carrier app for: 0
03-28 01:20:49.758  3782  3823 I CPVoiceAgent: select: retrun 0
03-28 01:20:49.771  3469  7840 D EmBootNetService: mTmpinfo.packageName:com.iodvd.stviewer stop:false
03-28 01:20:49.773  3258 29739 I ActivityManager: Force stopping com.iodvd.stviewer appid=10088 user=0: from pid 3469
03-28 01:20:49.776  3258 29739 D BroadcastQueue: Add broadcast <BroadcastRecord{2a8ca02 u0 android.intent.action.PACKAGE_RESTARTED}> into [parallel | background], pending size 0
03-28 01:20:49.776  3469  7840 D EmBootNetService: forceStopPackage:  com.iodvd.stviewer
03-28 01:20:49.780  3258  3277 D BroadcastQueue: Done with parallel broadcast [background] [BroadcastRecord{2a8ca02 u0 android.intent.action.PACKAGE_RESTARTED}]
03-28 01:20:49.785  3431  3431 D CarrierSvcBindHelper: No carrier app for: 0
03-28 01:20:49.871  3469  7840 D EmBootNetService: mTmpinfo.packageName:com.iodvd.stviewer stop:false
03-28 01:20:49.875  3258  5202 I ActivityManager: Force stopping com.iodvd.stviewer appid=10088 user=0: from pid 3469
03-28 01:20:49.878  3258  5202 D BroadcastQueue: Add broadcast <BroadcastRecord{ef6cf13 u0 android.intent.action.PACKAGE_RESTARTED}> into [parallel | background], pending size 0
03-28 01:20:49.879  3469  7840 D EmBootNetService: forceStopPackage:  com.iodvd.stviewer
03-28 01:20:49.885  3258  3277 D BroadcastQueue: Done with parallel broadcast [background] [BroadcastRecord{ef6cf13 u0 android.intent.action.PACKAGE_RESTARTED}]
03-28 01:20:49.887  3431  3431 D CarrierSvcBindHelper: No carrier app for: 0
03-28 01:20:49.971  3469  7840 D EmBootNetService: mTmpinfo.packageName:com.iodvd.stviewer stop:false
03-28 01:20:49.974  3258 29739 I ActivityManager: Force stopping com.iodvd.stviewer appid=10088 user=0: from pid 3469
03-28 01:20:49.978  3258 29739 D BroadcastQueue: Add broadcast <BroadcastRecord{de02550 u0 android.intent.action.PACKAGE_RESTARTED}> into [parallel | background], pending size 0
03-28 01:20:49.979  3469  7840 D EmBootNetService: forceStopPackage:  com.iodvd.stviewer
03-28 01:20:49.984  3258  3277 D BroadcastQueue: Done with parallel broadcast [background] [BroadcastRecord{de02550 u0 android.intent.action.PACKAGE_RESTARTED}]
03-28 01:20:49.987  3431  3431 D CarrierSvcBindHelper: No carrier app for: 0
03-28 01:20:50.070  3469  7840 D EmBootNetService: mTmpinfo.packageName:com.iodvd.stviewer stop:false
03-28 01:20:50.074  3258  5202 I ActivityManager: Force stopping com.iodvd.stviewer appid=10088 user=0: from pid 3469
03-28 01:20:50.077  3258  5202 D BroadcastQueue: Add broadcast <BroadcastRecord{fae7349 u0 android.intent.action.PACKAGE_RESTARTED}> into [parallel | background], pending size 0
03-28 01:20:50.078  3469  7840 D EmBootNetService: forceStopPackage:  com.iodvd.stviewer
03-28 01:20:50.084  3258  3277 D BroadcastQueue: Done with parallel broadcast [background] [BroadcastRecord{fae7349 u0 android.intent.action.PACKAGE_RESTARTED}]
03-28 01:20:50.088  3431  3431 D CarrierSvcBindHelper: No carrier app for: 0
03-28 01:20:49.982  3258  3258 I chatty  : uid=1000 system_server identical 5 lines
03-28 01:20:50.082  3258  3258 I notification_cancel_all: [1000,3258,com.iodvd.stviewer,0,0,0,5,NULL]
03-28 01:20:50.090  7622  7622 I auditd  : type=1400 audit(0.0:14690): avc: denied { search } for comm="process-tracker" name="2906" dev="proc" ino=8042 scontext=u:r:su:s0 tcontext=u:r:zygote:s0 tclass=dir permissive=1
03-28 01:20:50.090  7622  7622 I process-tracker: type=1400 audit(0.0:14690): avc: denied { search } for name="2906" dev="proc" ino=8042 scontext=u:r:su:s0 tcontext=u:r:zygote:s0 tclass=dir permissive=1
03-28 01:20:50.090  7622  7622 I auditd  : type=1400 audit(0.0:14691): avc: denied { read } for comm="process-tracker" name="cmdline" dev="proc" ino=363067 scontext=u:r:su:s0 tcontext=u:r:zygote:s0 tclass=file permissive=1
03-28 01:20:50.090  7622  7622 I process-tracker: type=1400 audit(0.0:14691): avc: denied { read } for name="cmdline" dev="proc" ino=363067 scontext=u:r:su:s0 tcontext=u:r:zygote:s0 tclass=file permissive=1
03-28 01:20:50.090  7622  7622 I auditd  : type=1400 audit(0.0:14692): avc: denied { open } for comm="process-tracker" path="/proc/2906/cmdline" dev="proc" ino=363067 scontext=u:r:su:s0 tcontext=u:r:zygote:s0 tclass=file permissive=1
03-28 01:20:50.090  7622  7622 I process-tracker: type=1400 audit(0.0:14692): avc: denied { open } for path="/proc/2906/cmdline" dev="proc" ino=363067 scontext=u:r:su:s0 tcontext=u:r:zygote:s0 tclass=file permissive=1
03-28 01:20:50.171  3258  5202 I am_uid_stopped: 10083
03-28 01:20:50.171  3258  5202 I ActivityManager: Killing 6115:com.chartcross.gpstest/u0a83 (adj 800): kill background
03-28 01:20:50.171  3258  5202 I am_kill : [0,6115,com.chartcross.gpstest,800,kill background]
03-28 01:20:50.173  3258  3279 W system_server: kill(-6115, 9) failed: No such process
03-28 01:20:50.181  3258  5202 I am_destroy_service: [0,51864469,6200]
03-28 01:20:50.182  6200  6200 I cr_ChildProcessService: Destroying ChildProcessService pid=6200
03-28 01:20:50.187  3258  5202 I ActivityManager: Killing 6200:com.google.android.webview:sandboxed_process0/u0a83i7 (adj 0): isolated not needed
03-28 01:20:50.187  3258  5202 I am_kill : [0,6200,com.google.android.webview:sandboxed_process0,0,isolated not needed]
03-28 01:20:50.193  3258  3651 D PowerController.AppState: - reportAppProcStateInfo() E -
03-28 01:20:50.194  3258  5202 I ActivityManager: Force stopping com.chartcross.gpstest appid=10083 user=0: from pid 3469
03-28 01:20:50.194  3258  3654 D PowerController.RecogA: handleMessage(MSG_REPORT_EVENT)
03-28 01:20:50.197  3258  5202 D BroadcastQueue: Add broadcast <BroadcastRecord{7dd844e u0 android.intent.action.PACKAGE_RESTARTED}> into [parallel | background], pending size 0
03-28 01:20:50.199  3469  7840 D EmBootNetService: forceStopPackage:  com.chartcross.gpstest
03-28 01:20:50.200  3258  3258 I notification_cancel_all: [1000,3258,com.chartcross.gpstest,0,0,0,5,NULL]
03-28 01:20:50.202  3258  3277 D BroadcastQueue: Done with parallel broadcast [background] [BroadcastRecord{7dd844e u0 android.intent.action.PACKAGE_RESTARTED}]
03-28 01:20:50.207  3431  3431 D CarrierSvcBindHelper: No carrier app for: 0
03-28 01:20:50.211  3258 20019 I am_proc_died: [0,6200,com.google.android.webview:sandboxed_process0,0,11]
03-28 01:20:50.211  3258 20019 I am_uid_stopped: 99007
03-28 01:20:50.211  3258  3279 W system_server: kill(-6115, 9) failed: No such process
03-28 01:20:50.222  3258  3290 D KernelUidCpuTimeReader: Removing uids 99007-99007
03-28 01:20:50.251  3258  3279 W system_server: kill(-6115, 9) failed: No such process
03-28 01:20:50.270  3469  7840 D EmBootNetService: mTmpinfo.packageName:com.chartcross.gpstest stop:false
03-28 01:20:50.273  3258 20019 I ActivityManager: Force stopping com.chartcross.gpstest appid=10083 user=0: from pid 3469
03-28 01:20:50.276  3258 20019 D BroadcastQueue: Add broadcast <BroadcastRecord{9f5496f u0 android.intent.action.PACKAGE_RESTARTED}> into [parallel | background], pending size 0
03-28 01:20:50.276  3469  7840 D EmBootNetService: forceStopPackage:  com.chartcross.gpstest
03-28 01:20:50.279  3258  3258 I notification_cancel_all: [1000,3258,com.chartcross.gpstest,0,0,0,5,NULL]
03-28 01:20:50.282  3258  3277 D BroadcastQueue: Done with parallel broadcast [background] [BroadcastRecord{9f5496f u0 android.intent.action.PACKAGE_RESTARTED}]
03-28 01:20:50.284  3431  3431 D CarrierSvcBindHelper: No carrier app for: 0
03-28 01:20:50.291  3258  3279 W system_server: kill(-6115, 9) failed: No such process
03-28 01:20:50.299  3258  5773 D GnssStatusListenerHelper: Remote Listener died: android.location.IGnssStatusListener$Stub$Proxy@de1fb05
03-28 01:20:50.299  3258  3624 D ConnectivityService: ConnectivityService NetworkRequestInfo binderDied(NetworkRequest [ LISTEN id=110, [ Capabilities: INTERNET&NOT_RESTRICTED&TRUSTED&FOREGROUND] ], android.os.BinderProxy@4aa467c)
03-28 01:20:50.299  3258 29739 D ConnectivityService: ConnectivityService NetworkRequestInfo binderDied(NetworkRequest [ TRACK_DEFAULT id=107, [ Capabilities: INTERNET&NOT_RESTRICTED&TRUSTED&NOT_VPN] ], android.os.BinderProxy@e91975a)
03-28 01:20:50.299  2924  3368 D sensor  : activate handle=5; drv=2
03-28 01:20:50.299  2924  3368 D sensor  : GyroSensor: handle=5,enabled=0
03-28 01:20:50.299  2924  3368 E sensor  : SensorBase: write_attr failed to open /sys/class/input/input1/gyro_enable (No such file or directory)
03-28 01:20:50.299  2924  3368 D sensor  : GyroSensor: mEnabled = 0
03-28 01:20:50.299  3258  5740 D ConnectivityService: ConnectivityService NetworkRequestInfo binderDied(NetworkRequest [ LISTEN id=109, [ Capabilities: INTERNET&NOT_RESTRICTED&TRUSTED&FOREGROUND] ], android.os.BinderProxy@9b70d8b)
03-28 01:20:50.300  3258  7739 D ConnectivityService: ConnectivityService NetworkRequestInfo binderDied(NetworkRequest [ TRACK_DEFAULT id=108, [ Capabilities: INTERNET&NOT_RESTRICTED&TRUSTED&NOT_VPN] ], android.os.BinderProxy@d934e68)
03-28 01:20:50.301  3258  3406 D ConnectivityService: releasing NetworkRequest [ LISTEN id=110, [ Capabilities: INTERNET&NOT_RESTRICTED&TRUSTED&FOREGROUND] ] (release request)
03-28 01:20:50.301  3258  3406 D ConnectivityService: releasing NetworkRequest [ TRACK_DEFAULT id=107, [ Capabilities: INTERNET&NOT_RESTRICTED&TRUSTED&NOT_VPN] ] (release request)
03-28 01:20:50.302  3258  3406 D ConnectivityService:  Removing from current network NetworkAgentInfo [WIFI () - 106], leaving 21 requests.
03-28 01:20:50.303  3258  3295 W ActivityManager: setHasOverlayUi called on unknown pid: 6115
03-28 01:20:50.303  3431  3431 D SubscriptionController: [getDefaultDataSubId] subId= 1
03-28 01:20:50.303  3431  3431 D PhoneSwitcher: evaluating due to netReleased
03-28 01:20:50.304  3258  3406 D ConnectivityService: releasing NetworkRequest [ LISTEN id=109, [ Capabilities: INTERNET&NOT_RESTRICTED&TRUSTED&FOREGROUND] ] (release request)
03-28 01:20:50.304  3258  3406 D ConnectivityService: releasing NetworkRequest [ TRACK_DEFAULT id=108, [ Capabilities: INTERNET&NOT_RESTRICTED&TRUSTED&NOT_VPN] ] (release request)
03-28 01:20:50.305  3258  3406 D ConnectivityService:  Removing from current network NetworkAgentInfo [WIFI () - 106], leaving 19 requests.
03-28 01:20:50.306  3431  3431 D SubscriptionController: [getDefaultDataSubId] subId= 1
03-28 01:20:50.306  3431  3431 D PhoneSwitcher: evaluating due to netReleased
03-28 01:20:50.331  3258  3279 W system_server: kill(-6115, 9) failed: No such process
03-28 01:20:50.331  3258  3279 I system_server: Successfully killed process cgroup uid 10083 pid 6115 in 158ms
03-28 01:20:50.332  3258  3279 W system_server: Failed to open process cgroup uid 99007 pid 6200: No such file or directory
03-28 01:20:50.332  3258  3279 E system_server: Error encountered killing process cgroup uid 99007 pid 6200: No such file or directory
03-28 01:20:50.353  3306  3335 D RIL     : rxlev[0]=99, rscp[0]=255, rsrp[0]=95
03-28 01:20:50.353  3306  3335 D RILC    : currentSignalStrengthInd
03-28 01:20:50.353  3306  3335 I RILC    : RIL_SOCKET_1 UNSOLICITED: UNSOL_SIGNAL_STRENGTH length:56
03-28 01:20:50.355  3431  3741 D SubscriptionController: [getDefaultDataSubId] subId= 1
03-28 01:20:50.357  3258  4019 I WifiService: getConnectionInfo uid=10087
03-28 01:20:50.370  3469  7840 D EmBootNetService: mTmpinfo.packageName:com.chartcross.gpstest stop:false
03-28 01:20:50.375  3258  4019 I ActivityManager: Force stopping com.chartcross.gpstest appid=10083 user=0: from pid 3469
03-28 01:20:50.379  3258  4019 D BroadcastQueue: Add broadcast <BroadcastRecord{60c4281 u0 android.intent.action.PACKAGE_RESTARTED}> into [parallel | background], pending size 0
03-28 01:20:50.380  3469  7840 D EmBootNetService: forceStopPackage:  com.chartcross.gpstest
03-28 01:20:50.385  3258  3277 D BroadcastQueue: Done with parallel broadcast [background] [BroadcastRecord{60c4281 u0 android.intent.action.PACKAGE_RESTARTED}]
03-28 01:20:50.387  3431  3431 D CarrierSvcBindHelper: No carrier app for: 0
03-28 01:20:50.470  3469  7840 D EmBootNetService: mTmpinfo.packageName:com.chartcross.gpstest stop:false
03-28 01:20:50.474  3258  4019 I ActivityManager: Force stopping com.chartcross.gpstest appid=10083 user=0: from pid 3469
03-28 01:20:50.478  3258  4019 D BroadcastQueue: Add broadcast <BroadcastRecord{41cf26 u0 android.intent.action.PACKAGE_RESTARTED}> into [parallel | background], pending size 0
03-28 01:20:50.478  3469  7840 D EmBootNetService: forceStopPackage:  com.chartcross.gpstest
03-28 01:20:50.484  3258  3277 D BroadcastQueue: Done with parallel broadcast [background] [BroadcastRecord{41cf26 u0 android.intent.action.PACKAGE_RESTARTED}]
03-28 01:20:50.488  3431  3431 D CarrierSvcBindHelper: No carrier app for: 0
03-28 01:20:50.383  3258  3258 I chatty  : uid=1000 system_server identical 1 line
03-28 01:20:50.483  3258  3258 I notification_cancel_all: [1000,3258,com.chartcross.gpstest,0,0,0,5,NULL]
03-28 01:20:50.530 11536 11536 I auditd  : type=1400 audit(0.0:14694): avc: denied { use } for comm="JDWP" path="socket:[485700]" dev="sockfs" ino=485700 scontext=u:r:isolated_app:s0:c512,c768 tcontext=u:r:su:s0 tclass=fd permissive=1
03-28 01:20:50.530 11536 11536 I JDWP    : type=1400 audit(0.0:14694): avc: denied { use } for path="socket:[485700]" dev="sockfs" ino=485700 scontext=u:r:isolated_app:s0:c512,c768 tcontext=u:r:su:s0 tclass=fd permissive=1
03-28 01:20:50.530 11536 11536 I auditd  : type=1400 audit(0.0:14695): avc: denied { read write } for comm="JDWP" path="socket:[485700]" dev="sockfs" ino=485700 scontext=u:r:isolated_app:s0:c512,c768 tcontext=u:r:su:s0 tclass=unix_stream_socket permissive=1
03-28 01:20:50.530 11536 11536 I JDWP    : type=1400 audit(0.0:14695): avc: denied { read write } for path="socket:[485700]" dev="sockfs" ino=485700 scontext=u:r:isolated_app:s0:c512,c768 tcontext=u:r:su:s0 tclass=unix_stream_socket permissive=1
03-28 01:20:50.536 11536 11543 I /system/bin/webview_zygote32: Debugger is no longer active
03-28 01:20:50.555  3258  3376 D AlarmManager: waitForAlarm result:4currentTime=1774671650555, elapsedRealtime=89356144
03-28 01:20:50.555  3258  3376 D AlarmManager: triggerList.size = 2, hasWakeup = true
03-28 01:20:50.555  3258  3376 D AlarmManagerService: set alarm to kernel: 89366.955000000, type=2 
03-28 01:20:50.556  3258  3376 D AlarmManagerService: set alarm to kernel: 89365.589000000, type=3 
03-28 01:20:50.556  3258  3376 V AlarmManager: sending alarm Alarm{686f767 type 0 when 1774671646421 com.urbetrack.sweeptracker}
03-28 01:20:50.557  3258  3376 V AlarmManager: sending alarm Alarm{782e914 type 3 when 89356144 android}
03-28 01:20:50.557  3258  3376 D BroadcastQueue: Add broadcast <BroadcastRecord{f3985bd u0 com.android.server.powercontroller.CHECK_APPSTATE}> into [ordered | background], pending size 0
03-28 01:20:50.557  3258  3376 D BroadcastQueue: Header is BroadcastRecord{f3985bd u0 com.android.server.powercontroller.CHECK_APPSTATE} now
03-28 01:20:50.560  6798  6798 D LocationService: 2026-03-28T04:20:50.559Z: onStartCommand: Received ACTION_START_WINDOW alarm
03-28 01:20:50.561  3258  3258 D BroadcastQueue: Finished with ordered broadcast BroadcastRecord{f3985bd u0 com.android.server.powercontroller.CHECK_APPSTATE} receivers:(1) take 1ms in [background], remains 0
03-28 01:20:50.561  3258  3651 V AlarmManager: set(PendingIntent{21c4d60: PendingIntentRecord{de06219 android broadcastIntent}}) : type=3 triggerAtTime=89656149 win=225000 tElapsed=89656149 maxElapsed=89881149 interval=0 flags=0x8
03-28 01:20:50.564  6798  6798 D LocationService: 2026-03-28T04:20:50.562Z: getLocationInterval: source=USB, plugged=false, interval=15s
